
==========================================================================
Post synthesis report_tns
--------------------------------------------------------------------------
tns -287.78

==========================================================================
Post synthesis report_wns
--------------------------------------------------------------------------
wns -0.22

==========================================================================
Post synthesis report_worst_slack
--------------------------------------------------------------------------
worst slack -0.22

==========================================================================
Post synthesis report_checks -path_delay min
--------------------------------------------------------------------------
Startpoint: i_act[1007] (input port clocked by core_clock)
Endpoint: o_product[1007] (output port clocked by core_clock)
Path Group: core_clock
Path Type: min

Fanout     Cap    Slew   Delay    Time   Description
-----------------------------------------------------------------------------
                  0.00    0.00    0.00   clock core_clock (rise edge)
                          0.00    0.00   clock network delay (ideal)
                          0.40    0.40 ^ input external delay
     2    2.61    0.00    0.00    0.40 ^ i_act[1007] (in)
                                         i_act[1007] (net)
                  0.00    0.00    0.40 ^ _150590_/A2 (NAND2_X1)
     1    1.53    0.01    0.01    0.41 v _150590_/ZN (NAND2_X1)
                                         _120900_ (net)
                  0.01    0.00    0.41 v _150592_/A2 (NAND3_X1)
     1    1.70    0.01    0.02    0.43 ^ _150592_/ZN (NAND3_X1)
                                         _120922_ (net)
                  0.01    0.00    0.43 ^ _150593_/A (INV_X1)
     1    0.00    0.00    0.00    0.43 v _150593_/ZN (INV_X1)
                                         o_product[1007] (net)
                  0.00    0.00    0.43 v o_product[1007] (out)
                                  0.43   data arrival time

                  0.00    0.00    0.00   clock core_clock (rise edge)
                          0.00    0.00   clock network delay (ideal)
                          0.00    0.00   clock reconvergence pessimism
                         -0.40   -0.40   output external delay
                                 -0.40   data required time
-----------------------------------------------------------------------------
                                 -0.40   data required time
                                 -0.43   data arrival time
-----------------------------------------------------------------------------
                                  0.83   slack (MET)



==========================================================================
Post synthesis report_checks -path_delay max
--------------------------------------------------------------------------
Startpoint: i_add_a[30] (input port clocked by core_clock)
Endpoint: o_sum[16] (output port clocked by core_clock)
Path Group: core_clock
Path Type: max

Fanout     Cap    Slew   Delay    Time   Description
-----------------------------------------------------------------------------
                  0.00    0.00    0.00   clock core_clock (rise edge)
                          0.00    0.00   clock network delay (ideal)
                          0.40    0.40 v input external delay
     1    1.59    0.00    0.00    0.40 v i_add_a[30] (in)
                                         i_add_a[30] (net)
                  0.00    0.00    0.40 v _233289_/A (BUF_X2)
     5   10.58    0.01    0.03    0.43 v _233289_/Z (BUF_X2)
                                         _137844_ (net)
                  0.01    0.00    0.43 v _233300_/A (INV_X1)
     2    3.22    0.01    0.02    0.44 ^ _233300_/ZN (INV_X1)
                                         _137856_ (net)
                  0.01    0.00    0.44 ^ _233301_/A3 (NAND3_X1)
     1    2.70    0.01    0.02    0.47 v _233301_/ZN (NAND3_X1)
                                         _137857_ (net)
                  0.01    0.00    0.47 v _233303_/A1 (NOR2_X2)
     3    6.56    0.02    0.03    0.50 ^ _233303_/ZN (NOR2_X2)
                                         _137859_ (net)
                  0.02    0.00    0.50 ^ _233304_/A (INV_X2)
     4    5.96    0.01    0.01    0.51 v _233304_/ZN (INV_X2)
                                         _137860_ (net)
                  0.01    0.00    0.51 v _233305_/A3 (NAND3_X1)
     2    8.61    0.03    0.04    0.55 ^ _233305_/ZN (NAND3_X1)
                                         _137862_ (net)
                  0.03    0.00    0.55 ^ _233309_/A2 (NAND3_X4)
     7   13.79    0.02    0.03    0.58 v _233309_/ZN (NAND3_X4)
                                         _137866_ (net)
                  0.02    0.00    0.58 v _233402_/A2 (NOR2_X2)
     1    3.45    0.02    0.03    0.61 ^ _233402_/ZN (NOR2_X2)
                                         _137968_ (net)
                  0.02    0.00    0.61 ^ _233403_/A2 (NAND2_X2)
     3    8.82    0.01    0.02    0.63 v _233403_/ZN (NAND2_X2)
                                         _137969_ (net)
                  0.01    0.00    0.63 v _233411_/A1 (NAND2_X4)
     7   23.61    0.02    0.03    0.66 ^ _233411_/ZN (NAND2_X4)
                                         _137978_ (net)
                  0.02    0.00    0.66 ^ _233458_/A (BUF_X8)
    10   15.41    0.01    0.03    0.68 ^ _233458_/Z (BUF_X8)
                                         _138030_ (net)
                  0.01    0.00    0.68 ^ _233612_/A1 (NAND2_X1)
     1    1.52    0.01    0.01    0.70 v _233612_/ZN (NAND2_X1)
                                         _138199_ (net)
                  0.01    0.00    0.70 v _233613_/A (OAI21_X1)
     1    1.70    0.02    0.02    0.72 ^ _233613_/ZN (OAI21_X1)
                                         _138200_ (net)
                  0.02    0.00    0.72 ^ _233614_/A (INV_X1)
     5    8.73    0.01    0.02    0.74 v _233614_/ZN (INV_X1)
                                         _138201_ (net)
                  0.01    0.00    0.74 v _233788_/A1 (NOR2_X2)
     2    2.54    0.01    0.02    0.76 ^ _233788_/ZN (NOR2_X2)
                                         _138393_ (net)
                  0.01    0.00    0.76 ^ _233789_/A1 (NAND2_X1)
     2    4.20    0.01    0.02    0.78 v _233789_/ZN (NAND2_X1)
                                         _138394_ (net)
                  0.01    0.00    0.78 v _233790_/A1 (NOR2_X2)
     3    4.14    0.02    0.03    0.81 ^ _233790_/ZN (NOR2_X2)
                                         _138395_ (net)
                  0.02    0.00    0.81 ^ _233793_/A1 (NAND2_X1)
     2    4.20    0.01    0.02    0.83 v _233793_/ZN (NAND2_X1)
                                         _138398_ (net)
                  0.01    0.00    0.83 v _233794_/A1 (NOR2_X2)
     2    2.55    0.02    0.02    0.85 ^ _233794_/ZN (NOR2_X2)
                                         _138399_ (net)
                  0.02    0.00    0.85 ^ _233795_/A1 (NAND2_X1)
     3    4.50    0.01    0.02    0.87 v _233795_/ZN (NAND2_X1)
                                         _138401_ (net)
                  0.01    0.00    0.87 v _233814_/A1 (NAND2_X1)
     1    1.60    0.01    0.02    0.89 ^ _233814_/ZN (NAND2_X1)
                                         _138421_ (net)
                  0.01    0.00    0.89 ^ _233816_/A1 (NAND2_X1)
     1    1.59    0.01    0.01    0.90 v _233816_/ZN (NAND2_X1)
                                         _138424_ (net)
                  0.01    0.00    0.90 v _233817_/A2 (OR2_X2)
     1    3.18    0.01    0.05    0.94 v _233817_/ZN (OR2_X2)
                                         _138425_ (net)
                  0.01    0.00    0.94 v _233818_/A2 (NOR2_X2)
     2    5.11    0.02    0.03    0.98 ^ _233818_/ZN (NOR2_X2)
                                         _138426_ (net)
                  0.02    0.00    0.98 ^ _233819_/A2 (NAND2_X2)
     3    8.56    0.01    0.02    1.00 v _233819_/ZN (NAND2_X2)
                                         _138427_ (net)
                  0.01    0.00    1.00 v _233860_/A1 (NOR2_X4)
     5    9.70    0.02    0.03    1.03 ^ _233860_/ZN (NOR2_X4)
                                         _138472_ (net)
                  0.02    0.00    1.03 ^ _233903_/A1 (NAND2_X2)
     5    9.00    0.01    0.02    1.05 v _233903_/ZN (NAND2_X2)
                                         _138519_ (net)
                  0.01    0.00    1.05 v _233904_/A1 (NAND2_X2)
     3    4.86    0.01    0.02    1.07 ^ _233904_/ZN (NAND2_X2)
                                         _138520_ (net)
                  0.01    0.00    1.07 ^ _233906_/A1 (NAND2_X1)
     1    1.53    0.01    0.01    1.08 v _233906_/ZN (NAND2_X1)
                                         _138523_ (net)
                  0.01    0.00    1.08 v _233910_/A1 (NAND2_X1)
     1    2.23    0.01    0.02    1.10 ^ _233910_/ZN (NAND2_X1)
                                         _138527_ (net)
                  0.01    0.00    1.10 ^ _233911_/A (XNOR2_X1)
     3    9.32    0.05    0.06    1.15 ^ _233911_/ZN (XNOR2_X1)
                                         _138528_ (net)
                  0.05    0.00    1.15 ^ _233924_/A1 (NAND2_X4)
     4   10.85    0.02    0.02    1.17 v _233924_/ZN (NAND2_X4)
                                         _138542_ (net)
                  0.02    0.00    1.17 v _233925_/A2 (NOR2_X4)
     4    7.75    0.02    0.03    1.21 ^ _233925_/ZN (NOR2_X4)
                                         _138544_ (net)
                  0.02    0.00    1.21 ^ _233998_/A1 (NAND3_X2)
     7   12.06    0.02    0.03    1.24 v _233998_/ZN (NAND3_X2)
                                         _138624_ (net)
                  0.02    0.00    1.24 v _234016_/A2 (NAND2_X2)
     2    3.36    0.01    0.02    1.26 ^ _234016_/ZN (NAND2_X2)
                                         _138644_ (net)
                  0.01    0.00    1.26 ^ _234019_/B1 (OAI21_X1)
     1    1.55    0.01    0.01    1.28 v _234019_/ZN (OAI21_X1)
                                         _138647_ (net)
                  0.01    0.00    1.28 v _234020_/A (INV_X1)
     1    1.66    0.01    0.01    1.29 ^ _234020_/ZN (INV_X1)
                                         _138648_ (net)
                  0.01    0.00    1.29 ^ _234021_/A2 (NAND2_X1)
     1    1.55    0.01    0.01    1.31 v _234021_/ZN (NAND2_X1)
                                         _138649_ (net)
                  0.01    0.00    1.31 v _234022_/A (INV_X1)
     1    1.60    0.01    0.01    1.32 ^ _234022_/ZN (INV_X1)
                                         _138650_ (net)
                  0.01    0.00    1.32 ^ _234050_/A1 (NAND2_X1)
     1    2.93    0.01    0.01    1.33 v _234050_/ZN (NAND2_X1)
                                         _138681_ (net)
                  0.01    0.00    1.33 v _234055_/A1 (NAND2_X2)
     3   10.52    0.02    0.02    1.35 ^ _234055_/ZN (NAND2_X2)
                                         _138687_ (net)
                  0.02    0.00    1.35 ^ _234069_/A1 (NAND3_X2)
     5   11.73    0.03    0.03    1.39 v _234069_/ZN (NAND3_X2)
                                         _138702_ (net)
                  0.03    0.00    1.39 v _234070_/A2 (NAND2_X4)
     4    8.20    0.01    0.03    1.41 ^ _234070_/ZN (NAND2_X4)
                                         _138703_ (net)
                  0.01    0.00    1.41 ^ _234071_/A (BUF_X4)
    10   18.90    0.01    0.03    1.44 ^ _234071_/Z (BUF_X4)
                                         _138704_ (net)
                  0.01    0.00    1.44 ^ _234140_/A1 (NAND2_X2)
     1    2.93    0.01    0.01    1.46 v _234140_/ZN (NAND2_X2)
                                         _138780_ (net)
                  0.01    0.00    1.46 v _234142_/A1 (NAND2_X2)
     3    4.72    0.01    0.02    1.47 ^ _234142_/ZN (NAND2_X2)
                                         _138782_ (net)
                  0.01    0.00    1.47 ^ _234149_/A1 (NAND2_X1)
     2    3.09    0.01    0.02    1.49 v _234149_/ZN (NAND2_X1)
                                         _138790_ (net)
                  0.01    0.00    1.49 v _234151_/A1 (NAND2_X1)
     2    3.19    0.01    0.02    1.51 ^ _234151_/ZN (NAND2_X1)
                                         _138792_ (net)
                  0.01    0.00    1.51 ^ _234254_/A1 (NAND3_X1)
     1    2.73    0.01    0.02    1.53 v _234254_/ZN (NAND3_X1)
                                         _138905_ (net)
                  0.01    0.00    1.53 v _234255_/B1 (AOI21_X2)
     3    7.81    0.03    0.04    1.57 ^ _234255_/ZN (AOI21_X2)
                                         _138907_ (net)
                  0.03    0.00    1.57 ^ _234256_/A3 (NAND3_X2)
     5   12.93    0.02    0.04    1.61 v _234256_/ZN (NAND3_X2)
                                         _138908_ (net)
                  0.02    0.00    1.61 v _234257_/A2 (NOR2_X4)
     6   13.91    0.02    0.04    1.65 ^ _234257_/ZN (NOR2_X4)
                                         _138909_ (net)
                  0.02    0.00    1.65 ^ _234290_/A2 (NAND2_X2)
     3   10.96    0.02    0.03    1.68 v _234290_/ZN (NAND2_X2)
                                         _138945_ (net)
                  0.02    0.00    1.68 v _234331_/A (XNOR2_X2)
     2    2.96    0.01    0.04    1.72 v _234331_/ZN (XNOR2_X2)
                                         _138990_ (net)
                  0.01    0.00    1.72 v _234332_/A1 (NOR2_X1)
     1    3.56    0.02    0.03    1.75 ^ _234332_/ZN (NOR2_X1)
                                         _138991_ (net)
                  0.02    0.00    1.75 ^ _234333_/A3 (NAND3_X2)
    10   14.90    0.03    0.04    1.79 v _234333_/ZN (NAND3_X2)
                                         _138992_ (net)
                  0.03    0.00    1.79 v _234374_/A1 (AND2_X1)
     1    0.00    0.00    0.03    1.82 v _234374_/ZN (AND2_X1)
                                         o_sum[16] (net)
                  0.00    0.00    1.82 v o_sum[16] (out)
                                  1.82   data arrival time

                  0.00    2.00    2.00   clock core_clock (rise edge)
                          0.00    2.00   clock network delay (ideal)
                          0.00    2.00   clock reconvergence pessimism
                         -0.40    1.60   output external delay
                                  1.60   data required time
-----------------------------------------------------------------------------
                                  1.60   data required time
                                 -1.82   data arrival time
-----------------------------------------------------------------------------
                                 -0.22   slack (VIOLATED)



==========================================================================
Post synthesis report_checks -unconstrained
--------------------------------------------------------------------------
Startpoint: i_add_a[30] (input port clocked by core_clock)
Endpoint: o_sum[16] (output port clocked by core_clock)
Path Group: core_clock
Path Type: max

Fanout     Cap    Slew   Delay    Time   Description
-----------------------------------------------------------------------------
                  0.00    0.00    0.00   clock core_clock (rise edge)
                          0.00    0.00   clock network delay (ideal)
                          0.40    0.40 v input external delay
     1    1.59    0.00    0.00    0.40 v i_add_a[30] (in)
                                         i_add_a[30] (net)
                  0.00    0.00    0.40 v _233289_/A (BUF_X2)
     5   10.58    0.01    0.03    0.43 v _233289_/Z (BUF_X2)
                                         _137844_ (net)
                  0.01    0.00    0.43 v _233300_/A (INV_X1)
     2    3.22    0.01    0.02    0.44 ^ _233300_/ZN (INV_X1)
                                         _137856_ (net)
                  0.01    0.00    0.44 ^ _233301_/A3 (NAND3_X1)
     1    2.70    0.01    0.02    0.47 v _233301_/ZN (NAND3_X1)
                                         _137857_ (net)
                  0.01    0.00    0.47 v _233303_/A1 (NOR2_X2)
     3    6.56    0.02    0.03    0.50 ^ _233303_/ZN (NOR2_X2)
                                         _137859_ (net)
                  0.02    0.00    0.50 ^ _233304_/A (INV_X2)
     4    5.96    0.01    0.01    0.51 v _233304_/ZN (INV_X2)
                                         _137860_ (net)
                  0.01    0.00    0.51 v _233305_/A3 (NAND3_X1)
     2    8.61    0.03    0.04    0.55 ^ _233305_/ZN (NAND3_X1)
                                         _137862_ (net)
                  0.03    0.00    0.55 ^ _233309_/A2 (NAND3_X4)
     7   13.79    0.02    0.03    0.58 v _233309_/ZN (NAND3_X4)
                                         _137866_ (net)
                  0.02    0.00    0.58 v _233402_/A2 (NOR2_X2)
     1    3.45    0.02    0.03    0.61 ^ _233402_/ZN (NOR2_X2)
                                         _137968_ (net)
                  0.02    0.00    0.61 ^ _233403_/A2 (NAND2_X2)
     3    8.82    0.01    0.02    0.63 v _233403_/ZN (NAND2_X2)
                                         _137969_ (net)
                  0.01    0.00    0.63 v _233411_/A1 (NAND2_X4)
     7   23.61    0.02    0.03    0.66 ^ _233411_/ZN (NAND2_X4)
                                         _137978_ (net)
                  0.02    0.00    0.66 ^ _233458_/A (BUF_X8)
    10   15.41    0.01    0.03    0.68 ^ _233458_/Z (BUF_X8)
                                         _138030_ (net)
                  0.01    0.00    0.68 ^ _233612_/A1 (NAND2_X1)
     1    1.52    0.01    0.01    0.70 v _233612_/ZN (NAND2_X1)
                                         _138199_ (net)
                  0.01    0.00    0.70 v _233613_/A (OAI21_X1)
     1    1.70    0.02    0.02    0.72 ^ _233613_/ZN (OAI21_X1)
                                         _138200_ (net)
                  0.02    0.00    0.72 ^ _233614_/A (INV_X1)
     5    8.73    0.01    0.02    0.74 v _233614_/ZN (INV_X1)
                                         _138201_ (net)
                  0.01    0.00    0.74 v _233788_/A1 (NOR2_X2)
     2    2.54    0.01    0.02    0.76 ^ _233788_/ZN (NOR2_X2)
                                         _138393_ (net)
                  0.01    0.00    0.76 ^ _233789_/A1 (NAND2_X1)
     2    4.20    0.01    0.02    0.78 v _233789_/ZN (NAND2_X1)
                                         _138394_ (net)
                  0.01    0.00    0.78 v _233790_/A1 (NOR2_X2)
     3    4.14    0.02    0.03    0.81 ^ _233790_/ZN (NOR2_X2)
                                         _138395_ (net)
                  0.02    0.00    0.81 ^ _233793_/A1 (NAND2_X1)
     2    4.20    0.01    0.02    0.83 v _233793_/ZN (NAND2_X1)
                                         _138398_ (net)
                  0.01    0.00    0.83 v _233794_/A1 (NOR2_X2)
     2    2.55    0.02    0.02    0.85 ^ _233794_/ZN (NOR2_X2)
                                         _138399_ (net)
                  0.02    0.00    0.85 ^ _233795_/A1 (NAND2_X1)
     3    4.50    0.01    0.02    0.87 v _233795_/ZN (NAND2_X1)
                                         _138401_ (net)
                  0.01    0.00    0.87 v _233814_/A1 (NAND2_X1)
     1    1.60    0.01    0.02    0.89 ^ _233814_/ZN (NAND2_X1)
                                         _138421_ (net)
                  0.01    0.00    0.89 ^ _233816_/A1 (NAND2_X1)
     1    1.59    0.01    0.01    0.90 v _233816_/ZN (NAND2_X1)
                                         _138424_ (net)
                  0.01    0.00    0.90 v _233817_/A2 (OR2_X2)
     1    3.18    0.01    0.05    0.94 v _233817_/ZN (OR2_X2)
                                         _138425_ (net)
                  0.01    0.00    0.94 v _233818_/A2 (NOR2_X2)
     2    5.11    0.02    0.03    0.98 ^ _233818_/ZN (NOR2_X2)
                                         _138426_ (net)
                  0.02    0.00    0.98 ^ _233819_/A2 (NAND2_X2)
     3    8.56    0.01    0.02    1.00 v _233819_/ZN (NAND2_X2)
                                         _138427_ (net)
                  0.01    0.00    1.00 v _233860_/A1 (NOR2_X4)
     5    9.70    0.02    0.03    1.03 ^ _233860_/ZN (NOR2_X4)
                                         _138472_ (net)
                  0.02    0.00    1.03 ^ _233903_/A1 (NAND2_X2)
     5    9.00    0.01    0.02    1.05 v _233903_/ZN (NAND2_X2)
                                         _138519_ (net)
                  0.01    0.00    1.05 v _233904_/A1 (NAND2_X2)
     3    4.86    0.01    0.02    1.07 ^ _233904_/ZN (NAND2_X2)
                                         _138520_ (net)
                  0.01    0.00    1.07 ^ _233906_/A1 (NAND2_X1)
     1    1.53    0.01    0.01    1.08 v _233906_/ZN (NAND2_X1)
                                         _138523_ (net)
                  0.01    0.00    1.08 v _233910_/A1 (NAND2_X1)
     1    2.23    0.01    0.02    1.10 ^ _233910_/ZN (NAND2_X1)
                                         _138527_ (net)
                  0.01    0.00    1.10 ^ _233911_/A (XNOR2_X1)
     3    9.32    0.05    0.06    1.15 ^ _233911_/ZN (XNOR2_X1)
                                         _138528_ (net)
                  0.05    0.00    1.15 ^ _233924_/A1 (NAND2_X4)
     4   10.85    0.02    0.02    1.17 v _233924_/ZN (NAND2_X4)
                                         _138542_ (net)
                  0.02    0.00    1.17 v _233925_/A2 (NOR2_X4)
     4    7.75    0.02    0.03    1.21 ^ _233925_/ZN (NOR2_X4)
                                         _138544_ (net)
                  0.02    0.00    1.21 ^ _233998_/A1 (NAND3_X2)
     7   12.06    0.02    0.03    1.24 v _233998_/ZN (NAND3_X2)
                                         _138624_ (net)
                  0.02    0.00    1.24 v _234016_/A2 (NAND2_X2)
     2    3.36    0.01    0.02    1.26 ^ _234016_/ZN (NAND2_X2)
                                         _138644_ (net)
                  0.01    0.00    1.26 ^ _234019_/B1 (OAI21_X1)
     1    1.55    0.01    0.01    1.28 v _234019_/ZN (OAI21_X1)
                                         _138647_ (net)
                  0.01    0.00    1.28 v _234020_/A (INV_X1)
     1    1.66    0.01    0.01    1.29 ^ _234020_/ZN (INV_X1)
                                         _138648_ (net)
                  0.01    0.00    1.29 ^ _234021_/A2 (NAND2_X1)
     1    1.55    0.01    0.01    1.31 v _234021_/ZN (NAND2_X1)
                                         _138649_ (net)
                  0.01    0.00    1.31 v _234022_/A (INV_X1)
     1    1.60    0.01    0.01    1.32 ^ _234022_/ZN (INV_X1)
                                         _138650_ (net)
                  0.01    0.00    1.32 ^ _234050_/A1 (NAND2_X1)
     1    2.93    0.01    0.01    1.33 v _234050_/ZN (NAND2_X1)
                                         _138681_ (net)
                  0.01    0.00    1.33 v _234055_/A1 (NAND2_X2)
     3   10.52    0.02    0.02    1.35 ^ _234055_/ZN (NAND2_X2)
                                         _138687_ (net)
                  0.02    0.00    1.35 ^ _234069_/A1 (NAND3_X2)
     5   11.73    0.03    0.03    1.39 v _234069_/ZN (NAND3_X2)
                                         _138702_ (net)
                  0.03    0.00    1.39 v _234070_/A2 (NAND2_X4)
     4    8.20    0.01    0.03    1.41 ^ _234070_/ZN (NAND2_X4)
                                         _138703_ (net)
                  0.01    0.00    1.41 ^ _234071_/A (BUF_X4)
    10   18.90    0.01    0.03    1.44 ^ _234071_/Z (BUF_X4)
                                         _138704_ (net)
                  0.01    0.00    1.44 ^ _234140_/A1 (NAND2_X2)
     1    2.93    0.01    0.01    1.46 v _234140_/ZN (NAND2_X2)
                                         _138780_ (net)
                  0.01    0.00    1.46 v _234142_/A1 (NAND2_X2)
     3    4.72    0.01    0.02    1.47 ^ _234142_/ZN (NAND2_X2)
                                         _138782_ (net)
                  0.01    0.00    1.47 ^ _234149_/A1 (NAND2_X1)
     2    3.09    0.01    0.02    1.49 v _234149_/ZN (NAND2_X1)
                                         _138790_ (net)
                  0.01    0.00    1.49 v _234151_/A1 (NAND2_X1)
     2    3.19    0.01    0.02    1.51 ^ _234151_/ZN (NAND2_X1)
                                         _138792_ (net)
                  0.01    0.00    1.51 ^ _234254_/A1 (NAND3_X1)
     1    2.73    0.01    0.02    1.53 v _234254_/ZN (NAND3_X1)
                                         _138905_ (net)
                  0.01    0.00    1.53 v _234255_/B1 (AOI21_X2)
     3    7.81    0.03    0.04    1.57 ^ _234255_/ZN (AOI21_X2)
                                         _138907_ (net)
                  0.03    0.00    1.57 ^ _234256_/A3 (NAND3_X2)
     5   12.93    0.02    0.04    1.61 v _234256_/ZN (NAND3_X2)
                                         _138908_ (net)
                  0.02    0.00    1.61 v _234257_/A2 (NOR2_X4)
     6   13.91    0.02    0.04    1.65 ^ _234257_/ZN (NOR2_X4)
                                         _138909_ (net)
                  0.02    0.00    1.65 ^ _234290_/A2 (NAND2_X2)
     3   10.96    0.02    0.03    1.68 v _234290_/ZN (NAND2_X2)
                                         _138945_ (net)
                  0.02    0.00    1.68 v _234331_/A (XNOR2_X2)
     2    2.96    0.01    0.04    1.72 v _234331_/ZN (XNOR2_X2)
                                         _138990_ (net)
                  0.01    0.00    1.72 v _234332_/A1 (NOR2_X1)
     1    3.56    0.02    0.03    1.75 ^ _234332_/ZN (NOR2_X1)
                                         _138991_ (net)
                  0.02    0.00    1.75 ^ _234333_/A3 (NAND3_X2)
    10   14.90    0.03    0.04    1.79 v _234333_/ZN (NAND3_X2)
                                         _138992_ (net)
                  0.03    0.00    1.79 v _234374_/A1 (AND2_X1)
     1    0.00    0.00    0.03    1.82 v _234374_/ZN (AND2_X1)
                                         o_sum[16] (net)
                  0.00    0.00    1.82 v o_sum[16] (out)
                                  1.82   data arrival time

                  0.00    2.00    2.00   clock core_clock (rise edge)
                          0.00    2.00   clock network delay (ideal)
                          0.00    2.00   clock reconvergence pessimism
                         -0.40    1.60   output external delay
                                  1.60   data required time
-----------------------------------------------------------------------------
                                  1.60   data required time
                                 -1.82   data arrival time
-----------------------------------------------------------------------------
                                 -0.22   slack (VIOLATED)



==========================================================================
Post synthesis report_power
--------------------------------------------------------------------------
Group                  Internal  Switching    Leakage      Total
                          Power      Power      Power      Power (Watts)
----------------------------------------------------------------
Sequential             0.00e+00   0.00e+00   0.00e+00   0.00e+00   0.0%
Combinational          1.29e-01   1.59e-01   3.84e-03   2.92e-01 100.0%
Clock                  0.00e+00   0.00e+00   0.00e+00   0.00e+00   0.0%
Macro                  0.00e+00   0.00e+00   0.00e+00   0.00e+00   0.0%
Pad                    0.00e+00   0.00e+00   0.00e+00   0.00e+00   0.0%
----------------------------------------------------------------
Total                  1.29e-01   1.59e-01   3.84e-03   2.92e-01 100.0%
                          44.3%      54.4%       1.3%
