
==========================================================================
Post synthesis report_tns
--------------------------------------------------------------------------
tns -47.14

==========================================================================
Post synthesis report_wns
--------------------------------------------------------------------------
wns -0.29

==========================================================================
Post synthesis report_worst_slack
--------------------------------------------------------------------------
worst slack -0.29

==========================================================================
Post synthesis report_checks -path_delay min
--------------------------------------------------------------------------
Startpoint: u_pcu.sticky_q[2]$_SDFF_PP0_
            (rising edge-triggered flip-flop clocked by core_clock)
Endpoint: u_pcu.sticky_q[2]$_SDFF_PP0_
          (rising edge-triggered flip-flop clocked by core_clock)
Path Group: core_clock
Path Type: min

Fanout     Cap    Slew   Delay    Time   Description
-----------------------------------------------------------------------------
                  0.00    0.00    0.00   clock core_clock (rise edge)
                          0.00    0.00   clock network delay (ideal)
                  0.00    0.00    0.00 ^ u_pcu.sticky_q[2]$_SDFF_PP0_/CK (DFF_X1)
     2    1.50    0.01    0.08    0.08 v u_pcu.sticky_q[2]$_SDFF_PP0_/Q (DFF_X1)
                                         status_sticky_o[2] (net)
                  0.01    0.00    0.08 v _108183_/A2 (NAND2_X1)
     1    1.70    0.01    0.02    0.09 ^ _108183_/ZN (NAND2_X1)
                                         _031024_ (net)
                  0.01    0.00    0.09 ^ _108184_/A (INV_X1)
     1    1.06    0.00    0.01    0.10 v _108184_/ZN (INV_X1)
                                         _000796_ (net)
                  0.00    0.00    0.10 v u_pcu.sticky_q[2]$_SDFF_PP0_/D (DFF_X1)
                                  0.10   data arrival time

                  0.00    0.00    0.00   clock core_clock (rise edge)
                          0.00    0.00   clock network delay (ideal)
                          0.00    0.00   clock reconvergence pessimism
                                  0.00 ^ u_pcu.sticky_q[2]$_SDFF_PP0_/CK (DFF_X1)
                          0.00    0.00   library hold time
                                  0.00   data required time
-----------------------------------------------------------------------------
                                  0.00   data required time
                                 -0.10   data arrival time
-----------------------------------------------------------------------------
                                  0.10   slack (MET)



==========================================================================
Post synthesis report_checks -path_delay max
--------------------------------------------------------------------------
Startpoint: rst_n (input port clocked by core_clock)
Endpoint: cvt_blk_o[44] (output port clocked by core_clock)
Path Group: core_clock
Path Type: max

Fanout     Cap    Slew   Delay    Time   Description
-----------------------------------------------------------------------------
                  0.00    0.00    0.00   clock core_clock (rise edge)
                          0.00    0.00   clock network delay (ideal)
                          0.80    0.80 ^ input external delay
     1    3.40    0.00    0.00    0.80 ^ rst_n (in)
                                         rst_n (net)
                  0.00    0.00    0.80 ^ _084392_/A (BUF_X4)
     5   13.13    0.01    0.02    0.82 ^ _084392_/Z (BUF_X4)
                                         _009562_ (net)
                  0.01    0.00    0.82 ^ _084418_/A2 (NAND3_X1)
     2    7.00    0.02    0.04    0.86 v _084418_/ZN (NAND3_X1)
                                         _009587_ (net)
                  0.02    0.00    0.86 v _084421_/A1 (NOR2_X4)
     3   10.09    0.02    0.03    0.89 ^ _084421_/ZN (NOR2_X4)
                                         _009590_ (net)
                  0.02    0.00    0.89 ^ _094171_/A1 (NOR2_X4)
     6   18.95    0.01    0.02    0.91 v _094171_/ZN (NOR2_X4)
                                         _017019_ (net)
                  0.01    0.00    0.91 v _094172_/A (BUF_X8)
    10   47.34    0.01    0.03    0.94 v _094172_/Z (BUF_X8)
                                         _017020_ (net)
                  0.01    0.00    0.94 v _094204_/A (BUF_X16)
    10   46.49    0.01    0.03    0.97 v _094204_/Z (BUF_X16)
                                         _017052_ (net)
                  0.01    0.00    0.97 v _094205_/A (BUF_X16)
    10   48.03    0.01    0.03    1.00 v _094205_/Z (BUF_X16)
                                         _017053_ (net)
                  0.01    0.00    1.00 v _094206_/A1 (NAND2_X4)
     1    6.19    0.01    0.01    1.01 ^ _094206_/ZN (NAND2_X4)
                                         _017054_ (net)
                  0.01    0.00    1.01 ^ _094208_/A (OAI21_X4)
     4   11.83    0.01    0.02    1.03 v _094208_/ZN (OAI21_X4)
                                         _017056_ (net)
                  0.01    0.00    1.03 v _094209_/A (INV_X4)
    10   35.10    0.02    0.03    1.06 ^ _094209_/ZN (INV_X4)
                                         _017057_ (net)
                  0.02    0.00    1.06 ^ _104994_/A1 (NAND2_X4)
     2    2.94    0.01    0.01    1.07 v _104994_/ZN (NAND2_X4)
                                         _027840_ (net)
                  0.01    0.00    1.07 v _104995_/A1 (NAND2_X1)
     2    4.93    0.02    0.02    1.10 ^ _104995_/ZN (NAND2_X1)
                                         _027841_ (net)
                  0.02    0.00    1.10 ^ _104996_/A (INV_X2)
     1    1.41    0.00    0.01    1.10 v _104996_/ZN (INV_X2)
                                         _027842_ (net)
                  0.00    0.00    1.10 v _104999_/A1 (NOR2_X1)
     1    2.23    0.02    0.02    1.13 ^ _104999_/ZN (NOR2_X1)
                                         _027845_ (net)
                  0.02    0.00    1.13 ^ _105002_/A (XNOR2_X1)
     2    2.55    0.02    0.04    1.17 ^ _105002_/ZN (XNOR2_X1)
                                         _027848_ (net)
                  0.02    0.00    1.17 ^ _105005_/A1 (OR2_X1)
     3    4.85    0.01    0.04    1.20 ^ _105005_/ZN (OR2_X1)
                                         _027851_ (net)
                  0.01    0.00    1.20 ^ _105011_/A1 (NAND3_X1)
     2    3.03    0.01    0.02    1.23 v _105011_/ZN (NAND3_X1)
                                         _027857_ (net)
                  0.01    0.00    1.23 v _105053_/A1 (NAND2_X1)
     1    3.25    0.01    0.02    1.25 ^ _105053_/ZN (NAND2_X1)
                                         _027899_ (net)
                  0.01    0.00    1.25 ^ _105054_/A (INV_X2)
     2    6.32    0.01    0.01    1.26 v _105054_/ZN (INV_X2)
                                         _027900_ (net)
                  0.01    0.00    1.26 v _105055_/A2 (NOR2_X2)
     3    6.67    0.02    0.04    1.29 ^ _105055_/ZN (NOR2_X2)
                                         _027901_ (net)
                  0.02    0.00    1.29 ^ _105056_/A (INV_X1)
     2    4.46    0.01    0.02    1.31 v _105056_/ZN (INV_X1)
                                         _027902_ (net)
                  0.01    0.00    1.31 v _105058_/A1 (NAND2_X2)
     2    8.44    0.02    0.02    1.33 ^ _105058_/ZN (NAND2_X2)
                                         _027904_ (net)
                  0.02    0.00    1.33 ^ _105066_/A1 (NOR2_X4)
     3    6.20    0.01    0.01    1.34 v _105066_/ZN (NOR2_X4)
                                         _027912_ (net)
                  0.01    0.00    1.34 v _105069_/A1 (NAND2_X1)
     1    3.05    0.01    0.02    1.36 ^ _105069_/ZN (NAND2_X1)
                                         _027915_ (net)
                  0.01    0.00    1.36 ^ _105071_/A1 (NAND2_X2)
     2    7.23    0.01    0.02    1.38 v _105071_/ZN (NAND2_X2)
                                         _027917_ (net)
                  0.01    0.00    1.38 v _105188_/A1 (NAND2_X1)
     1    1.70    0.01    0.02    1.39 ^ _105188_/ZN (NAND2_X1)
                                         _028034_ (net)
                  0.01    0.00    1.39 ^ _105189_/A3 (AND3_X2)
     7   18.41    0.03    0.06    1.45 ^ _105189_/ZN (AND3_X2)
                                         _028035_ (net)
                  0.03    0.00    1.45 ^ _105219_/A2 (NAND3_X2)
     2    7.16    0.02    0.03    1.49 v _105219_/ZN (NAND3_X2)
                                         _028065_ (net)
                  0.02    0.00    1.49 v _105220_/A (INV_X4)
     7   15.48    0.01    0.02    1.51 ^ _105220_/ZN (INV_X4)
                                         _028066_ (net)
                  0.01    0.00    1.51 ^ _105223_/A1 (NAND2_X2)
     2    4.43    0.01    0.01    1.52 v _105223_/ZN (NAND2_X2)
                                         _028069_ (net)
                  0.01    0.00    1.52 v _105229_/A1 (NAND2_X2)
     2    4.67    0.01    0.02    1.54 ^ _105229_/ZN (NAND2_X2)
                                         _028075_ (net)
                  0.01    0.00    1.54 ^ _105232_/A2 (NAND3_X1)
     3    7.37    0.02    0.04    1.58 v _105232_/ZN (NAND3_X1)
                                         _028078_ (net)
                  0.02    0.00    1.58 v _105236_/A1 (NAND2_X2)
     5   12.50    0.02    0.03    1.61 ^ _105236_/ZN (NAND2_X2)
                                         _028082_ (net)
                  0.02    0.00    1.61 ^ _105267_/A1 (NOR2_X2)
     2    4.49    0.01    0.01    1.62 v _105267_/ZN (NOR2_X2)
                                         _028113_ (net)
                  0.01    0.00    1.62 v _105300_/A1 (NAND3_X1)
     1    1.70    0.01    0.01    1.64 ^ _105300_/ZN (NAND3_X1)
                                         _028146_ (net)
                  0.01    0.00    1.64 ^ _105301_/A (INV_X1)
     1    2.70    0.01    0.01    1.65 v _105301_/ZN (INV_X1)
                                         _028147_ (net)
                  0.01    0.00    1.65 v _105305_/A1 (NOR2_X2)
     2   12.16    0.04    0.04    1.69 ^ _105305_/ZN (NOR2_X2)
                                         _028151_ (net)
                  0.04    0.00    1.69 ^ _105306_/A2 (NAND2_X4)
     2    7.16    0.01    0.02    1.71 v _105306_/ZN (NAND2_X4)
                                         _028152_ (net)
                  0.01    0.00    1.71 v _105307_/A2 (NAND2_X4)
     5   12.32    0.01    0.02    1.73 ^ _105307_/ZN (NAND2_X4)
                                         _028153_ (net)
                  0.01    0.00    1.73 ^ _105309_/A1 (NAND2_X4)
     7   30.18    0.02    0.03    1.76 v _105309_/ZN (NAND2_X4)
                                         _028155_ (net)
                  0.02    0.00    1.76 v _105315_/A1 (NAND2_X4)
     1    5.95    0.01    0.02    1.77 ^ _105315_/ZN (NAND2_X4)
                                         _028161_ (net)
                  0.01    0.00    1.77 ^ _105317_/A1 (NAND2_X4)
     2    8.99    0.01    0.01    1.79 v _105317_/ZN (NAND2_X4)
                                         _028163_ (net)
                  0.01    0.00    1.79 v _105318_/A (BUF_X8)
    10   21.07    0.01    0.03    1.82 v _105318_/Z (BUF_X8)
                                         _028164_ (net)
                  0.01    0.00    1.82 v _105346_/A (BUF_X8)
    10   25.55    0.01    0.03    1.84 v _105346_/Z (BUF_X8)
                                         _028192_ (net)
                  0.01    0.00    1.84 v _105429_/A1 (NAND2_X2)
     3    6.16    0.01    0.02    1.86 ^ _105429_/ZN (NAND2_X2)
                                         _028275_ (net)
                  0.01    0.00    1.86 ^ _105499_/A1 (NAND3_X2)
     1    2.93    0.01    0.02    1.88 v _105499_/ZN (NAND3_X2)
                                         _028345_ (net)
                  0.01    0.00    1.88 v _105500_/A1 (NAND2_X2)
     1    1.60    0.01    0.01    1.89 ^ _105500_/ZN (NAND2_X2)
                                         _028346_ (net)
                  0.01    0.00    1.89 ^ _105501_/A1 (NAND2_X1)
     1    1.41    0.01    0.01    1.90 v _105501_/ZN (NAND2_X1)
                                         _028347_ (net)
                  0.01    0.00    1.90 v _105503_/A1 (NOR2_X1)
     1    1.60    0.02    0.02    1.92 ^ _105503_/ZN (NOR2_X1)
                                         _028349_ (net)
                  0.02    0.00    1.92 ^ _105507_/A1 (NAND2_X1)
     1    2.93    0.01    0.02    1.94 v _105507_/ZN (NAND2_X1)
                                         _028353_ (net)
                  0.01    0.00    1.94 v _105512_/A1 (NAND2_X2)
     3    6.51    0.01    0.02    1.96 ^ _105512_/ZN (NAND2_X2)
                                         _028358_ (net)
                  0.01    0.00    1.96 ^ _105553_/A (INV_X2)
     2    4.68    0.01    0.01    1.97 v _105553_/ZN (INV_X2)
                                         _028399_ (net)
                  0.01    0.00    1.97 v _105554_/A2 (NOR2_X2)
     1    3.05    0.01    0.03    2.00 ^ _105554_/ZN (NOR2_X2)
                                         _028400_ (net)
                  0.01    0.00    2.00 ^ _105558_/A1 (NAND2_X2)
     1    6.34    0.01    0.02    2.01 v _105558_/ZN (NAND2_X2)
                                         _028404_ (net)
                  0.01    0.00    2.01 v _105559_/A2 (NOR2_X4)
     3    6.21    0.01    0.03    2.04 ^ _105559_/ZN (NOR2_X4)
                                         _028405_ (net)
                  0.01    0.00    2.04 ^ _105560_/A1 (NAND4_X2)
     7   22.94    0.05    0.06    2.10 v _105560_/ZN (NAND4_X2)
                                         _028406_ (net)
                  0.05    0.00    2.10 v _105577_/A1 (NAND2_X1)
     1    1.67    0.02    0.03    2.13 ^ _105577_/ZN (NAND2_X1)
                                         _028423_ (net)
                  0.02    0.00    2.13 ^ _105580_/A (OAI21_X1)
     2    4.22    0.02    0.03    2.16 v _105580_/ZN (OAI21_X1)
                                         _028426_ (net)
                  0.02    0.00    2.16 v _105588_/A1 (NOR2_X2)
     1    3.45    0.02    0.03    2.19 ^ _105588_/ZN (NOR2_X2)
                                         _028434_ (net)
                  0.02    0.00    2.19 ^ _105589_/A2 (NAND2_X2)
     1    2.93    0.01    0.01    2.20 v _105589_/ZN (NAND2_X2)
                                         _028435_ (net)
                  0.01    0.00    2.20 v _105595_/A1 (NAND2_X2)
     1    5.95    0.01    0.02    2.22 ^ _105595_/ZN (NAND2_X2)
                                         _028441_ (net)
                  0.01    0.00    2.22 ^ _105596_/A1 (NAND2_X4)
    10   20.03    0.01    0.02    2.24 v _105596_/ZN (NAND2_X4)
                                         _028442_ (net)
                  0.01    0.00    2.24 v _148992_/B1 (AOI21_X2)
     6   13.39    0.04    0.05    2.29 ^ _148992_/ZN (AOI21_X2)
                                         _069950_ (net)
                  0.04    0.00    2.29 ^ _149050_/A (INV_X2)
     3    7.91    0.01    0.02    2.31 v _149050_/ZN (INV_X2)
                                         _070008_ (net)
                  0.01    0.00    2.31 v _149051_/A2 (NAND2_X2)
     2    5.42    0.01    0.02    2.33 ^ _149051_/ZN (NAND2_X2)
                                         _070009_ (net)
                  0.01    0.00    2.33 ^ _149055_/A1 (NAND2_X1)
     1    2.70    0.01    0.02    2.35 v _149055_/ZN (NAND2_X1)
                                         _070013_ (net)
                  0.01    0.00    2.35 v _149062_/A1 (NOR2_X2)
     1    2.98    0.01    0.02    2.37 ^ _149062_/ZN (NOR2_X2)
                                         _070020_ (net)
                  0.01    0.00    2.37 ^ _149065_/A1 (NAND3_X2)
     6   13.05    0.02    0.03    2.40 v _149065_/ZN (NAND3_X2)
                                         _070023_ (net)
                  0.02    0.00    2.40 v _149069_/A3 (NAND3_X1)
     1    6.20    0.02    0.04    2.44 ^ _149069_/ZN (NAND3_X1)
                                         _070027_ (net)
                  0.02    0.00    2.44 ^ _149070_/A2 (NAND2_X4)
     3    4.62    0.01    0.01    2.46 v _149070_/ZN (NAND2_X4)
                                         _070028_ (net)
                  0.01    0.00    2.46 v _149212_/A1 (NAND2_X1)
     1    5.95    0.02    0.02    2.48 ^ _149212_/ZN (NAND2_X1)
                                         _070170_ (net)
                  0.02    0.00    2.48 ^ _149220_/A1 (NAND2_X4)
     2    5.88    0.01    0.01    2.49 v _149220_/ZN (NAND2_X4)
                                         _070178_ (net)
                  0.01    0.00    2.49 v _149221_/A1 (NOR2_X2)
     2    6.11    0.02    0.03    2.52 ^ _149221_/ZN (NOR2_X2)
                                         _070179_ (net)
                  0.02    0.00    2.52 ^ _149262_/A1 (NAND3_X2)
     1    5.62    0.01    0.03    2.55 v _149262_/ZN (NAND3_X2)
                                         _070220_ (net)
                  0.01    0.00    2.55 v _149263_/A2 (NAND2_X4)
     5   12.32    0.01    0.02    2.57 ^ _149263_/ZN (NAND2_X4)
                                         _070221_ (net)
                  0.01    0.00    2.57 ^ _149271_/A1 (NAND2_X4)
     6    9.20    0.01    0.02    2.59 v _149271_/ZN (NAND2_X4)
                                         _070229_ (net)
                  0.01    0.00    2.59 v _149589_/A1 (NAND2_X1)
     1    5.95    0.02    0.02    2.61 ^ _149589_/ZN (NAND2_X1)
                                         _070547_ (net)
                  0.02    0.00    2.61 ^ _149591_/A1 (NAND2_X4)
     3    4.47    0.01    0.01    2.63 v _149591_/ZN (NAND2_X4)
                                         _070549_ (net)
                  0.01    0.00    2.63 v _149595_/A1 (NAND2_X1)
     2    5.12    0.02    0.02    2.65 ^ _149595_/ZN (NAND2_X1)
                                         _070553_ (net)
                  0.02    0.00    2.65 ^ _149609_/A2 (NAND2_X2)
     1    6.34    0.01    0.02    2.67 v _149609_/ZN (NAND2_X2)
                                         _070567_ (net)
                  0.01    0.00    2.67 v _149610_/A2 (NOR2_X4)
     2   10.36    0.02    0.03    2.70 ^ _149610_/ZN (NOR2_X4)
                                         _070568_ (net)
                  0.02    0.00    2.70 ^ _149611_/A2 (NAND2_X2)
     1    5.62    0.01    0.02    2.72 v _149611_/ZN (NAND2_X2)
                                         _070569_ (net)
                  0.01    0.00    2.72 v _149612_/A2 (NAND2_X4)
     6   15.29    0.01    0.02    2.74 ^ _149612_/ZN (NAND2_X4)
                                         _070570_ (net)
                  0.01    0.00    2.74 ^ _149615_/A1 (NAND2_X4)
     5   16.01    0.01    0.02    2.76 v _149615_/ZN (NAND2_X4)
                                         _070573_ (net)
                  0.01    0.00    2.76 v _149616_/A1 (NAND2_X2)
     1    5.95    0.01    0.02    2.78 ^ _149616_/ZN (NAND2_X2)
                                         _070574_ (net)
                  0.01    0.00    2.78 ^ _149618_/A1 (NAND2_X4)
     4   11.82    0.01    0.02    2.80 v _149618_/ZN (NAND2_X4)
                                         _070576_ (net)
                  0.01    0.00    2.80 v _149648_/A2 (NAND2_X1)
     2    3.26    0.01    0.02    2.82 ^ _149648_/ZN (NAND2_X1)
                                         _070606_ (net)
                  0.01    0.00    2.82 ^ _149649_/A1 (NAND2_X1)
     1    2.70    0.01    0.02    2.83 v _149649_/ZN (NAND2_X1)
                                         _070607_ (net)
                  0.01    0.00    2.83 v _149651_/A1 (NOR2_X2)
     2    6.77    0.02    0.03    2.87 ^ _149651_/ZN (NOR2_X2)
                                         _070609_ (net)
                  0.02    0.00    2.87 ^ _149667_/A2 (NAND3_X2)
     1    5.62    0.01    0.03    2.90 v _149667_/ZN (NAND3_X2)
                                         _070625_ (net)
                  0.01    0.00    2.90 v _149668_/A2 (NAND2_X4)
     4   24.71    0.02    0.03    2.93 ^ _149668_/ZN (NAND2_X4)
                                         _070626_ (net)
                  0.02    0.00    2.93 ^ _149677_/A1 (NAND2_X4)
     6   28.65    0.02    0.03    2.96 v _149677_/ZN (NAND2_X4)
                                         _070635_ (net)
                  0.02    0.00    2.96 v _149698_/A1 (NAND2_X4)
     5   23.33    0.02    0.03    2.98 ^ _149698_/ZN (NAND2_X4)
                                         _070656_ (net)
                  0.02    0.00    2.98 ^ _149701_/A1 (NAND2_X4)
     9   42.29    0.02    0.04    3.02 v _149701_/ZN (NAND2_X4)
                                         _070659_ (net)
                  0.02    0.00    3.02 v _149719_/A (INV_X8)
     7   25.15    0.01    0.02    3.04 ^ _149719_/ZN (INV_X8)
                                         _070676_ (net)
                  0.01    0.00    3.04 ^ _149720_/A (BUF_X16)
    10   23.26    0.01    0.02    3.06 ^ _149720_/Z (BUF_X16)
                                         _070677_ (net)
                  0.01    0.00    3.06 ^ _153643_/A1 (NAND2_X2)
     1    2.73    0.01    0.01    3.08 v _153643_/ZN (NAND2_X2)
                                         _074468_ (net)
                  0.01    0.00    3.08 v _153645_/B1 (AOI21_X2)
     2    3.31    0.02    0.03    3.10 ^ _153645_/ZN (AOI21_X2)
                                         _074470_ (net)
                  0.02    0.00    3.10 ^ _153646_/A2 (NAND2_X1)
     1    2.93    0.01    0.02    3.12 v _153646_/ZN (NAND2_X1)
                                         _074471_ (net)
                  0.01    0.00    3.12 v _153651_/A1 (NAND2_X2)
     2    6.11    0.01    0.02    3.14 ^ _153651_/ZN (NAND2_X2)
                                         _074476_ (net)
                  0.01    0.00    3.14 ^ _153653_/A1 (NAND2_X2)
     2    8.56    0.01    0.02    3.16 v _153653_/ZN (NAND2_X2)
                                         _074478_ (net)
                  0.01    0.00    3.16 v _153654_/A (INV_X2)
     1    5.95    0.01    0.02    3.18 ^ _153654_/ZN (INV_X2)
                                         _074479_ (net)
                  0.01    0.00    3.18 ^ _153665_/A1 (NAND2_X4)
     4   15.22    0.01    0.02    3.19 v _153665_/ZN (NAND2_X4)
                                         _074490_ (net)
                  0.01    0.00    3.19 v _153730_/A1 (AND2_X4)
     2   11.40    0.01    0.03    3.22 v _153730_/ZN (AND2_X4)
                                         _074555_ (net)
                  0.01    0.00    3.22 v _153731_/A1 (NAND2_X4)
     6   14.78    0.01    0.02    3.24 ^ _153731_/ZN (NAND2_X4)
                                         _074556_ (net)
                  0.01    0.00    3.24 ^ _153819_/A (BUF_X8)
    10   25.66    0.01    0.03    3.27 ^ _153819_/Z (BUF_X8)
                                         _074644_ (net)
                  0.01    0.00    3.27 ^ _153864_/A3 (NAND3_X1)
     2    3.12    0.01    0.03    3.29 v _153864_/ZN (NAND3_X1)
                                         _074689_ (net)
                  0.01    0.00    3.29 v _153873_/A1 (NAND3_X1)
     1    3.05    0.01    0.02    3.32 ^ _153873_/ZN (NAND3_X1)
                                         _074698_ (net)
                  0.01    0.00    3.32 ^ _153877_/A1 (NAND2_X2)
     2    4.23    0.01    0.02    3.33 v _153877_/ZN (NAND2_X2)
                                         _074702_ (net)
                  0.01    0.00    3.33 v _153909_/B1 (OAI21_X2)
     2    9.31    0.03    0.04    3.37 ^ _153909_/ZN (OAI21_X2)
                                         _074732_ (net)
                  0.03    0.00    3.37 ^ _153920_/A1 (NAND2_X2)
     2    5.40    0.01    0.02    3.39 v _153920_/ZN (NAND2_X2)
                                         _074741_ (net)
                  0.01    0.00    3.39 v _153936_/A1 (NOR2_X2)
     3    4.71    0.02    0.03    3.42 ^ _153936_/ZN (NOR2_X2)
                                         _074756_ (net)
                  0.02    0.00    3.42 ^ _153937_/A1 (NAND2_X1)
     2    3.63    0.01    0.02    3.44 v _153937_/ZN (NAND2_X1)
                                         _074757_ (net)
                  0.01    0.00    3.44 v _153942_/A (XNOR2_X1)
     1    1.55    0.01    0.04    3.48 v _153942_/ZN (XNOR2_X1)
                                         _074761_ (net)
                  0.01    0.00    3.48 v _153943_/A (INV_X1)
     1    0.00    0.00    0.01    3.49 ^ _153943_/ZN (INV_X1)
                                         cvt_blk_o[44] (net)
                  0.00    0.00    3.49 ^ cvt_blk_o[44] (out)
                                  3.49   data arrival time

                  0.00    4.00    4.00   clock core_clock (rise edge)
                          0.00    4.00   clock network delay (ideal)
                          0.00    4.00   clock reconvergence pessimism
                         -0.80    3.20   output external delay
                                  3.20   data required time
-----------------------------------------------------------------------------
                                  3.20   data required time
                                 -3.49   data arrival time
-----------------------------------------------------------------------------
                                 -0.29   slack (VIOLATED)



==========================================================================
Post synthesis report_checks -unconstrained
--------------------------------------------------------------------------
Startpoint: rst_n (input port clocked by core_clock)
Endpoint: cvt_blk_o[44] (output port clocked by core_clock)
Path Group: core_clock
Path Type: max

Fanout     Cap    Slew   Delay    Time   Description
-----------------------------------------------------------------------------
                  0.00    0.00    0.00   clock core_clock (rise edge)
                          0.00    0.00   clock network delay (ideal)
                          0.80    0.80 ^ input external delay
     1    3.40    0.00    0.00    0.80 ^ rst_n (in)
                                         rst_n (net)
                  0.00    0.00    0.80 ^ _084392_/A (BUF_X4)
     5   13.13    0.01    0.02    0.82 ^ _084392_/Z (BUF_X4)
                                         _009562_ (net)
                  0.01    0.00    0.82 ^ _084418_/A2 (NAND3_X1)
     2    7.00    0.02    0.04    0.86 v _084418_/ZN (NAND3_X1)
                                         _009587_ (net)
                  0.02    0.00    0.86 v _084421_/A1 (NOR2_X4)
     3   10.09    0.02    0.03    0.89 ^ _084421_/ZN (NOR2_X4)
                                         _009590_ (net)
                  0.02    0.00    0.89 ^ _094171_/A1 (NOR2_X4)
     6   18.95    0.01    0.02    0.91 v _094171_/ZN (NOR2_X4)
                                         _017019_ (net)
                  0.01    0.00    0.91 v _094172_/A (BUF_X8)
    10   47.34    0.01    0.03    0.94 v _094172_/Z (BUF_X8)
                                         _017020_ (net)
                  0.01    0.00    0.94 v _094204_/A (BUF_X16)
    10   46.49    0.01    0.03    0.97 v _094204_/Z (BUF_X16)
                                         _017052_ (net)
                  0.01    0.00    0.97 v _094205_/A (BUF_X16)
    10   48.03    0.01    0.03    1.00 v _094205_/Z (BUF_X16)
                                         _017053_ (net)
                  0.01    0.00    1.00 v _094206_/A1 (NAND2_X4)
     1    6.19    0.01    0.01    1.01 ^ _094206_/ZN (NAND2_X4)
                                         _017054_ (net)
                  0.01    0.00    1.01 ^ _094208_/A (OAI21_X4)
     4   11.83    0.01    0.02    1.03 v _094208_/ZN (OAI21_X4)
                                         _017056_ (net)
                  0.01    0.00    1.03 v _094209_/A (INV_X4)
    10   35.10    0.02    0.03    1.06 ^ _094209_/ZN (INV_X4)
                                         _017057_ (net)
                  0.02    0.00    1.06 ^ _104994_/A1 (NAND2_X4)
     2    2.94    0.01    0.01    1.07 v _104994_/ZN (NAND2_X4)
                                         _027840_ (net)
                  0.01    0.00    1.07 v _104995_/A1 (NAND2_X1)
     2    4.93    0.02    0.02    1.10 ^ _104995_/ZN (NAND2_X1)
                                         _027841_ (net)
                  0.02    0.00    1.10 ^ _104996_/A (INV_X2)
     1    1.41    0.00    0.01    1.10 v _104996_/ZN (INV_X2)
                                         _027842_ (net)
                  0.00    0.00    1.10 v _104999_/A1 (NOR2_X1)
     1    2.23    0.02    0.02    1.13 ^ _104999_/ZN (NOR2_X1)
                                         _027845_ (net)
                  0.02    0.00    1.13 ^ _105002_/A (XNOR2_X1)
     2    2.55    0.02    0.04    1.17 ^ _105002_/ZN (XNOR2_X1)
                                         _027848_ (net)
                  0.02    0.00    1.17 ^ _105005_/A1 (OR2_X1)
     3    4.85    0.01    0.04    1.20 ^ _105005_/ZN (OR2_X1)
                                         _027851_ (net)
                  0.01    0.00    1.20 ^ _105011_/A1 (NAND3_X1)
     2    3.03    0.01    0.02    1.23 v _105011_/ZN (NAND3_X1)
                                         _027857_ (net)
                  0.01    0.00    1.23 v _105053_/A1 (NAND2_X1)
     1    3.25    0.01    0.02    1.25 ^ _105053_/ZN (NAND2_X1)
                                         _027899_ (net)
                  0.01    0.00    1.25 ^ _105054_/A (INV_X2)
     2    6.32    0.01    0.01    1.26 v _105054_/ZN (INV_X2)
                                         _027900_ (net)
                  0.01    0.00    1.26 v _105055_/A2 (NOR2_X2)
     3    6.67    0.02    0.04    1.29 ^ _105055_/ZN (NOR2_X2)
                                         _027901_ (net)
                  0.02    0.00    1.29 ^ _105056_/A (INV_X1)
     2    4.46    0.01    0.02    1.31 v _105056_/ZN (INV_X1)
                                         _027902_ (net)
                  0.01    0.00    1.31 v _105058_/A1 (NAND2_X2)
     2    8.44    0.02    0.02    1.33 ^ _105058_/ZN (NAND2_X2)
                                         _027904_ (net)
                  0.02    0.00    1.33 ^ _105066_/A1 (NOR2_X4)
     3    6.20    0.01    0.01    1.34 v _105066_/ZN (NOR2_X4)
                                         _027912_ (net)
                  0.01    0.00    1.34 v _105069_/A1 (NAND2_X1)
     1    3.05    0.01    0.02    1.36 ^ _105069_/ZN (NAND2_X1)
                                         _027915_ (net)
                  0.01    0.00    1.36 ^ _105071_/A1 (NAND2_X2)
     2    7.23    0.01    0.02    1.38 v _105071_/ZN (NAND2_X2)
                                         _027917_ (net)
                  0.01    0.00    1.38 v _105188_/A1 (NAND2_X1)
     1    1.70    0.01    0.02    1.39 ^ _105188_/ZN (NAND2_X1)
                                         _028034_ (net)
                  0.01    0.00    1.39 ^ _105189_/A3 (AND3_X2)
     7   18.41    0.03    0.06    1.45 ^ _105189_/ZN (AND3_X2)
                                         _028035_ (net)
                  0.03    0.00    1.45 ^ _105219_/A2 (NAND3_X2)
     2    7.16    0.02    0.03    1.49 v _105219_/ZN (NAND3_X2)
                                         _028065_ (net)
                  0.02    0.00    1.49 v _105220_/A (INV_X4)
     7   15.48    0.01    0.02    1.51 ^ _105220_/ZN (INV_X4)
                                         _028066_ (net)
                  0.01    0.00    1.51 ^ _105223_/A1 (NAND2_X2)
     2    4.43    0.01    0.01    1.52 v _105223_/ZN (NAND2_X2)
                                         _028069_ (net)
                  0.01    0.00    1.52 v _105229_/A1 (NAND2_X2)
     2    4.67    0.01    0.02    1.54 ^ _105229_/ZN (NAND2_X2)
                                         _028075_ (net)
                  0.01    0.00    1.54 ^ _105232_/A2 (NAND3_X1)
     3    7.37    0.02    0.04    1.58 v _105232_/ZN (NAND3_X1)
                                         _028078_ (net)
                  0.02    0.00    1.58 v _105236_/A1 (NAND2_X2)
     5   12.50    0.02    0.03    1.61 ^ _105236_/ZN (NAND2_X2)
                                         _028082_ (net)
                  0.02    0.00    1.61 ^ _105267_/A1 (NOR2_X2)
     2    4.49    0.01    0.01    1.62 v _105267_/ZN (NOR2_X2)
                                         _028113_ (net)
                  0.01    0.00    1.62 v _105300_/A1 (NAND3_X1)
     1    1.70    0.01    0.01    1.64 ^ _105300_/ZN (NAND3_X1)
                                         _028146_ (net)
                  0.01    0.00    1.64 ^ _105301_/A (INV_X1)
     1    2.70    0.01    0.01    1.65 v _105301_/ZN (INV_X1)
                                         _028147_ (net)
                  0.01    0.00    1.65 v _105305_/A1 (NOR2_X2)
     2   12.16    0.04    0.04    1.69 ^ _105305_/ZN (NOR2_X2)
                                         _028151_ (net)
                  0.04    0.00    1.69 ^ _105306_/A2 (NAND2_X4)
     2    7.16    0.01    0.02    1.71 v _105306_/ZN (NAND2_X4)
                                         _028152_ (net)
                  0.01    0.00    1.71 v _105307_/A2 (NAND2_X4)
     5   12.32    0.01    0.02    1.73 ^ _105307_/ZN (NAND2_X4)
                                         _028153_ (net)
                  0.01    0.00    1.73 ^ _105309_/A1 (NAND2_X4)
     7   30.18    0.02    0.03    1.76 v _105309_/ZN (NAND2_X4)
                                         _028155_ (net)
                  0.02    0.00    1.76 v _105315_/A1 (NAND2_X4)
     1    5.95    0.01    0.02    1.77 ^ _105315_/ZN (NAND2_X4)
                                         _028161_ (net)
                  0.01    0.00    1.77 ^ _105317_/A1 (NAND2_X4)
     2    8.99    0.01    0.01    1.79 v _105317_/ZN (NAND2_X4)
                                         _028163_ (net)
                  0.01    0.00    1.79 v _105318_/A (BUF_X8)
    10   21.07    0.01    0.03    1.82 v _105318_/Z (BUF_X8)
                                         _028164_ (net)
                  0.01    0.00    1.82 v _105346_/A (BUF_X8)
    10   25.55    0.01    0.03    1.84 v _105346_/Z (BUF_X8)
                                         _028192_ (net)
                  0.01    0.00    1.84 v _105429_/A1 (NAND2_X2)
     3    6.16    0.01    0.02    1.86 ^ _105429_/ZN (NAND2_X2)
                                         _028275_ (net)
                  0.01    0.00    1.86 ^ _105499_/A1 (NAND3_X2)
     1    2.93    0.01    0.02    1.88 v _105499_/ZN (NAND3_X2)
                                         _028345_ (net)
                  0.01    0.00    1.88 v _105500_/A1 (NAND2_X2)
     1    1.60    0.01    0.01    1.89 ^ _105500_/ZN (NAND2_X2)
                                         _028346_ (net)
                  0.01    0.00    1.89 ^ _105501_/A1 (NAND2_X1)
     1    1.41    0.01    0.01    1.90 v _105501_/ZN (NAND2_X1)
                                         _028347_ (net)
                  0.01    0.00    1.90 v _105503_/A1 (NOR2_X1)
     1    1.60    0.02    0.02    1.92 ^ _105503_/ZN (NOR2_X1)
                                         _028349_ (net)
                  0.02    0.00    1.92 ^ _105507_/A1 (NAND2_X1)
     1    2.93    0.01    0.02    1.94 v _105507_/ZN (NAND2_X1)
                                         _028353_ (net)
                  0.01    0.00    1.94 v _105512_/A1 (NAND2_X2)
     3    6.51    0.01    0.02    1.96 ^ _105512_/ZN (NAND2_X2)
                                         _028358_ (net)
                  0.01    0.00    1.96 ^ _105553_/A (INV_X2)
     2    4.68    0.01    0.01    1.97 v _105553_/ZN (INV_X2)
                                         _028399_ (net)
                  0.01    0.00    1.97 v _105554_/A2 (NOR2_X2)
     1    3.05    0.01    0.03    2.00 ^ _105554_/ZN (NOR2_X2)
                                         _028400_ (net)
                  0.01    0.00    2.00 ^ _105558_/A1 (NAND2_X2)
     1    6.34    0.01    0.02    2.01 v _105558_/ZN (NAND2_X2)
                                         _028404_ (net)
                  0.01    0.00    2.01 v _105559_/A2 (NOR2_X4)
     3    6.21    0.01    0.03    2.04 ^ _105559_/ZN (NOR2_X4)
                                         _028405_ (net)
                  0.01    0.00    2.04 ^ _105560_/A1 (NAND4_X2)
     7   22.94    0.05    0.06    2.10 v _105560_/ZN (NAND4_X2)
                                         _028406_ (net)
                  0.05    0.00    2.10 v _105577_/A1 (NAND2_X1)
     1    1.67    0.02    0.03    2.13 ^ _105577_/ZN (NAND2_X1)
                                         _028423_ (net)
                  0.02    0.00    2.13 ^ _105580_/A (OAI21_X1)
     2    4.22    0.02    0.03    2.16 v _105580_/ZN (OAI21_X1)
                                         _028426_ (net)
                  0.02    0.00    2.16 v _105588_/A1 (NOR2_X2)
     1    3.45    0.02    0.03    2.19 ^ _105588_/ZN (NOR2_X2)
                                         _028434_ (net)
                  0.02    0.00    2.19 ^ _105589_/A2 (NAND2_X2)
     1    2.93    0.01    0.01    2.20 v _105589_/ZN (NAND2_X2)
                                         _028435_ (net)
                  0.01    0.00    2.20 v _105595_/A1 (NAND2_X2)
     1    5.95    0.01    0.02    2.22 ^ _105595_/ZN (NAND2_X2)
                                         _028441_ (net)
                  0.01    0.00    2.22 ^ _105596_/A1 (NAND2_X4)
    10   20.03    0.01    0.02    2.24 v _105596_/ZN (NAND2_X4)
                                         _028442_ (net)
                  0.01    0.00    2.24 v _148992_/B1 (AOI21_X2)
     6   13.39    0.04    0.05    2.29 ^ _148992_/ZN (AOI21_X2)
                                         _069950_ (net)
                  0.04    0.00    2.29 ^ _149050_/A (INV_X2)
     3    7.91    0.01    0.02    2.31 v _149050_/ZN (INV_X2)
                                         _070008_ (net)
                  0.01    0.00    2.31 v _149051_/A2 (NAND2_X2)
     2    5.42    0.01    0.02    2.33 ^ _149051_/ZN (NAND2_X2)
                                         _070009_ (net)
                  0.01    0.00    2.33 ^ _149055_/A1 (NAND2_X1)
     1    2.70    0.01    0.02    2.35 v _149055_/ZN (NAND2_X1)
                                         _070013_ (net)
                  0.01    0.00    2.35 v _149062_/A1 (NOR2_X2)
     1    2.98    0.01    0.02    2.37 ^ _149062_/ZN (NOR2_X2)
                                         _070020_ (net)
                  0.01    0.00    2.37 ^ _149065_/A1 (NAND3_X2)
     6   13.05    0.02    0.03    2.40 v _149065_/ZN (NAND3_X2)
                                         _070023_ (net)
                  0.02    0.00    2.40 v _149069_/A3 (NAND3_X1)
     1    6.20    0.02    0.04    2.44 ^ _149069_/ZN (NAND3_X1)
                                         _070027_ (net)
                  0.02    0.00    2.44 ^ _149070_/A2 (NAND2_X4)
     3    4.62    0.01    0.01    2.46 v _149070_/ZN (NAND2_X4)
                                         _070028_ (net)
                  0.01    0.00    2.46 v _149212_/A1 (NAND2_X1)
     1    5.95    0.02    0.02    2.48 ^ _149212_/ZN (NAND2_X1)
                                         _070170_ (net)
                  0.02    0.00    2.48 ^ _149220_/A1 (NAND2_X4)
     2    5.88    0.01    0.01    2.49 v _149220_/ZN (NAND2_X4)
                                         _070178_ (net)
                  0.01    0.00    2.49 v _149221_/A1 (NOR2_X2)
     2    6.11    0.02    0.03    2.52 ^ _149221_/ZN (NOR2_X2)
                                         _070179_ (net)
                  0.02    0.00    2.52 ^ _149262_/A1 (NAND3_X2)
     1    5.62    0.01    0.03    2.55 v _149262_/ZN (NAND3_X2)
                                         _070220_ (net)
                  0.01    0.00    2.55 v _149263_/A2 (NAND2_X4)
     5   12.32    0.01    0.02    2.57 ^ _149263_/ZN (NAND2_X4)
                                         _070221_ (net)
                  0.01    0.00    2.57 ^ _149271_/A1 (NAND2_X4)
     6    9.20    0.01    0.02    2.59 v _149271_/ZN (NAND2_X4)
                                         _070229_ (net)
                  0.01    0.00    2.59 v _149589_/A1 (NAND2_X1)
     1    5.95    0.02    0.02    2.61 ^ _149589_/ZN (NAND2_X1)
                                         _070547_ (net)
                  0.02    0.00    2.61 ^ _149591_/A1 (NAND2_X4)
     3    4.47    0.01    0.01    2.63 v _149591_/ZN (NAND2_X4)
                                         _070549_ (net)
                  0.01    0.00    2.63 v _149595_/A1 (NAND2_X1)
     2    5.12    0.02    0.02    2.65 ^ _149595_/ZN (NAND2_X1)
                                         _070553_ (net)
                  0.02    0.00    2.65 ^ _149609_/A2 (NAND2_X2)
     1    6.34    0.01    0.02    2.67 v _149609_/ZN (NAND2_X2)
                                         _070567_ (net)
                  0.01    0.00    2.67 v _149610_/A2 (NOR2_X4)
     2   10.36    0.02    0.03    2.70 ^ _149610_/ZN (NOR2_X4)
                                         _070568_ (net)
                  0.02    0.00    2.70 ^ _149611_/A2 (NAND2_X2)
     1    5.62    0.01    0.02    2.72 v _149611_/ZN (NAND2_X2)
                                         _070569_ (net)
                  0.01    0.00    2.72 v _149612_/A2 (NAND2_X4)
     6   15.29    0.01    0.02    2.74 ^ _149612_/ZN (NAND2_X4)
                                         _070570_ (net)
                  0.01    0.00    2.74 ^ _149615_/A1 (NAND2_X4)
     5   16.01    0.01    0.02    2.76 v _149615_/ZN (NAND2_X4)
                                         _070573_ (net)
                  0.01    0.00    2.76 v _149616_/A1 (NAND2_X2)
     1    5.95    0.01    0.02    2.78 ^ _149616_/ZN (NAND2_X2)
                                         _070574_ (net)
                  0.01    0.00    2.78 ^ _149618_/A1 (NAND2_X4)
     4   11.82    0.01    0.02    2.80 v _149618_/ZN (NAND2_X4)
                                         _070576_ (net)
                  0.01    0.00    2.80 v _149648_/A2 (NAND2_X1)
     2    3.26    0.01    0.02    2.82 ^ _149648_/ZN (NAND2_X1)
                                         _070606_ (net)
                  0.01    0.00    2.82 ^ _149649_/A1 (NAND2_X1)
     1    2.70    0.01    0.02    2.83 v _149649_/ZN (NAND2_X1)
                                         _070607_ (net)
                  0.01    0.00    2.83 v _149651_/A1 (NOR2_X2)
     2    6.77    0.02    0.03    2.87 ^ _149651_/ZN (NOR2_X2)
                                         _070609_ (net)
                  0.02    0.00    2.87 ^ _149667_/A2 (NAND3_X2)
     1    5.62    0.01    0.03    2.90 v _149667_/ZN (NAND3_X2)
                                         _070625_ (net)
                  0.01    0.00    2.90 v _149668_/A2 (NAND2_X4)
     4   24.71    0.02    0.03    2.93 ^ _149668_/ZN (NAND2_X4)
                                         _070626_ (net)
                  0.02    0.00    2.93 ^ _149677_/A1 (NAND2_X4)
     6   28.65    0.02    0.03    2.96 v _149677_/ZN (NAND2_X4)
                                         _070635_ (net)
                  0.02    0.00    2.96 v _149698_/A1 (NAND2_X4)
     5   23.33    0.02    0.03    2.98 ^ _149698_/ZN (NAND2_X4)
                                         _070656_ (net)
                  0.02    0.00    2.98 ^ _149701_/A1 (NAND2_X4)
     9   42.29    0.02    0.04    3.02 v _149701_/ZN (NAND2_X4)
                                         _070659_ (net)
                  0.02    0.00    3.02 v _149719_/A (INV_X8)
     7   25.15    0.01    0.02    3.04 ^ _149719_/ZN (INV_X8)
                                         _070676_ (net)
                  0.01    0.00    3.04 ^ _149720_/A (BUF_X16)
    10   23.26    0.01    0.02    3.06 ^ _149720_/Z (BUF_X16)
                                         _070677_ (net)
                  0.01    0.00    3.06 ^ _153643_/A1 (NAND2_X2)
     1    2.73    0.01    0.01    3.08 v _153643_/ZN (NAND2_X2)
                                         _074468_ (net)
                  0.01    0.00    3.08 v _153645_/B1 (AOI21_X2)
     2    3.31    0.02    0.03    3.10 ^ _153645_/ZN (AOI21_X2)
                                         _074470_ (net)
                  0.02    0.00    3.10 ^ _153646_/A2 (NAND2_X1)
     1    2.93    0.01    0.02    3.12 v _153646_/ZN (NAND2_X1)
                                         _074471_ (net)
                  0.01    0.00    3.12 v _153651_/A1 (NAND2_X2)
     2    6.11    0.01    0.02    3.14 ^ _153651_/ZN (NAND2_X2)
                                         _074476_ (net)
                  0.01    0.00    3.14 ^ _153653_/A1 (NAND2_X2)
     2    8.56    0.01    0.02    3.16 v _153653_/ZN (NAND2_X2)
                                         _074478_ (net)
                  0.01    0.00    3.16 v _153654_/A (INV_X2)
     1    5.95    0.01    0.02    3.18 ^ _153654_/ZN (INV_X2)
                                         _074479_ (net)
                  0.01    0.00    3.18 ^ _153665_/A1 (NAND2_X4)
     4   15.22    0.01    0.02    3.19 v _153665_/ZN (NAND2_X4)
                                         _074490_ (net)
                  0.01    0.00    3.19 v _153730_/A1 (AND2_X4)
     2   11.40    0.01    0.03    3.22 v _153730_/ZN (AND2_X4)
                                         _074555_ (net)
                  0.01    0.00    3.22 v _153731_/A1 (NAND2_X4)
     6   14.78    0.01    0.02    3.24 ^ _153731_/ZN (NAND2_X4)
                                         _074556_ (net)
                  0.01    0.00    3.24 ^ _153819_/A (BUF_X8)
    10   25.66    0.01    0.03    3.27 ^ _153819_/Z (BUF_X8)
                                         _074644_ (net)
                  0.01    0.00    3.27 ^ _153864_/A3 (NAND3_X1)
     2    3.12    0.01    0.03    3.29 v _153864_/ZN (NAND3_X1)
                                         _074689_ (net)
                  0.01    0.00    3.29 v _153873_/A1 (NAND3_X1)
     1    3.05    0.01    0.02    3.32 ^ _153873_/ZN (NAND3_X1)
                                         _074698_ (net)
                  0.01    0.00    3.32 ^ _153877_/A1 (NAND2_X2)
     2    4.23    0.01    0.02    3.33 v _153877_/ZN (NAND2_X2)
                                         _074702_ (net)
                  0.01    0.00    3.33 v _153909_/B1 (OAI21_X2)
     2    9.31    0.03    0.04    3.37 ^ _153909_/ZN (OAI21_X2)
                                         _074732_ (net)
                  0.03    0.00    3.37 ^ _153920_/A1 (NAND2_X2)
     2    5.40    0.01    0.02    3.39 v _153920_/ZN (NAND2_X2)
                                         _074741_ (net)
                  0.01    0.00    3.39 v _153936_/A1 (NOR2_X2)
     3    4.71    0.02    0.03    3.42 ^ _153936_/ZN (NOR2_X2)
                                         _074756_ (net)
                  0.02    0.00    3.42 ^ _153937_/A1 (NAND2_X1)
     2    3.63    0.01    0.02    3.44 v _153937_/ZN (NAND2_X1)
                                         _074757_ (net)
                  0.01    0.00    3.44 v _153942_/A (XNOR2_X1)
     1    1.55    0.01    0.04    3.48 v _153942_/ZN (XNOR2_X1)
                                         _074761_ (net)
                  0.01    0.00    3.48 v _153943_/A (INV_X1)
     1    0.00    0.00    0.01    3.49 ^ _153943_/ZN (INV_X1)
                                         cvt_blk_o[44] (net)
                  0.00    0.00    3.49 ^ cvt_blk_o[44] (out)
                                  3.49   data arrival time

                  0.00    4.00    4.00   clock core_clock (rise edge)
                          0.00    4.00   clock network delay (ideal)
                          0.00    4.00   clock reconvergence pessimism
                         -0.80    3.20   output external delay
                                  3.20   data required time
-----------------------------------------------------------------------------
                                  3.20   data required time
                                 -3.49   data arrival time
-----------------------------------------------------------------------------
                                 -0.29   slack (VIOLATED)



==========================================================================
Post synthesis report_power
--------------------------------------------------------------------------
Group                  Internal  Switching    Leakage      Total
                          Power      Power      Power      Power (Watts)
----------------------------------------------------------------
Sequential             1.09e-02   6.09e-04   3.22e-04   1.18e-02   1.3%
Combinational          4.59e-01   4.71e-01   1.97e-03   9.32e-01  98.7%
Clock                  0.00e+00   0.00e+00   0.00e+00   0.00e+00   0.0%
Macro                  0.00e+00   0.00e+00   0.00e+00   0.00e+00   0.0%
Pad                    0.00e+00   0.00e+00   0.00e+00   0.00e+00   0.0%
----------------------------------------------------------------
Total                  4.70e-01   4.71e-01   2.29e-03   9.44e-01 100.0%
                          49.8%      49.9%       0.2%
