
==========================================================================
Post synthesis report_tns
--------------------------------------------------------------------------
tns -188.28

==========================================================================
Post synthesis report_wns
--------------------------------------------------------------------------
wns -0.99

==========================================================================
Post synthesis report_worst_slack
--------------------------------------------------------------------------
worst slack -0.99

==========================================================================
Post synthesis report_checks -path_delay min
--------------------------------------------------------------------------
Startpoint: u_pcu.u_dq.s0_beat_q[1]$_SDFF_PN0_
            (rising edge-triggered flip-flop clocked by core_clock)
Endpoint: u_pcu.u_dq.s1_beat_q[1]$_SDFF_PN0_
          (rising edge-triggered flip-flop clocked by core_clock)
Path Group: core_clock
Path Type: min

Fanout     Cap    Slew   Delay    Time   Description
-----------------------------------------------------------------------------
                  0.00    0.00    0.00   clock core_clock (rise edge)
                          0.00    0.00   clock network delay (ideal)
                  0.00    0.00    0.00 ^ u_pcu.u_dq.s0_beat_q[1]$_SDFF_PN0_/CK (DFF_X1)
     1    1.50    0.01    0.08    0.08 v u_pcu.u_dq.s0_beat_q[1]$_SDFF_PN0_/Q (DFF_X1)
                                         u_pcu.u_dq.s0_beat_q[1] (net)
                  0.01    0.00    0.08 v _157324_/A2 (NAND2_X1)
     1    1.70    0.01    0.02    0.09 ^ _157324_/ZN (NAND2_X1)
                                         _068974_ (net)
                  0.01    0.00    0.09 ^ _157325_/A (INV_X1)
     1    1.06    0.00    0.01    0.10 v _157325_/ZN (INV_X1)
                                         _003432_ (net)
                  0.00    0.00    0.10 v u_pcu.u_dq.s1_beat_q[1]$_SDFF_PN0_/D (DFF_X1)
                                  0.10   data arrival time

                  0.00    0.00    0.00   clock core_clock (rise edge)
                          0.00    0.00   clock network delay (ideal)
                          0.00    0.00   clock reconvergence pessimism
                                  0.00 ^ u_pcu.u_dq.s1_beat_q[1]$_SDFF_PN0_/CK (DFF_X1)
                          0.00    0.00   library hold time
                                  0.00   data required time
-----------------------------------------------------------------------------
                                  0.00   data required time
                                 -0.10   data arrival time
-----------------------------------------------------------------------------
                                  0.10   slack (MET)



==========================================================================
Post synthesis report_checks -path_delay max
--------------------------------------------------------------------------
Startpoint: rst_n (input port clocked by core_clock)
Endpoint: cvt_blk_o[204] (output port clocked by core_clock)
Path Group: core_clock
Path Type: max

Fanout     Cap    Slew   Delay    Time   Description
-----------------------------------------------------------------------------
                  0.00    0.00    0.00   clock core_clock (rise edge)
                          0.00    0.00   clock network delay (ideal)
                          0.80    0.80 ^ input external delay
     1    6.59    0.00    0.00    0.80 ^ rst_n (in)
                                         rst_n (net)
                  0.00    0.00    0.80 ^ _095164_/A (BUF_X8)
    10   34.74    0.01    0.02    0.82 ^ _095164_/Z (BUF_X8)
                                         _009967_ (net)
                  0.01    0.00    0.82 ^ _104976_/A1 (NAND2_X1)
     1    2.70    0.01    0.02    0.84 v _104976_/ZN (NAND2_X1)
                                         _017457_ (net)
                  0.01    0.00    0.84 v _104977_/A1 (NOR2_X2)
     2    6.83    0.02    0.03    0.87 ^ _104977_/ZN (NOR2_X2)
                                         _017458_ (net)
                  0.02    0.00    0.87 ^ _106651_/A1 (NAND2_X4)
     8   22.57    0.02    0.03    0.90 v _106651_/ZN (NAND2_X4)
                                         _018620_ (net)
                  0.02    0.00    0.90 v _106653_/A1 (NAND2_X4)
     9   52.00    0.04    0.04    0.94 ^ _106653_/ZN (NAND2_X4)
                                         _018622_ (net)
                  0.04    0.00    0.94 ^ _106673_/A (BUF_X16)
    10  100.90    0.02    0.04    0.98 ^ _106673_/Z (BUF_X16)
                                         _018642_ (net)
                  0.02    0.00    0.98 ^ _106698_/A (BUF_X32)
    10   65.96    0.01    0.03    1.01 ^ _106698_/Z (BUF_X32)
                                         _018667_ (net)
                  0.01    0.00    1.01 ^ _106699_/A (BUF_X32)
    10  111.84    0.01    0.03    1.04 ^ _106699_/Z (BUF_X32)
                                         _018668_ (net)
                  0.01    0.00    1.04 ^ _106700_/A (BUF_X16)
    10   82.40    0.01    0.03    1.07 ^ _106700_/Z (BUF_X16)
                                         _018669_ (net)
                  0.01    0.00    1.07 ^ _115697_/S (MUX2_X2)
     2    8.03    0.01    0.08    1.15 v _115697_/Z (MUX2_X2)
                                         _027665_ (net)
                  0.01    0.00    1.15 v _115698_/A3 (NAND3_X4)
     9   41.28    0.03    0.04    1.19 ^ _115698_/ZN (NAND3_X4)
                                         _027666_ (net)
                  0.03    0.00    1.19 ^ _116026_/A1 (NAND2_X4)
     1    2.18    0.01    0.01    1.20 v _116026_/ZN (NAND2_X4)
                                         _027994_ (net)
                  0.01    0.00    1.20 v _116028_/A (XOR2_X1)
     2    2.92    0.01    0.05    1.26 v _116028_/Z (XOR2_X1)
                                         _027996_ (net)
                  0.01    0.00    1.26 v _116095_/A1 (OR2_X1)
     1    2.93    0.01    0.05    1.31 v _116095_/ZN (OR2_X1)
                                         _028063_ (net)
                  0.01    0.00    1.31 v _116098_/A1 (NAND2_X2)
     2    6.48    0.01    0.02    1.33 ^ _116098_/ZN (NAND2_X2)
                                         _028066_ (net)
                  0.01    0.00    1.33 ^ _116099_/B (XNOR2_X2)
     2    5.72    0.02    0.04    1.37 ^ _116099_/ZN (XNOR2_X2)
                                         _028067_ (net)
                  0.02    0.00    1.37 ^ _116108_/A (XNOR2_X2)
     2    5.78    0.02    0.04    1.41 ^ _116108_/ZN (XNOR2_X2)
                                         _028076_ (net)
                  0.02    0.00    1.41 ^ _116109_/B (XNOR2_X2)
     2    3.89    0.02    0.04    1.45 ^ _116109_/ZN (XNOR2_X2)
                                         _028077_ (net)
                  0.02    0.00    1.45 ^ _116113_/A (XNOR2_X1)
     2    5.01    0.03    0.05    1.50 ^ _116113_/ZN (XNOR2_X1)
                                         _028081_ (net)
                  0.03    0.00    1.50 ^ _116116_/A2 (NAND2_X1)
     1    5.62    0.02    0.03    1.53 v _116116_/ZN (NAND2_X1)
                                         _028084_ (net)
                  0.02    0.00    1.53 v _116117_/A2 (NAND2_X4)
     2    5.33    0.01    0.02    1.55 ^ _116117_/ZN (NAND2_X4)
                                         _028085_ (net)
                  0.01    0.00    1.55 ^ _116120_/A (XNOR2_X1)
     2    3.18    0.03    0.04    1.59 ^ _116120_/ZN (XNOR2_X1)
                                         _028088_ (net)
                  0.03    0.00    1.59 ^ _116123_/A (XNOR2_X1)
     2    2.55    0.02    0.04    1.63 ^ _116123_/ZN (XNOR2_X1)
                                         _028091_ (net)
                  0.02    0.00    1.63 ^ _116124_/A1 (OR2_X1)
     3    6.25    0.02    0.04    1.67 ^ _116124_/ZN (OR2_X1)
                                         _028092_ (net)
                  0.02    0.00    1.67 ^ _116126_/A1 (NAND2_X2)
     3    5.78    0.01    0.02    1.69 v _116126_/ZN (NAND2_X2)
                                         _028094_ (net)
                  0.01    0.00    1.69 v _116127_/A (INV_X1)
     2    9.65    0.02    0.03    1.72 ^ _116127_/ZN (INV_X1)
                                         _028095_ (net)
                  0.02    0.00    1.72 ^ _116132_/A2 (NAND2_X4)
     4    8.46    0.01    0.02    1.74 v _116132_/ZN (NAND2_X4)
                                         _028100_ (net)
                  0.01    0.00    1.74 v _116133_/A1 (NOR3_X2)
     2    2.58    0.02    0.03    1.77 ^ _116133_/ZN (NOR3_X2)
                                         _028101_ (net)
                  0.02    0.00    1.77 ^ _116315_/A1 (AND2_X1)
     1    1.66    0.01    0.04    1.81 ^ _116315_/ZN (AND2_X1)
                                         _028283_ (net)
                  0.01    0.00    1.81 ^ _116316_/A2 (NAND2_X1)
     1    1.53    0.01    0.01    1.82 v _116316_/ZN (NAND2_X1)
                                         _028284_ (net)
                  0.01    0.00    1.82 v _116322_/A1 (NAND2_X1)
     1    4.00    0.01    0.02    1.84 ^ _116322_/ZN (NAND2_X1)
                                         _028290_ (net)
                  0.01    0.00    1.84 ^ _116334_/A (XNOR2_X2)
     3    8.37    0.03    0.04    1.88 ^ _116334_/ZN (XNOR2_X2)
                                         _028302_ (net)
                  0.03    0.00    1.88 ^ _116371_/A (INV_X2)
     2    7.87    0.01    0.02    1.90 v _116371_/ZN (INV_X2)
                                         _028339_ (net)
                  0.01    0.00    1.90 v _116372_/A2 (NOR2_X4)
     5   19.93    0.03    0.05    1.95 ^ _116372_/ZN (NOR2_X4)
                                         _028340_ (net)
                  0.03    0.00    1.95 ^ _116413_/A (INV_X4)
     2    8.29    0.01    0.01    1.96 v _116413_/ZN (INV_X4)
                                         _028381_ (net)
                  0.01    0.00    1.96 v _116415_/A1 (NOR2_X4)
     3    9.18    0.02    0.03    1.98 ^ _116415_/ZN (NOR2_X4)
                                         _028383_ (net)
                  0.02    0.00    1.98 ^ _116424_/A1 (NAND2_X4)
     3    6.75    0.01    0.02    2.00 v _116424_/ZN (NAND2_X4)
                                         _028392_ (net)
                  0.01    0.00    2.00 v _116433_/A1 (OR2_X2)
     2    3.09    0.01    0.04    2.04 v _116433_/ZN (OR2_X2)
                                         _028401_ (net)
                  0.01    0.00    2.04 v _116435_/A1 (NAND2_X1)
     1    3.05    0.01    0.02    2.06 ^ _116435_/ZN (NAND2_X1)
                                         _028403_ (net)
                  0.01    0.00    2.06 ^ _116436_/A1 (NAND2_X2)
     3    7.60    0.01    0.02    2.08 v _116436_/ZN (NAND2_X2)
                                         _028404_ (net)
                  0.01    0.00    2.08 v _116439_/A1 (NAND2_X2)
     1    6.26    0.01    0.02    2.10 ^ _116439_/ZN (NAND2_X2)
                                         _028407_ (net)
                  0.01    0.00    2.10 ^ _116440_/A (INV_X4)
     3    8.07    0.01    0.01    2.10 v _116440_/ZN (INV_X4)
                                         _028408_ (net)
                  0.01    0.00    2.10 v _116441_/A2 (NAND2_X4)
     4    7.27    0.01    0.02    2.12 ^ _116441_/ZN (NAND2_X4)
                                         _028409_ (net)
                  0.01    0.00    2.12 ^ _116442_/A1 (NAND2_X2)
     1    2.93    0.01    0.01    2.13 v _116442_/ZN (NAND2_X2)
                                         _028410_ (net)
                  0.01    0.00    2.13 v _116460_/A1 (NAND2_X2)
     4    6.44    0.01    0.02    2.15 ^ _116460_/ZN (NAND2_X2)
                                         _028428_ (net)
                  0.01    0.00    2.15 ^ _116462_/A1 (NAND2_X1)
     1    5.70    0.01    0.02    2.17 v _116462_/ZN (NAND2_X1)
                                         _028430_ (net)
                  0.01    0.00    2.17 v _116473_/A1 (NAND2_X4)
     2    8.93    0.01    0.02    2.19 ^ _116473_/ZN (NAND2_X4)
                                         _028441_ (net)
                  0.01    0.00    2.19 ^ _116482_/A1 (NAND3_X2)
     3    8.67    0.02    0.03    2.22 v _116482_/ZN (NAND3_X2)
                                         _028450_ (net)
                  0.02    0.00    2.22 v _116483_/A2 (NAND2_X4)
    10   40.91    0.03    0.04    2.26 ^ _116483_/ZN (NAND2_X4)
                                         _028451_ (net)
                  0.03    0.00    2.26 ^ _116506_/A1 (NAND3_X2)
     2   12.04    0.02    0.04    2.30 v _116506_/ZN (NAND3_X2)
                                         _028474_ (net)
                  0.02    0.00    2.30 v _116507_/A (INV_X4)
     2   12.97    0.01    0.02    2.32 ^ _116507_/ZN (INV_X4)
                                         _028475_ (net)
                  0.01    0.00    2.32 ^ _116508_/A2 (NAND2_X4)
     4   28.09    0.02    0.03    2.35 v _116508_/ZN (NAND2_X4)
                                         _028476_ (net)
                  0.02    0.00    2.35 v _116511_/A1 (NAND2_X4)
     6   40.53    0.03    0.04    2.38 ^ _116511_/ZN (NAND2_X4)
                                         _028479_ (net)
                  0.03    0.00    2.38 ^ _116560_/A (BUF_X16)
    10   56.65    0.01    0.03    2.42 ^ _116560_/Z (BUF_X16)
                                         _028528_ (net)
                  0.01    0.00    2.42 ^ _116598_/A1 (NAND2_X4)
     2    4.26    0.01    0.01    2.43 v _116598_/ZN (NAND2_X4)
                                         _028566_ (net)
                  0.01    0.00    2.43 v _116738_/A1 (NAND2_X1)
     1    3.05    0.01    0.02    2.44 ^ _116738_/ZN (NAND2_X1)
                                         _028706_ (net)
                  0.01    0.00    2.44 ^ _116739_/A1 (NAND2_X2)
     1    3.14    0.01    0.01    2.46 v _116739_/ZN (NAND2_X2)
                                         _028707_ (net)
                  0.01    0.00    2.46 v _116740_/A2 (NAND2_X2)
     2    3.24    0.01    0.02    2.47 ^ _116740_/ZN (NAND2_X2)
                                         _028708_ (net)
                  0.01    0.00    2.47 ^ _116765_/B1 (AOI21_X1)
     1    1.57    0.01    0.01    2.49 v _116765_/ZN (AOI21_X1)
                                         _028733_ (net)
                  0.01    0.00    2.49 v _116767_/A1 (AND2_X2)
     1    2.70    0.01    0.03    2.51 v _116767_/ZN (AND2_X2)
                                         _028735_ (net)
                  0.01    0.00    2.51 v _116771_/A1 (NOR2_X2)
     2    9.49    0.03    0.04    2.55 ^ _116771_/ZN (NOR2_X2)
                                         _028739_ (net)
                  0.03    0.00    2.55 ^ _116774_/A2 (NAND3_X4)
     1    5.70    0.01    0.02    2.58 v _116774_/ZN (NAND3_X4)
                                         _028742_ (net)
                  0.01    0.00    2.58 v _116775_/A (INV_X4)
     1    5.95    0.01    0.01    2.59 ^ _116775_/ZN (INV_X4)
                                         _028743_ (net)
                  0.01    0.00    2.59 ^ _116812_/A1 (NAND2_X4)
     1    6.34    0.01    0.01    2.60 v _116812_/ZN (NAND2_X4)
                                         _028780_ (net)
                  0.01    0.00    2.60 v _116813_/A2 (NOR2_X4)
     5   14.82    0.02    0.04    2.64 ^ _116813_/ZN (NOR2_X4)
                                         _028781_ (net)
                  0.02    0.00    2.64 ^ _116832_/A1 (NAND4_X2)
     4    5.95    0.02    0.03    2.67 v _116832_/ZN (NAND4_X2)
                                         _028800_ (net)
                  0.02    0.00    2.67 v _130573_/A1 (OR2_X1)
     1    4.24    0.01    0.06    2.73 v _130573_/ZN (OR2_X1)
                                         _042536_ (net)
                  0.01    0.00    2.73 v _130574_/A (XOR2_X2)
     1    6.46    0.01    0.06    2.78 v _130574_/Z (XOR2_X2)
                                         _042537_ (net)
                  0.01    0.00    2.78 v _130575_/B2 (OAI21_X4)
     4   11.19    0.02    0.04    2.82 ^ _130575_/ZN (OAI21_X4)
                                         _042538_ (net)
                  0.02    0.00    2.82 ^ _130576_/A (INV_X1)
     2    3.00    0.01    0.01    2.84 v _130576_/ZN (INV_X1)
                                         _042539_ (net)
                  0.01    0.00    2.84 v _130577_/A2 (NAND2_X1)
     2    3.26    0.01    0.02    2.86 ^ _130577_/ZN (NAND2_X1)
                                         _042540_ (net)
                  0.01    0.00    2.86 ^ _130581_/A1 (NAND2_X1)
     1    1.41    0.01    0.01    2.87 v _130581_/ZN (NAND2_X1)
                                         _042544_ (net)
                  0.01    0.00    2.87 v _130585_/A1 (NOR2_X1)
     1    1.66    0.02    0.02    2.89 ^ _130585_/ZN (NOR2_X1)
                                         _042548_ (net)
                  0.02    0.00    2.89 ^ _130586_/A2 (NAND2_X1)
     1    2.94    0.01    0.02    2.91 v _130586_/ZN (NAND2_X1)
                                         _042549_ (net)
                  0.01    0.00    2.91 v _130587_/A (INV_X2)
     2    7.01    0.01    0.02    2.93 ^ _130587_/ZN (INV_X2)
                                         _042550_ (net)
                  0.01    0.00    2.93 ^ _130588_/A2 (NAND2_X2)
     3    8.82    0.01    0.02    2.95 v _130588_/ZN (NAND2_X2)
                                         _042551_ (net)
                  0.01    0.00    2.95 v _130595_/A1 (NAND2_X4)
     6   11.51    0.01    0.02    2.97 ^ _130595_/ZN (NAND2_X4)
                                         _042558_ (net)
                  0.01    0.00    2.97 ^ _130682_/A2 (NAND2_X2)
     3    4.59    0.01    0.02    2.98 v _130682_/ZN (NAND2_X2)
                                         _042645_ (net)
                  0.01    0.00    2.98 v _130702_/A1 (NAND2_X1)
     2    3.19    0.01    0.02    3.00 ^ _130702_/ZN (NAND2_X1)
                                         _042665_ (net)
                  0.01    0.00    3.00 ^ _130704_/A1 (NAND2_X1)
     3    4.47    0.01    0.02    3.02 v _130704_/ZN (NAND2_X1)
                                         _042667_ (net)
                  0.01    0.00    3.02 v _130722_/A1 (NAND2_X1)
     1    1.62    0.01    0.02    3.04 ^ _130722_/ZN (NAND2_X1)
                                         _042685_ (net)
                  0.01    0.00    3.04 ^ _130724_/A2 (NAND3_X1)
     1    2.70    0.01    0.02    3.06 v _130724_/ZN (NAND3_X1)
                                         _042687_ (net)
                  0.01    0.00    3.06 v _130733_/A1 (NOR2_X2)
     2    6.03    0.02    0.03    3.09 ^ _130733_/ZN (NOR2_X2)
                                         _042696_ (net)
                  0.02    0.00    3.09 ^ _130734_/A1 (NAND2_X2)
     2    7.10    0.01    0.02    3.11 v _130734_/ZN (NAND2_X2)
                                         _042697_ (net)
                  0.01    0.00    3.11 v _130735_/A2 (NAND2_X4)
     6   15.37    0.01    0.02    3.13 ^ _130735_/ZN (NAND2_X4)
                                         _042698_ (net)
                  0.01    0.00    3.13 ^ _130739_/A1 (NAND2_X4)
     4   10.31    0.01    0.02    3.15 v _130739_/ZN (NAND2_X4)
                                         _042702_ (net)
                  0.01    0.00    3.15 v _130987_/A1 (NAND2_X2)
     3    4.84    0.01    0.02    3.17 ^ _130987_/ZN (NAND2_X2)
                                         _042950_ (net)
                  0.01    0.00    3.17 ^ _131002_/A1 (NAND2_X1)
     2    4.67    0.01    0.02    3.19 v _131002_/ZN (NAND2_X1)
                                         _042965_ (net)
                  0.01    0.00    3.19 v _131004_/A1 (NAND2_X1)
     1    1.62    0.01    0.02    3.20 ^ _131004_/ZN (NAND2_X1)
                                         _042967_ (net)
                  0.01    0.00    3.20 ^ _131005_/A2 (NAND3_X1)
     1    2.70    0.01    0.02    3.23 v _131005_/ZN (NAND3_X1)
                                         _042968_ (net)
                  0.01    0.00    3.23 v _131015_/A1 (NOR2_X2)
     2    6.03    0.02    0.03    3.26 ^ _131015_/ZN (NOR2_X2)
                                         _042978_ (net)
                  0.02    0.00    3.26 ^ _131016_/A1 (NAND2_X2)
     2    7.10    0.01    0.02    3.28 v _131016_/ZN (NAND2_X2)
                                         _042979_ (net)
                  0.01    0.00    3.28 v _131017_/A2 (NAND2_X4)
     6   15.37    0.01    0.02    3.30 ^ _131017_/ZN (NAND2_X4)
                                         _042980_ (net)
                  0.01    0.00    3.30 ^ _131020_/A1 (NAND2_X4)
     4   10.31    0.01    0.02    3.32 v _131020_/ZN (NAND2_X4)
                                         _042983_ (net)
                  0.01    0.00    3.32 v _131517_/A1 (NAND2_X2)
     3    4.84    0.01    0.02    3.33 ^ _131517_/ZN (NAND2_X2)
                                         _043480_ (net)
                  0.01    0.00    3.33 ^ _131532_/A1 (NAND2_X1)
     2    4.67    0.01    0.02    3.35 v _131532_/ZN (NAND2_X1)
                                         _043495_ (net)
                  0.01    0.00    3.35 v _131534_/A1 (NAND2_X1)
     1    1.62    0.01    0.02    3.37 ^ _131534_/ZN (NAND2_X1)
                                         _043497_ (net)
                  0.01    0.00    3.37 ^ _131535_/A2 (NAND3_X1)
     1    5.59    0.02    0.03    3.40 v _131535_/ZN (NAND3_X1)
                                         _043498_ (net)
                  0.02    0.00    3.40 v _131545_/A1 (NOR2_X4)
     2    9.30    0.02    0.03    3.43 ^ _131545_/ZN (NOR2_X4)
                                         _043508_ (net)
                  0.02    0.00    3.43 ^ _131546_/A1 (NAND2_X2)
     1    5.62    0.01    0.02    3.45 v _131546_/ZN (NAND2_X2)
                                         _043509_ (net)
                  0.01    0.00    3.45 v _131547_/A2 (NAND2_X4)
     7   27.58    0.02    0.03    3.48 ^ _131547_/ZN (NAND2_X4)
                                         _043510_ (net)
                  0.02    0.00    3.48 ^ _131550_/A1 (NAND2_X4)
     4   20.02    0.01    0.02    3.51 v _131550_/ZN (NAND2_X4)
                                         _043513_ (net)
                  0.01    0.00    3.51 v _131551_/A1 (NAND2_X2)
     1    5.95    0.01    0.02    3.53 ^ _131551_/ZN (NAND2_X2)
                                         _043514_ (net)
                  0.01    0.00    3.53 ^ _131553_/A1 (NAND2_X4)
     3   32.99    0.02    0.03    3.55 v _131553_/ZN (NAND2_X4)
                                         _043516_ (net)
                  0.02    0.00    3.55 v _131554_/A (BUF_X16)
    10   49.83    0.01    0.03    3.59 v _131554_/Z (BUF_X16)
                                         _043517_ (net)
                  0.01    0.00    3.59 v _131605_/A (XNOR2_X2)
     2    4.82    0.01    0.04    3.62 v _131605_/ZN (XNOR2_X2)
                                         _043564_ (net)
                  0.01    0.00    3.62 v _131607_/A1 (NOR2_X2)
     1    6.77    0.02    0.03    3.66 ^ _131607_/ZN (NOR2_X2)
                                         _043566_ (net)
                  0.02    0.00    3.66 ^ _131609_/A1 (NOR2_X4)
     2    8.64    0.01    0.01    3.67 v _131609_/ZN (NOR2_X4)
                                         _043568_ (net)
                  0.01    0.00    3.67 v _174436_/A (INV_X2)
     1    4.00    0.01    0.01    3.68 ^ _174436_/ZN (INV_X2)
                                         _084671_ (net)
                  0.01    0.00    3.68 ^ _174438_/A (XNOR2_X2)
     2    3.30    0.02    0.04    3.72 ^ _174438_/ZN (XNOR2_X2)
                                         _084673_ (net)
                  0.02    0.00    3.72 ^ _174441_/A1 (NAND2_X1)
     1    3.23    0.01    0.02    3.74 v _174441_/ZN (NAND2_X1)
                                         _084676_ (net)
                  0.01    0.00    3.74 v _174442_/A2 (OR2_X4)
     2    9.09    0.01    0.05    3.79 v _174442_/ZN (OR2_X4)
                                         _084677_ (net)
                  0.01    0.00    3.79 v _174451_/A1 (NAND3_X4)
     7   15.50    0.02    0.02    3.81 ^ _174451_/ZN (NAND3_X4)
                                         _084686_ (net)
                  0.02    0.00    3.81 ^ _174453_/A1 (NAND2_X4)
     3   18.23    0.01    0.02    3.83 v _174453_/ZN (NAND2_X4)
                                         _084688_ (net)
                  0.01    0.00    3.83 v _174460_/A (BUF_X16)
    10   36.10    0.01    0.03    3.86 v _174460_/Z (BUF_X16)
                                         _084695_ (net)
                  0.01    0.00    3.86 v _174600_/A1 (NAND2_X4)
     1    3.45    0.01    0.01    3.87 ^ _174600_/ZN (NAND2_X4)
                                         _084835_ (net)
                  0.01    0.00    3.87 ^ _174601_/A2 (NAND2_X2)
     2    4.23    0.01    0.01    3.88 v _174601_/ZN (NAND2_X2)
                                         _084836_ (net)
                  0.01    0.00    3.88 v _174602_/A1 (NAND2_X1)
     2    3.31    0.01    0.02    3.90 ^ _174602_/ZN (NAND2_X1)
                                         _084837_ (net)
                  0.01    0.00    3.90 ^ _174603_/A3 (NAND3_X1)
     2    4.23    0.02    0.03    3.93 v _174603_/ZN (NAND3_X1)
                                         _084838_ (net)
                  0.02    0.00    3.93 v _174604_/A1 (NAND2_X1)
     2    5.10    0.02    0.03    3.96 ^ _174604_/ZN (NAND2_X1)
                                         _084839_ (net)
                  0.02    0.00    3.96 ^ _174605_/A2 (NAND2_X2)
     1    6.34    0.01    0.02    3.98 v _174605_/ZN (NAND2_X2)
                                         _084840_ (net)
                  0.01    0.00    3.98 v _174606_/A2 (NOR2_X4)
     5   14.20    0.02    0.04    4.01 ^ _174606_/ZN (NOR2_X4)
                                         _084841_ (net)
                  0.02    0.00    4.01 ^ _174647_/A1 (NAND4_X4)
     3   12.60    0.02    0.03    4.05 v _174647_/ZN (NAND4_X4)
                                         _084882_ (net)
                  0.02    0.00    4.05 v _174659_/A1 (NOR2_X4)
     2    5.21    0.01    0.03    4.07 ^ _174659_/ZN (NOR2_X4)
                                         _084894_ (net)
                  0.01    0.00    4.07 ^ _174666_/A1 (NAND3_X2)
     3    9.24    0.02    0.03    4.10 v _174666_/ZN (NAND3_X2)
                                         _084901_ (net)
                  0.02    0.00    4.10 v _174669_/A1 (NOR2_X4)
     2    8.07    0.02    0.03    4.13 ^ _174669_/ZN (NOR2_X4)
                                         _084904_ (net)
                  0.02    0.00    4.13 ^ _174672_/B1 (AOI21_X4)
     3   16.76    0.01    0.02    4.15 v _174672_/ZN (AOI21_X4)
                                         _084907_ (net)
                  0.01    0.00    4.15 v _174690_/A (BUF_X16)
    10   45.00    0.01    0.03    4.18 v _174690_/Z (BUF_X16)
                                         _084924_ (net)
                  0.01    0.00    4.18 v _174729_/A1 (NAND3_X2)
     1    0.00    0.01    0.01    4.19 ^ _174729_/ZN (NAND3_X2)
                                         cvt_blk_o[204] (net)
                  0.01    0.00    4.19 ^ cvt_blk_o[204] (out)
                                  4.19   data arrival time

                  0.00    4.00    4.00   clock core_clock (rise edge)
                          0.00    4.00   clock network delay (ideal)
                          0.00    4.00   clock reconvergence pessimism
                         -0.80    3.20   output external delay
                                  3.20   data required time
-----------------------------------------------------------------------------
                                  3.20   data required time
                                 -4.19   data arrival time
-----------------------------------------------------------------------------
                                 -0.99   slack (VIOLATED)



==========================================================================
Post synthesis report_checks -unconstrained
--------------------------------------------------------------------------
Startpoint: rst_n (input port clocked by core_clock)
Endpoint: cvt_blk_o[204] (output port clocked by core_clock)
Path Group: core_clock
Path Type: max

Fanout     Cap    Slew   Delay    Time   Description
-----------------------------------------------------------------------------
                  0.00    0.00    0.00   clock core_clock (rise edge)
                          0.00    0.00   clock network delay (ideal)
                          0.80    0.80 ^ input external delay
     1    6.59    0.00    0.00    0.80 ^ rst_n (in)
                                         rst_n (net)
                  0.00    0.00    0.80 ^ _095164_/A (BUF_X8)
    10   34.74    0.01    0.02    0.82 ^ _095164_/Z (BUF_X8)
                                         _009967_ (net)
                  0.01    0.00    0.82 ^ _104976_/A1 (NAND2_X1)
     1    2.70    0.01    0.02    0.84 v _104976_/ZN (NAND2_X1)
                                         _017457_ (net)
                  0.01    0.00    0.84 v _104977_/A1 (NOR2_X2)
     2    6.83    0.02    0.03    0.87 ^ _104977_/ZN (NOR2_X2)
                                         _017458_ (net)
                  0.02    0.00    0.87 ^ _106651_/A1 (NAND2_X4)
     8   22.57    0.02    0.03    0.90 v _106651_/ZN (NAND2_X4)
                                         _018620_ (net)
                  0.02    0.00    0.90 v _106653_/A1 (NAND2_X4)
     9   52.00    0.04    0.04    0.94 ^ _106653_/ZN (NAND2_X4)
                                         _018622_ (net)
                  0.04    0.00    0.94 ^ _106673_/A (BUF_X16)
    10  100.90    0.02    0.04    0.98 ^ _106673_/Z (BUF_X16)
                                         _018642_ (net)
                  0.02    0.00    0.98 ^ _106698_/A (BUF_X32)
    10   65.96    0.01    0.03    1.01 ^ _106698_/Z (BUF_X32)
                                         _018667_ (net)
                  0.01    0.00    1.01 ^ _106699_/A (BUF_X32)
    10  111.84    0.01    0.03    1.04 ^ _106699_/Z (BUF_X32)
                                         _018668_ (net)
                  0.01    0.00    1.04 ^ _106700_/A (BUF_X16)
    10   82.40    0.01    0.03    1.07 ^ _106700_/Z (BUF_X16)
                                         _018669_ (net)
                  0.01    0.00    1.07 ^ _115697_/S (MUX2_X2)
     2    8.03    0.01    0.08    1.15 v _115697_/Z (MUX2_X2)
                                         _027665_ (net)
                  0.01    0.00    1.15 v _115698_/A3 (NAND3_X4)
     9   41.28    0.03    0.04    1.19 ^ _115698_/ZN (NAND3_X4)
                                         _027666_ (net)
                  0.03    0.00    1.19 ^ _116026_/A1 (NAND2_X4)
     1    2.18    0.01    0.01    1.20 v _116026_/ZN (NAND2_X4)
                                         _027994_ (net)
                  0.01    0.00    1.20 v _116028_/A (XOR2_X1)
     2    2.92    0.01    0.05    1.26 v _116028_/Z (XOR2_X1)
                                         _027996_ (net)
                  0.01    0.00    1.26 v _116095_/A1 (OR2_X1)
     1    2.93    0.01    0.05    1.31 v _116095_/ZN (OR2_X1)
                                         _028063_ (net)
                  0.01    0.00    1.31 v _116098_/A1 (NAND2_X2)
     2    6.48    0.01    0.02    1.33 ^ _116098_/ZN (NAND2_X2)
                                         _028066_ (net)
                  0.01    0.00    1.33 ^ _116099_/B (XNOR2_X2)
     2    5.72    0.02    0.04    1.37 ^ _116099_/ZN (XNOR2_X2)
                                         _028067_ (net)
                  0.02    0.00    1.37 ^ _116108_/A (XNOR2_X2)
     2    5.78    0.02    0.04    1.41 ^ _116108_/ZN (XNOR2_X2)
                                         _028076_ (net)
                  0.02    0.00    1.41 ^ _116109_/B (XNOR2_X2)
     2    3.89    0.02    0.04    1.45 ^ _116109_/ZN (XNOR2_X2)
                                         _028077_ (net)
                  0.02    0.00    1.45 ^ _116113_/A (XNOR2_X1)
     2    5.01    0.03    0.05    1.50 ^ _116113_/ZN (XNOR2_X1)
                                         _028081_ (net)
                  0.03    0.00    1.50 ^ _116116_/A2 (NAND2_X1)
     1    5.62    0.02    0.03    1.53 v _116116_/ZN (NAND2_X1)
                                         _028084_ (net)
                  0.02    0.00    1.53 v _116117_/A2 (NAND2_X4)
     2    5.33    0.01    0.02    1.55 ^ _116117_/ZN (NAND2_X4)
                                         _028085_ (net)
                  0.01    0.00    1.55 ^ _116120_/A (XNOR2_X1)
     2    3.18    0.03    0.04    1.59 ^ _116120_/ZN (XNOR2_X1)
                                         _028088_ (net)
                  0.03    0.00    1.59 ^ _116123_/A (XNOR2_X1)
     2    2.55    0.02    0.04    1.63 ^ _116123_/ZN (XNOR2_X1)
                                         _028091_ (net)
                  0.02    0.00    1.63 ^ _116124_/A1 (OR2_X1)
     3    6.25    0.02    0.04    1.67 ^ _116124_/ZN (OR2_X1)
                                         _028092_ (net)
                  0.02    0.00    1.67 ^ _116126_/A1 (NAND2_X2)
     3    5.78    0.01    0.02    1.69 v _116126_/ZN (NAND2_X2)
                                         _028094_ (net)
                  0.01    0.00    1.69 v _116127_/A (INV_X1)
     2    9.65    0.02    0.03    1.72 ^ _116127_/ZN (INV_X1)
                                         _028095_ (net)
                  0.02    0.00    1.72 ^ _116132_/A2 (NAND2_X4)
     4    8.46    0.01    0.02    1.74 v _116132_/ZN (NAND2_X4)
                                         _028100_ (net)
                  0.01    0.00    1.74 v _116133_/A1 (NOR3_X2)
     2    2.58    0.02    0.03    1.77 ^ _116133_/ZN (NOR3_X2)
                                         _028101_ (net)
                  0.02    0.00    1.77 ^ _116315_/A1 (AND2_X1)
     1    1.66    0.01    0.04    1.81 ^ _116315_/ZN (AND2_X1)
                                         _028283_ (net)
                  0.01    0.00    1.81 ^ _116316_/A2 (NAND2_X1)
     1    1.53    0.01    0.01    1.82 v _116316_/ZN (NAND2_X1)
                                         _028284_ (net)
                  0.01    0.00    1.82 v _116322_/A1 (NAND2_X1)
     1    4.00    0.01    0.02    1.84 ^ _116322_/ZN (NAND2_X1)
                                         _028290_ (net)
                  0.01    0.00    1.84 ^ _116334_/A (XNOR2_X2)
     3    8.37    0.03    0.04    1.88 ^ _116334_/ZN (XNOR2_X2)
                                         _028302_ (net)
                  0.03    0.00    1.88 ^ _116371_/A (INV_X2)
     2    7.87    0.01    0.02    1.90 v _116371_/ZN (INV_X2)
                                         _028339_ (net)
                  0.01    0.00    1.90 v _116372_/A2 (NOR2_X4)
     5   19.93    0.03    0.05    1.95 ^ _116372_/ZN (NOR2_X4)
                                         _028340_ (net)
                  0.03    0.00    1.95 ^ _116413_/A (INV_X4)
     2    8.29    0.01    0.01    1.96 v _116413_/ZN (INV_X4)
                                         _028381_ (net)
                  0.01    0.00    1.96 v _116415_/A1 (NOR2_X4)
     3    9.18    0.02    0.03    1.98 ^ _116415_/ZN (NOR2_X4)
                                         _028383_ (net)
                  0.02    0.00    1.98 ^ _116424_/A1 (NAND2_X4)
     3    6.75    0.01    0.02    2.00 v _116424_/ZN (NAND2_X4)
                                         _028392_ (net)
                  0.01    0.00    2.00 v _116433_/A1 (OR2_X2)
     2    3.09    0.01    0.04    2.04 v _116433_/ZN (OR2_X2)
                                         _028401_ (net)
                  0.01    0.00    2.04 v _116435_/A1 (NAND2_X1)
     1    3.05    0.01    0.02    2.06 ^ _116435_/ZN (NAND2_X1)
                                         _028403_ (net)
                  0.01    0.00    2.06 ^ _116436_/A1 (NAND2_X2)
     3    7.60    0.01    0.02    2.08 v _116436_/ZN (NAND2_X2)
                                         _028404_ (net)
                  0.01    0.00    2.08 v _116439_/A1 (NAND2_X2)
     1    6.26    0.01    0.02    2.10 ^ _116439_/ZN (NAND2_X2)
                                         _028407_ (net)
                  0.01    0.00    2.10 ^ _116440_/A (INV_X4)
     3    8.07    0.01    0.01    2.10 v _116440_/ZN (INV_X4)
                                         _028408_ (net)
                  0.01    0.00    2.10 v _116441_/A2 (NAND2_X4)
     4    7.27    0.01    0.02    2.12 ^ _116441_/ZN (NAND2_X4)
                                         _028409_ (net)
                  0.01    0.00    2.12 ^ _116442_/A1 (NAND2_X2)
     1    2.93    0.01    0.01    2.13 v _116442_/ZN (NAND2_X2)
                                         _028410_ (net)
                  0.01    0.00    2.13 v _116460_/A1 (NAND2_X2)
     4    6.44    0.01    0.02    2.15 ^ _116460_/ZN (NAND2_X2)
                                         _028428_ (net)
                  0.01    0.00    2.15 ^ _116462_/A1 (NAND2_X1)
     1    5.70    0.01    0.02    2.17 v _116462_/ZN (NAND2_X1)
                                         _028430_ (net)
                  0.01    0.00    2.17 v _116473_/A1 (NAND2_X4)
     2    8.93    0.01    0.02    2.19 ^ _116473_/ZN (NAND2_X4)
                                         _028441_ (net)
                  0.01    0.00    2.19 ^ _116482_/A1 (NAND3_X2)
     3    8.67    0.02    0.03    2.22 v _116482_/ZN (NAND3_X2)
                                         _028450_ (net)
                  0.02    0.00    2.22 v _116483_/A2 (NAND2_X4)
    10   40.91    0.03    0.04    2.26 ^ _116483_/ZN (NAND2_X4)
                                         _028451_ (net)
                  0.03    0.00    2.26 ^ _116506_/A1 (NAND3_X2)
     2   12.04    0.02    0.04    2.30 v _116506_/ZN (NAND3_X2)
                                         _028474_ (net)
                  0.02    0.00    2.30 v _116507_/A (INV_X4)
     2   12.97    0.01    0.02    2.32 ^ _116507_/ZN (INV_X4)
                                         _028475_ (net)
                  0.01    0.00    2.32 ^ _116508_/A2 (NAND2_X4)
     4   28.09    0.02    0.03    2.35 v _116508_/ZN (NAND2_X4)
                                         _028476_ (net)
                  0.02    0.00    2.35 v _116511_/A1 (NAND2_X4)
     6   40.53    0.03    0.04    2.38 ^ _116511_/ZN (NAND2_X4)
                                         _028479_ (net)
                  0.03    0.00    2.38 ^ _116560_/A (BUF_X16)
    10   56.65    0.01    0.03    2.42 ^ _116560_/Z (BUF_X16)
                                         _028528_ (net)
                  0.01    0.00    2.42 ^ _116598_/A1 (NAND2_X4)
     2    4.26    0.01    0.01    2.43 v _116598_/ZN (NAND2_X4)
                                         _028566_ (net)
                  0.01    0.00    2.43 v _116738_/A1 (NAND2_X1)
     1    3.05    0.01    0.02    2.44 ^ _116738_/ZN (NAND2_X1)
                                         _028706_ (net)
                  0.01    0.00    2.44 ^ _116739_/A1 (NAND2_X2)
     1    3.14    0.01    0.01    2.46 v _116739_/ZN (NAND2_X2)
                                         _028707_ (net)
                  0.01    0.00    2.46 v _116740_/A2 (NAND2_X2)
     2    3.24    0.01    0.02    2.47 ^ _116740_/ZN (NAND2_X2)
                                         _028708_ (net)
                  0.01    0.00    2.47 ^ _116765_/B1 (AOI21_X1)
     1    1.57    0.01    0.01    2.49 v _116765_/ZN (AOI21_X1)
                                         _028733_ (net)
                  0.01    0.00    2.49 v _116767_/A1 (AND2_X2)
     1    2.70    0.01    0.03    2.51 v _116767_/ZN (AND2_X2)
                                         _028735_ (net)
                  0.01    0.00    2.51 v _116771_/A1 (NOR2_X2)
     2    9.49    0.03    0.04    2.55 ^ _116771_/ZN (NOR2_X2)
                                         _028739_ (net)
                  0.03    0.00    2.55 ^ _116774_/A2 (NAND3_X4)
     1    5.70    0.01    0.02    2.58 v _116774_/ZN (NAND3_X4)
                                         _028742_ (net)
                  0.01    0.00    2.58 v _116775_/A (INV_X4)
     1    5.95    0.01    0.01    2.59 ^ _116775_/ZN (INV_X4)
                                         _028743_ (net)
                  0.01    0.00    2.59 ^ _116812_/A1 (NAND2_X4)
     1    6.34    0.01    0.01    2.60 v _116812_/ZN (NAND2_X4)
                                         _028780_ (net)
                  0.01    0.00    2.60 v _116813_/A2 (NOR2_X4)
     5   14.82    0.02    0.04    2.64 ^ _116813_/ZN (NOR2_X4)
                                         _028781_ (net)
                  0.02    0.00    2.64 ^ _116832_/A1 (NAND4_X2)
     4    5.95    0.02    0.03    2.67 v _116832_/ZN (NAND4_X2)
                                         _028800_ (net)
                  0.02    0.00    2.67 v _130573_/A1 (OR2_X1)
     1    4.24    0.01    0.06    2.73 v _130573_/ZN (OR2_X1)
                                         _042536_ (net)
                  0.01    0.00    2.73 v _130574_/A (XOR2_X2)
     1    6.46    0.01    0.06    2.78 v _130574_/Z (XOR2_X2)
                                         _042537_ (net)
                  0.01    0.00    2.78 v _130575_/B2 (OAI21_X4)
     4   11.19    0.02    0.04    2.82 ^ _130575_/ZN (OAI21_X4)
                                         _042538_ (net)
                  0.02    0.00    2.82 ^ _130576_/A (INV_X1)
     2    3.00    0.01    0.01    2.84 v _130576_/ZN (INV_X1)
                                         _042539_ (net)
                  0.01    0.00    2.84 v _130577_/A2 (NAND2_X1)
     2    3.26    0.01    0.02    2.86 ^ _130577_/ZN (NAND2_X1)
                                         _042540_ (net)
                  0.01    0.00    2.86 ^ _130581_/A1 (NAND2_X1)
     1    1.41    0.01    0.01    2.87 v _130581_/ZN (NAND2_X1)
                                         _042544_ (net)
                  0.01    0.00    2.87 v _130585_/A1 (NOR2_X1)
     1    1.66    0.02    0.02    2.89 ^ _130585_/ZN (NOR2_X1)
                                         _042548_ (net)
                  0.02    0.00    2.89 ^ _130586_/A2 (NAND2_X1)
     1    2.94    0.01    0.02    2.91 v _130586_/ZN (NAND2_X1)
                                         _042549_ (net)
                  0.01    0.00    2.91 v _130587_/A (INV_X2)
     2    7.01    0.01    0.02    2.93 ^ _130587_/ZN (INV_X2)
                                         _042550_ (net)
                  0.01    0.00    2.93 ^ _130588_/A2 (NAND2_X2)
     3    8.82    0.01    0.02    2.95 v _130588_/ZN (NAND2_X2)
                                         _042551_ (net)
                  0.01    0.00    2.95 v _130595_/A1 (NAND2_X4)
     6   11.51    0.01    0.02    2.97 ^ _130595_/ZN (NAND2_X4)
                                         _042558_ (net)
                  0.01    0.00    2.97 ^ _130682_/A2 (NAND2_X2)
     3    4.59    0.01    0.02    2.98 v _130682_/ZN (NAND2_X2)
                                         _042645_ (net)
                  0.01    0.00    2.98 v _130702_/A1 (NAND2_X1)
     2    3.19    0.01    0.02    3.00 ^ _130702_/ZN (NAND2_X1)
                                         _042665_ (net)
                  0.01    0.00    3.00 ^ _130704_/A1 (NAND2_X1)
     3    4.47    0.01    0.02    3.02 v _130704_/ZN (NAND2_X1)
                                         _042667_ (net)
                  0.01    0.00    3.02 v _130722_/A1 (NAND2_X1)
     1    1.62    0.01    0.02    3.04 ^ _130722_/ZN (NAND2_X1)
                                         _042685_ (net)
                  0.01    0.00    3.04 ^ _130724_/A2 (NAND3_X1)
     1    2.70    0.01    0.02    3.06 v _130724_/ZN (NAND3_X1)
                                         _042687_ (net)
                  0.01    0.00    3.06 v _130733_/A1 (NOR2_X2)
     2    6.03    0.02    0.03    3.09 ^ _130733_/ZN (NOR2_X2)
                                         _042696_ (net)
                  0.02    0.00    3.09 ^ _130734_/A1 (NAND2_X2)
     2    7.10    0.01    0.02    3.11 v _130734_/ZN (NAND2_X2)
                                         _042697_ (net)
                  0.01    0.00    3.11 v _130735_/A2 (NAND2_X4)
     6   15.37    0.01    0.02    3.13 ^ _130735_/ZN (NAND2_X4)
                                         _042698_ (net)
                  0.01    0.00    3.13 ^ _130739_/A1 (NAND2_X4)
     4   10.31    0.01    0.02    3.15 v _130739_/ZN (NAND2_X4)
                                         _042702_ (net)
                  0.01    0.00    3.15 v _130987_/A1 (NAND2_X2)
     3    4.84    0.01    0.02    3.17 ^ _130987_/ZN (NAND2_X2)
                                         _042950_ (net)
                  0.01    0.00    3.17 ^ _131002_/A1 (NAND2_X1)
     2    4.67    0.01    0.02    3.19 v _131002_/ZN (NAND2_X1)
                                         _042965_ (net)
                  0.01    0.00    3.19 v _131004_/A1 (NAND2_X1)
     1    1.62    0.01    0.02    3.20 ^ _131004_/ZN (NAND2_X1)
                                         _042967_ (net)
                  0.01    0.00    3.20 ^ _131005_/A2 (NAND3_X1)
     1    2.70    0.01    0.02    3.23 v _131005_/ZN (NAND3_X1)
                                         _042968_ (net)
                  0.01    0.00    3.23 v _131015_/A1 (NOR2_X2)
     2    6.03    0.02    0.03    3.26 ^ _131015_/ZN (NOR2_X2)
                                         _042978_ (net)
                  0.02    0.00    3.26 ^ _131016_/A1 (NAND2_X2)
     2    7.10    0.01    0.02    3.28 v _131016_/ZN (NAND2_X2)
                                         _042979_ (net)
                  0.01    0.00    3.28 v _131017_/A2 (NAND2_X4)
     6   15.37    0.01    0.02    3.30 ^ _131017_/ZN (NAND2_X4)
                                         _042980_ (net)
                  0.01    0.00    3.30 ^ _131020_/A1 (NAND2_X4)
     4   10.31    0.01    0.02    3.32 v _131020_/ZN (NAND2_X4)
                                         _042983_ (net)
                  0.01    0.00    3.32 v _131517_/A1 (NAND2_X2)
     3    4.84    0.01    0.02    3.33 ^ _131517_/ZN (NAND2_X2)
                                         _043480_ (net)
                  0.01    0.00    3.33 ^ _131532_/A1 (NAND2_X1)
     2    4.67    0.01    0.02    3.35 v _131532_/ZN (NAND2_X1)
                                         _043495_ (net)
                  0.01    0.00    3.35 v _131534_/A1 (NAND2_X1)
     1    1.62    0.01    0.02    3.37 ^ _131534_/ZN (NAND2_X1)
                                         _043497_ (net)
                  0.01    0.00    3.37 ^ _131535_/A2 (NAND3_X1)
     1    5.59    0.02    0.03    3.40 v _131535_/ZN (NAND3_X1)
                                         _043498_ (net)
                  0.02    0.00    3.40 v _131545_/A1 (NOR2_X4)
     2    9.30    0.02    0.03    3.43 ^ _131545_/ZN (NOR2_X4)
                                         _043508_ (net)
                  0.02    0.00    3.43 ^ _131546_/A1 (NAND2_X2)
     1    5.62    0.01    0.02    3.45 v _131546_/ZN (NAND2_X2)
                                         _043509_ (net)
                  0.01    0.00    3.45 v _131547_/A2 (NAND2_X4)
     7   27.58    0.02    0.03    3.48 ^ _131547_/ZN (NAND2_X4)
                                         _043510_ (net)
                  0.02    0.00    3.48 ^ _131550_/A1 (NAND2_X4)
     4   20.02    0.01    0.02    3.51 v _131550_/ZN (NAND2_X4)
                                         _043513_ (net)
                  0.01    0.00    3.51 v _131551_/A1 (NAND2_X2)
     1    5.95    0.01    0.02    3.53 ^ _131551_/ZN (NAND2_X2)
                                         _043514_ (net)
                  0.01    0.00    3.53 ^ _131553_/A1 (NAND2_X4)
     3   32.99    0.02    0.03    3.55 v _131553_/ZN (NAND2_X4)
                                         _043516_ (net)
                  0.02    0.00    3.55 v _131554_/A (BUF_X16)
    10   49.83    0.01    0.03    3.59 v _131554_/Z (BUF_X16)
                                         _043517_ (net)
                  0.01    0.00    3.59 v _131605_/A (XNOR2_X2)
     2    4.82    0.01    0.04    3.62 v _131605_/ZN (XNOR2_X2)
                                         _043564_ (net)
                  0.01    0.00    3.62 v _131607_/A1 (NOR2_X2)
     1    6.77    0.02    0.03    3.66 ^ _131607_/ZN (NOR2_X2)
                                         _043566_ (net)
                  0.02    0.00    3.66 ^ _131609_/A1 (NOR2_X4)
     2    8.64    0.01    0.01    3.67 v _131609_/ZN (NOR2_X4)
                                         _043568_ (net)
                  0.01    0.00    3.67 v _174436_/A (INV_X2)
     1    4.00    0.01    0.01    3.68 ^ _174436_/ZN (INV_X2)
                                         _084671_ (net)
                  0.01    0.00    3.68 ^ _174438_/A (XNOR2_X2)
     2    3.30    0.02    0.04    3.72 ^ _174438_/ZN (XNOR2_X2)
                                         _084673_ (net)
                  0.02    0.00    3.72 ^ _174441_/A1 (NAND2_X1)
     1    3.23    0.01    0.02    3.74 v _174441_/ZN (NAND2_X1)
                                         _084676_ (net)
                  0.01    0.00    3.74 v _174442_/A2 (OR2_X4)
     2    9.09    0.01    0.05    3.79 v _174442_/ZN (OR2_X4)
                                         _084677_ (net)
                  0.01    0.00    3.79 v _174451_/A1 (NAND3_X4)
     7   15.50    0.02    0.02    3.81 ^ _174451_/ZN (NAND3_X4)
                                         _084686_ (net)
                  0.02    0.00    3.81 ^ _174453_/A1 (NAND2_X4)
     3   18.23    0.01    0.02    3.83 v _174453_/ZN (NAND2_X4)
                                         _084688_ (net)
                  0.01    0.00    3.83 v _174460_/A (BUF_X16)
    10   36.10    0.01    0.03    3.86 v _174460_/Z (BUF_X16)
                                         _084695_ (net)
                  0.01    0.00    3.86 v _174600_/A1 (NAND2_X4)
     1    3.45    0.01    0.01    3.87 ^ _174600_/ZN (NAND2_X4)
                                         _084835_ (net)
                  0.01    0.00    3.87 ^ _174601_/A2 (NAND2_X2)
     2    4.23    0.01    0.01    3.88 v _174601_/ZN (NAND2_X2)
                                         _084836_ (net)
                  0.01    0.00    3.88 v _174602_/A1 (NAND2_X1)
     2    3.31    0.01    0.02    3.90 ^ _174602_/ZN (NAND2_X1)
                                         _084837_ (net)
                  0.01    0.00    3.90 ^ _174603_/A3 (NAND3_X1)
     2    4.23    0.02    0.03    3.93 v _174603_/ZN (NAND3_X1)
                                         _084838_ (net)
                  0.02    0.00    3.93 v _174604_/A1 (NAND2_X1)
     2    5.10    0.02    0.03    3.96 ^ _174604_/ZN (NAND2_X1)
                                         _084839_ (net)
                  0.02    0.00    3.96 ^ _174605_/A2 (NAND2_X2)
     1    6.34    0.01    0.02    3.98 v _174605_/ZN (NAND2_X2)
                                         _084840_ (net)
                  0.01    0.00    3.98 v _174606_/A2 (NOR2_X4)
     5   14.20    0.02    0.04    4.01 ^ _174606_/ZN (NOR2_X4)
                                         _084841_ (net)
                  0.02    0.00    4.01 ^ _174647_/A1 (NAND4_X4)
     3   12.60    0.02    0.03    4.05 v _174647_/ZN (NAND4_X4)
                                         _084882_ (net)
                  0.02    0.00    4.05 v _174659_/A1 (NOR2_X4)
     2    5.21    0.01    0.03    4.07 ^ _174659_/ZN (NOR2_X4)
                                         _084894_ (net)
                  0.01    0.00    4.07 ^ _174666_/A1 (NAND3_X2)
     3    9.24    0.02    0.03    4.10 v _174666_/ZN (NAND3_X2)
                                         _084901_ (net)
                  0.02    0.00    4.10 v _174669_/A1 (NOR2_X4)
     2    8.07    0.02    0.03    4.13 ^ _174669_/ZN (NOR2_X4)
                                         _084904_ (net)
                  0.02    0.00    4.13 ^ _174672_/B1 (AOI21_X4)
     3   16.76    0.01    0.02    4.15 v _174672_/ZN (AOI21_X4)
                                         _084907_ (net)
                  0.01    0.00    4.15 v _174690_/A (BUF_X16)
    10   45.00    0.01    0.03    4.18 v _174690_/Z (BUF_X16)
                                         _084924_ (net)
                  0.01    0.00    4.18 v _174729_/A1 (NAND3_X2)
     1    0.00    0.01    0.01    4.19 ^ _174729_/ZN (NAND3_X2)
                                         cvt_blk_o[204] (net)
                  0.01    0.00    4.19 ^ cvt_blk_o[204] (out)
                                  4.19   data arrival time

                  0.00    4.00    4.00   clock core_clock (rise edge)
                          0.00    4.00   clock network delay (ideal)
                          0.00    4.00   clock reconvergence pessimism
                         -0.80    3.20   output external delay
                                  3.20   data required time
-----------------------------------------------------------------------------
                                  3.20   data required time
                                 -4.19   data arrival time
-----------------------------------------------------------------------------
                                 -0.99   slack (VIOLATED)



==========================================================================
Post synthesis report_power
--------------------------------------------------------------------------
Group                  Internal  Switching    Leakage      Total
                          Power      Power      Power      Power (Watts)
----------------------------------------------------------------
Sequential             1.18e-02   6.20e-04   3.41e-04   1.28e-02   0.8%
Combinational          7.37e-01   8.04e-01   2.28e-03   1.54e+00  99.2%
Clock                  0.00e+00   0.00e+00   0.00e+00   0.00e+00   0.0%
Macro                  0.00e+00   0.00e+00   0.00e+00   0.00e+00   0.0%
Pad                    0.00e+00   0.00e+00   0.00e+00   0.00e+00   0.0%
----------------------------------------------------------------
Total                  7.49e-01   8.04e-01   2.62e-03   1.56e+00 100.0%
                          48.1%      51.7%       0.2%
