
==========================================================================
Post synthesis report_tns
--------------------------------------------------------------------------
tns 0.00

==========================================================================
Post synthesis report_wns
--------------------------------------------------------------------------
wns 0.00

==========================================================================
Post synthesis report_worst_slack
--------------------------------------------------------------------------
worst slack 0.68

==========================================================================
Post synthesis report_checks -path_delay min
--------------------------------------------------------------------------
Startpoint: u_pcu.g_pe[0].u_pe.s1_product_q[3][21]$_SDFF_PN0_
            (rising edge-triggered flip-flop clocked by core_clock)
Endpoint: u_pcu.g_pe[0].u_pe.s2_sum_q[26]$_SDFF_PN0_
          (rising edge-triggered flip-flop clocked by core_clock)
Path Group: core_clock
Path Type: min

Fanout     Cap    Slew   Delay    Time   Description
-----------------------------------------------------------------------------
                  0.00    0.00    0.00   clock core_clock (rise edge)
                          0.00    0.00   clock network delay (ideal)
                  0.00    0.00    0.00 ^ u_pcu.g_pe[0].u_pe.s1_product_q[3][21]$_SDFF_PN0_/CK (DFF_X1)
     3    4.92    0.02    0.07    0.07 ^ u_pcu.g_pe[0].u_pe.s1_product_q[3][21]$_SDFF_PN0_/QN (DFF_X1)
                                         _000016_ (net)
                  0.02    0.00    0.07 ^ _071897_/B1 (AOI21_X1)
     1    1.06    0.01    0.01    0.09 v _071897_/ZN (AOI21_X1)
                                         _000280_ (net)
                  0.01    0.00    0.09 v u_pcu.g_pe[0].u_pe.s2_sum_q[26]$_SDFF_PN0_/D (DFF_X1)
                                  0.09   data arrival time

                  0.00    0.00    0.00   clock core_clock (rise edge)
                          0.00    0.00   clock network delay (ideal)
                          0.00    0.00   clock reconvergence pessimism
                                  0.00 ^ u_pcu.g_pe[0].u_pe.s2_sum_q[26]$_SDFF_PN0_/CK (DFF_X1)
                          0.00    0.00   library hold time
                                  0.00   data required time
-----------------------------------------------------------------------------
                                  0.00   data required time
                                 -0.09   data arrival time
-----------------------------------------------------------------------------
                                  0.08   slack (MET)



==========================================================================
Post synthesis report_checks -path_delay max
--------------------------------------------------------------------------
Startpoint: i_act[59] (input port clocked by core_clock)
Endpoint: u_pcu.g_pe[0].u_pe.s0_act_q[3][13]$_SDFF_PN0_
          (rising edge-triggered flip-flop clocked by core_clock)
Path Group: core_clock
Path Type: max

Fanout     Cap    Slew   Delay    Time   Description
-----------------------------------------------------------------------------
                  0.00    0.00    0.00   clock core_clock (rise edge)
                          0.00    0.00   clock network delay (ideal)
                          0.40    0.40 ^ input external delay
     1    1.78    0.00    0.00    0.40 ^ i_act[59] (in)
                                         i_act[59] (net)
                  0.00    0.00    0.40 ^ _067917_/A (BUF_X2)
     5    8.35    0.01    0.02    0.42 ^ _067917_/Z (BUF_X2)
                                         _004224_ (net)
                  0.01    0.00    0.42 ^ _067935_/A2 (NAND2_X1)
     2    4.25    0.01    0.02    0.44 v _067935_/ZN (NAND2_X1)
                                         _004242_ (net)
                  0.01    0.00    0.44 v _067944_/A1 (NOR2_X2)
     2    3.19    0.02    0.02    0.47 ^ _067944_/ZN (NOR2_X2)
                                         _004251_ (net)
                  0.02    0.00    0.47 ^ _067946_/A1 (NAND2_X1)
     2    7.20    0.02    0.03    0.49 v _067946_/ZN (NAND2_X1)
                                         _004253_ (net)
                  0.02    0.00    0.49 v _067948_/A1 (NAND2_X4)
     4   10.26    0.01    0.02    0.51 ^ _067948_/ZN (NAND2_X4)
                                         _004255_ (net)
                  0.01    0.00    0.51 ^ _067950_/A1 (NAND2_X1)
     2    4.20    0.01    0.02    0.53 v _067950_/ZN (NAND2_X1)
                                         _004257_ (net)
                  0.01    0.00    0.53 v _067956_/A1 (NOR2_X2)
     1    6.20    0.02    0.03    0.56 ^ _067956_/ZN (NOR2_X2)
                                         _004263_ (net)
                  0.02    0.00    0.56 ^ _067957_/A2 (NAND2_X4)
     5   12.16    0.01    0.02    0.58 v _067957_/ZN (NAND2_X4)
                                         _004264_ (net)
                  0.01    0.00    0.58 v _067958_/A1 (NAND2_X2)
     2    4.65    0.01    0.02    0.60 ^ _067958_/ZN (NAND2_X2)
                                         _004265_ (net)
                  0.01    0.00    0.60 ^ _067959_/A1 (NAND2_X2)
     3   11.78    0.02    0.02    0.62 v _067959_/ZN (NAND2_X2)
                                         _004266_ (net)
                  0.02    0.00    0.62 v _067961_/A1 (NAND2_X2)
     3   10.14    0.02    0.03    0.65 ^ _067961_/ZN (NAND2_X2)
                                         _004268_ (net)
                  0.02    0.00    0.65 ^ _068073_/A1 (NOR2_X4)
     2    4.44    0.01    0.01    0.66 v _068073_/ZN (NOR2_X4)
                                         _004380_ (net)
                  0.01    0.00    0.66 v _068074_/B2 (AOI21_X2)
     1    2.98    0.02    0.03    0.69 ^ _068074_/ZN (AOI21_X2)
                                         _004381_ (net)
                  0.02    0.00    0.69 ^ _068076_/A1 (NAND3_X2)
     6   13.41    0.02    0.04    0.73 v _068076_/ZN (NAND3_X2)
                                         _004383_ (net)
                  0.02    0.00    0.73 v _068098_/A1 (NAND2_X2)
     5   13.63    0.02    0.03    0.76 ^ _068098_/ZN (NAND2_X2)
                                         _004405_ (net)
                  0.02    0.00    0.76 ^ _068100_/A1 (NOR2_X4)
     8   19.60    0.02    0.02    0.78 v _068100_/ZN (NOR2_X4)
                                         _004407_ (net)
                  0.02    0.00    0.78 v _068114_/A (INV_X4)
     7   16.52    0.01    0.02    0.80 ^ _068114_/ZN (INV_X4)
                                         _004421_ (net)
                  0.01    0.00    0.80 ^ _068115_/A2 (NAND2_X2)
     2    3.06    0.01    0.01    0.81 v _068115_/ZN (NAND2_X2)
                                         _004422_ (net)
                  0.01    0.00    0.81 v _068117_/A1 (NAND2_X1)
     1    1.62    0.01    0.02    0.83 ^ _068117_/ZN (NAND2_X1)
                                         _004424_ (net)
                  0.01    0.00    0.83 ^ _068118_/A2 (NAND3_X1)
     1    3.18    0.01    0.02    0.85 v _068118_/ZN (NAND3_X1)
                                         _004425_ (net)
                  0.01    0.00    0.85 v _068119_/A2 (NOR2_X2)
     3    7.48    0.02    0.04    0.90 ^ _068119_/ZN (NOR2_X2)
                                         _004426_ (net)
                  0.02    0.00    0.90 ^ _068148_/A1 (NAND3_X2)
     2    8.29    0.02    0.03    0.93 v _068148_/ZN (NAND3_X2)
                                         _004455_ (net)
                  0.02    0.00    0.93 v _068157_/A1 (NOR2_X2)
     3    4.77    0.02    0.03    0.96 ^ _068157_/ZN (NOR2_X2)
                                         _004464_ (net)
                  0.02    0.00    0.96 ^ _068190_/A1 (NAND3_X1)
     1    1.50    0.01    0.02    0.98 v _068190_/ZN (NAND3_X1)
                                         _004497_ (net)
                  0.01    0.00    0.98 v _068191_/A2 (NAND2_X1)
     1    3.29    0.01    0.02    1.00 ^ _068191_/ZN (NAND2_X1)
                                         _004498_ (net)
                  0.01    0.00    1.00 ^ _068195_/A1 (NOR2_X2)
     2    7.14    0.01    0.01    1.01 v _068195_/ZN (NOR2_X2)
                                         _004502_ (net)
                  0.01    0.00    1.01 v _068196_/A2 (NAND2_X1)
     3    6.16    0.02    0.03    1.04 ^ _068196_/ZN (NAND2_X1)
                                         _004503_ (net)
                  0.02    0.00    1.04 ^ _068288_/A1 (NAND3_X2)
     4    7.50    0.02    0.03    1.07 v _068288_/ZN (NAND3_X2)
                                         _004594_ (net)
                  0.02    0.00    1.07 v _068326_/A1 (NOR2_X1)
     1    1.60    0.02    0.03    1.09 ^ _068326_/ZN (NOR2_X1)
                                         _004632_ (net)
                  0.02    0.00    1.09 ^ _068336_/A1 (NAND2_X1)
     1    2.93    0.01    0.02    1.11 v _068336_/ZN (NAND2_X1)
                                         _004642_ (net)
                  0.01    0.00    1.11 v _068339_/A1 (NAND3_X2)
     4    7.89    0.02    0.02    1.13 ^ _068339_/ZN (NAND3_X2)
                                         _004645_ (net)
                  0.02    0.00    1.13 ^ _068383_/A1 (NAND2_X2)
     2    8.29    0.01    0.02    1.15 v _068383_/ZN (NAND2_X2)
                                         _004688_ (net)
                  0.01    0.00    1.15 v _068385_/A1 (NOR2_X2)
     2    4.88    0.02    0.03    1.18 ^ _068385_/ZN (NOR2_X2)
                                         _004690_ (net)
                  0.02    0.00    1.18 ^ _068413_/A1 (NAND3_X1)
     1    2.70    0.01    0.02    1.21 v _068413_/ZN (NAND3_X1)
                                         _004716_ (net)
                  0.01    0.00    1.21 v _068415_/B1 (OAI21_X2)
     2    2.58    0.02    0.03    1.23 ^ _068415_/ZN (OAI21_X2)
                                         _004718_ (net)
                  0.02    0.00    1.23 ^ _068418_/A1 (AND2_X1)
     1    3.35    0.01    0.04    1.27 ^ _068418_/ZN (AND2_X1)
                                         _004721_ (net)
                  0.01    0.00    1.27 ^ _068419_/A2 (NOR2_X2)
     1    1.06    0.01    0.01    1.28 v _068419_/ZN (NOR2_X2)
                                         _000119_ (net)
                  0.01    0.00    1.28 v u_pcu.g_pe[0].u_pe.s0_act_q[3][13]$_SDFF_PN0_/D (DFF_X1)
                                  1.28   data arrival time

                  0.00    2.00    2.00   clock core_clock (rise edge)
                          0.00    2.00   clock network delay (ideal)
                          0.00    2.00   clock reconvergence pessimism
                                  2.00 ^ u_pcu.g_pe[0].u_pe.s0_act_q[3][13]$_SDFF_PN0_/CK (DFF_X1)
                         -0.04    1.96   library setup time
                                  1.96   data required time
-----------------------------------------------------------------------------
                                  1.96   data required time
                                 -1.28   data arrival time
-----------------------------------------------------------------------------
                                  0.68   slack (MET)



==========================================================================
Post synthesis report_checks -unconstrained
--------------------------------------------------------------------------
Startpoint: i_act[59] (input port clocked by core_clock)
Endpoint: u_pcu.g_pe[0].u_pe.s0_act_q[3][13]$_SDFF_PN0_
          (rising edge-triggered flip-flop clocked by core_clock)
Path Group: core_clock
Path Type: max

Fanout     Cap    Slew   Delay    Time   Description
-----------------------------------------------------------------------------
                  0.00    0.00    0.00   clock core_clock (rise edge)
                          0.00    0.00   clock network delay (ideal)
                          0.40    0.40 ^ input external delay
     1    1.78    0.00    0.00    0.40 ^ i_act[59] (in)
                                         i_act[59] (net)
                  0.00    0.00    0.40 ^ _067917_/A (BUF_X2)
     5    8.35    0.01    0.02    0.42 ^ _067917_/Z (BUF_X2)
                                         _004224_ (net)
                  0.01    0.00    0.42 ^ _067935_/A2 (NAND2_X1)
     2    4.25    0.01    0.02    0.44 v _067935_/ZN (NAND2_X1)
                                         _004242_ (net)
                  0.01    0.00    0.44 v _067944_/A1 (NOR2_X2)
     2    3.19    0.02    0.02    0.47 ^ _067944_/ZN (NOR2_X2)
                                         _004251_ (net)
                  0.02    0.00    0.47 ^ _067946_/A1 (NAND2_X1)
     2    7.20    0.02    0.03    0.49 v _067946_/ZN (NAND2_X1)
                                         _004253_ (net)
                  0.02    0.00    0.49 v _067948_/A1 (NAND2_X4)
     4   10.26    0.01    0.02    0.51 ^ _067948_/ZN (NAND2_X4)
                                         _004255_ (net)
                  0.01    0.00    0.51 ^ _067950_/A1 (NAND2_X1)
     2    4.20    0.01    0.02    0.53 v _067950_/ZN (NAND2_X1)
                                         _004257_ (net)
                  0.01    0.00    0.53 v _067956_/A1 (NOR2_X2)
     1    6.20    0.02    0.03    0.56 ^ _067956_/ZN (NOR2_X2)
                                         _004263_ (net)
                  0.02    0.00    0.56 ^ _067957_/A2 (NAND2_X4)
     5   12.16    0.01    0.02    0.58 v _067957_/ZN (NAND2_X4)
                                         _004264_ (net)
                  0.01    0.00    0.58 v _067958_/A1 (NAND2_X2)
     2    4.65    0.01    0.02    0.60 ^ _067958_/ZN (NAND2_X2)
                                         _004265_ (net)
                  0.01    0.00    0.60 ^ _067959_/A1 (NAND2_X2)
     3   11.78    0.02    0.02    0.62 v _067959_/ZN (NAND2_X2)
                                         _004266_ (net)
                  0.02    0.00    0.62 v _067961_/A1 (NAND2_X2)
     3   10.14    0.02    0.03    0.65 ^ _067961_/ZN (NAND2_X2)
                                         _004268_ (net)
                  0.02    0.00    0.65 ^ _068073_/A1 (NOR2_X4)
     2    4.44    0.01    0.01    0.66 v _068073_/ZN (NOR2_X4)
                                         _004380_ (net)
                  0.01    0.00    0.66 v _068074_/B2 (AOI21_X2)
     1    2.98    0.02    0.03    0.69 ^ _068074_/ZN (AOI21_X2)
                                         _004381_ (net)
                  0.02    0.00    0.69 ^ _068076_/A1 (NAND3_X2)
     6   13.41    0.02    0.04    0.73 v _068076_/ZN (NAND3_X2)
                                         _004383_ (net)
                  0.02    0.00    0.73 v _068098_/A1 (NAND2_X2)
     5   13.63    0.02    0.03    0.76 ^ _068098_/ZN (NAND2_X2)
                                         _004405_ (net)
                  0.02    0.00    0.76 ^ _068100_/A1 (NOR2_X4)
     8   19.60    0.02    0.02    0.78 v _068100_/ZN (NOR2_X4)
                                         _004407_ (net)
                  0.02    0.00    0.78 v _068114_/A (INV_X4)
     7   16.52    0.01    0.02    0.80 ^ _068114_/ZN (INV_X4)
                                         _004421_ (net)
                  0.01    0.00    0.80 ^ _068115_/A2 (NAND2_X2)
     2    3.06    0.01    0.01    0.81 v _068115_/ZN (NAND2_X2)
                                         _004422_ (net)
                  0.01    0.00    0.81 v _068117_/A1 (NAND2_X1)
     1    1.62    0.01    0.02    0.83 ^ _068117_/ZN (NAND2_X1)
                                         _004424_ (net)
                  0.01    0.00    0.83 ^ _068118_/A2 (NAND3_X1)
     1    3.18    0.01    0.02    0.85 v _068118_/ZN (NAND3_X1)
                                         _004425_ (net)
                  0.01    0.00    0.85 v _068119_/A2 (NOR2_X2)
     3    7.48    0.02    0.04    0.90 ^ _068119_/ZN (NOR2_X2)
                                         _004426_ (net)
                  0.02    0.00    0.90 ^ _068148_/A1 (NAND3_X2)
     2    8.29    0.02    0.03    0.93 v _068148_/ZN (NAND3_X2)
                                         _004455_ (net)
                  0.02    0.00    0.93 v _068157_/A1 (NOR2_X2)
     3    4.77    0.02    0.03    0.96 ^ _068157_/ZN (NOR2_X2)
                                         _004464_ (net)
                  0.02    0.00    0.96 ^ _068190_/A1 (NAND3_X1)
     1    1.50    0.01    0.02    0.98 v _068190_/ZN (NAND3_X1)
                                         _004497_ (net)
                  0.01    0.00    0.98 v _068191_/A2 (NAND2_X1)
     1    3.29    0.01    0.02    1.00 ^ _068191_/ZN (NAND2_X1)
                                         _004498_ (net)
                  0.01    0.00    1.00 ^ _068195_/A1 (NOR2_X2)
     2    7.14    0.01    0.01    1.01 v _068195_/ZN (NOR2_X2)
                                         _004502_ (net)
                  0.01    0.00    1.01 v _068196_/A2 (NAND2_X1)
     3    6.16    0.02    0.03    1.04 ^ _068196_/ZN (NAND2_X1)
                                         _004503_ (net)
                  0.02    0.00    1.04 ^ _068288_/A1 (NAND3_X2)
     4    7.50    0.02    0.03    1.07 v _068288_/ZN (NAND3_X2)
                                         _004594_ (net)
                  0.02    0.00    1.07 v _068326_/A1 (NOR2_X1)
     1    1.60    0.02    0.03    1.09 ^ _068326_/ZN (NOR2_X1)
                                         _004632_ (net)
                  0.02    0.00    1.09 ^ _068336_/A1 (NAND2_X1)
     1    2.93    0.01    0.02    1.11 v _068336_/ZN (NAND2_X1)
                                         _004642_ (net)
                  0.01    0.00    1.11 v _068339_/A1 (NAND3_X2)
     4    7.89    0.02    0.02    1.13 ^ _068339_/ZN (NAND3_X2)
                                         _004645_ (net)
                  0.02    0.00    1.13 ^ _068383_/A1 (NAND2_X2)
     2    8.29    0.01    0.02    1.15 v _068383_/ZN (NAND2_X2)
                                         _004688_ (net)
                  0.01    0.00    1.15 v _068385_/A1 (NOR2_X2)
     2    4.88    0.02    0.03    1.18 ^ _068385_/ZN (NOR2_X2)
                                         _004690_ (net)
                  0.02    0.00    1.18 ^ _068413_/A1 (NAND3_X1)
     1    2.70    0.01    0.02    1.21 v _068413_/ZN (NAND3_X1)
                                         _004716_ (net)
                  0.01    0.00    1.21 v _068415_/B1 (OAI21_X2)
     2    2.58    0.02    0.03    1.23 ^ _068415_/ZN (OAI21_X2)
                                         _004718_ (net)
                  0.02    0.00    1.23 ^ _068418_/A1 (AND2_X1)
     1    3.35    0.01    0.04    1.27 ^ _068418_/ZN (AND2_X1)
                                         _004721_ (net)
                  0.01    0.00    1.27 ^ _068419_/A2 (NOR2_X2)
     1    1.06    0.01    0.01    1.28 v _068419_/ZN (NOR2_X2)
                                         _000119_ (net)
                  0.01    0.00    1.28 v u_pcu.g_pe[0].u_pe.s0_act_q[3][13]$_SDFF_PN0_/D (DFF_X1)
                                  1.28   data arrival time

                  0.00    2.00    2.00   clock core_clock (rise edge)
                          0.00    2.00   clock network delay (ideal)
                          0.00    2.00   clock reconvergence pessimism
                                  2.00 ^ u_pcu.g_pe[0].u_pe.s0_act_q[3][13]$_SDFF_PN0_/CK (DFF_X1)
                         -0.04    1.96   library setup time
                                  1.96   data required time
-----------------------------------------------------------------------------
                                  1.96   data required time
                                 -1.28   data arrival time
-----------------------------------------------------------------------------
                                  0.68   slack (MET)



==========================================================================
Post synthesis report_power
--------------------------------------------------------------------------
Group                  Internal  Switching    Leakage      Total
                          Power      Power      Power      Power (Watts)
----------------------------------------------------------------
Sequential             1.40e-02   1.03e-03   2.37e-04   1.53e-02  26.8%
Combinational          1.97e-02   2.07e-02   1.43e-03   4.18e-02  73.2%
Clock                  0.00e+00   0.00e+00   0.00e+00   0.00e+00   0.0%
Macro                  0.00e+00   0.00e+00   0.00e+00   0.00e+00   0.0%
Pad                    0.00e+00   0.00e+00   0.00e+00   0.00e+00   0.0%
----------------------------------------------------------------
Total                  3.37e-02   2.17e-02   1.67e-03   5.71e-02 100.0%
                          59.1%      38.0%       2.9%
