
==========================================================================
Post synthesis report_tns
--------------------------------------------------------------------------
tns 0.00

==========================================================================
Post synthesis report_wns
--------------------------------------------------------------------------
wns 0.00

==========================================================================
Post synthesis report_worst_slack
--------------------------------------------------------------------------
worst slack 2.49

==========================================================================
Post synthesis report_checks -path_delay min
--------------------------------------------------------------------------
Startpoint: u_hscale.h_valid_q$_SDFFE_PN0P_
            (rising edge-triggered flip-flop clocked by core_clock)
Endpoint: h_loaded_o$_SDFF_PN0_
          (rising edge-triggered flip-flop clocked by core_clock)
Path Group: core_clock
Path Type: min

Fanout     Cap    Slew   Delay    Time   Description
-----------------------------------------------------------------------------
                  0.00    0.00    0.00   clock core_clock (rise edge)
                          0.00    0.00   clock network delay (ideal)
                  0.00    0.00    0.00 ^ u_hscale.h_valid_q$_SDFFE_PN0P_/CK (DFF_X1)
     1    1.50    0.01    0.08    0.08 v u_hscale.h_valid_q$_SDFFE_PN0P_/Q (DFF_X1)
                                         loaded_w (net)
                  0.01    0.00    0.08 v _17775_/A2 (NAND2_X1)
     2    3.37    0.01    0.02    0.10 ^ _17775_/ZN (NAND2_X1)
                                         _09124_ (net)
                  0.01    0.00    0.10 ^ _17776_/A (INV_X1)
     1    1.06    0.00    0.01    0.10 v _17776_/ZN (INV_X1)
                                         _00160_ (net)
                  0.00    0.00    0.10 v h_loaded_o$_SDFF_PN0_/D (DFF_X1)
                                  0.10   data arrival time

                  0.00    0.00    0.00   clock core_clock (rise edge)
                          0.00    0.00   clock network delay (ideal)
                          0.00    0.00   clock reconvergence pessimism
                                  0.00 ^ h_loaded_o$_SDFF_PN0_/CK (DFF_X1)
                          0.00    0.00   library hold time
                                  0.00   data required time
-----------------------------------------------------------------------------
                                  0.00   data required time
                                 -0.10   data arrival time
-----------------------------------------------------------------------------
                                  0.10   slack (MET)



==========================================================================
Post synthesis report_checks -path_delay max
--------------------------------------------------------------------------
Startpoint: path_q$_SDFF_PN0_
            (rising edge-triggered flip-flop clocked by core_clock)
Endpoint: h_ovf_o$_SDFF_PN0_
          (rising edge-triggered flip-flop clocked by core_clock)
Path Group: core_clock
Path Type: max

Fanout     Cap    Slew   Delay    Time   Description
-----------------------------------------------------------------------------
                  0.00    0.00    0.00   clock core_clock (rise edge)
                          0.00    0.00   clock network delay (ideal)
                  0.00    0.00    0.00 ^ path_q$_SDFF_PN0_/CK (DFF_X1)
     1   12.41    0.03    0.11    0.11 ^ path_q$_SDFF_PN0_/Q (DFF_X1)
                                         path_q (net)
                  0.03    0.00    0.11 ^ _17777_/A (BUF_X16)
     6  117.56    0.02    0.04    0.15 ^ _17777_/Z (BUF_X16)
                                         _09125_ (net)
                  0.02    0.00    0.15 ^ _17778_/A (BUF_X32)
    10   83.62    0.01    0.03    0.18 ^ _17778_/Z (BUF_X32)
                                         _09126_ (net)
                  0.01    0.00    0.18 ^ _17804_/A (BUF_X32)
    10   64.79    0.01    0.02    0.20 ^ _17804_/Z (BUF_X32)
                                         _09152_ (net)
                  0.01    0.00    0.20 ^ _17805_/A (BUF_X32)
    10   63.90    0.01    0.02    0.22 ^ _17805_/Z (BUF_X32)
                                         _09153_ (net)
                  0.01    0.00    0.22 ^ _17806_/A (BUF_X32)
    10   33.76    0.01    0.02    0.24 ^ _17806_/Z (BUF_X32)
                                         _09154_ (net)
                  0.01    0.00    0.24 ^ _17905_/S (MUX2_X1)
     4    6.62    0.02    0.07    0.31 v _17905_/Z (MUX2_X1)
                                         _09253_ (net)
                  0.02    0.00    0.31 v _27102_/A1 (NOR2_X2)
     1    3.05    0.02    0.03    0.34 ^ _27102_/ZN (NOR2_X2)
                                         _02224_ (net)
                  0.02    0.00    0.34 ^ _27104_/A1 (NAND2_X2)
     2    7.34    0.01    0.02    0.36 v _27104_/ZN (NAND2_X2)
                                         _02226_ (net)
                  0.01    0.00    0.36 v _27126_/A (BUF_X8)
    10   18.85    0.01    0.03    0.38 v _27126_/Z (BUF_X8)
                                         _02248_ (net)
                  0.01    0.00    0.38 v _27211_/A1 (NAND2_X2)
     3    5.01    0.01    0.02    0.40 ^ _27211_/ZN (NAND2_X2)
                                         _02333_ (net)
                  0.01    0.00    0.40 ^ _27212_/A (INV_X1)
     2    2.99    0.01    0.01    0.41 v _27212_/ZN (INV_X1)
                                         _02334_ (net)
                  0.01    0.00    0.41 v _27231_/A3 (NAND3_X1)
     2    3.26    0.02    0.02    0.43 ^ _27231_/ZN (NAND3_X1)
                                         _02353_ (net)
                  0.02    0.00    0.43 ^ _27295_/A1 (NAND2_X1)
     2    7.16    0.02    0.03    0.46 v _27295_/ZN (NAND2_X1)
                                         _02417_ (net)
                  0.02    0.00    0.46 v _27297_/A (INV_X1)
     1    3.05    0.01    0.02    0.48 ^ _27297_/ZN (INV_X1)
                                         _02419_ (net)
                  0.01    0.00    0.48 ^ _27298_/A1 (NAND2_X2)
     2    7.14    0.01    0.02    0.50 v _27298_/ZN (NAND2_X2)
                                         _02420_ (net)
                  0.01    0.00    0.50 v _27351_/A1 (NAND2_X1)
     1    1.60    0.01    0.01    0.51 ^ _27351_/ZN (NAND2_X1)
                                         _02473_ (net)
                  0.01    0.00    0.51 ^ _27352_/A1 (NAND2_X1)
     2    3.08    0.01    0.02    0.53 v _27352_/ZN (NAND2_X1)
                                         _02474_ (net)
                  0.01    0.00    0.53 v _27392_/A (AOI21_X1)
     1    1.60    0.02    0.04    0.56 ^ _27392_/ZN (AOI21_X1)
                                         _02514_ (net)
                  0.02    0.00    0.56 ^ _27394_/A1 (NAND2_X1)
     2    5.33    0.01    0.02    0.59 v _27394_/ZN (NAND2_X1)
                                         _02516_ (net)
                  0.01    0.00    0.59 v _27448_/A1 (NAND2_X1)
     2    3.19    0.01    0.02    0.61 ^ _27448_/ZN (NAND2_X1)
                                         _02570_ (net)
                  0.01    0.00    0.61 ^ _27452_/A1 (NAND2_X1)
     1    1.53    0.01    0.01    0.62 v _27452_/ZN (NAND2_X1)
                                         _02574_ (net)
                  0.01    0.00    0.62 v _27459_/A1 (NAND2_X1)
     1    3.05    0.01    0.02    0.64 ^ _27459_/ZN (NAND2_X1)
                                         _02581_ (net)
                  0.01    0.00    0.64 ^ _27461_/A1 (NAND2_X2)
     4    7.72    0.01    0.02    0.66 v _27461_/ZN (NAND2_X2)
                                         _02583_ (net)
                  0.01    0.00    0.66 v _27462_/A2 (NAND2_X2)
     2    8.47    0.02    0.02    0.68 ^ _27462_/ZN (NAND2_X2)
                                         _02584_ (net)
                  0.02    0.00    0.68 ^ _27512_/A (INV_X1)
     2    3.04    0.01    0.01    0.69 v _27512_/ZN (INV_X1)
                                         _02634_ (net)
                  0.01    0.00    0.69 v _27513_/A2 (NAND2_X1)
     1    3.05    0.01    0.02    0.71 ^ _27513_/ZN (NAND2_X1)
                                         _02635_ (net)
                  0.01    0.00    0.71 ^ _27514_/A1 (NAND2_X2)
     4    7.53    0.01    0.02    0.73 v _27514_/ZN (NAND2_X2)
                                         _02636_ (net)
                  0.01    0.00    0.73 v _27515_/A (INV_X2)
     2    7.58    0.01    0.02    0.75 ^ _27515_/ZN (INV_X2)
                                         _02637_ (net)
                  0.01    0.00    0.75 ^ _27518_/A1 (NAND2_X4)
     4   12.03    0.01    0.02    0.77 v _27518_/ZN (NAND2_X4)
                                         _02640_ (net)
                  0.01    0.00    0.77 v _27540_/A1 (NAND2_X2)
     2    8.78    0.02    0.02    0.79 ^ _27540_/ZN (NAND2_X2)
                                         _02662_ (net)
                  0.02    0.00    0.79 ^ _27541_/A2 (NAND2_X4)
     3    9.47    0.01    0.02    0.81 v _27541_/ZN (NAND2_X4)
                                         _02663_ (net)
                  0.01    0.00    0.81 v _27543_/B1 (OAI21_X4)
     3    5.43    0.02    0.03    0.83 ^ _27543_/ZN (OAI21_X4)
                                         _02665_ (net)
                  0.02    0.00    0.83 ^ _27608_/A (XNOR2_X1)
     3    4.94    0.03    0.05    0.88 ^ _27608_/ZN (XNOR2_X1)
                                         _02730_ (net)
                  0.03    0.00    0.88 ^ _27614_/A1 (NAND3_X1)
     1    6.46    0.02    0.04    0.92 v _27614_/ZN (NAND3_X1)
                                         _02736_ (net)
                  0.02    0.00    0.92 v _27615_/B2 (OAI21_X4)
     4   12.18    0.03    0.04    0.97 ^ _27615_/ZN (OAI21_X4)
                                         _02737_ (net)
                  0.03    0.00    0.97 ^ _27639_/A (BUF_X8)
    10   27.23    0.01    0.03    1.00 ^ _27639_/Z (BUF_X8)
                                         _02761_ (net)
                  0.01    0.00    1.00 ^ _27649_/A1 (NAND2_X4)
     2    7.26    0.01    0.01    1.01 v _27649_/ZN (NAND2_X4)
                                         _02771_ (net)
                  0.01    0.00    1.01 v _27651_/A1 (NAND2_X4)
     3    9.91    0.01    0.02    1.03 ^ _27651_/ZN (NAND2_X4)
                                         _02773_ (net)
                  0.01    0.00    1.03 ^ _27659_/A (BUF_X8)
    10   26.80    0.01    0.03    1.05 ^ _27659_/Z (BUF_X8)
                                         _02781_ (net)
                  0.01    0.00    1.05 ^ _27735_/A (BUF_X16)
    10   25.22    0.01    0.02    1.08 ^ _27735_/Z (BUF_X16)
                                         _02857_ (net)
                  0.01    0.00    1.08 ^ _27786_/A1 (NAND2_X4)
     2    4.26    0.01    0.01    1.09 v _27786_/ZN (NAND2_X4)
                                         _02908_ (net)
                  0.01    0.00    1.09 v _27794_/A1 (NAND2_X1)
     1    1.60    0.01    0.01    1.10 ^ _27794_/ZN (NAND2_X1)
                                         _02916_ (net)
                  0.01    0.00    1.10 ^ _27795_/A1 (NAND2_X1)
     1    1.53    0.01    0.01    1.11 v _27795_/ZN (NAND2_X1)
                                         _02917_ (net)
                  0.01    0.00    1.11 v _27797_/A1 (NAND2_X1)
     2    3.31    0.01    0.02    1.13 ^ _27797_/ZN (NAND2_X1)
                                         _02919_ (net)
                  0.01    0.00    1.13 ^ _27852_/B1 (OAI21_X1)
     1    1.56    0.01    0.01    1.14 v _27852_/ZN (OAI21_X1)
                                         _02974_ (net)
                  0.01    0.00    1.14 v _27853_/A2 (NOR2_X1)
     2    3.30    0.02    0.04    1.18 ^ _27853_/ZN (NOR2_X1)
                                         _02975_ (net)
                  0.02    0.00    1.18 ^ _27856_/A1 (NAND2_X1)
     1    6.34    0.02    0.03    1.21 v _27856_/ZN (NAND2_X1)
                                         _02978_ (net)
                  0.02    0.00    1.21 v _27857_/A2 (NOR2_X4)
     2   13.25    0.02    0.04    1.25 ^ _27857_/ZN (NOR2_X4)
                                         _02979_ (net)
                  0.02    0.00    1.25 ^ _27864_/A3 (NAND3_X4)
     3    9.26    0.01    0.03    1.27 v _27864_/ZN (NAND3_X4)
                                         _02986_ (net)
                  0.01    0.00    1.27 v _27865_/A1 (NOR2_X4)
     4    6.40    0.02    0.02    1.30 ^ _27865_/ZN (NOR2_X4)
                                         _02987_ (net)
                  0.02    0.00    1.30 ^ _27880_/A1 (NAND3_X1)
     1    1.50    0.01    0.02    1.31 v _27880_/ZN (NAND3_X1)
                                         _03002_ (net)
                  0.01    0.00    1.31 v _27881_/A2 (NAND2_X1)
     2    5.20    0.02    0.03    1.34 ^ _27881_/ZN (NAND2_X1)
                                         _03003_ (net)
                  0.02    0.00    1.34 ^ _27885_/A1 (NOR2_X1)
     1    1.50    0.01    0.01    1.35 v _27885_/ZN (NOR2_X1)
                                         _03007_ (net)
                  0.01    0.00    1.35 v _27886_/A2 (NAND2_X1)
     1    3.05    0.01    0.02    1.37 ^ _27886_/ZN (NAND2_X1)
                                         _03008_ (net)
                  0.01    0.00    1.37 ^ _27891_/A1 (NAND2_X2)
     3    8.53    0.01    0.02    1.39 v _27891_/ZN (NAND2_X2)
                                         _03013_ (net)
                  0.01    0.00    1.39 v _27893_/B1 (AOI21_X1)
     1    1.66    0.02    0.03    1.42 ^ _27893_/ZN (AOI21_X1)
                                         _03015_ (net)
                  0.02    0.00    1.42 ^ _27894_/A2 (NAND2_X1)
     1    2.70    0.01    0.02    1.43 v _27894_/ZN (NAND2_X1)
                                         _03016_ (net)
                  0.01    0.00    1.43 v _31260_/A1 (NOR2_X2)
     1    3.48    0.02    0.02    1.46 ^ _31260_/ZN (NOR2_X2)
                                         _06382_ (net)
                  0.02    0.00    1.46 ^ _31261_/B2 (AOI21_X2)
     1    1.06    0.01    0.01    1.47 v _31261_/ZN (AOI21_X2)
                                         _00162_ (net)
                  0.01    0.00    1.47 v h_ovf_o$_SDFF_PN0_/D (DFF_X1)
                                  1.47   data arrival time

                  0.00    4.00    4.00   clock core_clock (rise edge)
                          0.00    4.00   clock network delay (ideal)
                          0.00    4.00   clock reconvergence pessimism
                                  4.00 ^ h_ovf_o$_SDFF_PN0_/CK (DFF_X1)
                         -0.04    3.96   library setup time
                                  3.96   data required time
-----------------------------------------------------------------------------
                                  3.96   data required time
                                 -1.47   data arrival time
-----------------------------------------------------------------------------
                                  2.49   slack (MET)



==========================================================================
Post synthesis report_checks -unconstrained
--------------------------------------------------------------------------
Startpoint: path_q$_SDFF_PN0_
            (rising edge-triggered flip-flop clocked by core_clock)
Endpoint: h_ovf_o$_SDFF_PN0_
          (rising edge-triggered flip-flop clocked by core_clock)
Path Group: core_clock
Path Type: max

Fanout     Cap    Slew   Delay    Time   Description
-----------------------------------------------------------------------------
                  0.00    0.00    0.00   clock core_clock (rise edge)
                          0.00    0.00   clock network delay (ideal)
                  0.00    0.00    0.00 ^ path_q$_SDFF_PN0_/CK (DFF_X1)
     1   12.41    0.03    0.11    0.11 ^ path_q$_SDFF_PN0_/Q (DFF_X1)
                                         path_q (net)
                  0.03    0.00    0.11 ^ _17777_/A (BUF_X16)
     6  117.56    0.02    0.04    0.15 ^ _17777_/Z (BUF_X16)
                                         _09125_ (net)
                  0.02    0.00    0.15 ^ _17778_/A (BUF_X32)
    10   83.62    0.01    0.03    0.18 ^ _17778_/Z (BUF_X32)
                                         _09126_ (net)
                  0.01    0.00    0.18 ^ _17804_/A (BUF_X32)
    10   64.79    0.01    0.02    0.20 ^ _17804_/Z (BUF_X32)
                                         _09152_ (net)
                  0.01    0.00    0.20 ^ _17805_/A (BUF_X32)
    10   63.90    0.01    0.02    0.22 ^ _17805_/Z (BUF_X32)
                                         _09153_ (net)
                  0.01    0.00    0.22 ^ _17806_/A (BUF_X32)
    10   33.76    0.01    0.02    0.24 ^ _17806_/Z (BUF_X32)
                                         _09154_ (net)
                  0.01    0.00    0.24 ^ _17905_/S (MUX2_X1)
     4    6.62    0.02    0.07    0.31 v _17905_/Z (MUX2_X1)
                                         _09253_ (net)
                  0.02    0.00    0.31 v _27102_/A1 (NOR2_X2)
     1    3.05    0.02    0.03    0.34 ^ _27102_/ZN (NOR2_X2)
                                         _02224_ (net)
                  0.02    0.00    0.34 ^ _27104_/A1 (NAND2_X2)
     2    7.34    0.01    0.02    0.36 v _27104_/ZN (NAND2_X2)
                                         _02226_ (net)
                  0.01    0.00    0.36 v _27126_/A (BUF_X8)
    10   18.85    0.01    0.03    0.38 v _27126_/Z (BUF_X8)
                                         _02248_ (net)
                  0.01    0.00    0.38 v _27211_/A1 (NAND2_X2)
     3    5.01    0.01    0.02    0.40 ^ _27211_/ZN (NAND2_X2)
                                         _02333_ (net)
                  0.01    0.00    0.40 ^ _27212_/A (INV_X1)
     2    2.99    0.01    0.01    0.41 v _27212_/ZN (INV_X1)
                                         _02334_ (net)
                  0.01    0.00    0.41 v _27231_/A3 (NAND3_X1)
     2    3.26    0.02    0.02    0.43 ^ _27231_/ZN (NAND3_X1)
                                         _02353_ (net)
                  0.02    0.00    0.43 ^ _27295_/A1 (NAND2_X1)
     2    7.16    0.02    0.03    0.46 v _27295_/ZN (NAND2_X1)
                                         _02417_ (net)
                  0.02    0.00    0.46 v _27297_/A (INV_X1)
     1    3.05    0.01    0.02    0.48 ^ _27297_/ZN (INV_X1)
                                         _02419_ (net)
                  0.01    0.00    0.48 ^ _27298_/A1 (NAND2_X2)
     2    7.14    0.01    0.02    0.50 v _27298_/ZN (NAND2_X2)
                                         _02420_ (net)
                  0.01    0.00    0.50 v _27351_/A1 (NAND2_X1)
     1    1.60    0.01    0.01    0.51 ^ _27351_/ZN (NAND2_X1)
                                         _02473_ (net)
                  0.01    0.00    0.51 ^ _27352_/A1 (NAND2_X1)
     2    3.08    0.01    0.02    0.53 v _27352_/ZN (NAND2_X1)
                                         _02474_ (net)
                  0.01    0.00    0.53 v _27392_/A (AOI21_X1)
     1    1.60    0.02    0.04    0.56 ^ _27392_/ZN (AOI21_X1)
                                         _02514_ (net)
                  0.02    0.00    0.56 ^ _27394_/A1 (NAND2_X1)
     2    5.33    0.01    0.02    0.59 v _27394_/ZN (NAND2_X1)
                                         _02516_ (net)
                  0.01    0.00    0.59 v _27448_/A1 (NAND2_X1)
     2    3.19    0.01    0.02    0.61 ^ _27448_/ZN (NAND2_X1)
                                         _02570_ (net)
                  0.01    0.00    0.61 ^ _27452_/A1 (NAND2_X1)
     1    1.53    0.01    0.01    0.62 v _27452_/ZN (NAND2_X1)
                                         _02574_ (net)
                  0.01    0.00    0.62 v _27459_/A1 (NAND2_X1)
     1    3.05    0.01    0.02    0.64 ^ _27459_/ZN (NAND2_X1)
                                         _02581_ (net)
                  0.01    0.00    0.64 ^ _27461_/A1 (NAND2_X2)
     4    7.72    0.01    0.02    0.66 v _27461_/ZN (NAND2_X2)
                                         _02583_ (net)
                  0.01    0.00    0.66 v _27462_/A2 (NAND2_X2)
     2    8.47    0.02    0.02    0.68 ^ _27462_/ZN (NAND2_X2)
                                         _02584_ (net)
                  0.02    0.00    0.68 ^ _27512_/A (INV_X1)
     2    3.04    0.01    0.01    0.69 v _27512_/ZN (INV_X1)
                                         _02634_ (net)
                  0.01    0.00    0.69 v _27513_/A2 (NAND2_X1)
     1    3.05    0.01    0.02    0.71 ^ _27513_/ZN (NAND2_X1)
                                         _02635_ (net)
                  0.01    0.00    0.71 ^ _27514_/A1 (NAND2_X2)
     4    7.53    0.01    0.02    0.73 v _27514_/ZN (NAND2_X2)
                                         _02636_ (net)
                  0.01    0.00    0.73 v _27515_/A (INV_X2)
     2    7.58    0.01    0.02    0.75 ^ _27515_/ZN (INV_X2)
                                         _02637_ (net)
                  0.01    0.00    0.75 ^ _27518_/A1 (NAND2_X4)
     4   12.03    0.01    0.02    0.77 v _27518_/ZN (NAND2_X4)
                                         _02640_ (net)
                  0.01    0.00    0.77 v _27540_/A1 (NAND2_X2)
     2    8.78    0.02    0.02    0.79 ^ _27540_/ZN (NAND2_X2)
                                         _02662_ (net)
                  0.02    0.00    0.79 ^ _27541_/A2 (NAND2_X4)
     3    9.47    0.01    0.02    0.81 v _27541_/ZN (NAND2_X4)
                                         _02663_ (net)
                  0.01    0.00    0.81 v _27543_/B1 (OAI21_X4)
     3    5.43    0.02    0.03    0.83 ^ _27543_/ZN (OAI21_X4)
                                         _02665_ (net)
                  0.02    0.00    0.83 ^ _27608_/A (XNOR2_X1)
     3    4.94    0.03    0.05    0.88 ^ _27608_/ZN (XNOR2_X1)
                                         _02730_ (net)
                  0.03    0.00    0.88 ^ _27614_/A1 (NAND3_X1)
     1    6.46    0.02    0.04    0.92 v _27614_/ZN (NAND3_X1)
                                         _02736_ (net)
                  0.02    0.00    0.92 v _27615_/B2 (OAI21_X4)
     4   12.18    0.03    0.04    0.97 ^ _27615_/ZN (OAI21_X4)
                                         _02737_ (net)
                  0.03    0.00    0.97 ^ _27639_/A (BUF_X8)
    10   27.23    0.01    0.03    1.00 ^ _27639_/Z (BUF_X8)
                                         _02761_ (net)
                  0.01    0.00    1.00 ^ _27649_/A1 (NAND2_X4)
     2    7.26    0.01    0.01    1.01 v _27649_/ZN (NAND2_X4)
                                         _02771_ (net)
                  0.01    0.00    1.01 v _27651_/A1 (NAND2_X4)
     3    9.91    0.01    0.02    1.03 ^ _27651_/ZN (NAND2_X4)
                                         _02773_ (net)
                  0.01    0.00    1.03 ^ _27659_/A (BUF_X8)
    10   26.80    0.01    0.03    1.05 ^ _27659_/Z (BUF_X8)
                                         _02781_ (net)
                  0.01    0.00    1.05 ^ _27735_/A (BUF_X16)
    10   25.22    0.01    0.02    1.08 ^ _27735_/Z (BUF_X16)
                                         _02857_ (net)
                  0.01    0.00    1.08 ^ _27786_/A1 (NAND2_X4)
     2    4.26    0.01    0.01    1.09 v _27786_/ZN (NAND2_X4)
                                         _02908_ (net)
                  0.01    0.00    1.09 v _27794_/A1 (NAND2_X1)
     1    1.60    0.01    0.01    1.10 ^ _27794_/ZN (NAND2_X1)
                                         _02916_ (net)
                  0.01    0.00    1.10 ^ _27795_/A1 (NAND2_X1)
     1    1.53    0.01    0.01    1.11 v _27795_/ZN (NAND2_X1)
                                         _02917_ (net)
                  0.01    0.00    1.11 v _27797_/A1 (NAND2_X1)
     2    3.31    0.01    0.02    1.13 ^ _27797_/ZN (NAND2_X1)
                                         _02919_ (net)
                  0.01    0.00    1.13 ^ _27852_/B1 (OAI21_X1)
     1    1.56    0.01    0.01    1.14 v _27852_/ZN (OAI21_X1)
                                         _02974_ (net)
                  0.01    0.00    1.14 v _27853_/A2 (NOR2_X1)
     2    3.30    0.02    0.04    1.18 ^ _27853_/ZN (NOR2_X1)
                                         _02975_ (net)
                  0.02    0.00    1.18 ^ _27856_/A1 (NAND2_X1)
     1    6.34    0.02    0.03    1.21 v _27856_/ZN (NAND2_X1)
                                         _02978_ (net)
                  0.02    0.00    1.21 v _27857_/A2 (NOR2_X4)
     2   13.25    0.02    0.04    1.25 ^ _27857_/ZN (NOR2_X4)
                                         _02979_ (net)
                  0.02    0.00    1.25 ^ _27864_/A3 (NAND3_X4)
     3    9.26    0.01    0.03    1.27 v _27864_/ZN (NAND3_X4)
                                         _02986_ (net)
                  0.01    0.00    1.27 v _27865_/A1 (NOR2_X4)
     4    6.40    0.02    0.02    1.30 ^ _27865_/ZN (NOR2_X4)
                                         _02987_ (net)
                  0.02    0.00    1.30 ^ _27880_/A1 (NAND3_X1)
     1    1.50    0.01    0.02    1.31 v _27880_/ZN (NAND3_X1)
                                         _03002_ (net)
                  0.01    0.00    1.31 v _27881_/A2 (NAND2_X1)
     2    5.20    0.02    0.03    1.34 ^ _27881_/ZN (NAND2_X1)
                                         _03003_ (net)
                  0.02    0.00    1.34 ^ _27885_/A1 (NOR2_X1)
     1    1.50    0.01    0.01    1.35 v _27885_/ZN (NOR2_X1)
                                         _03007_ (net)
                  0.01    0.00    1.35 v _27886_/A2 (NAND2_X1)
     1    3.05    0.01    0.02    1.37 ^ _27886_/ZN (NAND2_X1)
                                         _03008_ (net)
                  0.01    0.00    1.37 ^ _27891_/A1 (NAND2_X2)
     3    8.53    0.01    0.02    1.39 v _27891_/ZN (NAND2_X2)
                                         _03013_ (net)
                  0.01    0.00    1.39 v _27893_/B1 (AOI21_X1)
     1    1.66    0.02    0.03    1.42 ^ _27893_/ZN (AOI21_X1)
                                         _03015_ (net)
                  0.02    0.00    1.42 ^ _27894_/A2 (NAND2_X1)
     1    2.70    0.01    0.02    1.43 v _27894_/ZN (NAND2_X1)
                                         _03016_ (net)
                  0.01    0.00    1.43 v _31260_/A1 (NOR2_X2)
     1    3.48    0.02    0.02    1.46 ^ _31260_/ZN (NOR2_X2)
                                         _06382_ (net)
                  0.02    0.00    1.46 ^ _31261_/B2 (AOI21_X2)
     1    1.06    0.01    0.01    1.47 v _31261_/ZN (AOI21_X2)
                                         _00162_ (net)
                  0.01    0.00    1.47 v h_ovf_o$_SDFF_PN0_/D (DFF_X1)
                                  1.47   data arrival time

                  0.00    4.00    4.00   clock core_clock (rise edge)
                          0.00    4.00   clock network delay (ideal)
                          0.00    4.00   clock reconvergence pessimism
                                  4.00 ^ h_ovf_o$_SDFF_PN0_/CK (DFF_X1)
                         -0.04    3.96   library setup time
                                  3.96   data required time
-----------------------------------------------------------------------------
                                  3.96   data required time
                                 -1.47   data arrival time
-----------------------------------------------------------------------------
                                  2.49   slack (MET)



==========================================================================
Post synthesis report_power
--------------------------------------------------------------------------
Group                  Internal  Switching    Leakage      Total
                          Power      Power      Power      Power (Watts)
----------------------------------------------------------------
Sequential             1.60e-03   4.45e-05   6.08e-05   1.71e-03  11.7%
Combinational          5.86e-03   6.51e-03   4.67e-04   1.28e-02  88.3%
Clock                  0.00e+00   0.00e+00   0.00e+00   0.00e+00   0.0%
Macro                  0.00e+00   0.00e+00   0.00e+00   0.00e+00   0.0%
Pad                    0.00e+00   0.00e+00   0.00e+00   0.00e+00   0.0%
----------------------------------------------------------------
Total                  7.46e-03   6.55e-03   5.28e-04   1.45e-02 100.0%
                          51.3%      45.1%       3.6%
