
==========================================================================
Post synthesis report_tns
--------------------------------------------------------------------------
tns 0.00

==========================================================================
Post synthesis report_wns
--------------------------------------------------------------------------
wns 0.00

==========================================================================
Post synthesis report_worst_slack
--------------------------------------------------------------------------
worst slack 0.68

==========================================================================
Post synthesis report_checks -path_delay min
--------------------------------------------------------------------------
Startpoint: u_pcu.g_pe[0].u_pe.s1_product_q[3][21]$_SDFF_PN0_
            (rising edge-triggered flip-flop clocked by core_clock)
Endpoint: u_pcu.g_pe[0].u_pe.s2_sum_q[26]$_SDFF_PN0_
          (rising edge-triggered flip-flop clocked by core_clock)
Path Group: core_clock
Path Type: min

Fanout     Cap    Slew   Delay    Time   Description
-----------------------------------------------------------------------------
                  0.00    0.00    0.00   clock core_clock (rise edge)
                          0.00    0.00   clock network delay (ideal)
                  0.00    0.00    0.00 ^ u_pcu.g_pe[0].u_pe.s1_product_q[3][21]$_SDFF_PN0_/CK (DFF_X1)
     3    4.92    0.02    0.07    0.07 ^ u_pcu.g_pe[0].u_pe.s1_product_q[3][21]$_SDFF_PN0_/QN (DFF_X1)
                                         _00014_ (net)
                  0.02    0.00    0.07 ^ _38826_/B1 (AOI21_X1)
     1    1.06    0.01    0.01    0.09 v _38826_/ZN (AOI21_X1)
                                         _00261_ (net)
                  0.01    0.00    0.09 v u_pcu.g_pe[0].u_pe.s2_sum_q[26]$_SDFF_PN0_/D (DFF_X1)
                                  0.09   data arrival time

                  0.00    0.00    0.00   clock core_clock (rise edge)
                          0.00    0.00   clock network delay (ideal)
                          0.00    0.00   clock reconvergence pessimism
                                  0.00 ^ u_pcu.g_pe[0].u_pe.s2_sum_q[26]$_SDFF_PN0_/CK (DFF_X1)
                          0.00    0.00   library hold time
                                  0.00   data required time
-----------------------------------------------------------------------------
                                  0.00   data required time
                                 -0.09   data arrival time
-----------------------------------------------------------------------------
                                  0.08   slack (MET)



==========================================================================
Post synthesis report_checks -path_delay max
--------------------------------------------------------------------------
Startpoint: i_act[24] (input port clocked by core_clock)
Endpoint: u_pcu.g_pe[0].u_pe.s0_act_q[1][16]$_SDFF_PN0_
          (rising edge-triggered flip-flop clocked by core_clock)
Path Group: core_clock
Path Type: max

Fanout     Cap    Slew   Delay    Time   Description
-----------------------------------------------------------------------------
                  0.00    0.00    0.00   clock core_clock (rise edge)
                          0.00    0.00   clock network delay (ideal)
                          0.40    0.40 ^ input external delay
     1    1.78    0.00    0.00    0.40 ^ i_act[24] (in)
                                         i_act[24] (net)
                  0.00    0.00    0.40 ^ _33950_/A (BUF_X2)
     4   11.91    0.02    0.03    0.43 ^ _33950_/Z (BUF_X2)
                                         _25822_ (net)
                  0.02    0.00    0.43 ^ _33951_/A1 (NAND2_X4)
     4   12.29    0.01    0.02    0.45 v _33951_/ZN (NAND2_X4)
                                         _25823_ (net)
                  0.01    0.00    0.45 v _33955_/A1 (NOR2_X4)
     5   11.20    0.02    0.03    0.48 ^ _33955_/ZN (NOR2_X4)
                                         _25827_ (net)
                  0.02    0.00    0.48 ^ _33958_/A1 (NAND2_X2)
     2    9.36    0.01    0.02    0.50 v _33958_/ZN (NAND2_X2)
                                         _25830_ (net)
                  0.01    0.00    0.50 v _33960_/B1 (OAI21_X4)
     4   16.37    0.03    0.04    0.54 ^ _33960_/ZN (OAI21_X4)
                                         _25832_ (net)
                  0.03    0.00    0.54 ^ _33962_/A1 (NAND2_X2)
     2    8.74    0.01    0.02    0.56 v _33962_/ZN (NAND2_X2)
                                         _25834_ (net)
                  0.01    0.00    0.56 v _33965_/A1 (NOR2_X4)
     1    5.95    0.01    0.02    0.59 ^ _33965_/ZN (NOR2_X4)
                                         _25837_ (net)
                  0.01    0.00    0.59 ^ _33981_/A1 (NAND2_X4)
     5   17.79    0.01    0.02    0.61 v _33981_/ZN (NAND2_X4)
                                         _25853_ (net)
                  0.01    0.00    0.61 v _33993_/A2 (NAND2_X2)
     1    3.05    0.01    0.02    0.63 ^ _33993_/ZN (NAND2_X2)
                                         _25865_ (net)
                  0.01    0.00    0.63 ^ _33994_/A1 (NAND2_X2)
     2    4.46    0.01    0.01    0.64 v _33994_/ZN (NAND2_X2)
                                         _25866_ (net)
                  0.01    0.00    0.64 v _33998_/A1 (NAND2_X2)
     1    3.05    0.01    0.01    0.66 ^ _33998_/ZN (NAND2_X2)
                                         _25870_ (net)
                  0.01    0.00    0.66 ^ _34000_/A1 (NAND2_X2)
     2    4.48    0.01    0.01    0.67 v _34000_/ZN (NAND2_X2)
                                         _25872_ (net)
                  0.01    0.00    0.67 v _34092_/A (AOI21_X1)
     1    2.23    0.02    0.04    0.71 ^ _34092_/ZN (AOI21_X1)
                                         _25964_ (net)
                  0.02    0.00    0.71 ^ _34093_/A (XNOR2_X1)
     2    3.17    0.03    0.05    0.76 ^ _34093_/ZN (XNOR2_X1)
                                         _25965_ (net)
                  0.03    0.00    0.76 ^ _34103_/A1 (NAND2_X1)
     2    8.48    0.02    0.03    0.79 v _34103_/ZN (NAND2_X1)
                                         _25975_ (net)
                  0.02    0.00    0.79 v _34105_/A1 (NAND2_X2)
     1    3.05    0.01    0.02    0.81 ^ _34105_/ZN (NAND2_X2)
                                         _25977_ (net)
                  0.01    0.00    0.81 ^ _34115_/A1 (NAND2_X2)
     1    2.94    0.01    0.01    0.82 v _34115_/ZN (NAND2_X2)
                                         _25987_ (net)
                  0.01    0.00    0.82 v _34116_/A (INV_X2)
     1    5.91    0.01    0.02    0.84 ^ _34116_/ZN (INV_X2)
                                         _25988_ (net)
                  0.01    0.00    0.84 ^ _34119_/A3 (NAND4_X4)
     4   12.71    0.02    0.04    0.87 v _34119_/ZN (NAND4_X4)
                                         _25991_ (net)
                  0.02    0.00    0.87 v _34128_/A (BUF_X4)
    10   19.18    0.01    0.04    0.91 v _34128_/Z (BUF_X4)
                                         _26000_ (net)
                  0.01    0.00    0.91 v _34151_/A1 (NOR3_X2)
     1    1.59    0.02    0.03    0.94 ^ _34151_/ZN (NOR3_X2)
                                         _26023_ (net)
                  0.02    0.00    0.94 ^ _34152_/A1 (NAND3_X1)
     3    3.92    0.02    0.03    0.97 v _34152_/ZN (NAND3_X1)
                                         _26024_ (net)
                  0.02    0.00    0.97 v _34185_/A1 (AND3_X1)
     1    2.93    0.01    0.04    1.00 v _34185_/ZN (AND3_X1)
                                         _26057_ (net)
                  0.01    0.00    1.00 v _34186_/A1 (NAND2_X2)
     2    3.38    0.01    0.01    1.02 ^ _34186_/ZN (NAND2_X2)
                                         _26058_ (net)
                  0.01    0.00    1.02 ^ _34191_/B1 (OAI21_X1)
     1    1.56    0.01    0.01    1.03 v _34191_/ZN (OAI21_X1)
                                         _26063_ (net)
                  0.01    0.00    1.03 v _34192_/A2 (NOR2_X1)
     1    1.60    0.02    0.03    1.06 ^ _34192_/ZN (NOR2_X1)
                                         _26064_ (net)
                  0.02    0.00    1.06 ^ _34211_/A1 (NAND2_X1)
     1    1.53    0.01    0.01    1.07 v _34211_/ZN (NAND2_X1)
                                         _26083_ (net)
                  0.01    0.00    1.07 v _34230_/A1 (NAND2_X1)
     1    1.60    0.01    0.01    1.08 ^ _34230_/ZN (NAND2_X1)
                                         _26102_ (net)
                  0.01    0.00    1.08 ^ _34261_/A1 (NAND2_X1)
     3    4.65    0.01    0.02    1.10 v _34261_/ZN (NAND2_X1)
                                         _26133_ (net)
                  0.01    0.00    1.10 v _34277_/A1 (NAND2_X1)
     2    4.70    0.02    0.02    1.13 ^ _34277_/ZN (NAND2_X1)
                                         _26148_ (net)
                  0.02    0.00    1.13 ^ _34325_/A1 (NAND2_X2)
     3    8.58    0.01    0.02    1.15 v _34325_/ZN (NAND2_X2)
                                         _26196_ (net)
                  0.01    0.00    1.15 v _34351_/A1 (NOR2_X4)
     8   17.66    0.03    0.04    1.19 ^ _34351_/ZN (NOR2_X4)
                                         _26222_ (net)
                  0.03    0.00    1.19 ^ _34485_/A1 (NAND4_X2)
     3    4.42    0.02    0.03    1.22 v _34485_/ZN (NAND4_X2)
                                         _26352_ (net)
                  0.02    0.00    1.22 v _34499_/A1 (OR2_X2)
     1    1.56    0.01    0.04    1.26 v _34499_/ZN (OR2_X2)
                                         _26364_ (net)
                  0.01    0.00    1.26 v _34500_/A1 (NAND3_X1)
     1    1.70    0.01    0.02    1.28 ^ _34500_/ZN (NAND3_X1)
                                         _26365_ (net)
                  0.01    0.00    1.28 ^ _34501_/A (INV_X1)
     1    1.06    0.00    0.01    1.29 v _34501_/ZN (INV_X1)
                                         _00064_ (net)
                  0.00    0.00    1.29 v u_pcu.g_pe[0].u_pe.s0_act_q[1][16]$_SDFF_PN0_/D (DFF_X1)
                                  1.29   data arrival time

                  0.00    2.00    2.00   clock core_clock (rise edge)
                          0.00    2.00   clock network delay (ideal)
                          0.00    2.00   clock reconvergence pessimism
                                  2.00 ^ u_pcu.g_pe[0].u_pe.s0_act_q[1][16]$_SDFF_PN0_/CK (DFF_X1)
                         -0.04    1.96   library setup time
                                  1.96   data required time
-----------------------------------------------------------------------------
                                  1.96   data required time
                                 -1.29   data arrival time
-----------------------------------------------------------------------------
                                  0.68   slack (MET)



==========================================================================
Post synthesis report_checks -unconstrained
--------------------------------------------------------------------------
Startpoint: i_act[24] (input port clocked by core_clock)
Endpoint: u_pcu.g_pe[0].u_pe.s0_act_q[1][16]$_SDFF_PN0_
          (rising edge-triggered flip-flop clocked by core_clock)
Path Group: core_clock
Path Type: max

Fanout     Cap    Slew   Delay    Time   Description
-----------------------------------------------------------------------------
                  0.00    0.00    0.00   clock core_clock (rise edge)
                          0.00    0.00   clock network delay (ideal)
                          0.40    0.40 ^ input external delay
     1    1.78    0.00    0.00    0.40 ^ i_act[24] (in)
                                         i_act[24] (net)
                  0.00    0.00    0.40 ^ _33950_/A (BUF_X2)
     4   11.91    0.02    0.03    0.43 ^ _33950_/Z (BUF_X2)
                                         _25822_ (net)
                  0.02    0.00    0.43 ^ _33951_/A1 (NAND2_X4)
     4   12.29    0.01    0.02    0.45 v _33951_/ZN (NAND2_X4)
                                         _25823_ (net)
                  0.01    0.00    0.45 v _33955_/A1 (NOR2_X4)
     5   11.20    0.02    0.03    0.48 ^ _33955_/ZN (NOR2_X4)
                                         _25827_ (net)
                  0.02    0.00    0.48 ^ _33958_/A1 (NAND2_X2)
     2    9.36    0.01    0.02    0.50 v _33958_/ZN (NAND2_X2)
                                         _25830_ (net)
                  0.01    0.00    0.50 v _33960_/B1 (OAI21_X4)
     4   16.37    0.03    0.04    0.54 ^ _33960_/ZN (OAI21_X4)
                                         _25832_ (net)
                  0.03    0.00    0.54 ^ _33962_/A1 (NAND2_X2)
     2    8.74    0.01    0.02    0.56 v _33962_/ZN (NAND2_X2)
                                         _25834_ (net)
                  0.01    0.00    0.56 v _33965_/A1 (NOR2_X4)
     1    5.95    0.01    0.02    0.59 ^ _33965_/ZN (NOR2_X4)
                                         _25837_ (net)
                  0.01    0.00    0.59 ^ _33981_/A1 (NAND2_X4)
     5   17.79    0.01    0.02    0.61 v _33981_/ZN (NAND2_X4)
                                         _25853_ (net)
                  0.01    0.00    0.61 v _33993_/A2 (NAND2_X2)
     1    3.05    0.01    0.02    0.63 ^ _33993_/ZN (NAND2_X2)
                                         _25865_ (net)
                  0.01    0.00    0.63 ^ _33994_/A1 (NAND2_X2)
     2    4.46    0.01    0.01    0.64 v _33994_/ZN (NAND2_X2)
                                         _25866_ (net)
                  0.01    0.00    0.64 v _33998_/A1 (NAND2_X2)
     1    3.05    0.01    0.01    0.66 ^ _33998_/ZN (NAND2_X2)
                                         _25870_ (net)
                  0.01    0.00    0.66 ^ _34000_/A1 (NAND2_X2)
     2    4.48    0.01    0.01    0.67 v _34000_/ZN (NAND2_X2)
                                         _25872_ (net)
                  0.01    0.00    0.67 v _34092_/A (AOI21_X1)
     1    2.23    0.02    0.04    0.71 ^ _34092_/ZN (AOI21_X1)
                                         _25964_ (net)
                  0.02    0.00    0.71 ^ _34093_/A (XNOR2_X1)
     2    3.17    0.03    0.05    0.76 ^ _34093_/ZN (XNOR2_X1)
                                         _25965_ (net)
                  0.03    0.00    0.76 ^ _34103_/A1 (NAND2_X1)
     2    8.48    0.02    0.03    0.79 v _34103_/ZN (NAND2_X1)
                                         _25975_ (net)
                  0.02    0.00    0.79 v _34105_/A1 (NAND2_X2)
     1    3.05    0.01    0.02    0.81 ^ _34105_/ZN (NAND2_X2)
                                         _25977_ (net)
                  0.01    0.00    0.81 ^ _34115_/A1 (NAND2_X2)
     1    2.94    0.01    0.01    0.82 v _34115_/ZN (NAND2_X2)
                                         _25987_ (net)
                  0.01    0.00    0.82 v _34116_/A (INV_X2)
     1    5.91    0.01    0.02    0.84 ^ _34116_/ZN (INV_X2)
                                         _25988_ (net)
                  0.01    0.00    0.84 ^ _34119_/A3 (NAND4_X4)
     4   12.71    0.02    0.04    0.87 v _34119_/ZN (NAND4_X4)
                                         _25991_ (net)
                  0.02    0.00    0.87 v _34128_/A (BUF_X4)
    10   19.18    0.01    0.04    0.91 v _34128_/Z (BUF_X4)
                                         _26000_ (net)
                  0.01    0.00    0.91 v _34151_/A1 (NOR3_X2)
     1    1.59    0.02    0.03    0.94 ^ _34151_/ZN (NOR3_X2)
                                         _26023_ (net)
                  0.02    0.00    0.94 ^ _34152_/A1 (NAND3_X1)
     3    3.92    0.02    0.03    0.97 v _34152_/ZN (NAND3_X1)
                                         _26024_ (net)
                  0.02    0.00    0.97 v _34185_/A1 (AND3_X1)
     1    2.93    0.01    0.04    1.00 v _34185_/ZN (AND3_X1)
                                         _26057_ (net)
                  0.01    0.00    1.00 v _34186_/A1 (NAND2_X2)
     2    3.38    0.01    0.01    1.02 ^ _34186_/ZN (NAND2_X2)
                                         _26058_ (net)
                  0.01    0.00    1.02 ^ _34191_/B1 (OAI21_X1)
     1    1.56    0.01    0.01    1.03 v _34191_/ZN (OAI21_X1)
                                         _26063_ (net)
                  0.01    0.00    1.03 v _34192_/A2 (NOR2_X1)
     1    1.60    0.02    0.03    1.06 ^ _34192_/ZN (NOR2_X1)
                                         _26064_ (net)
                  0.02    0.00    1.06 ^ _34211_/A1 (NAND2_X1)
     1    1.53    0.01    0.01    1.07 v _34211_/ZN (NAND2_X1)
                                         _26083_ (net)
                  0.01    0.00    1.07 v _34230_/A1 (NAND2_X1)
     1    1.60    0.01    0.01    1.08 ^ _34230_/ZN (NAND2_X1)
                                         _26102_ (net)
                  0.01    0.00    1.08 ^ _34261_/A1 (NAND2_X1)
     3    4.65    0.01    0.02    1.10 v _34261_/ZN (NAND2_X1)
                                         _26133_ (net)
                  0.01    0.00    1.10 v _34277_/A1 (NAND2_X1)
     2    4.70    0.02    0.02    1.13 ^ _34277_/ZN (NAND2_X1)
                                         _26148_ (net)
                  0.02    0.00    1.13 ^ _34325_/A1 (NAND2_X2)
     3    8.58    0.01    0.02    1.15 v _34325_/ZN (NAND2_X2)
                                         _26196_ (net)
                  0.01    0.00    1.15 v _34351_/A1 (NOR2_X4)
     8   17.66    0.03    0.04    1.19 ^ _34351_/ZN (NOR2_X4)
                                         _26222_ (net)
                  0.03    0.00    1.19 ^ _34485_/A1 (NAND4_X2)
     3    4.42    0.02    0.03    1.22 v _34485_/ZN (NAND4_X2)
                                         _26352_ (net)
                  0.02    0.00    1.22 v _34499_/A1 (OR2_X2)
     1    1.56    0.01    0.04    1.26 v _34499_/ZN (OR2_X2)
                                         _26364_ (net)
                  0.01    0.00    1.26 v _34500_/A1 (NAND3_X1)
     1    1.70    0.01    0.02    1.28 ^ _34500_/ZN (NAND3_X1)
                                         _26365_ (net)
                  0.01    0.00    1.28 ^ _34501_/A (INV_X1)
     1    1.06    0.00    0.01    1.29 v _34501_/ZN (INV_X1)
                                         _00064_ (net)
                  0.00    0.00    1.29 v u_pcu.g_pe[0].u_pe.s0_act_q[1][16]$_SDFF_PN0_/D (DFF_X1)
                                  1.29   data arrival time

                  0.00    2.00    2.00   clock core_clock (rise edge)
                          0.00    2.00   clock network delay (ideal)
                          0.00    2.00   clock reconvergence pessimism
                                  2.00 ^ u_pcu.g_pe[0].u_pe.s0_act_q[1][16]$_SDFF_PN0_/CK (DFF_X1)
                         -0.04    1.96   library setup time
                                  1.96   data required time
-----------------------------------------------------------------------------
                                  1.96   data required time
                                 -1.29   data arrival time
-----------------------------------------------------------------------------
                                  0.68   slack (MET)



==========================================================================
Post synthesis report_power
--------------------------------------------------------------------------
Group                  Internal  Switching    Leakage      Total
                          Power      Power      Power      Power (Watts)
----------------------------------------------------------------
Sequential             6.53e-03   4.79e-04   1.12e-04   7.12e-03  26.1%
Combinational          9.33e-03   1.01e-02   7.39e-04   2.01e-02  73.9%
Clock                  0.00e+00   0.00e+00   0.00e+00   0.00e+00   0.0%
Macro                  0.00e+00   0.00e+00   0.00e+00   0.00e+00   0.0%
Pad                    0.00e+00   0.00e+00   0.00e+00   0.00e+00   0.0%
----------------------------------------------------------------
Total                  1.59e-02   1.05e-02   8.50e-04   2.72e-02 100.0%
                          58.2%      38.7%       3.1%
