
==========================================================================
Post synthesis report_tns
--------------------------------------------------------------------------
tns -54.58

==========================================================================
Post synthesis report_wns
--------------------------------------------------------------------------
wns -0.20

==========================================================================
Post synthesis report_worst_slack
--------------------------------------------------------------------------
worst slack -0.20

==========================================================================
Post synthesis report_checks -path_delay min
--------------------------------------------------------------------------
Startpoint: i_act[111] (input port clocked by core_clock)
Endpoint: o_product[111] (output port clocked by core_clock)
Path Group: core_clock
Path Type: min

Fanout     Cap    Slew   Delay    Time   Description
-----------------------------------------------------------------------------
                  0.00    0.00    0.00   clock core_clock (rise edge)
                          0.00    0.00   clock network delay (ideal)
                          0.40    0.40 ^ input external delay
     2    2.61    0.00    0.00    0.40 ^ i_act[111] (in)
                                         i_act[111] (net)
                  0.00    0.00    0.40 ^ _39773_/A2 (NAND2_X1)
     1    1.53    0.01    0.01    0.41 v _39773_/ZN (NAND2_X1)
                                         _26565_ (net)
                  0.01    0.00    0.41 v _39775_/A2 (NAND3_X1)
     1    1.70    0.01    0.02    0.43 ^ _39775_/ZN (NAND3_X1)
                                         _26587_ (net)
                  0.01    0.00    0.43 ^ _39776_/A (INV_X1)
     1    0.00    0.00    0.00    0.43 v _39776_/ZN (INV_X1)
                                         o_product[111] (net)
                  0.00    0.00    0.43 v o_product[111] (out)
                                  0.43   data arrival time

                  0.00    0.00    0.00   clock core_clock (rise edge)
                          0.00    0.00   clock network delay (ideal)
                          0.00    0.00   clock reconvergence pessimism
                         -0.40   -0.40   output external delay
                                 -0.40   data required time
-----------------------------------------------------------------------------
                                 -0.40   data required time
                                 -0.43   data arrival time
-----------------------------------------------------------------------------
                                  0.83   slack (MET)



==========================================================================
Post synthesis report_checks -path_delay max
--------------------------------------------------------------------------
Startpoint: i_add_b[92] (input port clocked by core_clock)
Endpoint: o_sum[80] (output port clocked by core_clock)
Path Group: core_clock
Path Type: max

Fanout     Cap    Slew   Delay    Time   Description
-----------------------------------------------------------------------------
                  0.00    0.00    0.00   clock core_clock (rise edge)
                          0.00    0.00   clock network delay (ideal)
                          0.40    0.40 v input external delay
     1    1.59    0.00    0.00    0.40 v i_add_b[92] (in)
                                         i_add_b[92] (net)
                  0.00    0.00    0.40 v _74618_/A (BUF_X2)
     5   10.27    0.01    0.03    0.43 v _74618_/Z (BUF_X2)
                                         _30389_ (net)
                  0.01    0.00    0.43 v _74643_/A (INV_X2)
     1    1.71    0.01    0.01    0.44 ^ _74643_/ZN (INV_X2)
                                         _30417_ (net)
                  0.01    0.00    0.44 ^ _74644_/A1 (NOR2_X1)
     2    4.73    0.01    0.01    0.45 v _74644_/ZN (NOR2_X1)
                                         _30418_ (net)
                  0.01    0.00    0.45 v _74645_/A2 (NOR2_X2)
     3    5.01    0.02    0.03    0.48 ^ _74645_/ZN (NOR2_X2)
                                         _30419_ (net)
                  0.02    0.00    0.48 ^ _74646_/A2 (NAND2_X1)
     2    4.73    0.01    0.02    0.50 v _74646_/ZN (NAND2_X1)
                                         _30420_ (net)
                  0.01    0.00    0.50 v _74647_/A2 (NOR2_X2)
     2    8.83    0.03    0.04    0.55 ^ _74647_/ZN (NOR2_X2)
                                         _30421_ (net)
                  0.03    0.00    0.55 ^ _74648_/A3 (NAND3_X4)
     6   16.07    0.02    0.03    0.58 v _74648_/ZN (NAND3_X4)
                                         _30422_ (net)
                  0.02    0.00    0.58 v _74732_/A2 (NOR2_X2)
     1    6.20    0.02    0.04    0.62 ^ _74732_/ZN (NOR2_X2)
                                         _30514_ (net)
                  0.02    0.00    0.62 ^ _74733_/A2 (NAND2_X4)
     3    8.82    0.01    0.02    0.64 v _74733_/ZN (NAND2_X4)
                                         _30516_ (net)
                  0.01    0.00    0.64 v _74744_/A1 (NAND2_X4)
     8   21.51    0.02    0.02    0.66 ^ _74744_/ZN (NAND2_X4)
                                         _30528_ (net)
                  0.02    0.00    0.66 ^ _74750_/A1 (NAND2_X2)
     3    4.65    0.01    0.02    0.68 v _74750_/ZN (NAND2_X2)
                                         _30534_ (net)
                  0.01    0.00    0.68 v _74765_/A1 (NAND3_X1)
     2    4.72    0.02    0.02    0.70 ^ _74765_/ZN (NAND3_X1)
                                         _30551_ (net)
                  0.02    0.00    0.70 ^ _74767_/A1 (NAND2_X2)
     2    5.33    0.01    0.02    0.72 v _74767_/ZN (NAND2_X2)
                                         _30553_ (net)
                  0.01    0.00    0.72 v _74769_/A (XNOR2_X2)
     5   17.43    0.05    0.06    0.78 ^ _74769_/ZN (XNOR2_X2)
                                         _30555_ (net)
                  0.05    0.00    0.78 ^ _74770_/A (INV_X4)
     4   14.30    0.01    0.02    0.80 v _74770_/ZN (INV_X4)
                                         _30556_ (net)
                  0.01    0.00    0.80 v _74771_/A2 (NAND2_X4)
     3   20.32    0.02    0.03    0.82 ^ _74771_/ZN (NAND2_X4)
                                         _30557_ (net)
                  0.02    0.00    0.82 ^ _74789_/A1 (NOR2_X4)
    10   16.56    0.01    0.01    0.84 v _74789_/ZN (NOR2_X4)
                                         _30577_ (net)
                  0.01    0.00    0.84 v _74829_/A1 (NAND2_X1)
     1    1.66    0.01    0.01    0.85 ^ _74829_/ZN (NAND2_X1)
                                         _30621_ (net)
                  0.01    0.00    0.85 ^ _74830_/A2 (NAND2_X1)
     1    3.18    0.01    0.02    0.87 v _74830_/ZN (NAND2_X1)
                                         _30622_ (net)
                  0.01    0.00    0.87 v _74831_/A2 (NOR2_X2)
     3   10.95    0.03    0.05    0.92 ^ _74831_/ZN (NOR2_X2)
                                         _30623_ (net)
                  0.03    0.00    0.92 ^ _74858_/A1 (NAND2_X2)
     2    4.46    0.01    0.02    0.94 v _74858_/ZN (NAND2_X2)
                                         _30653_ (net)
                  0.01    0.00    0.94 v _74964_/A1 (NAND2_X2)
     1    3.05    0.01    0.02    0.95 ^ _74964_/ZN (NAND2_X2)
                                         _30770_ (net)
                  0.01    0.00    0.95 ^ _74966_/A1 (NAND2_X2)
     5   13.97    0.02    0.02    0.98 v _74966_/ZN (NAND2_X2)
                                         _30772_ (net)
                  0.02    0.00    0.98 v _74967_/A (INV_X2)
     3    6.64    0.01    0.02    1.00 ^ _74967_/ZN (INV_X2)
                                         _30773_ (net)
                  0.01    0.00    1.00 ^ _75083_/A2 (NAND2_X1)
     2    4.74    0.01    0.02    1.02 v _75083_/ZN (NAND2_X1)
                                         _30901_ (net)
                  0.01    0.00    1.02 v _75262_/A2 (NOR2_X1)
     2    3.19    0.02    0.04    1.06 ^ _75262_/ZN (NOR2_X1)
                                         _31097_ (net)
                  0.02    0.00    1.06 ^ _75277_/A1 (NAND3_X1)
     1    1.50    0.01    0.02    1.08 v _75277_/ZN (NAND3_X1)
                                         _31114_ (net)
                  0.01    0.00    1.08 v _75278_/A2 (NAND2_X1)
     1    4.00    0.01    0.02    1.10 ^ _75278_/ZN (NAND2_X1)
                                         _31115_ (net)
                  0.01    0.00    1.10 ^ _75279_/A (XNOR2_X2)
     6   11.27    0.04    0.05    1.15 ^ _75279_/ZN (XNOR2_X2)
                                         _31116_ (net)
                  0.04    0.00    1.15 ^ _75286_/A1 (NAND2_X2)
     2    7.80    0.02    0.03    1.17 v _75286_/ZN (NAND2_X2)
                                         _31124_ (net)
                  0.02    0.00    1.17 v _75303_/A2 (NOR2_X4)
     4    7.76    0.02    0.03    1.21 ^ _75303_/ZN (NOR2_X4)
                                         _31143_ (net)
                  0.02    0.00    1.21 ^ _75306_/A1 (NAND3_X2)
     5   11.57    0.02    0.03    1.24 v _75306_/ZN (NAND3_X2)
                                         _31146_ (net)
                  0.02    0.00    1.24 v _75307_/A2 (NAND2_X4)
     3    5.07    0.01    0.02    1.26 ^ _75307_/ZN (NAND2_X4)
                                         _31147_ (net)
                  0.01    0.00    1.26 ^ _75318_/A1 (NOR2_X1)
     1    1.54    0.01    0.01    1.27 v _75318_/ZN (NOR2_X1)
                                         _31159_ (net)
                  0.01    0.00    1.27 v _75346_/A (AOI21_X1)
     1    3.05    0.03    0.05    1.31 ^ _75346_/ZN (AOI21_X1)
                                         _31190_ (net)
                  0.03    0.00    1.31 ^ _75367_/A1 (NAND2_X2)
     1    5.70    0.01    0.02    1.34 v _75367_/ZN (NAND2_X2)
                                         _31213_ (net)
                  0.01    0.00    1.34 v _75375_/A1 (NAND2_X4)
     6   21.34    0.02    0.03    1.36 ^ _75375_/ZN (NAND2_X4)
                                         _31222_ (net)
                  0.02    0.00    1.36 ^ _75380_/A1 (NAND2_X4)
     6   17.54    0.01    0.02    1.38 v _75380_/ZN (NAND2_X4)
                                         _31227_ (net)
                  0.01    0.00    1.38 v _75386_/A1 (NAND2_X4)
     4   10.73    0.01    0.02    1.40 ^ _75386_/ZN (NAND2_X4)
                                         _31234_ (net)
                  0.01    0.00    1.40 ^ _75388_/A1 (NAND2_X4)
     5   13.32    0.01    0.02    1.42 v _75388_/ZN (NAND2_X4)
                                         _31236_ (net)
                  0.01    0.00    1.42 v _75389_/A (BUF_X8)
    10   27.77    0.01    0.03    1.45 v _75389_/Z (BUF_X8)
                                         _31237_ (net)
                  0.01    0.00    1.45 v _75452_/A1 (NAND2_X4)
     2    3.18    0.01    0.01    1.46 ^ _75452_/ZN (NAND2_X4)
                                         _31306_ (net)
                  0.01    0.00    1.46 ^ _75454_/A1 (NAND3_X1)
     2    3.03    0.01    0.02    1.48 v _75454_/ZN (NAND3_X1)
                                         _31309_ (net)
                  0.01    0.00    1.48 v _75528_/A2 (NAND3_X1)
     1    1.60    0.01    0.02    1.50 ^ _75528_/ZN (NAND3_X1)
                                         _31390_ (net)
                  0.01    0.00    1.50 ^ _75531_/A1 (NAND2_X1)
     1    1.53    0.01    0.01    1.51 v _75531_/ZN (NAND2_X1)
                                         _31393_ (net)
                  0.01    0.00    1.51 v _75532_/A1 (NAND2_X1)
     1    1.60    0.01    0.01    1.53 ^ _75532_/ZN (NAND2_X1)
                                         _31394_ (net)
                  0.01    0.00    1.53 ^ _75536_/A1 (NAND2_X1)
     3    6.01    0.01    0.02    1.55 v _75536_/ZN (NAND2_X1)
                                         _31399_ (net)
                  0.01    0.00    1.55 v _75537_/A2 (NOR2_X1)
     2    3.33    0.02    0.04    1.59 ^ _75537_/ZN (NOR2_X1)
                                         _31400_ (net)
                  0.02    0.00    1.59 ^ _75538_/A2 (NAND2_X1)
     1    5.59    0.01    0.03    1.61 v _75538_/ZN (NAND2_X1)
                                         _31401_ (net)
                  0.01    0.00    1.61 v _75568_/A1 (NOR2_X4)
     5   12.22    0.02    0.03    1.65 ^ _75568_/ZN (NOR2_X4)
                                         _31434_ (net)
                  0.02    0.00    1.65 ^ _75597_/A2 (NAND2_X2)
     3   10.96    0.01    0.03    1.67 v _75597_/ZN (NAND2_X2)
                                         _31466_ (net)
                  0.01    0.00    1.67 v _75647_/A (XNOR2_X2)
     2    4.25    0.01    0.04    1.71 v _75647_/ZN (XNOR2_X2)
                                         _31521_ (net)
                  0.01    0.00    1.71 v _75648_/A1 (NOR2_X2)
     1    7.16    0.02    0.03    1.74 ^ _75648_/ZN (NOR2_X2)
                                         _31522_ (net)
                  0.02    0.00    1.74 ^ _75649_/A3 (NAND3_X4)
    10   17.00    0.02    0.03    1.78 v _75649_/ZN (NAND3_X4)
                                         _31523_ (net)
                  0.02    0.00    1.78 v _75691_/A1 (AND2_X2)
     1    0.00    0.00    0.03    1.80 v _75691_/ZN (AND2_X2)
                                         o_sum[80] (net)
                  0.00    0.00    1.80 v o_sum[80] (out)
                                  1.80   data arrival time

                  0.00    2.00    2.00   clock core_clock (rise edge)
                          0.00    2.00   clock network delay (ideal)
                          0.00    2.00   clock reconvergence pessimism
                         -0.40    1.60   output external delay
                                  1.60   data required time
-----------------------------------------------------------------------------
                                  1.60   data required time
                                 -1.80   data arrival time
-----------------------------------------------------------------------------
                                 -0.20   slack (VIOLATED)



==========================================================================
Post synthesis report_checks -unconstrained
--------------------------------------------------------------------------
Startpoint: i_add_b[92] (input port clocked by core_clock)
Endpoint: o_sum[80] (output port clocked by core_clock)
Path Group: core_clock
Path Type: max

Fanout     Cap    Slew   Delay    Time   Description
-----------------------------------------------------------------------------
                  0.00    0.00    0.00   clock core_clock (rise edge)
                          0.00    0.00   clock network delay (ideal)
                          0.40    0.40 v input external delay
     1    1.59    0.00    0.00    0.40 v i_add_b[92] (in)
                                         i_add_b[92] (net)
                  0.00    0.00    0.40 v _74618_/A (BUF_X2)
     5   10.27    0.01    0.03    0.43 v _74618_/Z (BUF_X2)
                                         _30389_ (net)
                  0.01    0.00    0.43 v _74643_/A (INV_X2)
     1    1.71    0.01    0.01    0.44 ^ _74643_/ZN (INV_X2)
                                         _30417_ (net)
                  0.01    0.00    0.44 ^ _74644_/A1 (NOR2_X1)
     2    4.73    0.01    0.01    0.45 v _74644_/ZN (NOR2_X1)
                                         _30418_ (net)
                  0.01    0.00    0.45 v _74645_/A2 (NOR2_X2)
     3    5.01    0.02    0.03    0.48 ^ _74645_/ZN (NOR2_X2)
                                         _30419_ (net)
                  0.02    0.00    0.48 ^ _74646_/A2 (NAND2_X1)
     2    4.73    0.01    0.02    0.50 v _74646_/ZN (NAND2_X1)
                                         _30420_ (net)
                  0.01    0.00    0.50 v _74647_/A2 (NOR2_X2)
     2    8.83    0.03    0.04    0.55 ^ _74647_/ZN (NOR2_X2)
                                         _30421_ (net)
                  0.03    0.00    0.55 ^ _74648_/A3 (NAND3_X4)
     6   16.07    0.02    0.03    0.58 v _74648_/ZN (NAND3_X4)
                                         _30422_ (net)
                  0.02    0.00    0.58 v _74732_/A2 (NOR2_X2)
     1    6.20    0.02    0.04    0.62 ^ _74732_/ZN (NOR2_X2)
                                         _30514_ (net)
                  0.02    0.00    0.62 ^ _74733_/A2 (NAND2_X4)
     3    8.82    0.01    0.02    0.64 v _74733_/ZN (NAND2_X4)
                                         _30516_ (net)
                  0.01    0.00    0.64 v _74744_/A1 (NAND2_X4)
     8   21.51    0.02    0.02    0.66 ^ _74744_/ZN (NAND2_X4)
                                         _30528_ (net)
                  0.02    0.00    0.66 ^ _74750_/A1 (NAND2_X2)
     3    4.65    0.01    0.02    0.68 v _74750_/ZN (NAND2_X2)
                                         _30534_ (net)
                  0.01    0.00    0.68 v _74765_/A1 (NAND3_X1)
     2    4.72    0.02    0.02    0.70 ^ _74765_/ZN (NAND3_X1)
                                         _30551_ (net)
                  0.02    0.00    0.70 ^ _74767_/A1 (NAND2_X2)
     2    5.33    0.01    0.02    0.72 v _74767_/ZN (NAND2_X2)
                                         _30553_ (net)
                  0.01    0.00    0.72 v _74769_/A (XNOR2_X2)
     5   17.43    0.05    0.06    0.78 ^ _74769_/ZN (XNOR2_X2)
                                         _30555_ (net)
                  0.05    0.00    0.78 ^ _74770_/A (INV_X4)
     4   14.30    0.01    0.02    0.80 v _74770_/ZN (INV_X4)
                                         _30556_ (net)
                  0.01    0.00    0.80 v _74771_/A2 (NAND2_X4)
     3   20.32    0.02    0.03    0.82 ^ _74771_/ZN (NAND2_X4)
                                         _30557_ (net)
                  0.02    0.00    0.82 ^ _74789_/A1 (NOR2_X4)
    10   16.56    0.01    0.01    0.84 v _74789_/ZN (NOR2_X4)
                                         _30577_ (net)
                  0.01    0.00    0.84 v _74829_/A1 (NAND2_X1)
     1    1.66    0.01    0.01    0.85 ^ _74829_/ZN (NAND2_X1)
                                         _30621_ (net)
                  0.01    0.00    0.85 ^ _74830_/A2 (NAND2_X1)
     1    3.18    0.01    0.02    0.87 v _74830_/ZN (NAND2_X1)
                                         _30622_ (net)
                  0.01    0.00    0.87 v _74831_/A2 (NOR2_X2)
     3   10.95    0.03    0.05    0.92 ^ _74831_/ZN (NOR2_X2)
                                         _30623_ (net)
                  0.03    0.00    0.92 ^ _74858_/A1 (NAND2_X2)
     2    4.46    0.01    0.02    0.94 v _74858_/ZN (NAND2_X2)
                                         _30653_ (net)
                  0.01    0.00    0.94 v _74964_/A1 (NAND2_X2)
     1    3.05    0.01    0.02    0.95 ^ _74964_/ZN (NAND2_X2)
                                         _30770_ (net)
                  0.01    0.00    0.95 ^ _74966_/A1 (NAND2_X2)
     5   13.97    0.02    0.02    0.98 v _74966_/ZN (NAND2_X2)
                                         _30772_ (net)
                  0.02    0.00    0.98 v _74967_/A (INV_X2)
     3    6.64    0.01    0.02    1.00 ^ _74967_/ZN (INV_X2)
                                         _30773_ (net)
                  0.01    0.00    1.00 ^ _75083_/A2 (NAND2_X1)
     2    4.74    0.01    0.02    1.02 v _75083_/ZN (NAND2_X1)
                                         _30901_ (net)
                  0.01    0.00    1.02 v _75262_/A2 (NOR2_X1)
     2    3.19    0.02    0.04    1.06 ^ _75262_/ZN (NOR2_X1)
                                         _31097_ (net)
                  0.02    0.00    1.06 ^ _75277_/A1 (NAND3_X1)
     1    1.50    0.01    0.02    1.08 v _75277_/ZN (NAND3_X1)
                                         _31114_ (net)
                  0.01    0.00    1.08 v _75278_/A2 (NAND2_X1)
     1    4.00    0.01    0.02    1.10 ^ _75278_/ZN (NAND2_X1)
                                         _31115_ (net)
                  0.01    0.00    1.10 ^ _75279_/A (XNOR2_X2)
     6   11.27    0.04    0.05    1.15 ^ _75279_/ZN (XNOR2_X2)
                                         _31116_ (net)
                  0.04    0.00    1.15 ^ _75286_/A1 (NAND2_X2)
     2    7.80    0.02    0.03    1.17 v _75286_/ZN (NAND2_X2)
                                         _31124_ (net)
                  0.02    0.00    1.17 v _75303_/A2 (NOR2_X4)
     4    7.76    0.02    0.03    1.21 ^ _75303_/ZN (NOR2_X4)
                                         _31143_ (net)
                  0.02    0.00    1.21 ^ _75306_/A1 (NAND3_X2)
     5   11.57    0.02    0.03    1.24 v _75306_/ZN (NAND3_X2)
                                         _31146_ (net)
                  0.02    0.00    1.24 v _75307_/A2 (NAND2_X4)
     3    5.07    0.01    0.02    1.26 ^ _75307_/ZN (NAND2_X4)
                                         _31147_ (net)
                  0.01    0.00    1.26 ^ _75318_/A1 (NOR2_X1)
     1    1.54    0.01    0.01    1.27 v _75318_/ZN (NOR2_X1)
                                         _31159_ (net)
                  0.01    0.00    1.27 v _75346_/A (AOI21_X1)
     1    3.05    0.03    0.05    1.31 ^ _75346_/ZN (AOI21_X1)
                                         _31190_ (net)
                  0.03    0.00    1.31 ^ _75367_/A1 (NAND2_X2)
     1    5.70    0.01    0.02    1.34 v _75367_/ZN (NAND2_X2)
                                         _31213_ (net)
                  0.01    0.00    1.34 v _75375_/A1 (NAND2_X4)
     6   21.34    0.02    0.03    1.36 ^ _75375_/ZN (NAND2_X4)
                                         _31222_ (net)
                  0.02    0.00    1.36 ^ _75380_/A1 (NAND2_X4)
     6   17.54    0.01    0.02    1.38 v _75380_/ZN (NAND2_X4)
                                         _31227_ (net)
                  0.01    0.00    1.38 v _75386_/A1 (NAND2_X4)
     4   10.73    0.01    0.02    1.40 ^ _75386_/ZN (NAND2_X4)
                                         _31234_ (net)
                  0.01    0.00    1.40 ^ _75388_/A1 (NAND2_X4)
     5   13.32    0.01    0.02    1.42 v _75388_/ZN (NAND2_X4)
                                         _31236_ (net)
                  0.01    0.00    1.42 v _75389_/A (BUF_X8)
    10   27.77    0.01    0.03    1.45 v _75389_/Z (BUF_X8)
                                         _31237_ (net)
                  0.01    0.00    1.45 v _75452_/A1 (NAND2_X4)
     2    3.18    0.01    0.01    1.46 ^ _75452_/ZN (NAND2_X4)
                                         _31306_ (net)
                  0.01    0.00    1.46 ^ _75454_/A1 (NAND3_X1)
     2    3.03    0.01    0.02    1.48 v _75454_/ZN (NAND3_X1)
                                         _31309_ (net)
                  0.01    0.00    1.48 v _75528_/A2 (NAND3_X1)
     1    1.60    0.01    0.02    1.50 ^ _75528_/ZN (NAND3_X1)
                                         _31390_ (net)
                  0.01    0.00    1.50 ^ _75531_/A1 (NAND2_X1)
     1    1.53    0.01    0.01    1.51 v _75531_/ZN (NAND2_X1)
                                         _31393_ (net)
                  0.01    0.00    1.51 v _75532_/A1 (NAND2_X1)
     1    1.60    0.01    0.01    1.53 ^ _75532_/ZN (NAND2_X1)
                                         _31394_ (net)
                  0.01    0.00    1.53 ^ _75536_/A1 (NAND2_X1)
     3    6.01    0.01    0.02    1.55 v _75536_/ZN (NAND2_X1)
                                         _31399_ (net)
                  0.01    0.00    1.55 v _75537_/A2 (NOR2_X1)
     2    3.33    0.02    0.04    1.59 ^ _75537_/ZN (NOR2_X1)
                                         _31400_ (net)
                  0.02    0.00    1.59 ^ _75538_/A2 (NAND2_X1)
     1    5.59    0.01    0.03    1.61 v _75538_/ZN (NAND2_X1)
                                         _31401_ (net)
                  0.01    0.00    1.61 v _75568_/A1 (NOR2_X4)
     5   12.22    0.02    0.03    1.65 ^ _75568_/ZN (NOR2_X4)
                                         _31434_ (net)
                  0.02    0.00    1.65 ^ _75597_/A2 (NAND2_X2)
     3   10.96    0.01    0.03    1.67 v _75597_/ZN (NAND2_X2)
                                         _31466_ (net)
                  0.01    0.00    1.67 v _75647_/A (XNOR2_X2)
     2    4.25    0.01    0.04    1.71 v _75647_/ZN (XNOR2_X2)
                                         _31521_ (net)
                  0.01    0.00    1.71 v _75648_/A1 (NOR2_X2)
     1    7.16    0.02    0.03    1.74 ^ _75648_/ZN (NOR2_X2)
                                         _31522_ (net)
                  0.02    0.00    1.74 ^ _75649_/A3 (NAND3_X4)
    10   17.00    0.02    0.03    1.78 v _75649_/ZN (NAND3_X4)
                                         _31523_ (net)
                  0.02    0.00    1.78 v _75691_/A1 (AND2_X2)
     1    0.00    0.00    0.03    1.80 v _75691_/ZN (AND2_X2)
                                         o_sum[80] (net)
                  0.00    0.00    1.80 v o_sum[80] (out)
                                  1.80   data arrival time

                  0.00    2.00    2.00   clock core_clock (rise edge)
                          0.00    2.00   clock network delay (ideal)
                          0.00    2.00   clock reconvergence pessimism
                         -0.40    1.60   output external delay
                                  1.60   data required time
-----------------------------------------------------------------------------
                                  1.60   data required time
                                 -1.80   data arrival time
-----------------------------------------------------------------------------
                                 -0.20   slack (VIOLATED)



==========================================================================
Post synthesis report_power
--------------------------------------------------------------------------
Group                  Internal  Switching    Leakage      Total
                          Power      Power      Power      Power (Watts)
----------------------------------------------------------------
Sequential             0.00e+00   0.00e+00   0.00e+00   0.00e+00   0.0%
Combinational          3.32e-02   4.10e-02   9.99e-04   7.52e-02 100.0%
Clock                  0.00e+00   0.00e+00   0.00e+00   0.00e+00   0.0%
Macro                  0.00e+00   0.00e+00   0.00e+00   0.00e+00   0.0%
Pad                    0.00e+00   0.00e+00   0.00e+00   0.00e+00   0.0%
----------------------------------------------------------------
Total                  3.32e-02   4.10e-02   9.99e-04   7.52e-02 100.0%
                          44.2%      54.5%       1.3%
