
==========================================================================
Post synthesis report_tns
--------------------------------------------------------------------------
tns 0.00

==========================================================================
Post synthesis report_wns
--------------------------------------------------------------------------
wns 0.00

==========================================================================
Post synthesis report_worst_slack
--------------------------------------------------------------------------
worst slack 0.07

==========================================================================
Post synthesis report_checks -path_delay min
--------------------------------------------------------------------------
Startpoint: u_pcu.slot_fifo_rd_ptr_q$_SDFFE_PN0P_
            (rising edge-triggered flip-flop clocked by core_clock)
Endpoint: _97112_ (rising edge-triggered flip-flop clocked by core_clock)
Path Group: core_clock
Path Type: min

Fanout     Cap    Slew   Delay    Time   Description
-----------------------------------------------------------------------------
                  0.00    0.00    0.00   clock core_clock (rise edge)
                          0.00    0.00   clock network delay (ideal)
                  0.00    0.00    0.00 ^ u_pcu.slot_fifo_rd_ptr_q$_SDFFE_PN0P_/CK (DFF_X1)
     2    3.22    0.01    0.07    0.07 ^ u_pcu.slot_fifo_rd_ptr_q$_SDFFE_PN0P_/QN (DFF_X1)
                                         _47335_ (net)
                  0.01    0.00    0.07 ^ _50514_/B1 (AOI21_X1)
     1    1.06    0.01    0.01    0.08 v _50514_/ZN (AOI21_X1)
                                         _00021_ (net)
                  0.01    0.00    0.08 v _97112_/D (DFF_X1)
                                  0.08   data arrival time

                  0.00    0.00    0.00   clock core_clock (rise edge)
                          0.00    0.00   clock network delay (ideal)
                          0.00    0.00   clock reconvergence pessimism
                                  0.00 ^ _97112_/CK (DFF_X1)
                          0.00    0.00   library hold time
                                  0.00   data required time
-----------------------------------------------------------------------------
                                  0.00   data required time
                                 -0.08   data arrival time
-----------------------------------------------------------------------------
                                  0.08   slack (MET)



==========================================================================
Post synthesis report_checks -path_delay max
--------------------------------------------------------------------------
Startpoint: i_act[57] (input port clocked by core_clock)
Endpoint: u_pcu.u_raw_pcu.g_pe[0].u_pe.s0_act_q[3][16]$_SDFF_PN0_
          (rising edge-triggered flip-flop clocked by core_clock)
Path Group: core_clock
Path Type: max

Fanout     Cap    Slew   Delay    Time   Description
-----------------------------------------------------------------------------
                  0.00    0.00    0.00   clock core_clock (rise edge)
                          0.00    0.00   clock network delay (ideal)
                          0.40    0.40 v input external delay
     2    3.10    0.00    0.00    0.40 v i_act[57] (in)
                                         i_act[57] (net)
                  0.00    0.00    0.40 v _68407_/A2 (OR2_X2)
     2    7.33    0.01    0.05    0.45 v _68407_/ZN (OR2_X2)
                                         _18623_ (net)
                  0.01    0.00    0.45 v _68408_/A4 (NOR4_X4)
     6   11.28    0.05    0.09    0.54 ^ _68408_/ZN (NOR4_X4)
                                         _18624_ (net)
                  0.05    0.00    0.54 ^ _68409_/B1 (OAI21_X2)
     3    5.16    0.02    0.02    0.57 v _68409_/ZN (OAI21_X2)
                                         _18625_ (net)
                  0.02    0.00    0.57 v _68413_/A1 (NAND2_X1)
     1    1.60    0.01    0.02    0.59 ^ _68413_/ZN (NAND2_X1)
                                         _18629_ (net)
                  0.01    0.00    0.59 ^ _68414_/A1 (NAND2_X1)
     2    3.66    0.01    0.02    0.60 v _68414_/ZN (NAND2_X1)
                                         _18630_ (net)
                  0.01    0.00    0.60 v _68418_/A1 (NAND2_X1)
     1    3.05    0.01    0.02    0.62 ^ _68418_/ZN (NAND2_X1)
                                         _18634_ (net)
                  0.01    0.00    0.62 ^ _68420_/A1 (NAND2_X2)
     2    3.66    0.01    0.01    0.63 v _68420_/ZN (NAND2_X2)
                                         _18636_ (net)
                  0.01    0.00    0.63 v _68424_/A1 (NAND2_X1)
     1    1.60    0.01    0.01    0.65 ^ _68424_/ZN (NAND2_X1)
                                         _18640_ (net)
                  0.01    0.00    0.65 ^ _68426_/A1 (NAND2_X1)
     3    5.18    0.01    0.02    0.67 v _68426_/ZN (NAND2_X1)
                                         _18642_ (net)
                  0.01    0.00    0.67 v _68433_/A1 (NAND2_X1)
     1    1.59    0.01    0.02    0.68 ^ _68433_/ZN (NAND2_X1)
                                         _18649_ (net)
                  0.01    0.00    0.68 ^ _68436_/A1 (NAND3_X1)
     1    1.53    0.01    0.02    0.70 v _68436_/ZN (NAND3_X1)
                                         _18652_ (net)
                  0.01    0.00    0.70 v _68439_/A1 (NAND2_X1)
     2    3.18    0.01    0.02    0.72 ^ _68439_/ZN (NAND2_X1)
                                         _18655_ (net)
                  0.01    0.00    0.72 ^ _68446_/A1 (OR2_X1)
     1    1.59    0.01    0.02    0.74 ^ _68446_/ZN (OR2_X1)
                                         _18662_ (net)
                  0.01    0.00    0.74 ^ _68450_/A1 (NAND3_X1)
     1    2.93    0.01    0.02    0.76 v _68450_/ZN (NAND3_X1)
                                         _18666_ (net)
                  0.01    0.00    0.76 v _68452_/A1 (NAND2_X2)
     2    8.58    0.02    0.02    0.79 ^ _68452_/ZN (NAND2_X2)
                                         _18668_ (net)
                  0.02    0.00    0.79 ^ _68455_/B1 (OAI21_X4)
     2    7.82    0.01    0.02    0.80 v _68455_/ZN (OAI21_X4)
                                         _18671_ (net)
                  0.01    0.00    0.80 v _68460_/A1 (NAND2_X4)
     1    3.05    0.01    0.01    0.82 ^ _68460_/ZN (NAND2_X4)
                                         _18676_ (net)
                  0.01    0.00    0.82 ^ _68461_/A1 (NAND2_X2)
     3    6.06    0.01    0.01    0.83 v _68461_/ZN (NAND2_X2)
                                         _18677_ (net)
                  0.01    0.00    0.83 v _68472_/A (BUF_X4)
    10   27.67    0.01    0.03    0.87 v _68472_/Z (BUF_X4)
                                         _18688_ (net)
                  0.01    0.00    0.87 v _68482_/A1 (NAND2_X4)
     9   19.41    0.02    0.02    0.89 ^ _68482_/ZN (NAND2_X4)
                                         _18698_ (net)
                  0.02    0.00    0.89 ^ _68483_/A (INV_X4)
     7   11.79    0.01    0.01    0.90 v _68483_/ZN (INV_X4)
                                         _18699_ (net)
                  0.01    0.00    0.90 v _68511_/A2 (NOR2_X1)
     3    6.58    0.04    0.05    0.95 ^ _68511_/ZN (NOR2_X1)
                                         _18727_ (net)
                  0.04    0.00    0.95 ^ _68512_/A (INV_X2)
     3    9.28    0.01    0.02    0.97 v _68512_/ZN (INV_X2)
                                         _18728_ (net)
                  0.01    0.00    0.97 v _68513_/A2 (NOR2_X4)
     4    8.50    0.02    0.03    1.00 ^ _68513_/ZN (NOR2_X4)
                                         _18729_ (net)
                  0.02    0.00    1.00 ^ _68529_/B2 (AOI21_X2)
     1    5.80    0.01    0.02    1.02 v _68529_/ZN (AOI21_X2)
                                         _18745_ (net)
                  0.01    0.00    1.02 v _68530_/A4 (NOR4_X4)
     6   10.23    0.05    0.09    1.11 ^ _68530_/ZN (NOR4_X4)
                                         _18746_ (net)
                  0.05    0.00    1.11 ^ _68531_/A1 (NAND2_X2)
     3    3.75    0.02    0.02    1.13 v _68531_/ZN (NAND2_X2)
                                         _18747_ (net)
                  0.02    0.00    1.13 v _68532_/A1 (NOR2_X1)
     2    3.22    0.02    0.03    1.17 ^ _68532_/ZN (NOR2_X1)
                                         _18748_ (net)
                  0.02    0.00    1.17 ^ _68533_/A (INV_X1)
     1    2.60    0.01    0.01    1.18 v _68533_/ZN (INV_X1)
                                         _18749_ (net)
                  0.01    0.00    1.18 v _68541_/A1 (NOR4_X2)
     2    3.41    0.04    0.05    1.22 ^ _68541_/ZN (NOR4_X2)
                                         _18757_ (net)
                  0.04    0.00    1.22 ^ _68553_/A1 (NOR3_X1)
     1    2.94    0.01    0.02    1.24 v _68553_/ZN (NOR3_X1)
                                         _18769_ (net)
                  0.01    0.00    1.24 v _68554_/A (INV_X2)
     2    3.28    0.01    0.01    1.26 ^ _68554_/ZN (INV_X2)
                                         _18770_ (net)
                  0.01    0.00    1.26 ^ _68557_/A1 (NOR2_X1)
     2    2.40    0.01    0.01    1.26 v _68557_/ZN (NOR2_X1)
                                         _18773_ (net)
                  0.01    0.00    1.26 v _68563_/A1 (AND2_X1)
     2    3.12    0.01    0.03    1.30 v _68563_/ZN (AND2_X1)
                                         _18779_ (net)
                  0.01    0.00    1.30 v _68569_/A1 (AND2_X2)
     2    3.10    0.01    0.03    1.32 v _68569_/ZN (AND2_X2)
                                         _18785_ (net)
                  0.01    0.00    1.32 v _68633_/A1 (AND2_X2)
     1    2.64    0.01    0.02    1.35 v _68633_/ZN (AND2_X2)
                                         _18849_ (net)
                  0.01    0.00    1.35 v _68641_/A1 (NOR3_X2)
     1    1.63    0.02    0.03    1.37 ^ _68641_/ZN (NOR3_X2)
                                         _18857_ (net)
                  0.02    0.00    1.37 ^ _68643_/A (OAI221_X1)
     1    1.57    0.02    0.03    1.41 v _68643_/ZN (OAI221_X1)
                                         _18859_ (net)
                  0.02    0.00    1.41 v _68644_/A1 (AND2_X2)
     1    2.70    0.01    0.03    1.44 v _68644_/ZN (AND2_X2)
                                         _18860_ (net)
                  0.01    0.00    1.44 v _68645_/B1 (OAI21_X2)
     1    1.70    0.01    0.02    1.46 ^ _68645_/ZN (OAI21_X2)
                                         _18861_ (net)
                  0.01    0.00    1.46 ^ _68646_/A (INV_X1)
     3    4.47    0.01    0.01    1.47 v _68646_/ZN (INV_X1)
                                         _18862_ (net)
                  0.01    0.00    1.47 v _68688_/A1 (NOR2_X1)
     2    3.36    0.02    0.03    1.51 ^ _68688_/ZN (NOR2_X1)
                                         _18903_ (net)
                  0.02    0.00    1.51 ^ _68689_/A (INV_X1)
     2    4.26    0.01    0.01    1.52 v _68689_/ZN (INV_X1)
                                         _18904_ (net)
                  0.01    0.00    1.52 v _68704_/A1 (NOR2_X2)
     3    5.67    0.02    0.03    1.55 ^ _68704_/ZN (NOR2_X2)
                                         _18919_ (net)
                  0.02    0.00    1.55 ^ _68717_/A1 (NAND2_X2)
     2    7.12    0.01    0.02    1.57 v _68717_/ZN (NAND2_X2)
                                         _18932_ (net)
                  0.01    0.00    1.57 v _68725_/A1 (NOR2_X4)
     3    6.44    0.02    0.02    1.59 ^ _68725_/ZN (NOR2_X4)
                                         _18940_ (net)
                  0.02    0.00    1.59 ^ _68745_/A1 (NAND3_X2)
     3    5.01    0.01    0.02    1.62 v _68745_/ZN (NAND3_X2)
                                         _18960_ (net)
                  0.01    0.00    1.62 v _68751_/A1 (NOR2_X2)
     1    3.25    0.02    0.02    1.64 ^ _68751_/ZN (NOR2_X2)
                                         _18966_ (net)
                  0.02    0.00    1.64 ^ _68752_/A (INV_X2)
     3    5.71    0.01    0.01    1.65 v _68752_/ZN (INV_X2)
                                         _18967_ (net)
                  0.01    0.00    1.65 v _68754_/A1 (NOR2_X2)
     1    3.25    0.02    0.02    1.67 ^ _68754_/ZN (NOR2_X2)
                                         _18969_ (net)
                  0.02    0.00    1.67 ^ _68755_/A (INV_X2)
     3    5.71    0.01    0.01    1.69 v _68755_/ZN (INV_X2)
                                         _18970_ (net)
                  0.01    0.00    1.69 v _68757_/A1 (NOR2_X2)
     2    3.36    0.02    0.02    1.71 ^ _68757_/ZN (NOR2_X2)
                                         _18972_ (net)
                  0.02    0.00    1.71 ^ _68758_/A (INV_X1)
     2    7.16    0.01    0.02    1.73 v _68758_/ZN (INV_X1)
                                         _18973_ (net)
                  0.01    0.00    1.73 v _68767_/A1 (NOR2_X4)
     2    4.97    0.01    0.02    1.75 ^ _68767_/ZN (NOR2_X4)
                                         _18981_ (net)
                  0.01    0.00    1.75 ^ _68772_/A (INV_X2)
     1    5.59    0.01    0.01    1.76 v _68772_/ZN (INV_X2)
                                         _18985_ (net)
                  0.01    0.00    1.76 v _68773_/A1 (NOR2_X4)
     3    6.28    0.01    0.02    1.78 ^ _68773_/ZN (NOR2_X4)
                                         _18986_ (net)
                  0.01    0.00    1.78 ^ _68787_/A1 (NAND3_X2)
     2    4.39    0.01    0.02    1.80 v _68787_/ZN (NAND3_X2)
                                         _18998_ (net)
                  0.01    0.00    1.80 v _68788_/A (INV_X2)
     2    4.82    0.01    0.02    1.82 ^ _68788_/ZN (INV_X2)
                                         _18999_ (net)
                  0.01    0.00    1.82 ^ _68794_/A1 (NAND2_X2)
     3    3.80    0.01    0.01    1.83 v _68794_/ZN (NAND2_X2)
                                         _19004_ (net)
                  0.01    0.00    1.83 v _68801_/A1 (OR2_X1)
     1    1.56    0.01    0.04    1.87 v _68801_/ZN (OR2_X1)
                                         _19010_ (net)
                  0.01    0.00    1.87 v _68802_/A1 (NAND3_X1)
     1    1.70    0.01    0.02    1.89 ^ _68802_/ZN (NAND3_X1)
                                         _19011_ (net)
                  0.01    0.00    1.89 ^ _68803_/A (INV_X1)
     1    1.06    0.00    0.01    1.90 v _68803_/ZN (INV_X1)
                                         _02604_ (net)
                  0.00    0.00    1.90 v u_pcu.u_raw_pcu.g_pe[0].u_pe.s0_act_q[3][16]$_SDFF_PN0_/D (DFF_X1)
                                  1.90   data arrival time

                  0.00    2.00    2.00   clock core_clock (rise edge)
                          0.00    2.00   clock network delay (ideal)
                          0.00    2.00   clock reconvergence pessimism
                                  2.00 ^ u_pcu.u_raw_pcu.g_pe[0].u_pe.s0_act_q[3][16]$_SDFF_PN0_/CK (DFF_X1)
                         -0.04    1.96   library setup time
                                  1.96   data required time
-----------------------------------------------------------------------------
                                  1.96   data required time
                                 -1.90   data arrival time
-----------------------------------------------------------------------------
                                  0.07   slack (MET)



==========================================================================
Post synthesis report_checks -unconstrained
--------------------------------------------------------------------------
Startpoint: i_act[57] (input port clocked by core_clock)
Endpoint: u_pcu.u_raw_pcu.g_pe[0].u_pe.s0_act_q[3][16]$_SDFF_PN0_
          (rising edge-triggered flip-flop clocked by core_clock)
Path Group: core_clock
Path Type: max

Fanout     Cap    Slew   Delay    Time   Description
-----------------------------------------------------------------------------
                  0.00    0.00    0.00   clock core_clock (rise edge)
                          0.00    0.00   clock network delay (ideal)
                          0.40    0.40 v input external delay
     2    3.10    0.00    0.00    0.40 v i_act[57] (in)
                                         i_act[57] (net)
                  0.00    0.00    0.40 v _68407_/A2 (OR2_X2)
     2    7.33    0.01    0.05    0.45 v _68407_/ZN (OR2_X2)
                                         _18623_ (net)
                  0.01    0.00    0.45 v _68408_/A4 (NOR4_X4)
     6   11.28    0.05    0.09    0.54 ^ _68408_/ZN (NOR4_X4)
                                         _18624_ (net)
                  0.05    0.00    0.54 ^ _68409_/B1 (OAI21_X2)
     3    5.16    0.02    0.02    0.57 v _68409_/ZN (OAI21_X2)
                                         _18625_ (net)
                  0.02    0.00    0.57 v _68413_/A1 (NAND2_X1)
     1    1.60    0.01    0.02    0.59 ^ _68413_/ZN (NAND2_X1)
                                         _18629_ (net)
                  0.01    0.00    0.59 ^ _68414_/A1 (NAND2_X1)
     2    3.66    0.01    0.02    0.60 v _68414_/ZN (NAND2_X1)
                                         _18630_ (net)
                  0.01    0.00    0.60 v _68418_/A1 (NAND2_X1)
     1    3.05    0.01    0.02    0.62 ^ _68418_/ZN (NAND2_X1)
                                         _18634_ (net)
                  0.01    0.00    0.62 ^ _68420_/A1 (NAND2_X2)
     2    3.66    0.01    0.01    0.63 v _68420_/ZN (NAND2_X2)
                                         _18636_ (net)
                  0.01    0.00    0.63 v _68424_/A1 (NAND2_X1)
     1    1.60    0.01    0.01    0.65 ^ _68424_/ZN (NAND2_X1)
                                         _18640_ (net)
                  0.01    0.00    0.65 ^ _68426_/A1 (NAND2_X1)
     3    5.18    0.01    0.02    0.67 v _68426_/ZN (NAND2_X1)
                                         _18642_ (net)
                  0.01    0.00    0.67 v _68433_/A1 (NAND2_X1)
     1    1.59    0.01    0.02    0.68 ^ _68433_/ZN (NAND2_X1)
                                         _18649_ (net)
                  0.01    0.00    0.68 ^ _68436_/A1 (NAND3_X1)
     1    1.53    0.01    0.02    0.70 v _68436_/ZN (NAND3_X1)
                                         _18652_ (net)
                  0.01    0.00    0.70 v _68439_/A1 (NAND2_X1)
     2    3.18    0.01    0.02    0.72 ^ _68439_/ZN (NAND2_X1)
                                         _18655_ (net)
                  0.01    0.00    0.72 ^ _68446_/A1 (OR2_X1)
     1    1.59    0.01    0.02    0.74 ^ _68446_/ZN (OR2_X1)
                                         _18662_ (net)
                  0.01    0.00    0.74 ^ _68450_/A1 (NAND3_X1)
     1    2.93    0.01    0.02    0.76 v _68450_/ZN (NAND3_X1)
                                         _18666_ (net)
                  0.01    0.00    0.76 v _68452_/A1 (NAND2_X2)
     2    8.58    0.02    0.02    0.79 ^ _68452_/ZN (NAND2_X2)
                                         _18668_ (net)
                  0.02    0.00    0.79 ^ _68455_/B1 (OAI21_X4)
     2    7.82    0.01    0.02    0.80 v _68455_/ZN (OAI21_X4)
                                         _18671_ (net)
                  0.01    0.00    0.80 v _68460_/A1 (NAND2_X4)
     1    3.05    0.01    0.01    0.82 ^ _68460_/ZN (NAND2_X4)
                                         _18676_ (net)
                  0.01    0.00    0.82 ^ _68461_/A1 (NAND2_X2)
     3    6.06    0.01    0.01    0.83 v _68461_/ZN (NAND2_X2)
                                         _18677_ (net)
                  0.01    0.00    0.83 v _68472_/A (BUF_X4)
    10   27.67    0.01    0.03    0.87 v _68472_/Z (BUF_X4)
                                         _18688_ (net)
                  0.01    0.00    0.87 v _68482_/A1 (NAND2_X4)
     9   19.41    0.02    0.02    0.89 ^ _68482_/ZN (NAND2_X4)
                                         _18698_ (net)
                  0.02    0.00    0.89 ^ _68483_/A (INV_X4)
     7   11.79    0.01    0.01    0.90 v _68483_/ZN (INV_X4)
                                         _18699_ (net)
                  0.01    0.00    0.90 v _68511_/A2 (NOR2_X1)
     3    6.58    0.04    0.05    0.95 ^ _68511_/ZN (NOR2_X1)
                                         _18727_ (net)
                  0.04    0.00    0.95 ^ _68512_/A (INV_X2)
     3    9.28    0.01    0.02    0.97 v _68512_/ZN (INV_X2)
                                         _18728_ (net)
                  0.01    0.00    0.97 v _68513_/A2 (NOR2_X4)
     4    8.50    0.02    0.03    1.00 ^ _68513_/ZN (NOR2_X4)
                                         _18729_ (net)
                  0.02    0.00    1.00 ^ _68529_/B2 (AOI21_X2)
     1    5.80    0.01    0.02    1.02 v _68529_/ZN (AOI21_X2)
                                         _18745_ (net)
                  0.01    0.00    1.02 v _68530_/A4 (NOR4_X4)
     6   10.23    0.05    0.09    1.11 ^ _68530_/ZN (NOR4_X4)
                                         _18746_ (net)
                  0.05    0.00    1.11 ^ _68531_/A1 (NAND2_X2)
     3    3.75    0.02    0.02    1.13 v _68531_/ZN (NAND2_X2)
                                         _18747_ (net)
                  0.02    0.00    1.13 v _68532_/A1 (NOR2_X1)
     2    3.22    0.02    0.03    1.17 ^ _68532_/ZN (NOR2_X1)
                                         _18748_ (net)
                  0.02    0.00    1.17 ^ _68533_/A (INV_X1)
     1    2.60    0.01    0.01    1.18 v _68533_/ZN (INV_X1)
                                         _18749_ (net)
                  0.01    0.00    1.18 v _68541_/A1 (NOR4_X2)
     2    3.41    0.04    0.05    1.22 ^ _68541_/ZN (NOR4_X2)
                                         _18757_ (net)
                  0.04    0.00    1.22 ^ _68553_/A1 (NOR3_X1)
     1    2.94    0.01    0.02    1.24 v _68553_/ZN (NOR3_X1)
                                         _18769_ (net)
                  0.01    0.00    1.24 v _68554_/A (INV_X2)
     2    3.28    0.01    0.01    1.26 ^ _68554_/ZN (INV_X2)
                                         _18770_ (net)
                  0.01    0.00    1.26 ^ _68557_/A1 (NOR2_X1)
     2    2.40    0.01    0.01    1.26 v _68557_/ZN (NOR2_X1)
                                         _18773_ (net)
                  0.01    0.00    1.26 v _68563_/A1 (AND2_X1)
     2    3.12    0.01    0.03    1.30 v _68563_/ZN (AND2_X1)
                                         _18779_ (net)
                  0.01    0.00    1.30 v _68569_/A1 (AND2_X2)
     2    3.10    0.01    0.03    1.32 v _68569_/ZN (AND2_X2)
                                         _18785_ (net)
                  0.01    0.00    1.32 v _68633_/A1 (AND2_X2)
     1    2.64    0.01    0.02    1.35 v _68633_/ZN (AND2_X2)
                                         _18849_ (net)
                  0.01    0.00    1.35 v _68641_/A1 (NOR3_X2)
     1    1.63    0.02    0.03    1.37 ^ _68641_/ZN (NOR3_X2)
                                         _18857_ (net)
                  0.02    0.00    1.37 ^ _68643_/A (OAI221_X1)
     1    1.57    0.02    0.03    1.41 v _68643_/ZN (OAI221_X1)
                                         _18859_ (net)
                  0.02    0.00    1.41 v _68644_/A1 (AND2_X2)
     1    2.70    0.01    0.03    1.44 v _68644_/ZN (AND2_X2)
                                         _18860_ (net)
                  0.01    0.00    1.44 v _68645_/B1 (OAI21_X2)
     1    1.70    0.01    0.02    1.46 ^ _68645_/ZN (OAI21_X2)
                                         _18861_ (net)
                  0.01    0.00    1.46 ^ _68646_/A (INV_X1)
     3    4.47    0.01    0.01    1.47 v _68646_/ZN (INV_X1)
                                         _18862_ (net)
                  0.01    0.00    1.47 v _68688_/A1 (NOR2_X1)
     2    3.36    0.02    0.03    1.51 ^ _68688_/ZN (NOR2_X1)
                                         _18903_ (net)
                  0.02    0.00    1.51 ^ _68689_/A (INV_X1)
     2    4.26    0.01    0.01    1.52 v _68689_/ZN (INV_X1)
                                         _18904_ (net)
                  0.01    0.00    1.52 v _68704_/A1 (NOR2_X2)
     3    5.67    0.02    0.03    1.55 ^ _68704_/ZN (NOR2_X2)
                                         _18919_ (net)
                  0.02    0.00    1.55 ^ _68717_/A1 (NAND2_X2)
     2    7.12    0.01    0.02    1.57 v _68717_/ZN (NAND2_X2)
                                         _18932_ (net)
                  0.01    0.00    1.57 v _68725_/A1 (NOR2_X4)
     3    6.44    0.02    0.02    1.59 ^ _68725_/ZN (NOR2_X4)
                                         _18940_ (net)
                  0.02    0.00    1.59 ^ _68745_/A1 (NAND3_X2)
     3    5.01    0.01    0.02    1.62 v _68745_/ZN (NAND3_X2)
                                         _18960_ (net)
                  0.01    0.00    1.62 v _68751_/A1 (NOR2_X2)
     1    3.25    0.02    0.02    1.64 ^ _68751_/ZN (NOR2_X2)
                                         _18966_ (net)
                  0.02    0.00    1.64 ^ _68752_/A (INV_X2)
     3    5.71    0.01    0.01    1.65 v _68752_/ZN (INV_X2)
                                         _18967_ (net)
                  0.01    0.00    1.65 v _68754_/A1 (NOR2_X2)
     1    3.25    0.02    0.02    1.67 ^ _68754_/ZN (NOR2_X2)
                                         _18969_ (net)
                  0.02    0.00    1.67 ^ _68755_/A (INV_X2)
     3    5.71    0.01    0.01    1.69 v _68755_/ZN (INV_X2)
                                         _18970_ (net)
                  0.01    0.00    1.69 v _68757_/A1 (NOR2_X2)
     2    3.36    0.02    0.02    1.71 ^ _68757_/ZN (NOR2_X2)
                                         _18972_ (net)
                  0.02    0.00    1.71 ^ _68758_/A (INV_X1)
     2    7.16    0.01    0.02    1.73 v _68758_/ZN (INV_X1)
                                         _18973_ (net)
                  0.01    0.00    1.73 v _68767_/A1 (NOR2_X4)
     2    4.97    0.01    0.02    1.75 ^ _68767_/ZN (NOR2_X4)
                                         _18981_ (net)
                  0.01    0.00    1.75 ^ _68772_/A (INV_X2)
     1    5.59    0.01    0.01    1.76 v _68772_/ZN (INV_X2)
                                         _18985_ (net)
                  0.01    0.00    1.76 v _68773_/A1 (NOR2_X4)
     3    6.28    0.01    0.02    1.78 ^ _68773_/ZN (NOR2_X4)
                                         _18986_ (net)
                  0.01    0.00    1.78 ^ _68787_/A1 (NAND3_X2)
     2    4.39    0.01    0.02    1.80 v _68787_/ZN (NAND3_X2)
                                         _18998_ (net)
                  0.01    0.00    1.80 v _68788_/A (INV_X2)
     2    4.82    0.01    0.02    1.82 ^ _68788_/ZN (INV_X2)
                                         _18999_ (net)
                  0.01    0.00    1.82 ^ _68794_/A1 (NAND2_X2)
     3    3.80    0.01    0.01    1.83 v _68794_/ZN (NAND2_X2)
                                         _19004_ (net)
                  0.01    0.00    1.83 v _68801_/A1 (OR2_X1)
     1    1.56    0.01    0.04    1.87 v _68801_/ZN (OR2_X1)
                                         _19010_ (net)
                  0.01    0.00    1.87 v _68802_/A1 (NAND3_X1)
     1    1.70    0.01    0.02    1.89 ^ _68802_/ZN (NAND3_X1)
                                         _19011_ (net)
                  0.01    0.00    1.89 ^ _68803_/A (INV_X1)
     1    1.06    0.00    0.01    1.90 v _68803_/ZN (INV_X1)
                                         _02604_ (net)
                  0.00    0.00    1.90 v u_pcu.u_raw_pcu.g_pe[0].u_pe.s0_act_q[3][16]$_SDFF_PN0_/D (DFF_X1)
                                  1.90   data arrival time

                  0.00    2.00    2.00   clock core_clock (rise edge)
                          0.00    2.00   clock network delay (ideal)
                          0.00    2.00   clock reconvergence pessimism
                                  2.00 ^ u_pcu.u_raw_pcu.g_pe[0].u_pe.s0_act_q[3][16]$_SDFF_PN0_/CK (DFF_X1)
                         -0.04    1.96   library setup time
                                  1.96   data required time
-----------------------------------------------------------------------------
                                  1.96   data required time
                                 -1.90   data arrival time
-----------------------------------------------------------------------------
                                  0.07   slack (MET)



==========================================================================
Post synthesis report_power
--------------------------------------------------------------------------
Group                  Internal  Switching    Leakage      Total
                          Power      Power      Power      Power (Watts)
----------------------------------------------------------------
Sequential             1.45e-02   5.99e-04   2.76e-04   1.54e-02  39.3%
Combinational          1.11e-02   1.15e-02   1.13e-03   2.38e-02  60.7%
Clock                  0.00e+00   0.00e+00   0.00e+00   0.00e+00   0.0%
Macro                  0.00e+00   0.00e+00   0.00e+00   0.00e+00   0.0%
Pad                    0.00e+00   0.00e+00   0.00e+00   0.00e+00   0.0%
----------------------------------------------------------------
Total                  2.57e-02   1.21e-02   1.41e-03   3.92e-02 100.0%
                          65.4%      31.0%       3.6%
