
==========================================================================
Post synthesis report_tns
--------------------------------------------------------------------------
tns 0.00

==========================================================================
Post synthesis report_wns
--------------------------------------------------------------------------
wns 0.00

==========================================================================
Post synthesis report_worst_slack
--------------------------------------------------------------------------
worst slack 0.89

==========================================================================
Post synthesis report_checks -path_delay min
--------------------------------------------------------------------------
Startpoint: u_pcu.ovf_sticky_q$_SDFF_PN0_
            (rising edge-triggered flip-flop clocked by core_clock)
Endpoint: u_pcu.ovf_sticky_q$_SDFF_PN0_
          (rising edge-triggered flip-flop clocked by core_clock)
Path Group: core_clock
Path Type: min

Fanout     Cap    Slew   Delay    Time   Description
-----------------------------------------------------------------------------
                  0.00    0.00    0.00   clock core_clock (rise edge)
                          0.00    0.00   clock network delay (ideal)
                  0.00    0.00    0.00 ^ u_pcu.ovf_sticky_q$_SDFF_PN0_/CK (DFF_X1)
     2    1.49    0.01    0.08    0.08 v u_pcu.ovf_sticky_q$_SDFF_PN0_/Q (DFF_X1)
                                         ovf_sticky_o (net)
                  0.01    0.00    0.08 v _56298_/A3 (NAND3_X1)
     1    1.66    0.01    0.02    0.10 ^ _56298_/ZN (NAND3_X1)
                                         _21905_ (net)
                  0.01    0.00    0.10 ^ _56299_/A2 (NAND2_X1)
     1    1.06    0.01    0.01    0.11 v _56299_/ZN (NAND2_X1)
                                         _00566_ (net)
                  0.01    0.00    0.11 v u_pcu.ovf_sticky_q$_SDFF_PN0_/D (DFF_X1)
                                  0.11   data arrival time

                  0.00    0.00    0.00   clock core_clock (rise edge)
                          0.00    0.00   clock network delay (ideal)
                          0.00    0.00   clock reconvergence pessimism
                                  0.00 ^ u_pcu.ovf_sticky_q$_SDFF_PN0_/CK (DFF_X1)
                          0.00    0.00   library hold time
                                  0.00   data required time
-----------------------------------------------------------------------------
                                  0.00   data required time
                                 -0.11   data arrival time
-----------------------------------------------------------------------------
                                  0.11   slack (MET)



==========================================================================
Post synthesis report_checks -path_delay max
--------------------------------------------------------------------------
Startpoint: a_q4_i[6] (input port clocked by core_clock)
Endpoint: u_pcu.g_row[0].g_pe[5].u_pe.psum_q[8]$_SDFFE_PN0P_
          (rising edge-triggered flip-flop clocked by core_clock)
Path Group: core_clock
Path Type: max

Fanout     Cap    Slew   Delay    Time   Description
-----------------------------------------------------------------------------
                  0.00    0.00    0.00   clock core_clock (rise edge)
                          0.00    0.00   clock network delay (ideal)
                          0.40    0.40 v input external delay
     1    5.81    0.00    0.00    0.40 v a_q4_i[6] (in)
                                         a_q4_i[6] (net)
                  0.00    0.00    0.40 v _45385_/A (BUF_X8)
    10   68.00    0.01    0.03    0.43 v _45385_/Z (BUF_X8)
                                         _11406_ (net)
                  0.01    0.00    0.43 v _45629_/A (BUF_X8)
    10   23.73    0.01    0.03    0.46 v _45629_/Z (BUF_X8)
                                         _11648_ (net)
                  0.01    0.00    0.46 v _45773_/A (BUF_X4)
    10   15.60    0.01    0.03    0.49 v _45773_/Z (BUF_X4)
                                         _11791_ (net)
                  0.01    0.00    0.49 v _52766_/A2 (NOR2_X1)
     1    1.70    0.02    0.03    0.52 ^ _52766_/ZN (NOR2_X1)
                                         _18674_ (net)
                  0.02    0.00    0.52 ^ _52767_/A (INV_X1)
     2    2.93    0.01    0.01    0.53 v _52767_/ZN (INV_X1)
                                         _18675_ (net)
                  0.01    0.00    0.53 v _52769_/A1 (NOR2_X1)
     2    3.46    0.02    0.03    0.56 ^ _52769_/ZN (NOR2_X1)
                                         _18677_ (net)
                  0.02    0.00    0.56 ^ _52770_/A (INV_X1)
     1    0.89    0.01    0.01    0.57 v _52770_/ZN (INV_X1)
                                         _18678_ (net)
                  0.01    0.00    0.57 v _52771_/A2 (AND2_X1)
     2    4.69    0.01    0.03    0.60 v _52771_/ZN (AND2_X1)
                                         _18679_ (net)
                  0.01    0.00    0.60 v _52773_/A (INV_X1)
     1    1.65    0.01    0.01    0.61 ^ _52773_/ZN (INV_X1)
                                         _18681_ (net)
                  0.01    0.00    0.61 ^ _52774_/A3 (NAND3_X1)
     2    3.03    0.01    0.02    0.64 v _52774_/ZN (NAND3_X1)
                                         _18682_ (net)
                  0.01    0.00    0.64 v _52775_/A2 (NAND2_X1)
     1    2.23    0.01    0.02    0.66 ^ _52775_/ZN (NAND2_X1)
                                         _18683_ (net)
                  0.01    0.00    0.66 ^ _52777_/A (XNOR2_X1)
     3    4.89    0.03    0.05    0.70 ^ _52777_/ZN (XNOR2_X1)
                                         _18685_ (net)
                  0.03    0.00    0.70 ^ _52885_/A1 (NAND2_X1)
     1    1.42    0.01    0.02    0.72 v _52885_/ZN (NAND2_X1)
                                         _18792_ (net)
                  0.01    0.00    0.72 v _52886_/A1 (OR2_X2)
     2    4.43    0.01    0.04    0.76 v _52886_/ZN (OR2_X2)
                                         _18793_ (net)
                  0.01    0.00    0.76 v _52936_/A1 (NAND2_X2)
     3    4.99    0.01    0.02    0.78 ^ _52936_/ZN (NAND2_X2)
                                         _18842_ (net)
                  0.01    0.00    0.78 ^ _52939_/A2 (NAND2_X1)
     3    4.52    0.02    0.02    0.80 v _52939_/ZN (NAND2_X1)
                                         _18845_ (net)
                  0.02    0.00    0.80 v _52940_/A2 (NAND2_X1)
     2    3.20    0.01    0.02    0.83 ^ _52940_/ZN (NAND2_X1)
                                         _18846_ (net)
                  0.01    0.00    0.83 ^ _52942_/A1 (NAND2_X1)
     1    2.93    0.01    0.02    0.84 v _52942_/ZN (NAND2_X1)
                                         _18848_ (net)
                  0.01    0.00    0.84 v _52945_/A1 (NAND2_X2)
     3    6.71    0.01    0.02    0.86 ^ _52945_/ZN (NAND2_X2)
                                         _18851_ (net)
                  0.01    0.00    0.86 ^ _52946_/A2 (NAND2_X2)
     2    4.46    0.01    0.02    0.88 v _52946_/ZN (NAND2_X2)
                                         _18852_ (net)
                  0.01    0.00    0.88 v _52951_/A1 (NAND2_X1)
     1    3.05    0.01    0.02    0.89 ^ _52951_/ZN (NAND2_X1)
                                         _18857_ (net)
                  0.01    0.00    0.89 ^ _52954_/A1 (NAND2_X2)
     2    7.69    0.01    0.02    0.91 v _52954_/ZN (NAND2_X2)
                                         _18860_ (net)
                  0.01    0.00    0.91 v _52956_/A1 (NAND2_X1)
     1    3.05    0.01    0.02    0.93 ^ _52956_/ZN (NAND2_X1)
                                         _18862_ (net)
                  0.01    0.00    0.93 ^ _52960_/A1 (NAND2_X2)
     2    6.03    0.01    0.02    0.95 v _52960_/ZN (NAND2_X2)
                                         _18866_ (net)
                  0.01    0.00    0.95 v _52962_/A1 (NAND2_X2)
     5    9.84    0.02    0.02    0.97 ^ _52962_/ZN (NAND2_X2)
                                         _18868_ (net)
                  0.02    0.00    0.97 ^ _52981_/B1 (OAI21_X2)
     1    3.18    0.01    0.02    0.99 v _52981_/ZN (OAI21_X2)
                                         _18886_ (net)
                  0.01    0.00    0.99 v _52982_/A2 (NOR2_X2)
     2    3.19    0.02    0.03    1.02 ^ _52982_/ZN (NOR2_X2)
                                         _18887_ (net)
                  0.02    0.00    1.02 ^ _52986_/A1 (NAND2_X1)
     1    2.73    0.01    0.02    1.03 v _52986_/ZN (NAND2_X1)
                                         _18891_ (net)
                  0.01    0.00    1.03 v _53000_/B1 (AOI21_X2)
     1    3.13    0.02    0.03    1.06 ^ _53000_/ZN (AOI21_X2)
                                         _18905_ (net)
                  0.02    0.00    1.06 ^ _53003_/B1 (AOI21_X2)
     1    1.06    0.01    0.01    1.07 v _53003_/ZN (AOI21_X2)
                                         _00267_ (net)
                  0.01    0.00    1.07 v u_pcu.g_row[0].g_pe[5].u_pe.psum_q[8]$_SDFFE_PN0P_/D (DFF_X1)
                                  1.07   data arrival time

                  0.00    2.00    2.00   clock core_clock (rise edge)
                          0.00    2.00   clock network delay (ideal)
                          0.00    2.00   clock reconvergence pessimism
                                  2.00 ^ u_pcu.g_row[0].g_pe[5].u_pe.psum_q[8]$_SDFFE_PN0P_/CK (DFF_X1)
                         -0.04    1.96   library setup time
                                  1.96   data required time
-----------------------------------------------------------------------------
                                  1.96   data required time
                                 -1.07   data arrival time
-----------------------------------------------------------------------------
                                  0.89   slack (MET)



==========================================================================
Post synthesis report_checks -unconstrained
--------------------------------------------------------------------------
Startpoint: a_q4_i[6] (input port clocked by core_clock)
Endpoint: u_pcu.g_row[0].g_pe[5].u_pe.psum_q[8]$_SDFFE_PN0P_
          (rising edge-triggered flip-flop clocked by core_clock)
Path Group: core_clock
Path Type: max

Fanout     Cap    Slew   Delay    Time   Description
-----------------------------------------------------------------------------
                  0.00    0.00    0.00   clock core_clock (rise edge)
                          0.00    0.00   clock network delay (ideal)
                          0.40    0.40 v input external delay
     1    5.81    0.00    0.00    0.40 v a_q4_i[6] (in)
                                         a_q4_i[6] (net)
                  0.00    0.00    0.40 v _45385_/A (BUF_X8)
    10   68.00    0.01    0.03    0.43 v _45385_/Z (BUF_X8)
                                         _11406_ (net)
                  0.01    0.00    0.43 v _45629_/A (BUF_X8)
    10   23.73    0.01    0.03    0.46 v _45629_/Z (BUF_X8)
                                         _11648_ (net)
                  0.01    0.00    0.46 v _45773_/A (BUF_X4)
    10   15.60    0.01    0.03    0.49 v _45773_/Z (BUF_X4)
                                         _11791_ (net)
                  0.01    0.00    0.49 v _52766_/A2 (NOR2_X1)
     1    1.70    0.02    0.03    0.52 ^ _52766_/ZN (NOR2_X1)
                                         _18674_ (net)
                  0.02    0.00    0.52 ^ _52767_/A (INV_X1)
     2    2.93    0.01    0.01    0.53 v _52767_/ZN (INV_X1)
                                         _18675_ (net)
                  0.01    0.00    0.53 v _52769_/A1 (NOR2_X1)
     2    3.46    0.02    0.03    0.56 ^ _52769_/ZN (NOR2_X1)
                                         _18677_ (net)
                  0.02    0.00    0.56 ^ _52770_/A (INV_X1)
     1    0.89    0.01    0.01    0.57 v _52770_/ZN (INV_X1)
                                         _18678_ (net)
                  0.01    0.00    0.57 v _52771_/A2 (AND2_X1)
     2    4.69    0.01    0.03    0.60 v _52771_/ZN (AND2_X1)
                                         _18679_ (net)
                  0.01    0.00    0.60 v _52773_/A (INV_X1)
     1    1.65    0.01    0.01    0.61 ^ _52773_/ZN (INV_X1)
                                         _18681_ (net)
                  0.01    0.00    0.61 ^ _52774_/A3 (NAND3_X1)
     2    3.03    0.01    0.02    0.64 v _52774_/ZN (NAND3_X1)
                                         _18682_ (net)
                  0.01    0.00    0.64 v _52775_/A2 (NAND2_X1)
     1    2.23    0.01    0.02    0.66 ^ _52775_/ZN (NAND2_X1)
                                         _18683_ (net)
                  0.01    0.00    0.66 ^ _52777_/A (XNOR2_X1)
     3    4.89    0.03    0.05    0.70 ^ _52777_/ZN (XNOR2_X1)
                                         _18685_ (net)
                  0.03    0.00    0.70 ^ _52885_/A1 (NAND2_X1)
     1    1.42    0.01    0.02    0.72 v _52885_/ZN (NAND2_X1)
                                         _18792_ (net)
                  0.01    0.00    0.72 v _52886_/A1 (OR2_X2)
     2    4.43    0.01    0.04    0.76 v _52886_/ZN (OR2_X2)
                                         _18793_ (net)
                  0.01    0.00    0.76 v _52936_/A1 (NAND2_X2)
     3    4.99    0.01    0.02    0.78 ^ _52936_/ZN (NAND2_X2)
                                         _18842_ (net)
                  0.01    0.00    0.78 ^ _52939_/A2 (NAND2_X1)
     3    4.52    0.02    0.02    0.80 v _52939_/ZN (NAND2_X1)
                                         _18845_ (net)
                  0.02    0.00    0.80 v _52940_/A2 (NAND2_X1)
     2    3.20    0.01    0.02    0.83 ^ _52940_/ZN (NAND2_X1)
                                         _18846_ (net)
                  0.01    0.00    0.83 ^ _52942_/A1 (NAND2_X1)
     1    2.93    0.01    0.02    0.84 v _52942_/ZN (NAND2_X1)
                                         _18848_ (net)
                  0.01    0.00    0.84 v _52945_/A1 (NAND2_X2)
     3    6.71    0.01    0.02    0.86 ^ _52945_/ZN (NAND2_X2)
                                         _18851_ (net)
                  0.01    0.00    0.86 ^ _52946_/A2 (NAND2_X2)
     2    4.46    0.01    0.02    0.88 v _52946_/ZN (NAND2_X2)
                                         _18852_ (net)
                  0.01    0.00    0.88 v _52951_/A1 (NAND2_X1)
     1    3.05    0.01    0.02    0.89 ^ _52951_/ZN (NAND2_X1)
                                         _18857_ (net)
                  0.01    0.00    0.89 ^ _52954_/A1 (NAND2_X2)
     2    7.69    0.01    0.02    0.91 v _52954_/ZN (NAND2_X2)
                                         _18860_ (net)
                  0.01    0.00    0.91 v _52956_/A1 (NAND2_X1)
     1    3.05    0.01    0.02    0.93 ^ _52956_/ZN (NAND2_X1)
                                         _18862_ (net)
                  0.01    0.00    0.93 ^ _52960_/A1 (NAND2_X2)
     2    6.03    0.01    0.02    0.95 v _52960_/ZN (NAND2_X2)
                                         _18866_ (net)
                  0.01    0.00    0.95 v _52962_/A1 (NAND2_X2)
     5    9.84    0.02    0.02    0.97 ^ _52962_/ZN (NAND2_X2)
                                         _18868_ (net)
                  0.02    0.00    0.97 ^ _52981_/B1 (OAI21_X2)
     1    3.18    0.01    0.02    0.99 v _52981_/ZN (OAI21_X2)
                                         _18886_ (net)
                  0.01    0.00    0.99 v _52982_/A2 (NOR2_X2)
     2    3.19    0.02    0.03    1.02 ^ _52982_/ZN (NOR2_X2)
                                         _18887_ (net)
                  0.02    0.00    1.02 ^ _52986_/A1 (NAND2_X1)
     1    2.73    0.01    0.02    1.03 v _52986_/ZN (NAND2_X1)
                                         _18891_ (net)
                  0.01    0.00    1.03 v _53000_/B1 (AOI21_X2)
     1    3.13    0.02    0.03    1.06 ^ _53000_/ZN (AOI21_X2)
                                         _18905_ (net)
                  0.02    0.00    1.06 ^ _53003_/B1 (AOI21_X2)
     1    1.06    0.01    0.01    1.07 v _53003_/ZN (AOI21_X2)
                                         _00267_ (net)
                  0.01    0.00    1.07 v u_pcu.g_row[0].g_pe[5].u_pe.psum_q[8]$_SDFFE_PN0P_/D (DFF_X1)
                                  1.07   data arrival time

                  0.00    2.00    2.00   clock core_clock (rise edge)
                          0.00    2.00   clock network delay (ideal)
                          0.00    2.00   clock reconvergence pessimism
                                  2.00 ^ u_pcu.g_row[0].g_pe[5].u_pe.psum_q[8]$_SDFFE_PN0P_/CK (DFF_X1)
                         -0.04    1.96   library setup time
                                  1.96   data required time
-----------------------------------------------------------------------------
                                  1.96   data required time
                                 -1.07   data arrival time
-----------------------------------------------------------------------------
                                  0.89   slack (MET)



==========================================================================
Post synthesis report_power
--------------------------------------------------------------------------
Group                  Internal  Switching    Leakage      Total
                          Power      Power      Power      Power (Watts)
----------------------------------------------------------------
Sequential             8.74e-03   2.82e-04   1.90e-04   9.21e-03  43.3%
Combinational          5.52e-03   5.75e-03   7.78e-04   1.20e-02  56.7%
Clock                  0.00e+00   0.00e+00   0.00e+00   0.00e+00   0.0%
Macro                  0.00e+00   0.00e+00   0.00e+00   0.00e+00   0.0%
Pad                    0.00e+00   0.00e+00   0.00e+00   0.00e+00   0.0%
----------------------------------------------------------------
Total                  1.43e-02   6.03e-03   9.68e-04   2.13e-02 100.0%
                          67.1%      28.4%       4.6%
