
==========================================================================
Post synthesis report_tns
--------------------------------------------------------------------------
tns 0.00

==========================================================================
Post synthesis report_wns
--------------------------------------------------------------------------
wns 0.00

==========================================================================
Post synthesis report_worst_slack
--------------------------------------------------------------------------
worst slack 0.17

==========================================================================
Post synthesis report_checks -path_delay min
--------------------------------------------------------------------------
Startpoint: u_pcu.u_raw.s1_clear_q$_SDFFE_PN0P_
            (rising edge-triggered flip-flop clocked by core_clock)
Endpoint: u_pcu.u_raw.ovf_sticky_q$_SDFF_PN0_
          (rising edge-triggered flip-flop clocked by core_clock)
Path Group: core_clock
Path Type: min

Fanout     Cap    Slew   Delay    Time   Description
-----------------------------------------------------------------------------
                  0.00    0.00    0.00   clock core_clock (rise edge)
                          0.00    0.00   clock network delay (ideal)
                  0.00    0.00    0.00 ^ u_pcu.u_raw.s1_clear_q$_SDFFE_PN0P_/CK (DFF_X1)
     1    1.68    0.01    0.06    0.06 ^ u_pcu.u_raw.s1_clear_q$_SDFFE_PN0P_/QN (DFF_X1)
                                         _00029_ (net)
                  0.01    0.00    0.06 ^ _60640_/B2 (AOI21_X1)
     1    1.46    0.01    0.01    0.08 v _60640_/ZN (AOI21_X1)
                                         _24924_ (net)
                  0.01    0.00    0.08 v _60641_/B1 (OAI21_X1)
     1    1.14    0.01    0.02    0.10 ^ _60641_/ZN (OAI21_X1)
                                         _00827_ (net)
                  0.01    0.00    0.10 ^ u_pcu.u_raw.ovf_sticky_q$_SDFF_PN0_/D (DFF_X1)
                                  0.10   data arrival time

                  0.00    0.00    0.00   clock core_clock (rise edge)
                          0.00    0.00   clock network delay (ideal)
                          0.00    0.00   clock reconvergence pessimism
                                  0.00 ^ u_pcu.u_raw.ovf_sticky_q$_SDFF_PN0_/CK (DFF_X1)
                          0.01    0.01   library hold time
                                  0.01   data required time
-----------------------------------------------------------------------------
                                  0.01   data required time
                                 -0.10   data arrival time
-----------------------------------------------------------------------------
                                  0.09   slack (MET)



==========================================================================
Post synthesis report_checks -path_delay max
--------------------------------------------------------------------------
Startpoint: drain_entry_i[0] (input port clocked by core_clock)
Endpoint: u_pcu.u_mul.s0_exact_product_q[41]$_SDFFE_PN0P_
          (rising edge-triggered flip-flop clocked by core_clock)
Path Group: core_clock
Path Type: max

Fanout     Cap    Slew   Delay    Time   Description
-----------------------------------------------------------------------------
                  0.00    0.00    0.00   clock core_clock (rise edge)
                          0.00    0.00   clock network delay (ideal)
                          0.40    0.40 ^ input external delay
     1    6.20    0.00    0.00    0.40 ^ drain_entry_i[0] (in)
                                         drain_entry_i[0] (net)
                  0.00    0.00    0.40 ^ _31195_/A2 (NAND2_X4)
     2   16.69    0.01    0.02    0.42 v _31195_/ZN (NAND2_X4)
                                         _24929_ (net)
                  0.01    0.00    0.42 v _31197_/A1 (NAND2_X4)
     1   26.70    0.02    0.03    0.44 ^ _31197_/ZN (NAND2_X4)
                                         _24931_ (net)
                  0.02    0.00    0.44 ^ _31198_/A (BUF_X32)
    10  260.94    0.02    0.04    0.49 ^ _31198_/Z (BUF_X32)
                                         _24932_ (net)
                  0.02    0.00    0.49 ^ _31498_/A (BUF_X32)
    10  238.45    0.02    0.04    0.53 ^ _31498_/Z (BUF_X32)
                                         _25209_ (net)
                  0.02    0.00    0.53 ^ _31847_/A (BUF_X16)
    10   80.95    0.01    0.03    0.56 ^ _31847_/Z (BUF_X16)
                                         _25529_ (net)
                  0.01    0.00    0.56 ^ _31848_/A (BUF_X32)
    10   53.75    0.01    0.02    0.59 ^ _31848_/Z (BUF_X32)
                                         _25530_ (net)
                  0.01    0.00    0.59 ^ _34781_/A1 (NAND2_X4)
     1    6.16    0.01    0.01    0.60 v _34781_/ZN (NAND2_X4)
                                         _28147_ (net)
                  0.01    0.00    0.60 v _34783_/A1 (NAND3_X4)
     2    2.51    0.01    0.01    0.61 ^ _34783_/ZN (NAND3_X4)
                                         _28149_ (net)
                  0.01    0.00    0.61 ^ _44254_/A1 (NAND3_X1)
     1    1.56    0.01    0.02    0.63 v _44254_/ZN (NAND3_X1)
                                         _09104_ (net)
                  0.01    0.00    0.63 v _44257_/A1 (NAND3_X1)
     1    3.45    0.02    0.02    0.65 ^ _44257_/ZN (NAND3_X1)
                                         _09107_ (net)
                  0.02    0.00    0.65 ^ _44258_/A2 (NAND2_X2)
     1    6.55    0.01    0.02    0.67 v _44258_/ZN (NAND2_X2)
                                         _09108_ (net)
                  0.01    0.00    0.67 v _44259_/A2 (NAND3_X4)
     2    8.58    0.01    0.02    0.69 ^ _44259_/ZN (NAND3_X4)
                                         _09109_ (net)
                  0.01    0.00    0.69 ^ _44260_/A2 (NAND2_X1)
     2    7.12    0.02    0.03    0.71 v _44260_/ZN (NAND2_X1)
                                         _09110_ (net)
                  0.02    0.00    0.71 v _44262_/A1 (NOR2_X4)
     3    8.08    0.02    0.03    0.74 ^ _44262_/ZN (NOR2_X4)
                                         _09112_ (net)
                  0.02    0.00    0.74 ^ _44266_/A1 (NAND3_X2)
     2    8.48    0.02    0.03    0.77 v _44266_/ZN (NAND3_X2)
                                         _09116_ (net)
                  0.02    0.00    0.77 v _44268_/B1 (OAI21_X4)
     5   25.67    0.04    0.05    0.82 ^ _44268_/ZN (OAI21_X4)
                                         _09118_ (net)
                  0.04    0.00    0.82 ^ _44421_/A1 (NAND2_X4)
     3    8.82    0.01    0.02    0.84 v _44421_/ZN (NAND2_X4)
                                         _09271_ (net)
                  0.01    0.00    0.84 v _44430_/A1 (NAND2_X4)
     4    9.37    0.01    0.02    0.86 ^ _44430_/ZN (NAND2_X4)
                                         _09280_ (net)
                  0.01    0.00    0.86 ^ _44728_/A1 (NAND2_X2)
     2    7.26    0.01    0.02    0.88 v _44728_/ZN (NAND2_X2)
                                         _09578_ (net)
                  0.01    0.00    0.88 v _44748_/A1 (NAND2_X4)
     2    6.11    0.01    0.01    0.89 ^ _44748_/ZN (NAND2_X4)
                                         _09598_ (net)
                  0.01    0.00    0.89 ^ _44759_/A1 (NAND2_X2)
     2    8.71    0.01    0.02    0.91 v _44759_/ZN (NAND2_X2)
                                         _09609_ (net)
                  0.01    0.00    0.91 v _44760_/A2 (NAND2_X4)
     2    7.60    0.01    0.02    0.93 ^ _44760_/ZN (NAND2_X4)
                                         _09610_ (net)
                  0.01    0.00    0.93 ^ _44763_/A1 (NAND2_X4)
     1    5.70    0.01    0.01    0.94 v _44763_/ZN (NAND2_X4)
                                         _09613_ (net)
                  0.01    0.00    0.94 v _44765_/A1 (NAND2_X4)
    10   48.49    0.03    0.04    0.98 ^ _44765_/ZN (NAND2_X4)
                                         _09615_ (net)
                  0.03    0.00    0.98 ^ _47980_/A (BUF_X16)
    10   78.08    0.01    0.04    1.02 ^ _47980_/Z (BUF_X16)
                                         _12768_ (net)
                  0.01    0.00    1.02 ^ _48805_/A (BUF_X32)
    10   67.45    0.01    0.03    1.04 ^ _48805_/Z (BUF_X32)
                                         _13589_ (net)
                  0.01    0.00    1.04 ^ _48806_/A2 (NAND3_X2)
     1    5.62    0.01    0.02    1.07 v _48806_/ZN (NAND3_X2)
                                         _13590_ (net)
                  0.01    0.00    1.07 v _48807_/A2 (NAND2_X4)
     7   44.64    0.03    0.04    1.11 ^ _48807_/ZN (NAND2_X4)
                                         _13591_ (net)
                  0.03    0.00    1.11 ^ _49969_/A1 (NAND2_X4)
     2   12.04    0.01    0.02    1.13 v _49969_/ZN (NAND2_X4)
                                         _14743_ (net)
                  0.01    0.00    1.13 v _50090_/A2 (NOR2_X4)
     2    6.58    0.02    0.03    1.16 ^ _50090_/ZN (NOR2_X4)
                                         _14863_ (net)
                  0.02    0.00    1.16 ^ _50092_/A (INV_X2)
     2    5.81    0.01    0.01    1.17 v _50092_/ZN (INV_X2)
                                         _14865_ (net)
                  0.01    0.00    1.17 v _50231_/A (OAI21_X2)
     2    4.68    0.02    0.02    1.19 ^ _50231_/ZN (OAI21_X2)
                                         _15003_ (net)
                  0.02    0.00    1.19 ^ _50242_/A1 (NAND3_X2)
     2    8.54    0.02    0.03    1.22 v _50242_/ZN (NAND3_X2)
                                         _15014_ (net)
                  0.02    0.00    1.22 v _50246_/A1 (NAND2_X2)
     2    6.30    0.01    0.02    1.24 ^ _50246_/ZN (NAND2_X2)
                                         _15018_ (net)
                  0.01    0.00    1.24 ^ _50247_/A (INV_X2)
     1    5.70    0.01    0.01    1.25 v _50247_/ZN (INV_X2)
                                         _15019_ (net)
                  0.01    0.00    1.25 v _50261_/A1 (NAND2_X4)
     3   15.47    0.01    0.02    1.27 ^ _50261_/ZN (NAND2_X4)
                                         _15033_ (net)
                  0.01    0.00    1.27 ^ _50263_/A1 (NAND2_X4)
     2    9.42    0.01    0.02    1.29 v _50263_/ZN (NAND2_X4)
                                         _15035_ (net)
                  0.01    0.00    1.29 v _50294_/A2 (NAND2_X4)
     2    5.15    0.01    0.02    1.30 ^ _50294_/ZN (NAND2_X4)
                                         _15066_ (net)
                  0.01    0.00    1.30 ^ _50436_/A (INV_X1)
     1    3.31    0.01    0.01    1.31 v _50436_/ZN (INV_X1)
                                         _15207_ (net)
                  0.01    0.00    1.31 v _50437_/B2 (OAI21_X2)
     2   10.16    0.03    0.05    1.36 ^ _50437_/ZN (OAI21_X2)
                                         _15208_ (net)
                  0.03    0.00    1.36 ^ _50440_/A2 (NAND3_X4)
     3   12.84    0.02    0.03    1.39 v _50440_/ZN (NAND3_X4)
                                         _15211_ (net)
                  0.02    0.00    1.39 v _50441_/A2 (NAND2_X2)
     1    3.05    0.01    0.02    1.41 ^ _50441_/ZN (NAND2_X2)
                                         _15212_ (net)
                  0.01    0.00    1.41 ^ _50487_/A1 (NAND2_X2)
     2    9.09    0.01    0.02    1.43 v _50487_/ZN (NAND2_X2)
                                         _15258_ (net)
                  0.01    0.00    1.43 v _50490_/A1 (NAND2_X2)
     1    3.05    0.01    0.02    1.45 ^ _50490_/ZN (NAND2_X2)
                                         _15261_ (net)
                  0.01    0.00    1.45 ^ _50494_/A1 (NAND2_X2)
     2   11.86    0.01    0.02    1.47 v _50494_/ZN (NAND2_X2)
                                         _15265_ (net)
                  0.01    0.00    1.47 v _50496_/A1 (NAND2_X4)
     1    5.95    0.01    0.02    1.49 ^ _50496_/ZN (NAND2_X4)
                                         _15267_ (net)
                  0.01    0.00    1.49 ^ _50499_/A1 (NAND2_X4)
     2    6.03    0.01    0.01    1.50 v _50499_/ZN (NAND2_X4)
                                         _15270_ (net)
                  0.01    0.00    1.50 v _50502_/A1 (NAND2_X2)
     1    5.95    0.01    0.02    1.51 ^ _50502_/ZN (NAND2_X2)
                                         _15273_ (net)
                  0.01    0.00    1.51 ^ _50504_/A1 (NAND2_X4)
     2    8.54    0.01    0.01    1.53 v _50504_/ZN (NAND2_X4)
                                         _15275_ (net)
                  0.01    0.00    1.53 v _50514_/A1 (NAND2_X2)
     1    3.05    0.01    0.01    1.54 ^ _50514_/ZN (NAND2_X2)
                                         _15284_ (net)
                  0.01    0.00    1.54 ^ _50515_/A1 (NAND2_X2)
     3    4.59    0.01    0.01    1.56 v _50515_/ZN (NAND2_X2)
                                         _15285_ (net)
                  0.01    0.00    1.56 v _51086_/A (AOI21_X1)
     2    5.11    0.04    0.06    1.61 ^ _51086_/ZN (AOI21_X1)
                                         _15851_ (net)
                  0.04    0.00    1.61 ^ _51515_/A2 (NAND2_X2)
     1    3.14    0.01    0.02    1.63 v _51515_/ZN (NAND2_X2)
                                         _16276_ (net)
                  0.01    0.00    1.63 v _51516_/A2 (NAND2_X2)
     1    3.25    0.01    0.02    1.65 ^ _51516_/ZN (NAND2_X2)
                                         _16277_ (net)
                  0.01    0.00    1.65 ^ _51517_/A (INV_X2)
     1    3.18    0.00    0.01    1.66 v _51517_/ZN (INV_X2)
                                         _16278_ (net)
                  0.00    0.00    1.66 v _51518_/A2 (NOR2_X2)
     1    5.95    0.02    0.03    1.69 ^ _51518_/ZN (NOR2_X2)
                                         _16279_ (net)
                  0.02    0.00    1.69 ^ _51521_/A1 (NAND2_X4)
     3    6.62    0.01    0.02    1.70 v _51521_/ZN (NAND2_X4)
                                         _16282_ (net)
                  0.01    0.00    1.70 v _51664_/A1 (NAND2_X2)
     1    5.95    0.01    0.02    1.72 ^ _51664_/ZN (NAND2_X2)
                                         _16423_ (net)
                  0.01    0.00    1.72 ^ _51667_/A1 (NAND2_X4)
     2    6.73    0.01    0.01    1.74 v _51667_/ZN (NAND2_X4)
                                         _16426_ (net)
                  0.01    0.00    1.74 v _51809_/A1 (NAND2_X2)
     1    1.52    0.01    0.01    1.75 ^ _51809_/ZN (NAND2_X2)
                                         _16563_ (net)
                  0.01    0.00    1.75 ^ _51817_/A1 (NAND4_X1)
     1    1.53    0.02    0.02    1.77 v _51817_/ZN (NAND4_X1)
                                         _16571_ (net)
                  0.02    0.00    1.77 v _51820_/A1 (NAND2_X1)
     1    1.70    0.01    0.02    1.79 ^ _51820_/ZN (NAND2_X1)
                                         _16574_ (net)
                  0.01    0.00    1.79 ^ _51821_/A (INV_X1)
     1    1.06    0.00    0.01    1.79 v _51821_/ZN (INV_X1)
                                         _00343_ (net)
                  0.00    0.00    1.79 v u_pcu.u_mul.s0_exact_product_q[41]$_SDFFE_PN0P_/D (DFF_X1)
                                  1.79   data arrival time

                  0.00    2.00    2.00   clock core_clock (rise edge)
                          0.00    2.00   clock network delay (ideal)
                          0.00    2.00   clock reconvergence pessimism
                                  2.00 ^ u_pcu.u_mul.s0_exact_product_q[41]$_SDFFE_PN0P_/CK (DFF_X1)
                         -0.04    1.96   library setup time
                                  1.96   data required time
-----------------------------------------------------------------------------
                                  1.96   data required time
                                 -1.79   data arrival time
-----------------------------------------------------------------------------
                                  0.17   slack (MET)



==========================================================================
Post synthesis report_checks -unconstrained
--------------------------------------------------------------------------
Startpoint: drain_entry_i[0] (input port clocked by core_clock)
Endpoint: u_pcu.u_mul.s0_exact_product_q[41]$_SDFFE_PN0P_
          (rising edge-triggered flip-flop clocked by core_clock)
Path Group: core_clock
Path Type: max

Fanout     Cap    Slew   Delay    Time   Description
-----------------------------------------------------------------------------
                  0.00    0.00    0.00   clock core_clock (rise edge)
                          0.00    0.00   clock network delay (ideal)
                          0.40    0.40 ^ input external delay
     1    6.20    0.00    0.00    0.40 ^ drain_entry_i[0] (in)
                                         drain_entry_i[0] (net)
                  0.00    0.00    0.40 ^ _31195_/A2 (NAND2_X4)
     2   16.69    0.01    0.02    0.42 v _31195_/ZN (NAND2_X4)
                                         _24929_ (net)
                  0.01    0.00    0.42 v _31197_/A1 (NAND2_X4)
     1   26.70    0.02    0.03    0.44 ^ _31197_/ZN (NAND2_X4)
                                         _24931_ (net)
                  0.02    0.00    0.44 ^ _31198_/A (BUF_X32)
    10  260.94    0.02    0.04    0.49 ^ _31198_/Z (BUF_X32)
                                         _24932_ (net)
                  0.02    0.00    0.49 ^ _31498_/A (BUF_X32)
    10  238.45    0.02    0.04    0.53 ^ _31498_/Z (BUF_X32)
                                         _25209_ (net)
                  0.02    0.00    0.53 ^ _31847_/A (BUF_X16)
    10   80.95    0.01    0.03    0.56 ^ _31847_/Z (BUF_X16)
                                         _25529_ (net)
                  0.01    0.00    0.56 ^ _31848_/A (BUF_X32)
    10   53.75    0.01    0.02    0.59 ^ _31848_/Z (BUF_X32)
                                         _25530_ (net)
                  0.01    0.00    0.59 ^ _34781_/A1 (NAND2_X4)
     1    6.16    0.01    0.01    0.60 v _34781_/ZN (NAND2_X4)
                                         _28147_ (net)
                  0.01    0.00    0.60 v _34783_/A1 (NAND3_X4)
     2    2.51    0.01    0.01    0.61 ^ _34783_/ZN (NAND3_X4)
                                         _28149_ (net)
                  0.01    0.00    0.61 ^ _44254_/A1 (NAND3_X1)
     1    1.56    0.01    0.02    0.63 v _44254_/ZN (NAND3_X1)
                                         _09104_ (net)
                  0.01    0.00    0.63 v _44257_/A1 (NAND3_X1)
     1    3.45    0.02    0.02    0.65 ^ _44257_/ZN (NAND3_X1)
                                         _09107_ (net)
                  0.02    0.00    0.65 ^ _44258_/A2 (NAND2_X2)
     1    6.55    0.01    0.02    0.67 v _44258_/ZN (NAND2_X2)
                                         _09108_ (net)
                  0.01    0.00    0.67 v _44259_/A2 (NAND3_X4)
     2    8.58    0.01    0.02    0.69 ^ _44259_/ZN (NAND3_X4)
                                         _09109_ (net)
                  0.01    0.00    0.69 ^ _44260_/A2 (NAND2_X1)
     2    7.12    0.02    0.03    0.71 v _44260_/ZN (NAND2_X1)
                                         _09110_ (net)
                  0.02    0.00    0.71 v _44262_/A1 (NOR2_X4)
     3    8.08    0.02    0.03    0.74 ^ _44262_/ZN (NOR2_X4)
                                         _09112_ (net)
                  0.02    0.00    0.74 ^ _44266_/A1 (NAND3_X2)
     2    8.48    0.02    0.03    0.77 v _44266_/ZN (NAND3_X2)
                                         _09116_ (net)
                  0.02    0.00    0.77 v _44268_/B1 (OAI21_X4)
     5   25.67    0.04    0.05    0.82 ^ _44268_/ZN (OAI21_X4)
                                         _09118_ (net)
                  0.04    0.00    0.82 ^ _44421_/A1 (NAND2_X4)
     3    8.82    0.01    0.02    0.84 v _44421_/ZN (NAND2_X4)
                                         _09271_ (net)
                  0.01    0.00    0.84 v _44430_/A1 (NAND2_X4)
     4    9.37    0.01    0.02    0.86 ^ _44430_/ZN (NAND2_X4)
                                         _09280_ (net)
                  0.01    0.00    0.86 ^ _44728_/A1 (NAND2_X2)
     2    7.26    0.01    0.02    0.88 v _44728_/ZN (NAND2_X2)
                                         _09578_ (net)
                  0.01    0.00    0.88 v _44748_/A1 (NAND2_X4)
     2    6.11    0.01    0.01    0.89 ^ _44748_/ZN (NAND2_X4)
                                         _09598_ (net)
                  0.01    0.00    0.89 ^ _44759_/A1 (NAND2_X2)
     2    8.71    0.01    0.02    0.91 v _44759_/ZN (NAND2_X2)
                                         _09609_ (net)
                  0.01    0.00    0.91 v _44760_/A2 (NAND2_X4)
     2    7.60    0.01    0.02    0.93 ^ _44760_/ZN (NAND2_X4)
                                         _09610_ (net)
                  0.01    0.00    0.93 ^ _44763_/A1 (NAND2_X4)
     1    5.70    0.01    0.01    0.94 v _44763_/ZN (NAND2_X4)
                                         _09613_ (net)
                  0.01    0.00    0.94 v _44765_/A1 (NAND2_X4)
    10   48.49    0.03    0.04    0.98 ^ _44765_/ZN (NAND2_X4)
                                         _09615_ (net)
                  0.03    0.00    0.98 ^ _47980_/A (BUF_X16)
    10   78.08    0.01    0.04    1.02 ^ _47980_/Z (BUF_X16)
                                         _12768_ (net)
                  0.01    0.00    1.02 ^ _48805_/A (BUF_X32)
    10   67.45    0.01    0.03    1.04 ^ _48805_/Z (BUF_X32)
                                         _13589_ (net)
                  0.01    0.00    1.04 ^ _48806_/A2 (NAND3_X2)
     1    5.62    0.01    0.02    1.07 v _48806_/ZN (NAND3_X2)
                                         _13590_ (net)
                  0.01    0.00    1.07 v _48807_/A2 (NAND2_X4)
     7   44.64    0.03    0.04    1.11 ^ _48807_/ZN (NAND2_X4)
                                         _13591_ (net)
                  0.03    0.00    1.11 ^ _49969_/A1 (NAND2_X4)
     2   12.04    0.01    0.02    1.13 v _49969_/ZN (NAND2_X4)
                                         _14743_ (net)
                  0.01    0.00    1.13 v _50090_/A2 (NOR2_X4)
     2    6.58    0.02    0.03    1.16 ^ _50090_/ZN (NOR2_X4)
                                         _14863_ (net)
                  0.02    0.00    1.16 ^ _50092_/A (INV_X2)
     2    5.81    0.01    0.01    1.17 v _50092_/ZN (INV_X2)
                                         _14865_ (net)
                  0.01    0.00    1.17 v _50231_/A (OAI21_X2)
     2    4.68    0.02    0.02    1.19 ^ _50231_/ZN (OAI21_X2)
                                         _15003_ (net)
                  0.02    0.00    1.19 ^ _50242_/A1 (NAND3_X2)
     2    8.54    0.02    0.03    1.22 v _50242_/ZN (NAND3_X2)
                                         _15014_ (net)
                  0.02    0.00    1.22 v _50246_/A1 (NAND2_X2)
     2    6.30    0.01    0.02    1.24 ^ _50246_/ZN (NAND2_X2)
                                         _15018_ (net)
                  0.01    0.00    1.24 ^ _50247_/A (INV_X2)
     1    5.70    0.01    0.01    1.25 v _50247_/ZN (INV_X2)
                                         _15019_ (net)
                  0.01    0.00    1.25 v _50261_/A1 (NAND2_X4)
     3   15.47    0.01    0.02    1.27 ^ _50261_/ZN (NAND2_X4)
                                         _15033_ (net)
                  0.01    0.00    1.27 ^ _50263_/A1 (NAND2_X4)
     2    9.42    0.01    0.02    1.29 v _50263_/ZN (NAND2_X4)
                                         _15035_ (net)
                  0.01    0.00    1.29 v _50294_/A2 (NAND2_X4)
     2    5.15    0.01    0.02    1.30 ^ _50294_/ZN (NAND2_X4)
                                         _15066_ (net)
                  0.01    0.00    1.30 ^ _50436_/A (INV_X1)
     1    3.31    0.01    0.01    1.31 v _50436_/ZN (INV_X1)
                                         _15207_ (net)
                  0.01    0.00    1.31 v _50437_/B2 (OAI21_X2)
     2   10.16    0.03    0.05    1.36 ^ _50437_/ZN (OAI21_X2)
                                         _15208_ (net)
                  0.03    0.00    1.36 ^ _50440_/A2 (NAND3_X4)
     3   12.84    0.02    0.03    1.39 v _50440_/ZN (NAND3_X4)
                                         _15211_ (net)
                  0.02    0.00    1.39 v _50441_/A2 (NAND2_X2)
     1    3.05    0.01    0.02    1.41 ^ _50441_/ZN (NAND2_X2)
                                         _15212_ (net)
                  0.01    0.00    1.41 ^ _50487_/A1 (NAND2_X2)
     2    9.09    0.01    0.02    1.43 v _50487_/ZN (NAND2_X2)
                                         _15258_ (net)
                  0.01    0.00    1.43 v _50490_/A1 (NAND2_X2)
     1    3.05    0.01    0.02    1.45 ^ _50490_/ZN (NAND2_X2)
                                         _15261_ (net)
                  0.01    0.00    1.45 ^ _50494_/A1 (NAND2_X2)
     2   11.86    0.01    0.02    1.47 v _50494_/ZN (NAND2_X2)
                                         _15265_ (net)
                  0.01    0.00    1.47 v _50496_/A1 (NAND2_X4)
     1    5.95    0.01    0.02    1.49 ^ _50496_/ZN (NAND2_X4)
                                         _15267_ (net)
                  0.01    0.00    1.49 ^ _50499_/A1 (NAND2_X4)
     2    6.03    0.01    0.01    1.50 v _50499_/ZN (NAND2_X4)
                                         _15270_ (net)
                  0.01    0.00    1.50 v _50502_/A1 (NAND2_X2)
     1    5.95    0.01    0.02    1.51 ^ _50502_/ZN (NAND2_X2)
                                         _15273_ (net)
                  0.01    0.00    1.51 ^ _50504_/A1 (NAND2_X4)
     2    8.54    0.01    0.01    1.53 v _50504_/ZN (NAND2_X4)
                                         _15275_ (net)
                  0.01    0.00    1.53 v _50514_/A1 (NAND2_X2)
     1    3.05    0.01    0.01    1.54 ^ _50514_/ZN (NAND2_X2)
                                         _15284_ (net)
                  0.01    0.00    1.54 ^ _50515_/A1 (NAND2_X2)
     3    4.59    0.01    0.01    1.56 v _50515_/ZN (NAND2_X2)
                                         _15285_ (net)
                  0.01    0.00    1.56 v _51086_/A (AOI21_X1)
     2    5.11    0.04    0.06    1.61 ^ _51086_/ZN (AOI21_X1)
                                         _15851_ (net)
                  0.04    0.00    1.61 ^ _51515_/A2 (NAND2_X2)
     1    3.14    0.01    0.02    1.63 v _51515_/ZN (NAND2_X2)
                                         _16276_ (net)
                  0.01    0.00    1.63 v _51516_/A2 (NAND2_X2)
     1    3.25    0.01    0.02    1.65 ^ _51516_/ZN (NAND2_X2)
                                         _16277_ (net)
                  0.01    0.00    1.65 ^ _51517_/A (INV_X2)
     1    3.18    0.00    0.01    1.66 v _51517_/ZN (INV_X2)
                                         _16278_ (net)
                  0.00    0.00    1.66 v _51518_/A2 (NOR2_X2)
     1    5.95    0.02    0.03    1.69 ^ _51518_/ZN (NOR2_X2)
                                         _16279_ (net)
                  0.02    0.00    1.69 ^ _51521_/A1 (NAND2_X4)
     3    6.62    0.01    0.02    1.70 v _51521_/ZN (NAND2_X4)
                                         _16282_ (net)
                  0.01    0.00    1.70 v _51664_/A1 (NAND2_X2)
     1    5.95    0.01    0.02    1.72 ^ _51664_/ZN (NAND2_X2)
                                         _16423_ (net)
                  0.01    0.00    1.72 ^ _51667_/A1 (NAND2_X4)
     2    6.73    0.01    0.01    1.74 v _51667_/ZN (NAND2_X4)
                                         _16426_ (net)
                  0.01    0.00    1.74 v _51809_/A1 (NAND2_X2)
     1    1.52    0.01    0.01    1.75 ^ _51809_/ZN (NAND2_X2)
                                         _16563_ (net)
                  0.01    0.00    1.75 ^ _51817_/A1 (NAND4_X1)
     1    1.53    0.02    0.02    1.77 v _51817_/ZN (NAND4_X1)
                                         _16571_ (net)
                  0.02    0.00    1.77 v _51820_/A1 (NAND2_X1)
     1    1.70    0.01    0.02    1.79 ^ _51820_/ZN (NAND2_X1)
                                         _16574_ (net)
                  0.01    0.00    1.79 ^ _51821_/A (INV_X1)
     1    1.06    0.00    0.01    1.79 v _51821_/ZN (INV_X1)
                                         _00343_ (net)
                  0.00    0.00    1.79 v u_pcu.u_mul.s0_exact_product_q[41]$_SDFFE_PN0P_/D (DFF_X1)
                                  1.79   data arrival time

                  0.00    2.00    2.00   clock core_clock (rise edge)
                          0.00    2.00   clock network delay (ideal)
                          0.00    2.00   clock reconvergence pessimism
                                  2.00 ^ u_pcu.u_mul.s0_exact_product_q[41]$_SDFFE_PN0P_/CK (DFF_X1)
                         -0.04    1.96   library setup time
                                  1.96   data required time
-----------------------------------------------------------------------------
                                  1.96   data required time
                                 -1.79   data arrival time
-----------------------------------------------------------------------------
                                  0.17   slack (MET)



==========================================================================
Post synthesis report_power
--------------------------------------------------------------------------
Group                  Internal  Switching    Leakage      Total
                          Power      Power      Power      Power (Watts)
----------------------------------------------------------------
Sequential             7.84e-03   4.07e-04   1.63e-04   8.41e-03  15.0%
Combinational          2.24e-02   2.43e-02   8.22e-04   4.76e-02  85.0%
Clock                  0.00e+00   0.00e+00   0.00e+00   0.00e+00   0.0%
Macro                  0.00e+00   0.00e+00   0.00e+00   0.00e+00   0.0%
Pad                    0.00e+00   0.00e+00   0.00e+00   0.00e+00   0.0%
----------------------------------------------------------------
Total                  3.03e-02   2.47e-02   9.85e-04   5.60e-02 100.0%
                          54.1%      44.2%       1.8%
