
==========================================================================
Post synthesis report_tns
--------------------------------------------------------------------------
tns 0.00

==========================================================================
Post synthesis report_wns
--------------------------------------------------------------------------
wns 0.00

==========================================================================
Post synthesis report_worst_slack
--------------------------------------------------------------------------
worst slack 0.01

==========================================================================
Post synthesis report_checks -path_delay min
--------------------------------------------------------------------------
Startpoint: g_lane[0].u_mac.s1_product_q[0]$_SDFF_PP0_
            (rising edge-triggered flip-flop clocked by core_clock)
Endpoint: g_lane[0].u_mac.s2_widened_q[13]$_SDFF_PP0_
          (rising edge-triggered flip-flop clocked by core_clock)
Path Group: core_clock
Path Type: min

Fanout     Cap    Slew   Delay    Time   Description
-----------------------------------------------------------------------------
                  0.00    0.00    0.00   clock core_clock (rise edge)
                          0.00    0.00   clock network delay (ideal)
                  0.00    0.00    0.00 ^ g_lane[0].u_mac.s1_product_q[0]$_SDFF_PP0_/CK (DFF_X1)
     1    1.55    0.01    0.08    0.08 v g_lane[0].u_mac.s1_product_q[0]$_SDFF_PP0_/Q (DFF_X1)
                                         g_lane[0].u_mac.s1_product_q[0] (net)
                  0.01    0.00    0.08 v _093917_/A (INV_X1)
     1    1.65    0.01    0.01    0.09 ^ _093917_/ZN (INV_X1)
                                         _069749_ (net)
                  0.01    0.00    0.09 ^ _093918_/A2 (NOR2_X1)
     1    1.06    0.00    0.01    0.10 v _093918_/ZN (NOR2_X1)
                                         _001181_ (net)
                  0.00    0.00    0.10 v g_lane[0].u_mac.s2_widened_q[13]$_SDFF_PP0_/D (DFF_X1)
                                  0.10   data arrival time

                  0.00    0.00    0.00   clock core_clock (rise edge)
                          0.00    0.00   clock network delay (ideal)
                          0.00    0.00   clock reconvergence pessimism
                                  0.00 ^ g_lane[0].u_mac.s2_widened_q[13]$_SDFF_PP0_/CK (DFF_X1)
                          0.00    0.00   library hold time
                                  0.00   data required time
-----------------------------------------------------------------------------
                                  0.00   data required time
                                 -0.10   data arrival time
-----------------------------------------------------------------------------
                                  0.10   slack (MET)



==========================================================================
Post synthesis report_checks -path_delay max
--------------------------------------------------------------------------
Startpoint: g_lane[1].u_mac.s2_widened_q[23]$_SDFF_PP0_
            (rising edge-triggered flip-flop clocked by core_clock)
Endpoint: g_lane[1].u_mac.acc_q[21]$_SDFFE_PN0P_
          (rising edge-triggered flip-flop clocked by core_clock)
Path Group: core_clock
Path Type: max

Fanout     Cap    Slew   Delay    Time   Description
-----------------------------------------------------------------------------
                  0.00    0.00    0.00   clock core_clock (rise edge)
                          0.00    0.00   clock network delay (ideal)
                  0.00    0.00    0.00 ^ g_lane[1].u_mac.s2_widened_q[23]$_SDFF_PP0_/CK (DFF_X1)
     1    3.40    0.01    0.09    0.09 ^ g_lane[1].u_mac.s2_widened_q[23]$_SDFF_PP0_/Q (DFF_X1)
                                         g_lane[1].u_mac.s2_widened_q[23] (net)
                  0.01    0.00    0.09 ^ _135540_/A (BUF_X4)
     5   14.67    0.01    0.03    0.12 ^ _135540_/Z (BUF_X4)
                                         _041781_ (net)
                  0.01    0.00    0.12 ^ _135541_/A (INV_X4)
     2    3.03    0.00    0.01    0.12 v _135541_/ZN (INV_X4)
                                         _041782_ (net)
                  0.00    0.00    0.12 v _135542_/A1 (NAND2_X1)
     2    3.33    0.01    0.02    0.14 ^ _135542_/ZN (NAND2_X1)
                                         _041783_ (net)
                  0.01    0.00    0.14 ^ _135545_/A1 (AND2_X2)
     4   21.96    0.03    0.05    0.19 ^ _135545_/ZN (AND2_X2)
                                         _041786_ (net)
                  0.03    0.00    0.19 ^ _135546_/A (INV_X8)
    10   23.73    0.01    0.01    0.21 v _135546_/ZN (INV_X8)
                                         _041787_ (net)
                  0.01    0.00    0.21 v _135551_/A1 (NOR2_X4)
     2    7.92    0.02    0.02    0.23 ^ _135551_/ZN (NOR2_X4)
                                         _041792_ (net)
                  0.02    0.00    0.23 ^ _135552_/A (INV_X4)
     2    4.26    0.01    0.01    0.24 v _135552_/ZN (INV_X4)
                                         _041793_ (net)
                  0.01    0.00    0.24 v _135565_/A1 (NOR2_X2)
     3    6.40    0.02    0.03    0.27 ^ _135565_/ZN (NOR2_X2)
                                         _041806_ (net)
                  0.02    0.00    0.27 ^ _135584_/A1 (NAND2_X2)
     1    5.70    0.01    0.02    0.29 v _135584_/ZN (NAND2_X2)
                                         _041825_ (net)
                  0.01    0.00    0.29 v _135585_/A (INV_X4)
     4   11.45    0.01    0.02    0.30 ^ _135585_/ZN (INV_X4)
                                         _041826_ (net)
                  0.01    0.00    0.30 ^ _135605_/A2 (NAND3_X2)
     1    5.70    0.02    0.02    0.33 v _135605_/ZN (NAND3_X2)
                                         _041846_ (net)
                  0.02    0.00    0.33 v _135621_/A1 (NAND2_X4)
     3   10.61    0.01    0.02    0.35 ^ _135621_/ZN (NAND2_X4)
                                         _041862_ (net)
                  0.01    0.00    0.35 ^ _135627_/A (BUF_X4)
    10   23.41    0.02    0.03    0.38 ^ _135627_/Z (BUF_X4)
                                         _041868_ (net)
                  0.02    0.00    0.38 ^ _135649_/A1 (NAND2_X2)
     2    7.45    0.01    0.02    0.40 v _135649_/ZN (NAND2_X2)
                                         _041890_ (net)
                  0.01    0.00    0.40 v _135651_/A2 (NAND3_X4)
     3   13.01    0.02    0.02    0.43 ^ _135651_/ZN (NAND3_X4)
                                         _041892_ (net)
                  0.02    0.00    0.43 ^ _135682_/A (XNOR2_X2)
     4   14.38    0.04    0.05    0.48 ^ _135682_/ZN (XNOR2_X2)
                                         _041923_ (net)
                  0.04    0.00    0.48 ^ _135714_/A (BUF_X2)
    10   20.80    0.03    0.05    0.53 ^ _135714_/Z (BUF_X2)
                                         _041955_ (net)
                  0.03    0.00    0.53 ^ _135958_/S (MUX2_X1)
     2    3.06    0.01    0.06    0.59 v _135958_/Z (MUX2_X1)
                                         _042199_ (net)
                  0.01    0.00    0.59 v _135959_/A1 (NAND2_X1)
     1    1.67    0.01    0.02    0.61 ^ _135959_/ZN (NAND2_X1)
                                         _042200_ (net)
                  0.01    0.00    0.61 ^ _135962_/A (OAI21_X1)
     2    2.32    0.01    0.02    0.63 v _135962_/ZN (OAI21_X1)
                                         _042203_ (net)
                  0.01    0.00    0.63 v _135963_/A1 (OR2_X1)
     1    1.50    0.01    0.05    0.67 v _135963_/ZN (OR2_X1)
                                         _042204_ (net)
                  0.01    0.00    0.67 v _135976_/A1 (AOI22_X1)
     1    1.60    0.02    0.03    0.70 ^ _135976_/ZN (AOI22_X1)
                                         _042217_ (net)
                  0.02    0.00    0.70 ^ _135977_/A1 (NAND2_X1)
     2    3.08    0.01    0.02    0.72 v _135977_/ZN (NAND2_X1)
                                         _042218_ (net)
                  0.01    0.00    0.72 v _135978_/A (INV_X1)
     2    4.77    0.01    0.02    0.74 ^ _135978_/ZN (INV_X1)
                                         _042219_ (net)
                  0.01    0.00    0.74 ^ _135980_/A1 (NAND2_X2)
     2    7.22    0.01    0.02    0.76 v _135980_/ZN (NAND2_X2)
                                         _042221_ (net)
                  0.01    0.00    0.76 v _136032_/A1 (NAND2_X4)
     6   11.24    0.01    0.02    0.78 ^ _136032_/ZN (NAND2_X4)
                                         _042273_ (net)
                  0.01    0.00    0.78 ^ _136446_/A1 (NAND2_X2)
     2    3.11    0.01    0.01    0.80 v _136446_/ZN (NAND2_X2)
                                         _042687_ (net)
                  0.01    0.00    0.80 v _136449_/A (INV_X1)
     1    2.92    0.01    0.02    0.81 ^ _136449_/ZN (INV_X1)
                                         _042690_ (net)
                  0.01    0.00    0.81 ^ _136450_/A1 (NAND4_X2)
     2    4.67    0.02    0.03    0.84 v _136450_/ZN (NAND4_X2)
                                         _042691_ (net)
                  0.02    0.00    0.84 v _136451_/A2 (NAND2_X2)
     3    4.90    0.01    0.02    0.86 ^ _136451_/ZN (NAND2_X2)
                                         _042692_ (net)
                  0.01    0.00    0.86 ^ _136493_/A (INV_X1)
     1    1.46    0.00    0.01    0.87 v _136493_/ZN (INV_X1)
                                         _042734_ (net)
                  0.00    0.00    0.87 v _136495_/B1 (OAI21_X1)
     3    6.81    0.04    0.05    0.92 ^ _136495_/ZN (OAI21_X1)
                                         _042736_ (net)
                  0.04    0.00    0.92 ^ _136528_/A1 (NAND3_X2)
     2    4.28    0.02    0.03    0.95 v _136528_/ZN (NAND3_X2)
                                         _042769_ (net)
                  0.02    0.00    0.95 v _136569_/A1 (OR2_X4)
     2    4.39    0.01    0.04    0.99 v _136569_/ZN (OR2_X4)
                                         _042810_ (net)
                  0.01    0.00    0.99 v _136574_/A1 (NAND2_X2)
     3    6.93    0.01    0.02    1.01 ^ _136574_/ZN (NAND2_X2)
                                         _042815_ (net)
                  0.01    0.00    1.01 ^ _136605_/B1 (AOI21_X1)
     1    2.13    0.01    0.02    1.03 v _136605_/ZN (AOI21_X1)
                                         _042846_ (net)
                  0.01    0.00    1.03 v _136606_/A (XNOR2_X1)
     5    8.23    0.05    0.06    1.09 ^ _136606_/ZN (XNOR2_X1)
                                         _042847_ (net)
                  0.05    0.00    1.09 ^ _136611_/A1 (NAND2_X1)
     2    2.96    0.02    0.02    1.11 v _136611_/ZN (NAND2_X1)
                                         _042852_ (net)
                  0.02    0.00    1.11 v _136737_/A1 (OR2_X2)
     1    5.59    0.01    0.05    1.16 v _136737_/ZN (OR2_X2)
                                         _042978_ (net)
                  0.01    0.00    1.16 v _136739_/A1 (NOR2_X4)
     3    7.84    0.02    0.02    1.18 ^ _136739_/ZN (NOR2_X4)
                                         _042980_ (net)
                  0.02    0.00    1.18 ^ _136743_/A1 (NAND2_X2)
     3    4.64    0.01    0.02    1.20 v _136743_/ZN (NAND2_X2)
                                         _042984_ (net)
                  0.01    0.00    1.20 v _136748_/A1 (NAND2_X1)
     2    3.31    0.01    0.02    1.22 ^ _136748_/ZN (NAND2_X1)
                                         _042989_ (net)
                  0.01    0.00    1.22 ^ _136749_/A2 (NAND2_X1)
     1    3.18    0.01    0.02    1.24 v _136749_/ZN (NAND2_X1)
                                         _042990_ (net)
                  0.01    0.00    1.24 v _136750_/A2 (NOR2_X2)
     1    3.20    0.02    0.03    1.27 ^ _136750_/ZN (NOR2_X2)
                                         _042991_ (net)
                  0.02    0.00    1.27 ^ _136774_/A1 (AND2_X4)
     2    9.12    0.01    0.03    1.30 ^ _136774_/ZN (AND2_X4)
                                         _043015_ (net)
                  0.01    0.00    1.30 ^ _136783_/A1 (NAND4_X2)
     4   11.83    0.03    0.04    1.34 v _136783_/ZN (NAND4_X2)
                                         _043024_ (net)
                  0.03    0.00    1.34 v _136784_/A2 (NAND2_X4)
     9   31.42    0.02    0.04    1.38 ^ _136784_/ZN (NAND2_X4)
                                         _043025_ (net)
                  0.02    0.00    1.38 ^ _136785_/A1 (NAND2_X4)
     2    7.26    0.01    0.02    1.40 v _136785_/ZN (NAND2_X4)
                                         _043026_ (net)
                  0.01    0.00    1.40 v _136787_/A1 (NAND2_X4)
     5   14.78    0.02    0.02    1.42 ^ _136787_/ZN (NAND2_X4)
                                         _043028_ (net)
                  0.02    0.00    1.42 ^ _136788_/A (BUF_X8)
    10   17.44    0.01    0.03    1.44 ^ _136788_/Z (BUF_X8)
                                         _043029_ (net)
                  0.01    0.00    1.44 ^ _136880_/A1 (NAND2_X2)
     1    5.70    0.01    0.01    1.46 v _136880_/ZN (NAND2_X2)
                                         _043121_ (net)
                  0.01    0.00    1.46 v _136882_/A1 (NAND2_X4)
     3    4.72    0.01    0.01    1.47 ^ _136882_/ZN (NAND2_X4)
                                         _043123_ (net)
                  0.01    0.00    1.47 ^ _136883_/A1 (NAND2_X1)
     2    2.99    0.01    0.02    1.49 v _136883_/ZN (NAND2_X1)
                                         _043124_ (net)
                  0.01    0.00    1.49 v _136884_/A1 (NAND2_X1)
     2    3.29    0.01    0.02    1.51 ^ _136884_/ZN (NAND2_X1)
                                         _043125_ (net)
                  0.01    0.00    1.51 ^ _136947_/A2 (NAND3_X1)
     2    2.89    0.01    0.02    1.53 v _136947_/ZN (NAND3_X1)
                                         _043188_ (net)
                  0.01    0.00    1.53 v _136948_/B1 (AOI21_X1)
     4    7.71    0.05    0.06    1.59 ^ _136948_/ZN (AOI21_X1)
                                         _043189_ (net)
                  0.05    0.00    1.59 ^ _136949_/A2 (NAND2_X2)
     2    5.82    0.01    0.02    1.61 v _136949_/ZN (NAND2_X2)
                                         _043190_ (net)
                  0.01    0.00    1.61 v _137219_/A2 (NOR2_X2)
     2    4.73    0.02    0.03    1.65 ^ _137219_/ZN (NOR2_X2)
                                         _043460_ (net)
                  0.02    0.00    1.65 ^ _137221_/A1 (NAND2_X2)
     2    7.72    0.01    0.02    1.67 v _137221_/ZN (NAND2_X2)
                                         _043462_ (net)
                  0.01    0.00    1.67 v _137223_/A1 (NOR2_X4)
     7   13.74    0.02    0.03    1.70 ^ _137223_/ZN (NOR2_X4)
                                         _043464_ (net)
                  0.02    0.00    1.70 ^ _137239_/A2 (NAND3_X2)
     7   14.87    0.03    0.04    1.74 v _137239_/ZN (NAND3_X2)
                                         _043480_ (net)
                  0.03    0.00    1.74 v _137361_/A1 (NAND2_X1)
     1    1.66    0.01    0.02    1.76 ^ _137361_/ZN (NAND2_X1)
                                         _043602_ (net)
                  0.01    0.00    1.76 ^ _137362_/A2 (NAND2_X1)
     3    6.39    0.01    0.02    1.79 v _137362_/ZN (NAND2_X1)
                                         _043603_ (net)
                  0.01    0.00    1.79 v _137471_/A3 (NOR3_X2)
     1    3.45    0.03    0.05    1.84 ^ _137471_/ZN (NOR3_X2)
                                         _043708_ (net)
                  0.03    0.00    1.84 ^ _137472_/A2 (NAND2_X2)
     2    3.15    0.01    0.02    1.86 v _137472_/ZN (NAND2_X2)
                                         _043709_ (net)
                  0.01    0.00    1.86 v _137473_/A (BUF_X2)
    10   15.62    0.01    0.04    1.89 v _137473_/Z (BUF_X2)
                                         _043710_ (net)
                  0.01    0.00    1.89 v _137601_/A1 (NAND3_X1)
     1    1.60    0.01    0.02    1.91 ^ _137601_/ZN (NAND3_X1)
                                         _043829_ (net)
                  0.01    0.00    1.91 ^ _137604_/A1 (NAND2_X1)
     1    1.53    0.01    0.01    1.92 v _137604_/ZN (NAND2_X1)
                                         _043832_ (net)
                  0.01    0.00    1.92 v _137607_/A1 (NAND2_X1)
     1    3.13    0.01    0.02    1.94 ^ _137607_/ZN (NAND2_X1)
                                         _043835_ (net)
                  0.01    0.00    1.94 ^ _137609_/B1 (AOI21_X2)
     1    1.06    0.01    0.01    1.95 v _137609_/ZN (AOI21_X2)
                                         _002068_ (net)
                  0.01    0.00    1.95 v g_lane[1].u_mac.acc_q[21]$_SDFFE_PN0P_/D (DFF_X1)
                                  1.95   data arrival time

                  0.00    2.00    2.00   clock core_clock (rise edge)
                          0.00    2.00   clock network delay (ideal)
                          0.00    2.00   clock reconvergence pessimism
                                  2.00 ^ g_lane[1].u_mac.acc_q[21]$_SDFFE_PN0P_/CK (DFF_X1)
                         -0.04    1.96   library setup time
                                  1.96   data required time
-----------------------------------------------------------------------------
                                  1.96   data required time
                                 -1.95   data arrival time
-----------------------------------------------------------------------------
                                  0.01   slack (MET)



==========================================================================
Post synthesis report_checks -unconstrained
--------------------------------------------------------------------------
Startpoint: g_lane[1].u_mac.s2_widened_q[23]$_SDFF_PP0_
            (rising edge-triggered flip-flop clocked by core_clock)
Endpoint: g_lane[1].u_mac.acc_q[21]$_SDFFE_PN0P_
          (rising edge-triggered flip-flop clocked by core_clock)
Path Group: core_clock
Path Type: max

Fanout     Cap    Slew   Delay    Time   Description
-----------------------------------------------------------------------------
                  0.00    0.00    0.00   clock core_clock (rise edge)
                          0.00    0.00   clock network delay (ideal)
                  0.00    0.00    0.00 ^ g_lane[1].u_mac.s2_widened_q[23]$_SDFF_PP0_/CK (DFF_X1)
     1    3.40    0.01    0.09    0.09 ^ g_lane[1].u_mac.s2_widened_q[23]$_SDFF_PP0_/Q (DFF_X1)
                                         g_lane[1].u_mac.s2_widened_q[23] (net)
                  0.01    0.00    0.09 ^ _135540_/A (BUF_X4)
     5   14.67    0.01    0.03    0.12 ^ _135540_/Z (BUF_X4)
                                         _041781_ (net)
                  0.01    0.00    0.12 ^ _135541_/A (INV_X4)
     2    3.03    0.00    0.01    0.12 v _135541_/ZN (INV_X4)
                                         _041782_ (net)
                  0.00    0.00    0.12 v _135542_/A1 (NAND2_X1)
     2    3.33    0.01    0.02    0.14 ^ _135542_/ZN (NAND2_X1)
                                         _041783_ (net)
                  0.01    0.00    0.14 ^ _135545_/A1 (AND2_X2)
     4   21.96    0.03    0.05    0.19 ^ _135545_/ZN (AND2_X2)
                                         _041786_ (net)
                  0.03    0.00    0.19 ^ _135546_/A (INV_X8)
    10   23.73    0.01    0.01    0.21 v _135546_/ZN (INV_X8)
                                         _041787_ (net)
                  0.01    0.00    0.21 v _135551_/A1 (NOR2_X4)
     2    7.92    0.02    0.02    0.23 ^ _135551_/ZN (NOR2_X4)
                                         _041792_ (net)
                  0.02    0.00    0.23 ^ _135552_/A (INV_X4)
     2    4.26    0.01    0.01    0.24 v _135552_/ZN (INV_X4)
                                         _041793_ (net)
                  0.01    0.00    0.24 v _135565_/A1 (NOR2_X2)
     3    6.40    0.02    0.03    0.27 ^ _135565_/ZN (NOR2_X2)
                                         _041806_ (net)
                  0.02    0.00    0.27 ^ _135584_/A1 (NAND2_X2)
     1    5.70    0.01    0.02    0.29 v _135584_/ZN (NAND2_X2)
                                         _041825_ (net)
                  0.01    0.00    0.29 v _135585_/A (INV_X4)
     4   11.45    0.01    0.02    0.30 ^ _135585_/ZN (INV_X4)
                                         _041826_ (net)
                  0.01    0.00    0.30 ^ _135605_/A2 (NAND3_X2)
     1    5.70    0.02    0.02    0.33 v _135605_/ZN (NAND3_X2)
                                         _041846_ (net)
                  0.02    0.00    0.33 v _135621_/A1 (NAND2_X4)
     3   10.61    0.01    0.02    0.35 ^ _135621_/ZN (NAND2_X4)
                                         _041862_ (net)
                  0.01    0.00    0.35 ^ _135627_/A (BUF_X4)
    10   23.41    0.02    0.03    0.38 ^ _135627_/Z (BUF_X4)
                                         _041868_ (net)
                  0.02    0.00    0.38 ^ _135649_/A1 (NAND2_X2)
     2    7.45    0.01    0.02    0.40 v _135649_/ZN (NAND2_X2)
                                         _041890_ (net)
                  0.01    0.00    0.40 v _135651_/A2 (NAND3_X4)
     3   13.01    0.02    0.02    0.43 ^ _135651_/ZN (NAND3_X4)
                                         _041892_ (net)
                  0.02    0.00    0.43 ^ _135682_/A (XNOR2_X2)
     4   14.38    0.04    0.05    0.48 ^ _135682_/ZN (XNOR2_X2)
                                         _041923_ (net)
                  0.04    0.00    0.48 ^ _135714_/A (BUF_X2)
    10   20.80    0.03    0.05    0.53 ^ _135714_/Z (BUF_X2)
                                         _041955_ (net)
                  0.03    0.00    0.53 ^ _135958_/S (MUX2_X1)
     2    3.06    0.01    0.06    0.59 v _135958_/Z (MUX2_X1)
                                         _042199_ (net)
                  0.01    0.00    0.59 v _135959_/A1 (NAND2_X1)
     1    1.67    0.01    0.02    0.61 ^ _135959_/ZN (NAND2_X1)
                                         _042200_ (net)
                  0.01    0.00    0.61 ^ _135962_/A (OAI21_X1)
     2    2.32    0.01    0.02    0.63 v _135962_/ZN (OAI21_X1)
                                         _042203_ (net)
                  0.01    0.00    0.63 v _135963_/A1 (OR2_X1)
     1    1.50    0.01    0.05    0.67 v _135963_/ZN (OR2_X1)
                                         _042204_ (net)
                  0.01    0.00    0.67 v _135976_/A1 (AOI22_X1)
     1    1.60    0.02    0.03    0.70 ^ _135976_/ZN (AOI22_X1)
                                         _042217_ (net)
                  0.02    0.00    0.70 ^ _135977_/A1 (NAND2_X1)
     2    3.08    0.01    0.02    0.72 v _135977_/ZN (NAND2_X1)
                                         _042218_ (net)
                  0.01    0.00    0.72 v _135978_/A (INV_X1)
     2    4.77    0.01    0.02    0.74 ^ _135978_/ZN (INV_X1)
                                         _042219_ (net)
                  0.01    0.00    0.74 ^ _135980_/A1 (NAND2_X2)
     2    7.22    0.01    0.02    0.76 v _135980_/ZN (NAND2_X2)
                                         _042221_ (net)
                  0.01    0.00    0.76 v _136032_/A1 (NAND2_X4)
     6   11.24    0.01    0.02    0.78 ^ _136032_/ZN (NAND2_X4)
                                         _042273_ (net)
                  0.01    0.00    0.78 ^ _136446_/A1 (NAND2_X2)
     2    3.11    0.01    0.01    0.80 v _136446_/ZN (NAND2_X2)
                                         _042687_ (net)
                  0.01    0.00    0.80 v _136449_/A (INV_X1)
     1    2.92    0.01    0.02    0.81 ^ _136449_/ZN (INV_X1)
                                         _042690_ (net)
                  0.01    0.00    0.81 ^ _136450_/A1 (NAND4_X2)
     2    4.67    0.02    0.03    0.84 v _136450_/ZN (NAND4_X2)
                                         _042691_ (net)
                  0.02    0.00    0.84 v _136451_/A2 (NAND2_X2)
     3    4.90    0.01    0.02    0.86 ^ _136451_/ZN (NAND2_X2)
                                         _042692_ (net)
                  0.01    0.00    0.86 ^ _136493_/A (INV_X1)
     1    1.46    0.00    0.01    0.87 v _136493_/ZN (INV_X1)
                                         _042734_ (net)
                  0.00    0.00    0.87 v _136495_/B1 (OAI21_X1)
     3    6.81    0.04    0.05    0.92 ^ _136495_/ZN (OAI21_X1)
                                         _042736_ (net)
                  0.04    0.00    0.92 ^ _136528_/A1 (NAND3_X2)
     2    4.28    0.02    0.03    0.95 v _136528_/ZN (NAND3_X2)
                                         _042769_ (net)
                  0.02    0.00    0.95 v _136569_/A1 (OR2_X4)
     2    4.39    0.01    0.04    0.99 v _136569_/ZN (OR2_X4)
                                         _042810_ (net)
                  0.01    0.00    0.99 v _136574_/A1 (NAND2_X2)
     3    6.93    0.01    0.02    1.01 ^ _136574_/ZN (NAND2_X2)
                                         _042815_ (net)
                  0.01    0.00    1.01 ^ _136605_/B1 (AOI21_X1)
     1    2.13    0.01    0.02    1.03 v _136605_/ZN (AOI21_X1)
                                         _042846_ (net)
                  0.01    0.00    1.03 v _136606_/A (XNOR2_X1)
     5    8.23    0.05    0.06    1.09 ^ _136606_/ZN (XNOR2_X1)
                                         _042847_ (net)
                  0.05    0.00    1.09 ^ _136611_/A1 (NAND2_X1)
     2    2.96    0.02    0.02    1.11 v _136611_/ZN (NAND2_X1)
                                         _042852_ (net)
                  0.02    0.00    1.11 v _136737_/A1 (OR2_X2)
     1    5.59    0.01    0.05    1.16 v _136737_/ZN (OR2_X2)
                                         _042978_ (net)
                  0.01    0.00    1.16 v _136739_/A1 (NOR2_X4)
     3    7.84    0.02    0.02    1.18 ^ _136739_/ZN (NOR2_X4)
                                         _042980_ (net)
                  0.02    0.00    1.18 ^ _136743_/A1 (NAND2_X2)
     3    4.64    0.01    0.02    1.20 v _136743_/ZN (NAND2_X2)
                                         _042984_ (net)
                  0.01    0.00    1.20 v _136748_/A1 (NAND2_X1)
     2    3.31    0.01    0.02    1.22 ^ _136748_/ZN (NAND2_X1)
                                         _042989_ (net)
                  0.01    0.00    1.22 ^ _136749_/A2 (NAND2_X1)
     1    3.18    0.01    0.02    1.24 v _136749_/ZN (NAND2_X1)
                                         _042990_ (net)
                  0.01    0.00    1.24 v _136750_/A2 (NOR2_X2)
     1    3.20    0.02    0.03    1.27 ^ _136750_/ZN (NOR2_X2)
                                         _042991_ (net)
                  0.02    0.00    1.27 ^ _136774_/A1 (AND2_X4)
     2    9.12    0.01    0.03    1.30 ^ _136774_/ZN (AND2_X4)
                                         _043015_ (net)
                  0.01    0.00    1.30 ^ _136783_/A1 (NAND4_X2)
     4   11.83    0.03    0.04    1.34 v _136783_/ZN (NAND4_X2)
                                         _043024_ (net)
                  0.03    0.00    1.34 v _136784_/A2 (NAND2_X4)
     9   31.42    0.02    0.04    1.38 ^ _136784_/ZN (NAND2_X4)
                                         _043025_ (net)
                  0.02    0.00    1.38 ^ _136785_/A1 (NAND2_X4)
     2    7.26    0.01    0.02    1.40 v _136785_/ZN (NAND2_X4)
                                         _043026_ (net)
                  0.01    0.00    1.40 v _136787_/A1 (NAND2_X4)
     5   14.78    0.02    0.02    1.42 ^ _136787_/ZN (NAND2_X4)
                                         _043028_ (net)
                  0.02    0.00    1.42 ^ _136788_/A (BUF_X8)
    10   17.44    0.01    0.03    1.44 ^ _136788_/Z (BUF_X8)
                                         _043029_ (net)
                  0.01    0.00    1.44 ^ _136880_/A1 (NAND2_X2)
     1    5.70    0.01    0.01    1.46 v _136880_/ZN (NAND2_X2)
                                         _043121_ (net)
                  0.01    0.00    1.46 v _136882_/A1 (NAND2_X4)
     3    4.72    0.01    0.01    1.47 ^ _136882_/ZN (NAND2_X4)
                                         _043123_ (net)
                  0.01    0.00    1.47 ^ _136883_/A1 (NAND2_X1)
     2    2.99    0.01    0.02    1.49 v _136883_/ZN (NAND2_X1)
                                         _043124_ (net)
                  0.01    0.00    1.49 v _136884_/A1 (NAND2_X1)
     2    3.29    0.01    0.02    1.51 ^ _136884_/ZN (NAND2_X1)
                                         _043125_ (net)
                  0.01    0.00    1.51 ^ _136947_/A2 (NAND3_X1)
     2    2.89    0.01    0.02    1.53 v _136947_/ZN (NAND3_X1)
                                         _043188_ (net)
                  0.01    0.00    1.53 v _136948_/B1 (AOI21_X1)
     4    7.71    0.05    0.06    1.59 ^ _136948_/ZN (AOI21_X1)
                                         _043189_ (net)
                  0.05    0.00    1.59 ^ _136949_/A2 (NAND2_X2)
     2    5.82    0.01    0.02    1.61 v _136949_/ZN (NAND2_X2)
                                         _043190_ (net)
                  0.01    0.00    1.61 v _137219_/A2 (NOR2_X2)
     2    4.73    0.02    0.03    1.65 ^ _137219_/ZN (NOR2_X2)
                                         _043460_ (net)
                  0.02    0.00    1.65 ^ _137221_/A1 (NAND2_X2)
     2    7.72    0.01    0.02    1.67 v _137221_/ZN (NAND2_X2)
                                         _043462_ (net)
                  0.01    0.00    1.67 v _137223_/A1 (NOR2_X4)
     7   13.74    0.02    0.03    1.70 ^ _137223_/ZN (NOR2_X4)
                                         _043464_ (net)
                  0.02    0.00    1.70 ^ _137239_/A2 (NAND3_X2)
     7   14.87    0.03    0.04    1.74 v _137239_/ZN (NAND3_X2)
                                         _043480_ (net)
                  0.03    0.00    1.74 v _137361_/A1 (NAND2_X1)
     1    1.66    0.01    0.02    1.76 ^ _137361_/ZN (NAND2_X1)
                                         _043602_ (net)
                  0.01    0.00    1.76 ^ _137362_/A2 (NAND2_X1)
     3    6.39    0.01    0.02    1.79 v _137362_/ZN (NAND2_X1)
                                         _043603_ (net)
                  0.01    0.00    1.79 v _137471_/A3 (NOR3_X2)
     1    3.45    0.03    0.05    1.84 ^ _137471_/ZN (NOR3_X2)
                                         _043708_ (net)
                  0.03    0.00    1.84 ^ _137472_/A2 (NAND2_X2)
     2    3.15    0.01    0.02    1.86 v _137472_/ZN (NAND2_X2)
                                         _043709_ (net)
                  0.01    0.00    1.86 v _137473_/A (BUF_X2)
    10   15.62    0.01    0.04    1.89 v _137473_/Z (BUF_X2)
                                         _043710_ (net)
                  0.01    0.00    1.89 v _137601_/A1 (NAND3_X1)
     1    1.60    0.01    0.02    1.91 ^ _137601_/ZN (NAND3_X1)
                                         _043829_ (net)
                  0.01    0.00    1.91 ^ _137604_/A1 (NAND2_X1)
     1    1.53    0.01    0.01    1.92 v _137604_/ZN (NAND2_X1)
                                         _043832_ (net)
                  0.01    0.00    1.92 v _137607_/A1 (NAND2_X1)
     1    3.13    0.01    0.02    1.94 ^ _137607_/ZN (NAND2_X1)
                                         _043835_ (net)
                  0.01    0.00    1.94 ^ _137609_/B1 (AOI21_X2)
     1    1.06    0.01    0.01    1.95 v _137609_/ZN (AOI21_X2)
                                         _002068_ (net)
                  0.01    0.00    1.95 v g_lane[1].u_mac.acc_q[21]$_SDFFE_PN0P_/D (DFF_X1)
                                  1.95   data arrival time

                  0.00    2.00    2.00   clock core_clock (rise edge)
                          0.00    2.00   clock network delay (ideal)
                          0.00    2.00   clock reconvergence pessimism
                                  2.00 ^ g_lane[1].u_mac.acc_q[21]$_SDFFE_PN0P_/CK (DFF_X1)
                         -0.04    1.96   library setup time
                                  1.96   data required time
-----------------------------------------------------------------------------
                                  1.96   data required time
                                 -1.95   data arrival time
-----------------------------------------------------------------------------
                                  0.01   slack (MET)



==========================================================================
Post synthesis report_power
--------------------------------------------------------------------------
Group                  Internal  Switching    Leakage      Total
                          Power      Power      Power      Power (Watts)
----------------------------------------------------------------
Sequential             1.12e-02   7.60e-04   2.11e-04   1.22e-02   2.3%
Combinational          2.41e-01   2.70e-01   2.31e-03   5.13e-01  97.7%
Clock                  0.00e+00   0.00e+00   0.00e+00   0.00e+00   0.0%
Macro                  0.00e+00   0.00e+00   0.00e+00   0.00e+00   0.0%
Pad                    0.00e+00   0.00e+00   0.00e+00   0.00e+00   0.0%
----------------------------------------------------------------
Total                  2.52e-01   2.70e-01   2.52e-03   5.25e-01 100.0%
                          48.1%      51.5%       0.5%
