
==========================================================================
Post synthesis report_tns
--------------------------------------------------------------------------
tns 0.00

==========================================================================
Post synthesis report_wns
--------------------------------------------------------------------------
wns 0.00

==========================================================================
Post synthesis report_worst_slack
--------------------------------------------------------------------------
worst slack 0.86

==========================================================================
Post synthesis report_checks -path_delay min
--------------------------------------------------------------------------
Startpoint: u_pcu.u_acc.entry[1][228]$_SDFFCE_PN0P_
            (rising edge-triggered flip-flop clocked by core_clock)
Endpoint: u_pcu.u_acc.entry[1][228]$_SDFFCE_PN0P_
          (rising edge-triggered flip-flop clocked by core_clock)
Path Group: core_clock
Path Type: min

Fanout     Cap    Slew   Delay    Time   Description
-----------------------------------------------------------------------------
                  0.00    0.00    0.00   clock core_clock (rise edge)
                          0.00    0.00   clock network delay (ideal)
                  0.00    0.00    0.00 ^ u_pcu.u_acc.entry[1][228]$_SDFFCE_PN0P_/CK (DFF_X1)
     3    4.58    0.01    0.08    0.08 v u_pcu.u_acc.entry[1][228]$_SDFFCE_PN0P_/Q (DFF_X1)
                                         u_pcu.u_acc.entry[1][228] (net)
                  0.01    0.00    0.08 v _53084_/A (INV_X1)
     1    1.66    0.01    0.01    0.10 ^ _53084_/ZN (INV_X1)
                                         _10940_ (net)
                  0.01    0.00    0.10 ^ _53085_/B1 (OAI21_X1)
     1    1.06    0.01    0.01    0.11 v _53085_/ZN (OAI21_X1)
                                         _02125_ (net)
                  0.01    0.00    0.11 v u_pcu.u_acc.entry[1][228]$_SDFFCE_PN0P_/D (DFF_X1)
                                  0.11   data arrival time

                  0.00    0.00    0.00   clock core_clock (rise edge)
                          0.00    0.00   clock network delay (ideal)
                          0.00    0.00   clock reconvergence pessimism
                                  0.00 ^ u_pcu.u_acc.entry[1][228]$_SDFFCE_PN0P_/CK (DFF_X1)
                          0.00    0.00   library hold time
                                  0.00   data required time
-----------------------------------------------------------------------------
                                  0.00   data required time
                                 -0.11   data arrival time
-----------------------------------------------------------------------------
                                  0.11   slack (MET)



==========================================================================
Post synthesis report_checks -path_delay max
--------------------------------------------------------------------------
Startpoint: a_q4_i[18] (input port clocked by core_clock)
Endpoint: u_pcu.g_row[1].g_pe[4].u_pe.psum_q[9]$_SDFFE_PN0P_
          (rising edge-triggered flip-flop clocked by core_clock)
Path Group: core_clock
Path Type: max

Fanout     Cap    Slew   Delay    Time   Description
-----------------------------------------------------------------------------
                  0.00    0.00    0.00   clock core_clock (rise edge)
                          0.00    0.00   clock network delay (ideal)
                          0.40    0.40 v input external delay
     1    5.81    0.00    0.00    0.40 v a_q4_i[18] (in)
                                         a_q4_i[18] (net)
                  0.00    0.00    0.40 v _63413_/A (BUF_X8)
     7   46.33    0.01    0.03    0.43 v _63413_/Z (BUF_X8)
                                         _21032_ (net)
                  0.01    0.00    0.43 v _63414_/A (BUF_X32)
    10   89.23    0.01    0.03    0.46 v _63414_/Z (BUF_X32)
                                         _21033_ (net)
                  0.01    0.00    0.46 v _63415_/A (BUF_X32)
    10   66.73    0.01    0.03    0.48 v _63415_/Z (BUF_X32)
                                         _21034_ (net)
                  0.01    0.00    0.48 v _63416_/A (BUF_X32)
    10   26.42    0.00    0.02    0.50 v _63416_/Z (BUF_X32)
                                         _21035_ (net)
                  0.00    0.00    0.50 v _63417_/A (BUF_X16)
    10   26.45    0.01    0.02    0.53 v _63417_/Z (BUF_X16)
                                         _21036_ (net)
                  0.01    0.00    0.53 v _70050_/B2 (OAI22_X4)
     2    4.68    0.03    0.04    0.57 ^ _70050_/ZN (OAI22_X4)
                                         _27566_ (net)
                  0.03    0.00    0.57 ^ _70051_/A (INV_X1)
     1    1.46    0.01    0.01    0.57 v _70051_/ZN (INV_X1)
                                         _27567_ (net)
                  0.01    0.00    0.57 v _70054_/B1 (OAI21_X1)
     1    1.60    0.02    0.03    0.60 ^ _70054_/ZN (OAI21_X1)
                                         _27570_ (net)
                  0.02    0.00    0.60 ^ _70056_/A1 (NAND2_X1)
     1    2.94    0.01    0.02    0.62 v _70056_/ZN (NAND2_X1)
                                         _27572_ (net)
                  0.01    0.00    0.62 v _70057_/A (INV_X2)
     2    6.91    0.01    0.02    0.64 ^ _70057_/ZN (INV_X2)
                                         _27573_ (net)
                  0.01    0.00    0.64 ^ _70058_/A2 (OR2_X4)
     2    4.67    0.01    0.02    0.66 ^ _70058_/ZN (OR2_X4)
                                         _27574_ (net)
                  0.01    0.00    0.66 ^ _70060_/A1 (NAND2_X2)
     2    7.16    0.01    0.02    0.67 v _70060_/ZN (NAND2_X2)
                                         _27576_ (net)
                  0.01    0.00    0.67 v _70163_/A1 (NOR2_X4)
     2    4.75    0.01    0.02    0.70 ^ _70163_/ZN (NOR2_X4)
                                         _27678_ (net)
                  0.01    0.00    0.70 ^ _70174_/A1 (NAND2_X2)
     2    5.30    0.01    0.02    0.71 v _70174_/ZN (NAND2_X2)
                                         _27689_ (net)
                  0.01    0.00    0.71 v _70227_/A (XNOR2_X2)
     3    6.84    0.01    0.04    0.75 v _70227_/ZN (XNOR2_X2)
                                         _27741_ (net)
                  0.01    0.00    0.75 v _70265_/A2 (OR2_X1)
     1    1.41    0.01    0.05    0.80 v _70265_/ZN (OR2_X1)
                                         _27778_ (net)
                  0.01    0.00    0.80 v _70266_/A1 (NOR2_X1)
     3    4.94    0.03    0.04    0.84 ^ _70266_/ZN (NOR2_X1)
                                         _27779_ (net)
                  0.03    0.00    0.84 ^ _70267_/A (INV_X1)
     1    1.53    0.01    0.01    0.85 v _70267_/ZN (INV_X1)
                                         _27780_ (net)
                  0.01    0.00    0.85 v _70269_/A1 (NAND2_X1)
     1    1.70    0.01    0.01    0.87 ^ _70269_/ZN (NAND2_X1)
                                         _27782_ (net)
                  0.01    0.00    0.87 ^ _70270_/A (INV_X1)
     1    2.37    0.00    0.01    0.87 v _70270_/ZN (INV_X1)
                                         _27783_ (net)
                  0.00    0.00    0.87 v _70271_/B (XNOR2_X1)
     2    2.40    0.01    0.04    0.91 v _70271_/ZN (XNOR2_X1)
                                         _27784_ (net)
                  0.01    0.00    0.91 v _70272_/A2 (OR2_X1)
     1    1.53    0.01    0.05    0.96 v _70272_/ZN (OR2_X1)
                                         _27785_ (net)
                  0.01    0.00    0.96 v _70274_/A1 (NAND2_X1)
     3    5.01    0.02    0.02    0.98 ^ _70274_/ZN (NAND2_X1)
                                         _27787_ (net)
                  0.02    0.00    0.98 ^ _70275_/A (INV_X1)
     2    3.00    0.01    0.01    1.00 v _70275_/ZN (INV_X1)
                                         _27788_ (net)
                  0.01    0.00    1.00 v _70281_/A2 (NAND2_X1)
     1    3.25    0.01    0.02    1.02 ^ _70281_/ZN (NAND2_X1)
                                         _27793_ (net)
                  0.01    0.00    1.02 ^ _70282_/A (INV_X2)
     2    4.48    0.01    0.01    1.03 v _70282_/ZN (INV_X2)
                                         _27794_ (net)
                  0.01    0.00    1.03 v _70283_/B2 (AOI21_X2)
     1    1.59    0.02    0.02    1.05 ^ _70283_/ZN (AOI21_X2)
                                         _27795_ (net)
                  0.02    0.00    1.05 ^ _70288_/A1 (NAND3_X1)
     1    1.56    0.01    0.02    1.07 v _70288_/ZN (NAND3_X1)
                                         _27800_ (net)
                  0.01    0.00    1.07 v _70290_/A1 (NAND3_X1)
     1    1.60    0.01    0.02    1.09 ^ _70290_/ZN (NAND3_X1)
                                         _27802_ (net)
                  0.01    0.00    1.09 ^ _70292_/A1 (NAND2_X1)
     1    1.55    0.01    0.01    1.10 v _70292_/ZN (NAND2_X1)
                                         _27804_ (net)
                  0.01    0.00    1.10 v _70293_/A (INV_X1)
     1    1.14    0.01    0.01    1.11 ^ _70293_/ZN (INV_X1)
                                         _00919_ (net)
                  0.01    0.00    1.11 ^ u_pcu.g_row[1].g_pe[4].u_pe.psum_q[9]$_SDFFE_PN0P_/D (DFF_X1)
                                  1.11   data arrival time

                  0.00    2.00    2.00   clock core_clock (rise edge)
                          0.00    2.00   clock network delay (ideal)
                          0.00    2.00   clock reconvergence pessimism
                                  2.00 ^ u_pcu.g_row[1].g_pe[4].u_pe.psum_q[9]$_SDFFE_PN0P_/CK (DFF_X1)
                         -0.03    1.97   library setup time
                                  1.97   data required time
-----------------------------------------------------------------------------
                                  1.97   data required time
                                 -1.11   data arrival time
-----------------------------------------------------------------------------
                                  0.86   slack (MET)



==========================================================================
Post synthesis report_checks -unconstrained
--------------------------------------------------------------------------
Startpoint: a_q4_i[18] (input port clocked by core_clock)
Endpoint: u_pcu.g_row[1].g_pe[4].u_pe.psum_q[9]$_SDFFE_PN0P_
          (rising edge-triggered flip-flop clocked by core_clock)
Path Group: core_clock
Path Type: max

Fanout     Cap    Slew   Delay    Time   Description
-----------------------------------------------------------------------------
                  0.00    0.00    0.00   clock core_clock (rise edge)
                          0.00    0.00   clock network delay (ideal)
                          0.40    0.40 v input external delay
     1    5.81    0.00    0.00    0.40 v a_q4_i[18] (in)
                                         a_q4_i[18] (net)
                  0.00    0.00    0.40 v _63413_/A (BUF_X8)
     7   46.33    0.01    0.03    0.43 v _63413_/Z (BUF_X8)
                                         _21032_ (net)
                  0.01    0.00    0.43 v _63414_/A (BUF_X32)
    10   89.23    0.01    0.03    0.46 v _63414_/Z (BUF_X32)
                                         _21033_ (net)
                  0.01    0.00    0.46 v _63415_/A (BUF_X32)
    10   66.73    0.01    0.03    0.48 v _63415_/Z (BUF_X32)
                                         _21034_ (net)
                  0.01    0.00    0.48 v _63416_/A (BUF_X32)
    10   26.42    0.00    0.02    0.50 v _63416_/Z (BUF_X32)
                                         _21035_ (net)
                  0.00    0.00    0.50 v _63417_/A (BUF_X16)
    10   26.45    0.01    0.02    0.53 v _63417_/Z (BUF_X16)
                                         _21036_ (net)
                  0.01    0.00    0.53 v _70050_/B2 (OAI22_X4)
     2    4.68    0.03    0.04    0.57 ^ _70050_/ZN (OAI22_X4)
                                         _27566_ (net)
                  0.03    0.00    0.57 ^ _70051_/A (INV_X1)
     1    1.46    0.01    0.01    0.57 v _70051_/ZN (INV_X1)
                                         _27567_ (net)
                  0.01    0.00    0.57 v _70054_/B1 (OAI21_X1)
     1    1.60    0.02    0.03    0.60 ^ _70054_/ZN (OAI21_X1)
                                         _27570_ (net)
                  0.02    0.00    0.60 ^ _70056_/A1 (NAND2_X1)
     1    2.94    0.01    0.02    0.62 v _70056_/ZN (NAND2_X1)
                                         _27572_ (net)
                  0.01    0.00    0.62 v _70057_/A (INV_X2)
     2    6.91    0.01    0.02    0.64 ^ _70057_/ZN (INV_X2)
                                         _27573_ (net)
                  0.01    0.00    0.64 ^ _70058_/A2 (OR2_X4)
     2    4.67    0.01    0.02    0.66 ^ _70058_/ZN (OR2_X4)
                                         _27574_ (net)
                  0.01    0.00    0.66 ^ _70060_/A1 (NAND2_X2)
     2    7.16    0.01    0.02    0.67 v _70060_/ZN (NAND2_X2)
                                         _27576_ (net)
                  0.01    0.00    0.67 v _70163_/A1 (NOR2_X4)
     2    4.75    0.01    0.02    0.70 ^ _70163_/ZN (NOR2_X4)
                                         _27678_ (net)
                  0.01    0.00    0.70 ^ _70174_/A1 (NAND2_X2)
     2    5.30    0.01    0.02    0.71 v _70174_/ZN (NAND2_X2)
                                         _27689_ (net)
                  0.01    0.00    0.71 v _70227_/A (XNOR2_X2)
     3    6.84    0.01    0.04    0.75 v _70227_/ZN (XNOR2_X2)
                                         _27741_ (net)
                  0.01    0.00    0.75 v _70265_/A2 (OR2_X1)
     1    1.41    0.01    0.05    0.80 v _70265_/ZN (OR2_X1)
                                         _27778_ (net)
                  0.01    0.00    0.80 v _70266_/A1 (NOR2_X1)
     3    4.94    0.03    0.04    0.84 ^ _70266_/ZN (NOR2_X1)
                                         _27779_ (net)
                  0.03    0.00    0.84 ^ _70267_/A (INV_X1)
     1    1.53    0.01    0.01    0.85 v _70267_/ZN (INV_X1)
                                         _27780_ (net)
                  0.01    0.00    0.85 v _70269_/A1 (NAND2_X1)
     1    1.70    0.01    0.01    0.87 ^ _70269_/ZN (NAND2_X1)
                                         _27782_ (net)
                  0.01    0.00    0.87 ^ _70270_/A (INV_X1)
     1    2.37    0.00    0.01    0.87 v _70270_/ZN (INV_X1)
                                         _27783_ (net)
                  0.00    0.00    0.87 v _70271_/B (XNOR2_X1)
     2    2.40    0.01    0.04    0.91 v _70271_/ZN (XNOR2_X1)
                                         _27784_ (net)
                  0.01    0.00    0.91 v _70272_/A2 (OR2_X1)
     1    1.53    0.01    0.05    0.96 v _70272_/ZN (OR2_X1)
                                         _27785_ (net)
                  0.01    0.00    0.96 v _70274_/A1 (NAND2_X1)
     3    5.01    0.02    0.02    0.98 ^ _70274_/ZN (NAND2_X1)
                                         _27787_ (net)
                  0.02    0.00    0.98 ^ _70275_/A (INV_X1)
     2    3.00    0.01    0.01    1.00 v _70275_/ZN (INV_X1)
                                         _27788_ (net)
                  0.01    0.00    1.00 v _70281_/A2 (NAND2_X1)
     1    3.25    0.01    0.02    1.02 ^ _70281_/ZN (NAND2_X1)
                                         _27793_ (net)
                  0.01    0.00    1.02 ^ _70282_/A (INV_X2)
     2    4.48    0.01    0.01    1.03 v _70282_/ZN (INV_X2)
                                         _27794_ (net)
                  0.01    0.00    1.03 v _70283_/B2 (AOI21_X2)
     1    1.59    0.02    0.02    1.05 ^ _70283_/ZN (AOI21_X2)
                                         _27795_ (net)
                  0.02    0.00    1.05 ^ _70288_/A1 (NAND3_X1)
     1    1.56    0.01    0.02    1.07 v _70288_/ZN (NAND3_X1)
                                         _27800_ (net)
                  0.01    0.00    1.07 v _70290_/A1 (NAND3_X1)
     1    1.60    0.01    0.02    1.09 ^ _70290_/ZN (NAND3_X1)
                                         _27802_ (net)
                  0.01    0.00    1.09 ^ _70292_/A1 (NAND2_X1)
     1    1.55    0.01    0.01    1.10 v _70292_/ZN (NAND2_X1)
                                         _27804_ (net)
                  0.01    0.00    1.10 v _70293_/A (INV_X1)
     1    1.14    0.01    0.01    1.11 ^ _70293_/ZN (INV_X1)
                                         _00919_ (net)
                  0.01    0.00    1.11 ^ u_pcu.g_row[1].g_pe[4].u_pe.psum_q[9]$_SDFFE_PN0P_/D (DFF_X1)
                                  1.11   data arrival time

                  0.00    2.00    2.00   clock core_clock (rise edge)
                          0.00    2.00   clock network delay (ideal)
                          0.00    2.00   clock reconvergence pessimism
                                  2.00 ^ u_pcu.g_row[1].g_pe[4].u_pe.psum_q[9]$_SDFFE_PN0P_/CK (DFF_X1)
                         -0.03    1.97   library setup time
                                  1.97   data required time
-----------------------------------------------------------------------------
                                  1.97   data required time
                                 -1.11   data arrival time
-----------------------------------------------------------------------------
                                  0.86   slack (MET)



==========================================================================
Post synthesis report_power
--------------------------------------------------------------------------
Group                  Internal  Switching    Leakage      Total
                          Power      Power      Power      Power (Watts)
----------------------------------------------------------------
Sequential             7.83e-03   3.24e-04   1.63e-04   8.32e-03  29.9%
Combinational          9.05e-03   9.40e-03   1.01e-03   1.95e-02  70.1%
Clock                  0.00e+00   0.00e+00   0.00e+00   0.00e+00   0.0%
Macro                  0.00e+00   0.00e+00   0.00e+00   0.00e+00   0.0%
Pad                    0.00e+00   0.00e+00   0.00e+00   0.00e+00   0.0%
----------------------------------------------------------------
Total                  1.69e-02   9.73e-03   1.18e-03   2.78e-02 100.0%
                          60.8%      35.0%       4.2%
