
==========================================================================
Post synthesis report_tns
--------------------------------------------------------------------------
tns 0.00

==========================================================================
Post synthesis report_wns
--------------------------------------------------------------------------
wns 0.00

==========================================================================
Post synthesis report_worst_slack
--------------------------------------------------------------------------
worst slack 1.03

==========================================================================
Post synthesis report_checks -path_delay min
--------------------------------------------------------------------------
Startpoint: g_pe[2].u_pe.s1_acc_clear_q$_SDFF_PN0_
            (rising edge-triggered flip-flop clocked by core_clock)
Endpoint: g_pe[0].u_pe.s2_acc_clear_q$_SDFF_PN0_
          (rising edge-triggered flip-flop clocked by core_clock)
Path Group: core_clock
Path Type: min

Fanout     Cap    Slew   Delay    Time   Description
-----------------------------------------------------------------------------
                  0.00    0.00    0.00   clock core_clock (rise edge)
                          0.00    0.00   clock network delay (ideal)
                  0.00    0.00    0.00 ^ g_pe[2].u_pe.s1_acc_clear_q$_SDFF_PN0_/CK (DFF_X1)
     1    1.50    0.01    0.08    0.08 v g_pe[2].u_pe.s1_acc_clear_q$_SDFF_PN0_/Q (DFF_X1)
                                         g_pe[0].u_pe.s1_acc_clear_q (net)
                  0.01    0.00    0.08 v _058172_/A2 (NAND2_X1)
     1    1.70    0.01    0.02    0.09 ^ _058172_/ZN (NAND2_X1)
                                         _051589_ (net)
                  0.01    0.00    0.09 ^ _058173_/A (INV_X1)
     1    1.06    0.00    0.01    0.10 v _058173_/ZN (INV_X1)
                                         _000449_ (net)
                  0.00    0.00    0.10 v g_pe[0].u_pe.s2_acc_clear_q$_SDFF_PN0_/D (DFF_X1)
                                  0.10   data arrival time

                  0.00    0.00    0.00   clock core_clock (rise edge)
                          0.00    0.00   clock network delay (ideal)
                          0.00    0.00   clock reconvergence pessimism
                                  0.00 ^ g_pe[0].u_pe.s2_acc_clear_q$_SDFF_PN0_/CK (DFF_X1)
                          0.00    0.00   library hold time
                                  0.00   data required time
-----------------------------------------------------------------------------
                                  0.00   data required time
                                 -0.10   data arrival time
-----------------------------------------------------------------------------
                                  0.10   slack (MET)



==========================================================================
Post synthesis report_checks -path_delay max
--------------------------------------------------------------------------
Startpoint: op_mode[1] (input port clocked by core_clock)
Endpoint: g_pe[2].u_pe.s0_rhs_q[2][4]$_SDFF_PN0_
          (rising edge-triggered flip-flop clocked by core_clock)
Path Group: core_clock
Path Type: max

Fanout     Cap    Slew   Delay    Time   Description
-----------------------------------------------------------------------------
                  0.00    0.00    0.00   clock core_clock (rise edge)
                          0.00    0.00   clock network delay (ideal)
                          0.40    0.40 v input external delay
     1    0.88    0.00    0.00    0.40 v op_mode[1] (in)
                                         op_mode[1] (net)
                  0.00    0.00    0.40 v _056437_/A (BUF_X1)
     3    4.53    0.01    0.03    0.43 v _056437_/Z (BUF_X1)
                                         _049930_ (net)
                  0.01    0.00    0.43 v _056438_/A2 (NOR2_X1)
     9    9.30    0.05    0.07    0.49 ^ _056438_/ZN (NOR2_X1)
                                         _049931_ (net)
                  0.05    0.00    0.49 ^ _056491_/A (BUF_X1)
    10   10.24    0.03    0.05    0.55 ^ _056491_/Z (BUF_X1)
                                         _049983_ (net)
                  0.03    0.00    0.55 ^ _056647_/A1 (OR2_X1)
     5    7.63    0.02    0.04    0.59 ^ _056647_/ZN (OR2_X1)
                                         _050128_ (net)
                  0.02    0.00    0.59 ^ _064175_/A (BUF_X1)
    10   15.95    0.04    0.06    0.65 ^ _064175_/Z (BUF_X1)
                                         _006527_ (net)
                  0.04    0.00    0.65 ^ _067494_/A (BUF_X1)
    10   16.73    0.04    0.07    0.72 ^ _067494_/Z (BUF_X1)
                                         _009704_ (net)
                  0.04    0.00    0.72 ^ _084109_/A2 (NAND2_X1)
     1    1.41    0.01    0.02    0.73 v _084109_/ZN (NAND2_X1)
                                         _025571_ (net)
                  0.01    0.00    0.73 v _084110_/A1 (NOR2_X1)
     3    4.99    0.03    0.04    0.77 ^ _084110_/ZN (NOR2_X1)
                                         _025572_ (net)
                  0.03    0.00    0.77 ^ _084136_/A2 (NOR2_X1)
     3    4.42    0.01    0.02    0.79 v _084136_/ZN (NOR2_X1)
                                         _025597_ (net)
                  0.01    0.00    0.79 v _084155_/B1 (OAI21_X1)
     1    1.60    0.02    0.03    0.82 ^ _084155_/ZN (OAI21_X1)
                                         _025614_ (net)
                  0.02    0.00    0.82 ^ _084156_/A1 (NAND2_X1)
     2    3.11    0.01    0.02    0.84 v _084156_/ZN (NAND2_X1)
                                         _025615_ (net)
                  0.01    0.00    0.84 v _084157_/A (INV_X1)
     1    1.66    0.01    0.01    0.85 ^ _084157_/ZN (INV_X1)
                                         _025616_ (net)
                  0.01    0.00    0.85 ^ _084160_/B1 (OAI21_X1)
     2    3.01    0.01    0.02    0.87 v _084160_/ZN (OAI21_X1)
                                         _025619_ (net)
                  0.01    0.00    0.87 v _084173_/A1 (OAI22_X1)
     1    1.70    0.03    0.03    0.90 ^ _084173_/ZN (OAI22_X1)
                                         _025631_ (net)
                  0.03    0.00    0.90 ^ _084174_/A (INV_X1)
     2    2.87    0.01    0.01    0.91 v _084174_/ZN (INV_X1)
                                         _025632_ (net)
                  0.01    0.00    0.91 v _084175_/A1 (OAI22_X1)
     1    1.14    0.03    0.02    0.93 ^ _084175_/ZN (OAI22_X1)
                                         _001568_ (net)
                  0.03    0.00    0.93 ^ g_pe[2].u_pe.s0_rhs_q[2][4]$_SDFF_PN0_/D (DFF_X1)
                                  0.93   data arrival time

                  0.00    2.00    2.00   clock core_clock (rise edge)
                          0.00    2.00   clock network delay (ideal)
                          0.00    2.00   clock reconvergence pessimism
                                  2.00 ^ g_pe[2].u_pe.s0_rhs_q[2][4]$_SDFF_PN0_/CK (DFF_X1)
                         -0.04    1.96   library setup time
                                  1.96   data required time
-----------------------------------------------------------------------------
                                  1.96   data required time
                                 -0.93   data arrival time
-----------------------------------------------------------------------------
                                  1.03   slack (MET)



==========================================================================
Post synthesis report_checks -unconstrained
--------------------------------------------------------------------------
Startpoint: op_mode[1] (input port clocked by core_clock)
Endpoint: g_pe[2].u_pe.s0_rhs_q[2][4]$_SDFF_PN0_
          (rising edge-triggered flip-flop clocked by core_clock)
Path Group: core_clock
Path Type: max

Fanout     Cap    Slew   Delay    Time   Description
-----------------------------------------------------------------------------
                  0.00    0.00    0.00   clock core_clock (rise edge)
                          0.00    0.00   clock network delay (ideal)
                          0.40    0.40 v input external delay
     1    0.88    0.00    0.00    0.40 v op_mode[1] (in)
                                         op_mode[1] (net)
                  0.00    0.00    0.40 v _056437_/A (BUF_X1)
     3    4.53    0.01    0.03    0.43 v _056437_/Z (BUF_X1)
                                         _049930_ (net)
                  0.01    0.00    0.43 v _056438_/A2 (NOR2_X1)
     9    9.30    0.05    0.07    0.49 ^ _056438_/ZN (NOR2_X1)
                                         _049931_ (net)
                  0.05    0.00    0.49 ^ _056491_/A (BUF_X1)
    10   10.24    0.03    0.05    0.55 ^ _056491_/Z (BUF_X1)
                                         _049983_ (net)
                  0.03    0.00    0.55 ^ _056647_/A1 (OR2_X1)
     5    7.63    0.02    0.04    0.59 ^ _056647_/ZN (OR2_X1)
                                         _050128_ (net)
                  0.02    0.00    0.59 ^ _064175_/A (BUF_X1)
    10   15.95    0.04    0.06    0.65 ^ _064175_/Z (BUF_X1)
                                         _006527_ (net)
                  0.04    0.00    0.65 ^ _067494_/A (BUF_X1)
    10   16.73    0.04    0.07    0.72 ^ _067494_/Z (BUF_X1)
                                         _009704_ (net)
                  0.04    0.00    0.72 ^ _084109_/A2 (NAND2_X1)
     1    1.41    0.01    0.02    0.73 v _084109_/ZN (NAND2_X1)
                                         _025571_ (net)
                  0.01    0.00    0.73 v _084110_/A1 (NOR2_X1)
     3    4.99    0.03    0.04    0.77 ^ _084110_/ZN (NOR2_X1)
                                         _025572_ (net)
                  0.03    0.00    0.77 ^ _084136_/A2 (NOR2_X1)
     3    4.42    0.01    0.02    0.79 v _084136_/ZN (NOR2_X1)
                                         _025597_ (net)
                  0.01    0.00    0.79 v _084155_/B1 (OAI21_X1)
     1    1.60    0.02    0.03    0.82 ^ _084155_/ZN (OAI21_X1)
                                         _025614_ (net)
                  0.02    0.00    0.82 ^ _084156_/A1 (NAND2_X1)
     2    3.11    0.01    0.02    0.84 v _084156_/ZN (NAND2_X1)
                                         _025615_ (net)
                  0.01    0.00    0.84 v _084157_/A (INV_X1)
     1    1.66    0.01    0.01    0.85 ^ _084157_/ZN (INV_X1)
                                         _025616_ (net)
                  0.01    0.00    0.85 ^ _084160_/B1 (OAI21_X1)
     2    3.01    0.01    0.02    0.87 v _084160_/ZN (OAI21_X1)
                                         _025619_ (net)
                  0.01    0.00    0.87 v _084173_/A1 (OAI22_X1)
     1    1.70    0.03    0.03    0.90 ^ _084173_/ZN (OAI22_X1)
                                         _025631_ (net)
                  0.03    0.00    0.90 ^ _084174_/A (INV_X1)
     2    2.87    0.01    0.01    0.91 v _084174_/ZN (INV_X1)
                                         _025632_ (net)
                  0.01    0.00    0.91 v _084175_/A1 (OAI22_X1)
     1    1.14    0.03    0.02    0.93 ^ _084175_/ZN (OAI22_X1)
                                         _001568_ (net)
                  0.03    0.00    0.93 ^ g_pe[2].u_pe.s0_rhs_q[2][4]$_SDFF_PN0_/D (DFF_X1)
                                  0.93   data arrival time

                  0.00    2.00    2.00   clock core_clock (rise edge)
                          0.00    2.00   clock network delay (ideal)
                          0.00    2.00   clock reconvergence pessimism
                                  2.00 ^ g_pe[2].u_pe.s0_rhs_q[2][4]$_SDFF_PN0_/CK (DFF_X1)
                         -0.04    1.96   library setup time
                                  1.96   data required time
-----------------------------------------------------------------------------
                                  1.96   data required time
                                 -0.93   data arrival time
-----------------------------------------------------------------------------
                                  1.03   slack (MET)



==========================================================================
Post synthesis report_power
--------------------------------------------------------------------------
Group                  Internal  Switching    Leakage      Total
                          Power      Power      Power      Power (Watts)
----------------------------------------------------------------
Sequential             9.18e-03   5.19e-04   1.81e-04   9.88e-03  29.4%
Combinational          1.09e-02   1.15e-02   1.32e-03   2.37e-02  70.6%
Clock                  0.00e+00   0.00e+00   0.00e+00   0.00e+00   0.0%
Macro                  0.00e+00   0.00e+00   0.00e+00   0.00e+00   0.0%
Pad                    0.00e+00   0.00e+00   0.00e+00   0.00e+00   0.0%
----------------------------------------------------------------
Total                  2.01e-02   1.20e-02   1.50e-03   3.36e-02 100.0%
                          59.7%      35.8%       4.5%
