
==========================================================================
Post synthesis report_tns
--------------------------------------------------------------------------
tns 0.00

==========================================================================
Post synthesis report_wns
--------------------------------------------------------------------------
wns 0.00

==========================================================================
Post synthesis report_worst_slack
--------------------------------------------------------------------------
worst slack 0.65

==========================================================================
Post synthesis report_checks -path_delay min
--------------------------------------------------------------------------
Startpoint: u_pe.psum_q[1]$_SDFFE_PN0P_
            (rising edge-triggered flip-flop clocked by core_clock)
Endpoint: u_pe.psum_q[1]$_SDFFE_PN0P_
          (rising edge-triggered flip-flop clocked by core_clock)
Path Group: core_clock
Path Type: min

Fanout     Cap    Slew   Delay    Time   Description
-----------------------------------------------------------------------------
                  0.00    0.00    0.00   clock core_clock (rise edge)
                          0.00    0.00   clock network delay (ideal)
                  0.00    0.00    0.00 ^ u_pe.psum_q[1]$_SDFFE_PN0P_/CK (DFF_X1)
     4    6.08    0.01    0.09    0.09 v u_pe.psum_q[1]$_SDFFE_PN0P_/Q (DFF_X1)
                                         u_pe.psum_ext[1] (net)
                  0.01    0.00    0.09 v _0928_/B1 (OAI21_X1)
     1    1.63    0.01    0.03    0.11 ^ _0928_/ZN (OAI21_X1)
                                         _0048_ (net)
                  0.01    0.00    0.11 ^ _0966_/A (AOI21_X1)
     1    1.06    0.01    0.01    0.12 v _0966_/ZN (AOI21_X1)
                                         _0001_ (net)
                  0.01    0.00    0.12 v u_pe.psum_q[1]$_SDFFE_PN0P_/D (DFF_X1)
                                  0.12   data arrival time

                  0.00    0.00    0.00   clock core_clock (rise edge)
                          0.00    0.00   clock network delay (ideal)
                          0.00    0.00   clock reconvergence pessimism
                                  0.00 ^ u_pe.psum_q[1]$_SDFFE_PN0P_/CK (DFF_X1)
                          0.00    0.00   library hold time
                                  0.00   data required time
-----------------------------------------------------------------------------
                                  0.00   data required time
                                 -0.12   data arrival time
-----------------------------------------------------------------------------
                                  0.12   slack (MET)



==========================================================================
Post synthesis report_checks -path_delay max
--------------------------------------------------------------------------
Startpoint: acc_cur_i[1] (input port clocked by core_clock)
Endpoint: acc_next_o[19] (output port clocked by core_clock)
Path Group: core_clock
Path Type: max

Fanout     Cap    Slew   Delay    Time   Description
-----------------------------------------------------------------------------
                  0.00    0.00    0.00   clock core_clock (rise edge)
                          0.00    0.00   clock network delay (ideal)
                          0.40    0.40 v input external delay
     2    2.94    0.00    0.00    0.40 v acc_cur_i[1] (in)
                                         acc_cur_i[1] (net)
                  0.00    0.00    0.40 v _1613_/A1 (NAND2_X1)
     2    3.36    0.01    0.01    0.41 ^ _1613_/ZN (NAND2_X1)
                                         _0723_ (net)
                  0.01    0.00    0.41 ^ _1614_/A (INV_X1)
     2    2.87    0.01    0.01    0.42 v _1614_/ZN (INV_X1)
                                         _0724_ (net)
                  0.01    0.00    0.42 v _1616_/A1 (NOR2_X1)
     1    1.59    0.01    0.02    0.45 ^ _1616_/ZN (NOR2_X1)
                                         _0726_ (net)
                  0.01    0.00    0.45 ^ _1617_/A1 (NAND3_X1)
     2    3.09    0.01    0.02    0.47 v _1617_/ZN (NAND3_X1)
                                         _0727_ (net)
                  0.01    0.00    0.47 v _1618_/A1 (NAND2_X1)
     2    3.93    0.01    0.02    0.49 ^ _1618_/ZN (NAND2_X1)
                                         _0728_ (net)
                  0.01    0.00    0.49 ^ _1619_/A (INV_X1)
     1    2.70    0.01    0.01    0.50 v _1619_/ZN (INV_X1)
                                         _0729_ (net)
                  0.01    0.00    0.50 v _1621_/B1 (OAI21_X2)
     2    3.89    0.02    0.03    0.53 ^ _1621_/ZN (OAI21_X2)
                                         _0731_ (net)
                  0.02    0.00    0.53 ^ _1624_/B1 (OAI21_X1)
     2    4.83    0.01    0.02    0.55 v _1624_/ZN (OAI21_X1)
                                         _0734_ (net)
                  0.01    0.00    0.55 v _1626_/B1 (OAI21_X2)
     2    3.88    0.02    0.03    0.58 ^ _1626_/ZN (OAI21_X2)
                                         _0736_ (net)
                  0.02    0.00    0.58 ^ _1629_/B1 (AOI21_X1)
     3    5.10    0.01    0.02    0.61 v _1629_/ZN (AOI21_X1)
                                         _0739_ (net)
                  0.01    0.00    0.61 v _1648_/B1 (OAI21_X1)
     3    5.41    0.04    0.05    0.66 ^ _1648_/ZN (OAI21_X1)
                                         _0757_ (net)
                  0.04    0.00    0.66 ^ _1649_/A1 (NAND3_X1)
     1    0.87    0.01    0.02    0.68 v _1649_/ZN (NAND3_X1)
                                         _0758_ (net)
                  0.01    0.00    0.68 v _1651_/A1 (AND2_X1)
     2    3.59    0.01    0.03    0.71 v _1651_/ZN (AND2_X1)
                                         _0760_ (net)
                  0.01    0.00    0.71 v _1655_/B1 (OAI21_X1)
     2    2.55    0.02    0.03    0.74 ^ _1655_/ZN (OAI21_X1)
                                         _0764_ (net)
                  0.02    0.00    0.74 ^ _1659_/A1 (NAND2_X1)
     2    4.19    0.01    0.02    0.76 v _1659_/ZN (NAND2_X1)
                                         _0768_ (net)
                  0.01    0.00    0.76 v _1672_/B1 (OAI21_X2)
     3    4.89    0.02    0.03    0.80 ^ _1672_/ZN (OAI21_X2)
                                         _0779_ (net)
                  0.02    0.00    0.80 ^ _1706_/A1 (NAND3_X1)
     3    4.55    0.02    0.03    0.83 v _1706_/ZN (NAND3_X1)
                                         _0809_ (net)
                  0.02    0.00    0.83 v _1711_/A1 (NAND2_X1)
     1    1.60    0.01    0.02    0.85 ^ _1711_/ZN (NAND2_X1)
                                         _0814_ (net)
                  0.01    0.00    0.85 ^ _1713_/A1 (NAND2_X1)
     2    3.02    0.01    0.02    0.86 v _1713_/ZN (NAND2_X1)
                                         _0816_ (net)
                  0.01    0.00    0.86 v _1729_/B1 (OAI21_X1)
     2    2.55    0.02    0.03    0.89 ^ _1729_/ZN (OAI21_X1)
                                         _0830_ (net)
                  0.02    0.00    0.89 ^ _1731_/A1 (OR2_X1)
     1    1.59    0.01    0.03    0.92 ^ _1731_/ZN (OR2_X1)
                                         _0832_ (net)
                  0.01    0.00    0.92 ^ _1733_/A1 (NAND3_X1)
     1    1.53    0.01    0.02    0.94 v _1733_/ZN (NAND3_X1)
                                         _0834_ (net)
                  0.01    0.00    0.94 v _1734_/A1 (NAND2_X1)
     1    0.00    0.01    0.01    0.95 ^ _1734_/ZN (NAND2_X1)
                                         acc_next_o[19] (net)
                  0.01    0.00    0.95 ^ acc_next_o[19] (out)
                                  0.95   data arrival time

                  0.00    2.00    2.00   clock core_clock (rise edge)
                          0.00    2.00   clock network delay (ideal)
                          0.00    2.00   clock reconvergence pessimism
                         -0.40    1.60   output external delay
                                  1.60   data required time
-----------------------------------------------------------------------------
                                  1.60   data required time
                                 -0.95   data arrival time
-----------------------------------------------------------------------------
                                  0.65   slack (MET)



==========================================================================
Post synthesis report_checks -unconstrained
--------------------------------------------------------------------------
Startpoint: acc_cur_i[1] (input port clocked by core_clock)
Endpoint: acc_next_o[19] (output port clocked by core_clock)
Path Group: core_clock
Path Type: max

Fanout     Cap    Slew   Delay    Time   Description
-----------------------------------------------------------------------------
                  0.00    0.00    0.00   clock core_clock (rise edge)
                          0.00    0.00   clock network delay (ideal)
                          0.40    0.40 v input external delay
     2    2.94    0.00    0.00    0.40 v acc_cur_i[1] (in)
                                         acc_cur_i[1] (net)
                  0.00    0.00    0.40 v _1613_/A1 (NAND2_X1)
     2    3.36    0.01    0.01    0.41 ^ _1613_/ZN (NAND2_X1)
                                         _0723_ (net)
                  0.01    0.00    0.41 ^ _1614_/A (INV_X1)
     2    2.87    0.01    0.01    0.42 v _1614_/ZN (INV_X1)
                                         _0724_ (net)
                  0.01    0.00    0.42 v _1616_/A1 (NOR2_X1)
     1    1.59    0.01    0.02    0.45 ^ _1616_/ZN (NOR2_X1)
                                         _0726_ (net)
                  0.01    0.00    0.45 ^ _1617_/A1 (NAND3_X1)
     2    3.09    0.01    0.02    0.47 v _1617_/ZN (NAND3_X1)
                                         _0727_ (net)
                  0.01    0.00    0.47 v _1618_/A1 (NAND2_X1)
     2    3.93    0.01    0.02    0.49 ^ _1618_/ZN (NAND2_X1)
                                         _0728_ (net)
                  0.01    0.00    0.49 ^ _1619_/A (INV_X1)
     1    2.70    0.01    0.01    0.50 v _1619_/ZN (INV_X1)
                                         _0729_ (net)
                  0.01    0.00    0.50 v _1621_/B1 (OAI21_X2)
     2    3.89    0.02    0.03    0.53 ^ _1621_/ZN (OAI21_X2)
                                         _0731_ (net)
                  0.02    0.00    0.53 ^ _1624_/B1 (OAI21_X1)
     2    4.83    0.01    0.02    0.55 v _1624_/ZN (OAI21_X1)
                                         _0734_ (net)
                  0.01    0.00    0.55 v _1626_/B1 (OAI21_X2)
     2    3.88    0.02    0.03    0.58 ^ _1626_/ZN (OAI21_X2)
                                         _0736_ (net)
                  0.02    0.00    0.58 ^ _1629_/B1 (AOI21_X1)
     3    5.10    0.01    0.02    0.61 v _1629_/ZN (AOI21_X1)
                                         _0739_ (net)
                  0.01    0.00    0.61 v _1648_/B1 (OAI21_X1)
     3    5.41    0.04    0.05    0.66 ^ _1648_/ZN (OAI21_X1)
                                         _0757_ (net)
                  0.04    0.00    0.66 ^ _1649_/A1 (NAND3_X1)
     1    0.87    0.01    0.02    0.68 v _1649_/ZN (NAND3_X1)
                                         _0758_ (net)
                  0.01    0.00    0.68 v _1651_/A1 (AND2_X1)
     2    3.59    0.01    0.03    0.71 v _1651_/ZN (AND2_X1)
                                         _0760_ (net)
                  0.01    0.00    0.71 v _1655_/B1 (OAI21_X1)
     2    2.55    0.02    0.03    0.74 ^ _1655_/ZN (OAI21_X1)
                                         _0764_ (net)
                  0.02    0.00    0.74 ^ _1659_/A1 (NAND2_X1)
     2    4.19    0.01    0.02    0.76 v _1659_/ZN (NAND2_X1)
                                         _0768_ (net)
                  0.01    0.00    0.76 v _1672_/B1 (OAI21_X2)
     3    4.89    0.02    0.03    0.80 ^ _1672_/ZN (OAI21_X2)
                                         _0779_ (net)
                  0.02    0.00    0.80 ^ _1706_/A1 (NAND3_X1)
     3    4.55    0.02    0.03    0.83 v _1706_/ZN (NAND3_X1)
                                         _0809_ (net)
                  0.02    0.00    0.83 v _1711_/A1 (NAND2_X1)
     1    1.60    0.01    0.02    0.85 ^ _1711_/ZN (NAND2_X1)
                                         _0814_ (net)
                  0.01    0.00    0.85 ^ _1713_/A1 (NAND2_X1)
     2    3.02    0.01    0.02    0.86 v _1713_/ZN (NAND2_X1)
                                         _0816_ (net)
                  0.01    0.00    0.86 v _1729_/B1 (OAI21_X1)
     2    2.55    0.02    0.03    0.89 ^ _1729_/ZN (OAI21_X1)
                                         _0830_ (net)
                  0.02    0.00    0.89 ^ _1731_/A1 (OR2_X1)
     1    1.59    0.01    0.03    0.92 ^ _1731_/ZN (OR2_X1)
                                         _0832_ (net)
                  0.01    0.00    0.92 ^ _1733_/A1 (NAND3_X1)
     1    1.53    0.01    0.02    0.94 v _1733_/ZN (NAND3_X1)
                                         _0834_ (net)
                  0.01    0.00    0.94 v _1734_/A1 (NAND2_X1)
     1    0.00    0.01    0.01    0.95 ^ _1734_/ZN (NAND2_X1)
                                         acc_next_o[19] (net)
                  0.01    0.00    0.95 ^ acc_next_o[19] (out)
                                  0.95   data arrival time

                  0.00    2.00    2.00   clock core_clock (rise edge)
                          0.00    2.00   clock network delay (ideal)
                          0.00    2.00   clock reconvergence pessimism
                         -0.40    1.60   output external delay
                                  1.60   data required time
-----------------------------------------------------------------------------
                                  1.60   data required time
                                 -0.95   data arrival time
-----------------------------------------------------------------------------
                                  0.65   slack (MET)



==========================================================================
Post synthesis report_power
--------------------------------------------------------------------------
Group                  Internal  Switching    Leakage      Total
                          Power      Power      Power      Power (Watts)
----------------------------------------------------------------
Sequential             4.78e-05   9.54e-06   7.87e-07   5.82e-05   5.4%
Combinational          4.92e-04   5.06e-04   2.91e-05   1.03e-03  94.6%
Clock                  0.00e+00   0.00e+00   0.00e+00   0.00e+00   0.0%
Macro                  0.00e+00   0.00e+00   0.00e+00   0.00e+00   0.0%
Pad                    0.00e+00   0.00e+00   0.00e+00   0.00e+00   0.0%
----------------------------------------------------------------
Total                  5.39e-04   5.15e-04   2.99e-05   1.08e-03 100.0%
                          49.7%      47.5%       2.8%
