
==========================================================================
Post synthesis report_tns
--------------------------------------------------------------------------
tns 0.00

==========================================================================
Post synthesis report_wns
--------------------------------------------------------------------------
wns 0.00

==========================================================================
Post synthesis report_worst_slack
--------------------------------------------------------------------------
worst slack 0.87

==========================================================================
Post synthesis report_checks -path_delay min
--------------------------------------------------------------------------
Startpoint: u_pcu.u_acc.entry[2][110]$_SDFFCE_PN0P_
            (rising edge-triggered flip-flop clocked by core_clock)
Endpoint: u_pcu.u_acc.entry[2][110]$_SDFFCE_PN0P_
          (rising edge-triggered flip-flop clocked by core_clock)
Path Group: core_clock
Path Type: min

Fanout     Cap    Slew   Delay    Time   Description
-----------------------------------------------------------------------------
                  0.00    0.00    0.00   clock core_clock (rise edge)
                          0.00    0.00   clock network delay (ideal)
                  0.00    0.00    0.00 ^ u_pcu.u_acc.entry[2][110]$_SDFFCE_PN0P_/CK (DFF_X1)
     2    3.11    0.01    0.08    0.08 v u_pcu.u_acc.entry[2][110]$_SDFFCE_PN0P_/Q (DFF_X1)
                                         u_pcu.u_acc.entry[2][110] (net)
                  0.01    0.00    0.08 v _25750_/A (INV_X1)
     1    1.66    0.01    0.01    0.09 ^ _25750_/ZN (INV_X1)
                                         _02394_ (net)
                  0.01    0.00    0.09 ^ _25753_/B1 (OAI21_X1)
     1    1.06    0.01    0.01    0.10 v _25753_/ZN (OAI21_X1)
                                         _01882_ (net)
                  0.01    0.00    0.10 v u_pcu.u_acc.entry[2][110]$_SDFFCE_PN0P_/D (DFF_X1)
                                  0.10   data arrival time

                  0.00    0.00    0.00   clock core_clock (rise edge)
                          0.00    0.00   clock network delay (ideal)
                          0.00    0.00   clock reconvergence pessimism
                                  0.00 ^ u_pcu.u_acc.entry[2][110]$_SDFFCE_PN0P_/CK (DFF_X1)
                          0.00    0.00   library hold time
                                  0.00   data required time
-----------------------------------------------------------------------------
                                  0.00   data required time
                                 -0.10   data arrival time
-----------------------------------------------------------------------------
                                  0.10   slack (MET)



==========================================================================
Post synthesis report_checks -path_delay max
--------------------------------------------------------------------------
Startpoint: a_q4_i[5] (input port clocked by core_clock)
Endpoint: u_pcu.g_row[0].g_pe[0].u_pe.psum_q[7]$_SDFFE_PN0P_
          (rising edge-triggered flip-flop clocked by core_clock)
Path Group: core_clock
Path Type: max

Fanout     Cap    Slew   Delay    Time   Description
-----------------------------------------------------------------------------
                  0.00    0.00    0.00   clock core_clock (rise edge)
                          0.00    0.00   clock network delay (ideal)
                          0.40    0.40 v input external delay
     1    3.00    0.00    0.00    0.40 v a_q4_i[5] (in)
                                         a_q4_i[5] (net)
                  0.00    0.00    0.40 v _26873_/A (BUF_X4)
     9   24.64    0.01    0.03    0.43 v _26873_/Z (BUF_X4)
                                         _03014_ (net)
                  0.01    0.00    0.43 v _26878_/A (BUF_X16)
    10   20.97    0.01    0.03    0.45 v _26878_/Z (BUF_X16)
                                         _03019_ (net)
                  0.01    0.00    0.45 v _26879_/A1 (NAND2_X1)
     3   11.48    0.03    0.04    0.49 ^ _26879_/ZN (NAND2_X1)
                                         _03020_ (net)
                  0.03    0.00    0.49 ^ _26959_/A1 (NAND2_X2)
     2    4.45    0.01    0.02    0.51 v _26959_/ZN (NAND2_X2)
                                         _03099_ (net)
                  0.01    0.00    0.51 v _27022_/B2 (AOI21_X2)
     2   10.75    0.04    0.05    0.56 ^ _27022_/ZN (AOI21_X2)
                                         _03161_ (net)
                  0.04    0.00    0.56 ^ _27023_/B (XOR2_X2)
     2    9.34    0.04    0.07    0.63 ^ _27023_/Z (XOR2_X2)
                                         _03162_ (net)
                  0.04    0.00    0.63 ^ _27029_/A1 (NAND2_X4)
     4   13.41    0.01    0.02    0.65 v _27029_/ZN (NAND2_X4)
                                         _03168_ (net)
                  0.01    0.00    0.65 v _27175_/A (OAI21_X4)
     3    9.08    0.02    0.02    0.68 ^ _27175_/ZN (OAI21_X4)
                                         _03313_ (net)
                  0.02    0.00    0.68 ^ _27191_/A (XNOR2_X2)
     2    8.29    0.03    0.05    0.72 ^ _27191_/ZN (XNOR2_X2)
                                         _03329_ (net)
                  0.03    0.00    0.72 ^ _27320_/A2 (NAND2_X2)
     2    6.09    0.01    0.02    0.74 v _27320_/ZN (NAND2_X2)
                                         _03457_ (net)
                  0.01    0.00    0.74 v _27321_/A (INV_X2)
     2    8.93    0.01    0.02    0.76 ^ _27321_/ZN (INV_X2)
                                         _03458_ (net)
                  0.01    0.00    0.76 ^ _27337_/A1 (NAND2_X4)
     3    7.59    0.01    0.01    0.78 v _27337_/ZN (NAND2_X4)
                                         _03474_ (net)
                  0.01    0.00    0.78 v _27341_/A1 (NAND2_X2)
     1    5.95    0.01    0.02    0.80 ^ _27341_/ZN (NAND2_X2)
                                         _03478_ (net)
                  0.01    0.00    0.80 ^ _27342_/A1 (NAND2_X4)
     3    7.74    0.01    0.01    0.81 v _27342_/ZN (NAND2_X4)
                                         _03479_ (net)
                  0.01    0.00    0.81 v _27343_/A2 (NAND2_X2)
     1    3.05    0.01    0.02    0.83 ^ _27343_/ZN (NAND2_X2)
                                         _03480_ (net)
                  0.01    0.00    0.83 ^ _27363_/A1 (NAND2_X2)
     2    5.85    0.01    0.02    0.84 v _27363_/ZN (NAND2_X2)
                                         _03500_ (net)
                  0.01    0.00    0.84 v _27365_/A1 (NAND2_X2)
     2    7.63    0.01    0.02    0.86 ^ _27365_/ZN (NAND2_X2)
                                         _03502_ (net)
                  0.01    0.00    0.86 ^ _27369_/A1 (NAND2_X4)
     2    5.85    0.01    0.01    0.88 v _27369_/ZN (NAND2_X4)
                                         _03506_ (net)
                  0.01    0.00    0.88 v _27371_/A1 (NAND2_X2)
     1    5.95    0.01    0.02    0.89 ^ _27371_/ZN (NAND2_X2)
                                         _03508_ (net)
                  0.01    0.00    0.89 ^ _27388_/A1 (NAND2_X4)
     2    7.69    0.01    0.01    0.91 v _27388_/ZN (NAND2_X4)
                                         _03525_ (net)
                  0.01    0.00    0.91 v _27391_/A1 (NAND2_X1)
     1    1.60    0.01    0.01    0.92 ^ _27391_/ZN (NAND2_X1)
                                         _03528_ (net)
                  0.01    0.00    0.92 ^ _27395_/A1 (NAND2_X1)
     1    1.53    0.01    0.01    0.93 v _27395_/ZN (NAND2_X1)
                                         _03532_ (net)
                  0.01    0.00    0.93 v _27397_/A1 (NAND2_X1)
     2    4.90    0.02    0.02    0.96 ^ _27397_/ZN (NAND2_X1)
                                         _03534_ (net)
                  0.02    0.00    0.96 ^ _27398_/A (INV_X2)
     2    7.98    0.01    0.01    0.97 v _27398_/ZN (INV_X2)
                                         _03535_ (net)
                  0.01    0.00    0.97 v _27405_/A2 (NAND2_X4)
     1    5.95    0.01    0.02    0.98 ^ _27405_/ZN (NAND2_X4)
                                         _03541_ (net)
                  0.01    0.00    0.98 ^ _27406_/A1 (NAND2_X4)
     2    8.63    0.01    0.01    1.00 v _27406_/ZN (NAND2_X4)
                                         _03542_ (net)
                  0.01    0.00    1.00 v _27407_/A (INV_X4)
     2    4.65    0.01    0.01    1.01 ^ _27407_/ZN (INV_X4)
                                         _03543_ (net)
                  0.01    0.00    1.01 ^ _27482_/A1 (NAND2_X2)
     1    2.93    0.01    0.01    1.02 v _27482_/ZN (NAND2_X2)
                                         _03617_ (net)
                  0.01    0.00    1.02 v _27483_/A1 (NAND2_X2)
     1    2.23    0.01    0.01    1.03 ^ _27483_/ZN (NAND2_X2)
                                         _03618_ (net)
                  0.01    0.00    1.03 ^ _27514_/A (XNOR2_X1)
     1    3.13    0.03    0.04    1.07 ^ _27514_/ZN (XNOR2_X1)
                                         _03649_ (net)
                  0.03    0.00    1.07 ^ _27515_/B1 (AOI21_X2)
     1    1.06    0.01    0.01    1.09 v _27515_/ZN (AOI21_X2)
                                         _00945_ (net)
                  0.01    0.00    1.09 v u_pcu.g_row[0].g_pe[0].u_pe.psum_q[7]$_SDFFE_PN0P_/D (DFF_X1)
                                  1.09   data arrival time

                  0.00    2.00    2.00   clock core_clock (rise edge)
                          0.00    2.00   clock network delay (ideal)
                          0.00    2.00   clock reconvergence pessimism
                                  2.00 ^ u_pcu.g_row[0].g_pe[0].u_pe.psum_q[7]$_SDFFE_PN0P_/CK (DFF_X1)
                         -0.04    1.96   library setup time
                                  1.96   data required time
-----------------------------------------------------------------------------
                                  1.96   data required time
                                 -1.09   data arrival time
-----------------------------------------------------------------------------
                                  0.87   slack (MET)



==========================================================================
Post synthesis report_checks -unconstrained
--------------------------------------------------------------------------
Startpoint: a_q4_i[5] (input port clocked by core_clock)
Endpoint: u_pcu.g_row[0].g_pe[0].u_pe.psum_q[7]$_SDFFE_PN0P_
          (rising edge-triggered flip-flop clocked by core_clock)
Path Group: core_clock
Path Type: max

Fanout     Cap    Slew   Delay    Time   Description
-----------------------------------------------------------------------------
                  0.00    0.00    0.00   clock core_clock (rise edge)
                          0.00    0.00   clock network delay (ideal)
                          0.40    0.40 v input external delay
     1    3.00    0.00    0.00    0.40 v a_q4_i[5] (in)
                                         a_q4_i[5] (net)
                  0.00    0.00    0.40 v _26873_/A (BUF_X4)
     9   24.64    0.01    0.03    0.43 v _26873_/Z (BUF_X4)
                                         _03014_ (net)
                  0.01    0.00    0.43 v _26878_/A (BUF_X16)
    10   20.97    0.01    0.03    0.45 v _26878_/Z (BUF_X16)
                                         _03019_ (net)
                  0.01    0.00    0.45 v _26879_/A1 (NAND2_X1)
     3   11.48    0.03    0.04    0.49 ^ _26879_/ZN (NAND2_X1)
                                         _03020_ (net)
                  0.03    0.00    0.49 ^ _26959_/A1 (NAND2_X2)
     2    4.45    0.01    0.02    0.51 v _26959_/ZN (NAND2_X2)
                                         _03099_ (net)
                  0.01    0.00    0.51 v _27022_/B2 (AOI21_X2)
     2   10.75    0.04    0.05    0.56 ^ _27022_/ZN (AOI21_X2)
                                         _03161_ (net)
                  0.04    0.00    0.56 ^ _27023_/B (XOR2_X2)
     2    9.34    0.04    0.07    0.63 ^ _27023_/Z (XOR2_X2)
                                         _03162_ (net)
                  0.04    0.00    0.63 ^ _27029_/A1 (NAND2_X4)
     4   13.41    0.01    0.02    0.65 v _27029_/ZN (NAND2_X4)
                                         _03168_ (net)
                  0.01    0.00    0.65 v _27175_/A (OAI21_X4)
     3    9.08    0.02    0.02    0.68 ^ _27175_/ZN (OAI21_X4)
                                         _03313_ (net)
                  0.02    0.00    0.68 ^ _27191_/A (XNOR2_X2)
     2    8.29    0.03    0.05    0.72 ^ _27191_/ZN (XNOR2_X2)
                                         _03329_ (net)
                  0.03    0.00    0.72 ^ _27320_/A2 (NAND2_X2)
     2    6.09    0.01    0.02    0.74 v _27320_/ZN (NAND2_X2)
                                         _03457_ (net)
                  0.01    0.00    0.74 v _27321_/A (INV_X2)
     2    8.93    0.01    0.02    0.76 ^ _27321_/ZN (INV_X2)
                                         _03458_ (net)
                  0.01    0.00    0.76 ^ _27337_/A1 (NAND2_X4)
     3    7.59    0.01    0.01    0.78 v _27337_/ZN (NAND2_X4)
                                         _03474_ (net)
                  0.01    0.00    0.78 v _27341_/A1 (NAND2_X2)
     1    5.95    0.01    0.02    0.80 ^ _27341_/ZN (NAND2_X2)
                                         _03478_ (net)
                  0.01    0.00    0.80 ^ _27342_/A1 (NAND2_X4)
     3    7.74    0.01    0.01    0.81 v _27342_/ZN (NAND2_X4)
                                         _03479_ (net)
                  0.01    0.00    0.81 v _27343_/A2 (NAND2_X2)
     1    3.05    0.01    0.02    0.83 ^ _27343_/ZN (NAND2_X2)
                                         _03480_ (net)
                  0.01    0.00    0.83 ^ _27363_/A1 (NAND2_X2)
     2    5.85    0.01    0.02    0.84 v _27363_/ZN (NAND2_X2)
                                         _03500_ (net)
                  0.01    0.00    0.84 v _27365_/A1 (NAND2_X2)
     2    7.63    0.01    0.02    0.86 ^ _27365_/ZN (NAND2_X2)
                                         _03502_ (net)
                  0.01    0.00    0.86 ^ _27369_/A1 (NAND2_X4)
     2    5.85    0.01    0.01    0.88 v _27369_/ZN (NAND2_X4)
                                         _03506_ (net)
                  0.01    0.00    0.88 v _27371_/A1 (NAND2_X2)
     1    5.95    0.01    0.02    0.89 ^ _27371_/ZN (NAND2_X2)
                                         _03508_ (net)
                  0.01    0.00    0.89 ^ _27388_/A1 (NAND2_X4)
     2    7.69    0.01    0.01    0.91 v _27388_/ZN (NAND2_X4)
                                         _03525_ (net)
                  0.01    0.00    0.91 v _27391_/A1 (NAND2_X1)
     1    1.60    0.01    0.01    0.92 ^ _27391_/ZN (NAND2_X1)
                                         _03528_ (net)
                  0.01    0.00    0.92 ^ _27395_/A1 (NAND2_X1)
     1    1.53    0.01    0.01    0.93 v _27395_/ZN (NAND2_X1)
                                         _03532_ (net)
                  0.01    0.00    0.93 v _27397_/A1 (NAND2_X1)
     2    4.90    0.02    0.02    0.96 ^ _27397_/ZN (NAND2_X1)
                                         _03534_ (net)
                  0.02    0.00    0.96 ^ _27398_/A (INV_X2)
     2    7.98    0.01    0.01    0.97 v _27398_/ZN (INV_X2)
                                         _03535_ (net)
                  0.01    0.00    0.97 v _27405_/A2 (NAND2_X4)
     1    5.95    0.01    0.02    0.98 ^ _27405_/ZN (NAND2_X4)
                                         _03541_ (net)
                  0.01    0.00    0.98 ^ _27406_/A1 (NAND2_X4)
     2    8.63    0.01    0.01    1.00 v _27406_/ZN (NAND2_X4)
                                         _03542_ (net)
                  0.01    0.00    1.00 v _27407_/A (INV_X4)
     2    4.65    0.01    0.01    1.01 ^ _27407_/ZN (INV_X4)
                                         _03543_ (net)
                  0.01    0.00    1.01 ^ _27482_/A1 (NAND2_X2)
     1    2.93    0.01    0.01    1.02 v _27482_/ZN (NAND2_X2)
                                         _03617_ (net)
                  0.01    0.00    1.02 v _27483_/A1 (NAND2_X2)
     1    2.23    0.01    0.01    1.03 ^ _27483_/ZN (NAND2_X2)
                                         _03618_ (net)
                  0.01    0.00    1.03 ^ _27514_/A (XNOR2_X1)
     1    3.13    0.03    0.04    1.07 ^ _27514_/ZN (XNOR2_X1)
                                         _03649_ (net)
                  0.03    0.00    1.07 ^ _27515_/B1 (AOI21_X2)
     1    1.06    0.01    0.01    1.09 v _27515_/ZN (AOI21_X2)
                                         _00945_ (net)
                  0.01    0.00    1.09 v u_pcu.g_row[0].g_pe[0].u_pe.psum_q[7]$_SDFFE_PN0P_/D (DFF_X1)
                                  1.09   data arrival time

                  0.00    2.00    2.00   clock core_clock (rise edge)
                          0.00    2.00   clock network delay (ideal)
                          0.00    2.00   clock reconvergence pessimism
                                  2.00 ^ u_pcu.g_row[0].g_pe[0].u_pe.psum_q[7]$_SDFFE_PN0P_/CK (DFF_X1)
                         -0.04    1.96   library setup time
                                  1.96   data required time
-----------------------------------------------------------------------------
                                  1.96   data required time
                                 -1.09   data arrival time
-----------------------------------------------------------------------------
                                  0.87   slack (MET)



==========================================================================
Post synthesis report_power
--------------------------------------------------------------------------
Group                  Internal  Switching    Leakage      Total
                          Power      Power      Power      Power (Watts)
----------------------------------------------------------------
Sequential             5.14e-03   2.04e-04   1.12e-04   5.46e-03  35.5%
Combinational          4.66e-03   4.74e-03   5.16e-04   9.91e-03  64.5%
Clock                  0.00e+00   0.00e+00   0.00e+00   0.00e+00   0.0%
Macro                  0.00e+00   0.00e+00   0.00e+00   0.00e+00   0.0%
Pad                    0.00e+00   0.00e+00   0.00e+00   0.00e+00   0.0%
----------------------------------------------------------------
Total                  9.80e-03   4.95e-03   6.28e-04   1.54e-02 100.0%
                          63.7%      32.2%       4.1%
