
==========================================================================
Post synthesis report_tns
--------------------------------------------------------------------------
tns -119.51

==========================================================================
Post synthesis report_wns
--------------------------------------------------------------------------
wns -0.38

==========================================================================
Post synthesis report_worst_slack
--------------------------------------------------------------------------
worst slack -0.38

==========================================================================
Post synthesis report_checks -path_delay min
--------------------------------------------------------------------------
Startpoint: u_pcu.sticky_q[2]$_SDFF_PP0_
            (rising edge-triggered flip-flop clocked by core_clock)
Endpoint: u_pcu.sticky_q[2]$_SDFF_PP0_
          (rising edge-triggered flip-flop clocked by core_clock)
Path Group: core_clock
Path Type: min

Fanout     Cap    Slew   Delay    Time   Description
-----------------------------------------------------------------------------
                  0.00    0.00    0.00   clock core_clock (rise edge)
                          0.00    0.00   clock network delay (ideal)
                  0.00    0.00    0.00 ^ u_pcu.sticky_q[2]$_SDFF_PP0_/CK (DFF_X1)
     2    1.50    0.01    0.08    0.08 v u_pcu.sticky_q[2]$_SDFF_PP0_/Q (DFF_X1)
                                         status_sticky_o[2] (net)
                  0.01    0.00    0.08 v _104493_/A2 (NAND2_X1)
     1    1.70    0.01    0.02    0.09 ^ _104493_/ZN (NAND2_X1)
                                         _028431_ (net)
                  0.01    0.00    0.09 ^ _104494_/A (INV_X1)
     1    1.06    0.00    0.01    0.10 v _104494_/ZN (INV_X1)
                                         _001194_ (net)
                  0.00    0.00    0.10 v u_pcu.sticky_q[2]$_SDFF_PP0_/D (DFF_X1)
                                  0.10   data arrival time

                  0.00    0.00    0.00   clock core_clock (rise edge)
                          0.00    0.00   clock network delay (ideal)
                          0.00    0.00   clock reconvergence pessimism
                                  0.00 ^ u_pcu.sticky_q[2]$_SDFF_PP0_/CK (DFF_X1)
                          0.00    0.00   library hold time
                                  0.00   data required time
-----------------------------------------------------------------------------
                                  0.00   data required time
                                 -0.10   data arrival time
-----------------------------------------------------------------------------
                                  0.10   slack (MET)



==========================================================================
Post synthesis report_checks -path_delay max
--------------------------------------------------------------------------
Startpoint: rst_n (input port clocked by core_clock)
Endpoint: u_pcu.fs_sticky_q[1]$_SDFF_PP0_
          (rising edge-triggered flip-flop clocked by core_clock)
Path Group: core_clock
Path Type: max

Fanout     Cap    Slew   Delay    Time   Description
-----------------------------------------------------------------------------
                  0.00    0.00    0.00   clock core_clock (rise edge)
                          0.00    0.00   clock network delay (ideal)
                          0.40    0.40 ^ input external delay
     1    3.40    0.00    0.00    0.40 ^ rst_n (in)
                                         rst_n (net)
                  0.00    0.00    0.40 ^ _084558_/A (BUF_X4)
     3   15.12    0.01    0.02    0.42 ^ _084558_/Z (BUF_X4)
                                         _010823_ (net)
                  0.01    0.00    0.42 ^ _094206_/A2 (NAND3_X4)
     3    8.40    0.01    0.02    0.44 v _094206_/ZN (NAND3_X4)
                                         _018150_ (net)
                  0.01    0.00    0.44 v _094210_/A1 (NOR2_X4)
     4   11.66    0.02    0.03    0.48 ^ _094210_/ZN (NOR2_X4)
                                         _018154_ (net)
                  0.02    0.00    0.48 ^ _094217_/A1 (NOR2_X4)
     5   27.12    0.01    0.02    0.50 v _094217_/ZN (NOR2_X4)
                                         _018161_ (net)
                  0.01    0.00    0.50 v _094218_/A (BUF_X16)
    10   64.32    0.01    0.03    0.53 v _094218_/Z (BUF_X16)
                                         _018162_ (net)
                  0.01    0.00    0.53 v _094228_/A (BUF_X16)
    10   16.39    0.00    0.02    0.55 v _094228_/Z (BUF_X16)
                                         _018172_ (net)
                  0.00    0.00    0.55 v _094391_/A1 (OR2_X1)
     1    1.52    0.01    0.04    0.59 v _094391_/ZN (OR2_X1)
                                         _018335_ (net)
                  0.01    0.00    0.59 v _094392_/A (OAI21_X1)
     3    6.61    0.04    0.03    0.62 ^ _094392_/ZN (OAI21_X1)
                                         _018336_ (net)
                  0.04    0.00    0.62 ^ _103268_/A2 (NAND4_X2)
    10   21.00    0.05    0.07    0.70 v _103268_/ZN (NAND4_X2)
                                         _027211_ (net)
                  0.05    0.00    0.70 v _103408_/A1 (NAND2_X4)
     1    2.23    0.01    0.02    0.72 ^ _103408_/ZN (NAND2_X4)
                                         _027351_ (net)
                  0.01    0.00    0.72 ^ _103409_/A (XOR2_X1)
     2    5.67    0.04    0.07    0.79 ^ _103409_/Z (XOR2_X1)
                                         _027352_ (net)
                  0.04    0.00    0.79 ^ _103411_/A (XNOR2_X2)
     1    1.70    0.01    0.04    0.83 ^ _103411_/ZN (XNOR2_X2)
                                         _027354_ (net)
                  0.01    0.00    0.83 ^ _103412_/A (INV_X1)
     2    5.33    0.01    0.01    0.84 v _103412_/ZN (INV_X1)
                                         _027355_ (net)
                  0.01    0.00    0.84 v _103414_/A (XNOR2_X2)
     2    3.89    0.02    0.03    0.87 ^ _103414_/ZN (XNOR2_X2)
                                         _027357_ (net)
                  0.02    0.00    0.87 ^ _103416_/A (XNOR2_X1)
     2    2.55    0.02    0.04    0.92 ^ _103416_/ZN (XNOR2_X1)
                                         _027359_ (net)
                  0.02    0.00    0.92 ^ _103420_/A1 (OR2_X1)
     2    5.05    0.01    0.04    0.95 ^ _103420_/ZN (OR2_X1)
                                         _027363_ (net)
                  0.01    0.00    0.95 ^ _103422_/A1 (NAND2_X1)
     2    3.92    0.01    0.02    0.97 v _103422_/ZN (NAND2_X1)
                                         _027365_ (net)
                  0.01    0.00    0.97 v _103423_/A (INV_X1)
     1    1.66    0.01    0.01    0.98 ^ _103423_/ZN (INV_X1)
                                         _027366_ (net)
                  0.01    0.00    0.98 ^ _103424_/A2 (NAND2_X1)
     1    2.93    0.01    0.02    1.00 v _103424_/ZN (NAND2_X1)
                                         _027367_ (net)
                  0.01    0.00    1.00 v _103425_/A1 (NAND2_X2)
     2    3.82    0.01    0.02    1.02 ^ _103425_/ZN (NAND2_X2)
                                         _027368_ (net)
                  0.01    0.00    1.02 ^ _103438_/A1 (NAND3_X1)
     2    4.49    0.02    0.03    1.04 v _103438_/ZN (NAND3_X1)
                                         _027381_ (net)
                  0.02    0.00    1.04 v _103439_/A1 (NAND2_X2)
     1    3.05    0.01    0.02    1.06 ^ _103439_/ZN (NAND2_X2)
                                         _027382_ (net)
                  0.01    0.00    1.06 ^ _103449_/A1 (NAND2_X2)
     2    7.23    0.01    0.02    1.08 v _103449_/ZN (NAND2_X2)
                                         _027392_ (net)
                  0.01    0.00    1.08 v _103450_/A1 (NAND2_X4)
     3    6.93    0.01    0.02    1.09 ^ _103450_/ZN (NAND2_X4)
                                         _027393_ (net)
                  0.01    0.00    1.09 ^ _103454_/A1 (NAND2_X2)
     1    2.70    0.01    0.01    1.10 v _103454_/ZN (NAND2_X2)
                                         _027397_ (net)
                  0.01    0.00    1.10 v _103458_/B1 (OAI21_X2)
     2    3.83    0.02    0.03    1.13 ^ _103458_/ZN (OAI21_X2)
                                         _027401_ (net)
                  0.02    0.00    1.13 ^ _103468_/A1 (NAND2_X1)
     1    2.93    0.01    0.02    1.15 v _103468_/ZN (NAND2_X1)
                                         _027411_ (net)
                  0.01    0.00    1.15 v _103469_/A1 (NAND2_X2)
     2    5.48    0.01    0.02    1.17 ^ _103469_/ZN (NAND2_X2)
                                         _027412_ (net)
                  0.01    0.00    1.17 ^ _103470_/A (INV_X2)
     2    2.92    0.00    0.01    1.17 v _103470_/ZN (INV_X2)
                                         _027413_ (net)
                  0.00    0.00    1.17 v _103472_/B1 (OAI21_X1)
     2    3.82    0.03    0.04    1.21 ^ _103472_/ZN (OAI21_X1)
                                         _027415_ (net)
                  0.03    0.00    1.21 ^ _103502_/A1 (NAND3_X1)
     1    1.53    0.01    0.02    1.23 v _103502_/ZN (NAND3_X1)
                                         _027445_ (net)
                  0.01    0.00    1.23 v _103506_/A1 (NAND2_X1)
     1    2.23    0.01    0.02    1.25 ^ _103506_/ZN (NAND2_X1)
                                         _027449_ (net)
                  0.01    0.00    1.25 ^ _103511_/A (XNOR2_X1)
     5    7.50    0.05    0.05    1.30 ^ _103511_/ZN (XNOR2_X1)
                                         _027454_ (net)
                  0.05    0.00    1.30 ^ _103523_/A1 (AND3_X1)
     2   11.91    0.03    0.08    1.38 ^ _103523_/ZN (AND3_X1)
                                         _027466_ (net)
                  0.03    0.00    1.38 ^ _103543_/A1 (NAND2_X4)
     4    6.48    0.01    0.02    1.40 v _103543_/ZN (NAND2_X4)
                                         _027486_ (net)
                  0.01    0.00    1.40 v _103556_/A (XNOR2_X1)
     2    2.92    0.02    0.04    1.44 v _103556_/ZN (XNOR2_X1)
                                         _027499_ (net)
                  0.02    0.00    1.44 v _103574_/A (XNOR2_X1)
     2    4.88    0.02    0.05    1.49 v _103574_/ZN (XNOR2_X1)
                                         _027517_ (net)
                  0.02    0.00    1.49 v _103594_/B1 (OAI21_X2)
     2    3.83    0.02    0.03    1.52 ^ _103594_/ZN (OAI21_X2)
                                         _027537_ (net)
                  0.02    0.00    1.52 ^ _103610_/A1 (NAND2_X1)
     1    2.93    0.01    0.02    1.54 v _103610_/ZN (NAND2_X1)
                                         _027553_ (net)
                  0.01    0.00    1.54 v _103612_/A1 (NAND2_X2)
     2    7.06    0.01    0.02    1.56 ^ _103612_/ZN (NAND2_X2)
                                         _027555_ (net)
                  0.01    0.00    1.56 ^ _103627_/A1 (NAND2_X2)
     1    2.93    0.01    0.01    1.57 v _103627_/ZN (NAND2_X2)
                                         _027570_ (net)
                  0.01    0.00    1.57 v _103628_/A1 (NAND2_X2)
     1    2.23    0.01    0.01    1.58 ^ _103628_/ZN (NAND2_X2)
                                         _027571_ (net)
                  0.01    0.00    1.58 ^ _103633_/A (XNOR2_X1)
     3    6.34    0.04    0.05    1.63 ^ _103633_/ZN (XNOR2_X1)
                                         _027576_ (net)
                  0.04    0.00    1.63 ^ _103634_/A (INV_X1)
     2    4.49    0.01    0.02    1.65 v _103634_/ZN (INV_X1)
                                         _027577_ (net)
                  0.01    0.00    1.65 v _103635_/A1 (NAND2_X2)
     2    7.63    0.01    0.02    1.67 ^ _103635_/ZN (NAND2_X2)
                                         _027578_ (net)
                  0.01    0.00    1.67 ^ _103651_/A1 (NAND2_X4)
     7   16.18    0.01    0.02    1.69 v _103651_/ZN (NAND2_X4)
                                         _027594_ (net)
                  0.01    0.00    1.69 v _103652_/A (INV_X4)
     6   11.09    0.01    0.02    1.71 ^ _103652_/ZN (INV_X4)
                                         _027595_ (net)
                  0.01    0.00    1.71 ^ _103660_/A1 (NAND2_X1)
     1    2.93    0.01    0.02    1.73 v _103660_/ZN (NAND2_X1)
                                         _027603_ (net)
                  0.01    0.00    1.73 v _103663_/A1 (NAND2_X2)
     5   19.53    0.03    0.03    1.76 ^ _103663_/ZN (NAND2_X2)
                                         _027606_ (net)
                  0.03    0.00    1.76 ^ _103688_/A (INV_X8)
     9   15.73    0.01    0.01    1.77 v _103688_/ZN (INV_X8)
                                         _027631_ (net)
                  0.01    0.00    1.77 v _103713_/A1 (NOR2_X2)
     2   12.73    0.04    0.05    1.82 ^ _103713_/ZN (NOR2_X2)
                                         _027656_ (net)
                  0.04    0.00    1.82 ^ _103714_/A1 (NAND2_X4)
     3    5.19    0.01    0.02    1.83 v _103714_/ZN (NAND2_X4)
                                         _027657_ (net)
                  0.01    0.00    1.83 v _103810_/A (XNOR2_X1)
     5    8.27    0.05    0.06    1.90 ^ _103810_/ZN (XNOR2_X1)
                                         _027753_ (net)
                  0.05    0.00    1.90 ^ _103812_/A (INV_X1)
     5    6.93    0.02    0.02    1.92 v _103812_/ZN (INV_X1)
                                         _027755_ (net)
                  0.02    0.00    1.92 v _103819_/A (OAI21_X1)
     1    3.45    0.03    0.03    1.95 ^ _103819_/ZN (OAI21_X1)
                                         _027762_ (net)
                  0.03    0.00    1.95 ^ _103820_/A2 (NAND2_X2)
     2    4.74    0.01    0.02    1.97 v _103820_/ZN (NAND2_X2)
                                         _027763_ (net)
                  0.01    0.00    1.97 v _103821_/A2 (NOR2_X2)
     2    4.68    0.02    0.03    2.00 ^ _103821_/ZN (NOR2_X2)
                                         _027764_ (net)
                  0.02    0.00    2.00 ^ _103850_/A1 (NAND3_X2)
     5   12.27    0.02    0.03    2.03 v _103850_/ZN (NAND3_X2)
                                         _027793_ (net)
                  0.02    0.00    2.03 v _103851_/A2 (NOR2_X4)
     3    9.25    0.02    0.04    2.07 ^ _103851_/ZN (NOR2_X4)
                                         _027794_ (net)
                  0.02    0.00    2.07 ^ _103855_/A1 (NAND2_X4)
     4    6.56    0.01    0.02    2.08 v _103855_/ZN (NAND2_X4)
                                         _027798_ (net)
                  0.01    0.00    2.08 v _103856_/A1 (NOR2_X2)
     3    6.27    0.02    0.03    2.12 ^ _103856_/ZN (NOR2_X2)
                                         _027799_ (net)
                  0.02    0.00    2.12 ^ _103858_/A1 (NAND2_X2)
     8   13.86    0.02    0.03    2.14 v _103858_/ZN (NAND2_X2)
                                         _027801_ (net)
                  0.02    0.00    2.14 v _103875_/A (XNOR2_X1)
     2    4.78    0.02    0.05    2.19 v _103875_/ZN (XNOR2_X1)
                                         _027818_ (net)
                  0.02    0.00    2.19 v _103876_/A3 (NAND3_X2)
     2    6.03    0.02    0.03    2.22 ^ _103876_/ZN (NAND3_X2)
                                         _027819_ (net)
                  0.02    0.00    2.22 ^ _104462_/A1 (NAND3_X2)
     1    1.55    0.01    0.02    2.24 v _104462_/ZN (NAND3_X2)
                                         _028405_ (net)
                  0.01    0.00    2.24 v _104463_/A (INV_X1)
     1    1.66    0.01    0.01    2.25 ^ _104463_/ZN (INV_X1)
                                         _028406_ (net)
                  0.01    0.00    2.25 ^ _104464_/A2 (NAND2_X1)
     1    1.56    0.01    0.01    2.26 v _104464_/ZN (NAND2_X1)
                                         _028407_ (net)
                  0.01    0.00    2.26 v _104465_/A2 (NOR2_X1)
     1    1.65    0.02    0.03    2.29 ^ _104465_/ZN (NOR2_X1)
                                         _028408_ (net)
                  0.02    0.00    2.29 ^ _104466_/A3 (NAND3_X1)
     1    1.53    0.01    0.02    2.31 v _104466_/ZN (NAND3_X1)
                                         _028409_ (net)
                  0.01    0.00    2.31 v _104469_/A1 (NAND2_X1)
     1    3.13    0.01    0.02    2.33 ^ _104469_/ZN (NAND2_X1)
                                         _028412_ (net)
                  0.01    0.00    2.33 ^ _104471_/B1 (AOI21_X2)
     1    1.06    0.01    0.01    2.34 v _104471_/ZN (AOI21_X2)
                                         _000786_ (net)
                  0.01    0.00    2.34 v u_pcu.fs_sticky_q[1]$_SDFF_PP0_/D (DFF_X1)
                                  2.34   data arrival time

                  0.00    2.00    2.00   clock core_clock (rise edge)
                          0.00    2.00   clock network delay (ideal)
                          0.00    2.00   clock reconvergence pessimism
                                  2.00 ^ u_pcu.fs_sticky_q[1]$_SDFF_PP0_/CK (DFF_X1)
                         -0.04    1.96   library setup time
                                  1.96   data required time
-----------------------------------------------------------------------------
                                  1.96   data required time
                                 -2.34   data arrival time
-----------------------------------------------------------------------------
                                 -0.38   slack (VIOLATED)



==========================================================================
Post synthesis report_checks -unconstrained
--------------------------------------------------------------------------
Startpoint: rst_n (input port clocked by core_clock)
Endpoint: u_pcu.fs_sticky_q[1]$_SDFF_PP0_
          (rising edge-triggered flip-flop clocked by core_clock)
Path Group: core_clock
Path Type: max

Fanout     Cap    Slew   Delay    Time   Description
-----------------------------------------------------------------------------
                  0.00    0.00    0.00   clock core_clock (rise edge)
                          0.00    0.00   clock network delay (ideal)
                          0.40    0.40 ^ input external delay
     1    3.40    0.00    0.00    0.40 ^ rst_n (in)
                                         rst_n (net)
                  0.00    0.00    0.40 ^ _084558_/A (BUF_X4)
     3   15.12    0.01    0.02    0.42 ^ _084558_/Z (BUF_X4)
                                         _010823_ (net)
                  0.01    0.00    0.42 ^ _094206_/A2 (NAND3_X4)
     3    8.40    0.01    0.02    0.44 v _094206_/ZN (NAND3_X4)
                                         _018150_ (net)
                  0.01    0.00    0.44 v _094210_/A1 (NOR2_X4)
     4   11.66    0.02    0.03    0.48 ^ _094210_/ZN (NOR2_X4)
                                         _018154_ (net)
                  0.02    0.00    0.48 ^ _094217_/A1 (NOR2_X4)
     5   27.12    0.01    0.02    0.50 v _094217_/ZN (NOR2_X4)
                                         _018161_ (net)
                  0.01    0.00    0.50 v _094218_/A (BUF_X16)
    10   64.32    0.01    0.03    0.53 v _094218_/Z (BUF_X16)
                                         _018162_ (net)
                  0.01    0.00    0.53 v _094228_/A (BUF_X16)
    10   16.39    0.00    0.02    0.55 v _094228_/Z (BUF_X16)
                                         _018172_ (net)
                  0.00    0.00    0.55 v _094391_/A1 (OR2_X1)
     1    1.52    0.01    0.04    0.59 v _094391_/ZN (OR2_X1)
                                         _018335_ (net)
                  0.01    0.00    0.59 v _094392_/A (OAI21_X1)
     3    6.61    0.04    0.03    0.62 ^ _094392_/ZN (OAI21_X1)
                                         _018336_ (net)
                  0.04    0.00    0.62 ^ _103268_/A2 (NAND4_X2)
    10   21.00    0.05    0.07    0.70 v _103268_/ZN (NAND4_X2)
                                         _027211_ (net)
                  0.05    0.00    0.70 v _103408_/A1 (NAND2_X4)
     1    2.23    0.01    0.02    0.72 ^ _103408_/ZN (NAND2_X4)
                                         _027351_ (net)
                  0.01    0.00    0.72 ^ _103409_/A (XOR2_X1)
     2    5.67    0.04    0.07    0.79 ^ _103409_/Z (XOR2_X1)
                                         _027352_ (net)
                  0.04    0.00    0.79 ^ _103411_/A (XNOR2_X2)
     1    1.70    0.01    0.04    0.83 ^ _103411_/ZN (XNOR2_X2)
                                         _027354_ (net)
                  0.01    0.00    0.83 ^ _103412_/A (INV_X1)
     2    5.33    0.01    0.01    0.84 v _103412_/ZN (INV_X1)
                                         _027355_ (net)
                  0.01    0.00    0.84 v _103414_/A (XNOR2_X2)
     2    3.89    0.02    0.03    0.87 ^ _103414_/ZN (XNOR2_X2)
                                         _027357_ (net)
                  0.02    0.00    0.87 ^ _103416_/A (XNOR2_X1)
     2    2.55    0.02    0.04    0.92 ^ _103416_/ZN (XNOR2_X1)
                                         _027359_ (net)
                  0.02    0.00    0.92 ^ _103420_/A1 (OR2_X1)
     2    5.05    0.01    0.04    0.95 ^ _103420_/ZN (OR2_X1)
                                         _027363_ (net)
                  0.01    0.00    0.95 ^ _103422_/A1 (NAND2_X1)
     2    3.92    0.01    0.02    0.97 v _103422_/ZN (NAND2_X1)
                                         _027365_ (net)
                  0.01    0.00    0.97 v _103423_/A (INV_X1)
     1    1.66    0.01    0.01    0.98 ^ _103423_/ZN (INV_X1)
                                         _027366_ (net)
                  0.01    0.00    0.98 ^ _103424_/A2 (NAND2_X1)
     1    2.93    0.01    0.02    1.00 v _103424_/ZN (NAND2_X1)
                                         _027367_ (net)
                  0.01    0.00    1.00 v _103425_/A1 (NAND2_X2)
     2    3.82    0.01    0.02    1.02 ^ _103425_/ZN (NAND2_X2)
                                         _027368_ (net)
                  0.01    0.00    1.02 ^ _103438_/A1 (NAND3_X1)
     2    4.49    0.02    0.03    1.04 v _103438_/ZN (NAND3_X1)
                                         _027381_ (net)
                  0.02    0.00    1.04 v _103439_/A1 (NAND2_X2)
     1    3.05    0.01    0.02    1.06 ^ _103439_/ZN (NAND2_X2)
                                         _027382_ (net)
                  0.01    0.00    1.06 ^ _103449_/A1 (NAND2_X2)
     2    7.23    0.01    0.02    1.08 v _103449_/ZN (NAND2_X2)
                                         _027392_ (net)
                  0.01    0.00    1.08 v _103450_/A1 (NAND2_X4)
     3    6.93    0.01    0.02    1.09 ^ _103450_/ZN (NAND2_X4)
                                         _027393_ (net)
                  0.01    0.00    1.09 ^ _103454_/A1 (NAND2_X2)
     1    2.70    0.01    0.01    1.10 v _103454_/ZN (NAND2_X2)
                                         _027397_ (net)
                  0.01    0.00    1.10 v _103458_/B1 (OAI21_X2)
     2    3.83    0.02    0.03    1.13 ^ _103458_/ZN (OAI21_X2)
                                         _027401_ (net)
                  0.02    0.00    1.13 ^ _103468_/A1 (NAND2_X1)
     1    2.93    0.01    0.02    1.15 v _103468_/ZN (NAND2_X1)
                                         _027411_ (net)
                  0.01    0.00    1.15 v _103469_/A1 (NAND2_X2)
     2    5.48    0.01    0.02    1.17 ^ _103469_/ZN (NAND2_X2)
                                         _027412_ (net)
                  0.01    0.00    1.17 ^ _103470_/A (INV_X2)
     2    2.92    0.00    0.01    1.17 v _103470_/ZN (INV_X2)
                                         _027413_ (net)
                  0.00    0.00    1.17 v _103472_/B1 (OAI21_X1)
     2    3.82    0.03    0.04    1.21 ^ _103472_/ZN (OAI21_X1)
                                         _027415_ (net)
                  0.03    0.00    1.21 ^ _103502_/A1 (NAND3_X1)
     1    1.53    0.01    0.02    1.23 v _103502_/ZN (NAND3_X1)
                                         _027445_ (net)
                  0.01    0.00    1.23 v _103506_/A1 (NAND2_X1)
     1    2.23    0.01    0.02    1.25 ^ _103506_/ZN (NAND2_X1)
                                         _027449_ (net)
                  0.01    0.00    1.25 ^ _103511_/A (XNOR2_X1)
     5    7.50    0.05    0.05    1.30 ^ _103511_/ZN (XNOR2_X1)
                                         _027454_ (net)
                  0.05    0.00    1.30 ^ _103523_/A1 (AND3_X1)
     2   11.91    0.03    0.08    1.38 ^ _103523_/ZN (AND3_X1)
                                         _027466_ (net)
                  0.03    0.00    1.38 ^ _103543_/A1 (NAND2_X4)
     4    6.48    0.01    0.02    1.40 v _103543_/ZN (NAND2_X4)
                                         _027486_ (net)
                  0.01    0.00    1.40 v _103556_/A (XNOR2_X1)
     2    2.92    0.02    0.04    1.44 v _103556_/ZN (XNOR2_X1)
                                         _027499_ (net)
                  0.02    0.00    1.44 v _103574_/A (XNOR2_X1)
     2    4.88    0.02    0.05    1.49 v _103574_/ZN (XNOR2_X1)
                                         _027517_ (net)
                  0.02    0.00    1.49 v _103594_/B1 (OAI21_X2)
     2    3.83    0.02    0.03    1.52 ^ _103594_/ZN (OAI21_X2)
                                         _027537_ (net)
                  0.02    0.00    1.52 ^ _103610_/A1 (NAND2_X1)
     1    2.93    0.01    0.02    1.54 v _103610_/ZN (NAND2_X1)
                                         _027553_ (net)
                  0.01    0.00    1.54 v _103612_/A1 (NAND2_X2)
     2    7.06    0.01    0.02    1.56 ^ _103612_/ZN (NAND2_X2)
                                         _027555_ (net)
                  0.01    0.00    1.56 ^ _103627_/A1 (NAND2_X2)
     1    2.93    0.01    0.01    1.57 v _103627_/ZN (NAND2_X2)
                                         _027570_ (net)
                  0.01    0.00    1.57 v _103628_/A1 (NAND2_X2)
     1    2.23    0.01    0.01    1.58 ^ _103628_/ZN (NAND2_X2)
                                         _027571_ (net)
                  0.01    0.00    1.58 ^ _103633_/A (XNOR2_X1)
     3    6.34    0.04    0.05    1.63 ^ _103633_/ZN (XNOR2_X1)
                                         _027576_ (net)
                  0.04    0.00    1.63 ^ _103634_/A (INV_X1)
     2    4.49    0.01    0.02    1.65 v _103634_/ZN (INV_X1)
                                         _027577_ (net)
                  0.01    0.00    1.65 v _103635_/A1 (NAND2_X2)
     2    7.63    0.01    0.02    1.67 ^ _103635_/ZN (NAND2_X2)
                                         _027578_ (net)
                  0.01    0.00    1.67 ^ _103651_/A1 (NAND2_X4)
     7   16.18    0.01    0.02    1.69 v _103651_/ZN (NAND2_X4)
                                         _027594_ (net)
                  0.01    0.00    1.69 v _103652_/A (INV_X4)
     6   11.09    0.01    0.02    1.71 ^ _103652_/ZN (INV_X4)
                                         _027595_ (net)
                  0.01    0.00    1.71 ^ _103660_/A1 (NAND2_X1)
     1    2.93    0.01    0.02    1.73 v _103660_/ZN (NAND2_X1)
                                         _027603_ (net)
                  0.01    0.00    1.73 v _103663_/A1 (NAND2_X2)
     5   19.53    0.03    0.03    1.76 ^ _103663_/ZN (NAND2_X2)
                                         _027606_ (net)
                  0.03    0.00    1.76 ^ _103688_/A (INV_X8)
     9   15.73    0.01    0.01    1.77 v _103688_/ZN (INV_X8)
                                         _027631_ (net)
                  0.01    0.00    1.77 v _103713_/A1 (NOR2_X2)
     2   12.73    0.04    0.05    1.82 ^ _103713_/ZN (NOR2_X2)
                                         _027656_ (net)
                  0.04    0.00    1.82 ^ _103714_/A1 (NAND2_X4)
     3    5.19    0.01    0.02    1.83 v _103714_/ZN (NAND2_X4)
                                         _027657_ (net)
                  0.01    0.00    1.83 v _103810_/A (XNOR2_X1)
     5    8.27    0.05    0.06    1.90 ^ _103810_/ZN (XNOR2_X1)
                                         _027753_ (net)
                  0.05    0.00    1.90 ^ _103812_/A (INV_X1)
     5    6.93    0.02    0.02    1.92 v _103812_/ZN (INV_X1)
                                         _027755_ (net)
                  0.02    0.00    1.92 v _103819_/A (OAI21_X1)
     1    3.45    0.03    0.03    1.95 ^ _103819_/ZN (OAI21_X1)
                                         _027762_ (net)
                  0.03    0.00    1.95 ^ _103820_/A2 (NAND2_X2)
     2    4.74    0.01    0.02    1.97 v _103820_/ZN (NAND2_X2)
                                         _027763_ (net)
                  0.01    0.00    1.97 v _103821_/A2 (NOR2_X2)
     2    4.68    0.02    0.03    2.00 ^ _103821_/ZN (NOR2_X2)
                                         _027764_ (net)
                  0.02    0.00    2.00 ^ _103850_/A1 (NAND3_X2)
     5   12.27    0.02    0.03    2.03 v _103850_/ZN (NAND3_X2)
                                         _027793_ (net)
                  0.02    0.00    2.03 v _103851_/A2 (NOR2_X4)
     3    9.25    0.02    0.04    2.07 ^ _103851_/ZN (NOR2_X4)
                                         _027794_ (net)
                  0.02    0.00    2.07 ^ _103855_/A1 (NAND2_X4)
     4    6.56    0.01    0.02    2.08 v _103855_/ZN (NAND2_X4)
                                         _027798_ (net)
                  0.01    0.00    2.08 v _103856_/A1 (NOR2_X2)
     3    6.27    0.02    0.03    2.12 ^ _103856_/ZN (NOR2_X2)
                                         _027799_ (net)
                  0.02    0.00    2.12 ^ _103858_/A1 (NAND2_X2)
     8   13.86    0.02    0.03    2.14 v _103858_/ZN (NAND2_X2)
                                         _027801_ (net)
                  0.02    0.00    2.14 v _103875_/A (XNOR2_X1)
     2    4.78    0.02    0.05    2.19 v _103875_/ZN (XNOR2_X1)
                                         _027818_ (net)
                  0.02    0.00    2.19 v _103876_/A3 (NAND3_X2)
     2    6.03    0.02    0.03    2.22 ^ _103876_/ZN (NAND3_X2)
                                         _027819_ (net)
                  0.02    0.00    2.22 ^ _104462_/A1 (NAND3_X2)
     1    1.55    0.01    0.02    2.24 v _104462_/ZN (NAND3_X2)
                                         _028405_ (net)
                  0.01    0.00    2.24 v _104463_/A (INV_X1)
     1    1.66    0.01    0.01    2.25 ^ _104463_/ZN (INV_X1)
                                         _028406_ (net)
                  0.01    0.00    2.25 ^ _104464_/A2 (NAND2_X1)
     1    1.56    0.01    0.01    2.26 v _104464_/ZN (NAND2_X1)
                                         _028407_ (net)
                  0.01    0.00    2.26 v _104465_/A2 (NOR2_X1)
     1    1.65    0.02    0.03    2.29 ^ _104465_/ZN (NOR2_X1)
                                         _028408_ (net)
                  0.02    0.00    2.29 ^ _104466_/A3 (NAND3_X1)
     1    1.53    0.01    0.02    2.31 v _104466_/ZN (NAND3_X1)
                                         _028409_ (net)
                  0.01    0.00    2.31 v _104469_/A1 (NAND2_X1)
     1    3.13    0.01    0.02    2.33 ^ _104469_/ZN (NAND2_X1)
                                         _028412_ (net)
                  0.01    0.00    2.33 ^ _104471_/B1 (AOI21_X2)
     1    1.06    0.01    0.01    2.34 v _104471_/ZN (AOI21_X2)
                                         _000786_ (net)
                  0.01    0.00    2.34 v u_pcu.fs_sticky_q[1]$_SDFF_PP0_/D (DFF_X1)
                                  2.34   data arrival time

                  0.00    2.00    2.00   clock core_clock (rise edge)
                          0.00    2.00   clock network delay (ideal)
                          0.00    2.00   clock reconvergence pessimism
                                  2.00 ^ u_pcu.fs_sticky_q[1]$_SDFF_PP0_/CK (DFF_X1)
                         -0.04    1.96   library setup time
                                  1.96   data required time
-----------------------------------------------------------------------------
                                  1.96   data required time
                                 -2.34   data arrival time
-----------------------------------------------------------------------------
                                 -0.38   slack (VIOLATED)



==========================================================================
Post synthesis report_power
--------------------------------------------------------------------------
Group                  Internal  Switching    Leakage      Total
                          Power      Power      Power      Power (Watts)
----------------------------------------------------------------
Sequential             2.35e-02   1.43e-03   3.42e-04   2.53e-02   2.0%
Combinational          6.04e-01   6.28e-01   2.00e-03   1.23e+00  98.0%
Clock                  0.00e+00   0.00e+00   0.00e+00   0.00e+00   0.0%
Macro                  0.00e+00   0.00e+00   0.00e+00   0.00e+00   0.0%
Pad                    0.00e+00   0.00e+00   0.00e+00   0.00e+00   0.0%
----------------------------------------------------------------
Total                  6.27e-01   6.30e-01   2.34e-03   1.26e+00 100.0%
                          49.8%      50.0%       0.2%
