
==========================================================================
Post synthesis report_tns
--------------------------------------------------------------------------
tns 0.00

==========================================================================
Post synthesis report_wns
--------------------------------------------------------------------------
wns 0.00

==========================================================================
Post synthesis report_worst_slack
--------------------------------------------------------------------------
worst slack 1.15

==========================================================================
Post synthesis report_checks -path_delay min
--------------------------------------------------------------------------
Startpoint: u_pcu.sticky_q[1]$_SDFF_PP0_
            (rising edge-triggered flip-flop clocked by core_clock)
Endpoint: u_pcu.sticky_q[1]$_SDFF_PP0_
          (rising edge-triggered flip-flop clocked by core_clock)
Path Group: core_clock
Path Type: min

Fanout     Cap    Slew   Delay    Time   Description
-----------------------------------------------------------------------------
                  0.00    0.00    0.00   clock core_clock (rise edge)
                          0.00    0.00   clock network delay (ideal)
                  0.00    0.00    0.00 ^ u_pcu.sticky_q[1]$_SDFF_PP0_/CK (DFF_X1)
     2    1.55    0.01    0.08    0.08 v u_pcu.sticky_q[1]$_SDFF_PP0_/Q (DFF_X1)
                                         status_sticky_o[1] (net)
                  0.01    0.00    0.08 v _63781_/A (INV_X1)
     1    1.68    0.01    0.01    0.09 ^ _63781_/ZN (INV_X1)
                                         _19655_ (net)
                  0.01    0.00    0.09 ^ _63782_/B2 (AOI21_X1)
     1    1.06    0.01    0.01    0.10 v _63782_/ZN (AOI21_X1)
                                         _00599_ (net)
                  0.01    0.00    0.10 v u_pcu.sticky_q[1]$_SDFF_PP0_/D (DFF_X1)
                                  0.10   data arrival time

                  0.00    0.00    0.00   clock core_clock (rise edge)
                          0.00    0.00   clock network delay (ideal)
                          0.00    0.00   clock reconvergence pessimism
                                  0.00 ^ u_pcu.sticky_q[1]$_SDFF_PP0_/CK (DFF_X1)
                          0.00    0.00   library hold time
                                  0.00   data required time
-----------------------------------------------------------------------------
                                  0.00   data required time
                                 -0.10   data arrival time
-----------------------------------------------------------------------------
                                  0.10   slack (MET)



==========================================================================
Post synthesis report_checks -path_delay max
--------------------------------------------------------------------------
Startpoint: wr_fp16_i[43] (input port clocked by core_clock)
Endpoint: cvt_blk_o[20] (output port clocked by core_clock)
Path Group: core_clock
Path Type: max

Fanout     Cap    Slew   Delay    Time   Description
-----------------------------------------------------------------------------
                  0.00    0.00    0.00   clock core_clock (rise edge)
                          0.00    0.00   clock network delay (ideal)
                          0.80    0.80 v input external delay
     1    1.59    0.00    0.00    0.80 v wr_fp16_i[43] (in)
                                         wr_fp16_i[43] (net)
                  0.00    0.00    0.80 v _80414_/A (BUF_X2)
     6   12.98    0.01    0.03    0.83 v _80414_/Z (BUF_X2)
                                         _36125_ (net)
                  0.01    0.00    0.83 v _80415_/A2 (NOR2_X2)
     1    2.98    0.01    0.03    0.86 ^ _80415_/ZN (NOR2_X2)
                                         _36126_ (net)
                  0.01    0.00    0.86 ^ _80420_/A1 (NAND3_X2)
     2    4.48    0.01    0.02    0.88 v _80420_/ZN (NAND3_X2)
                                         _36131_ (net)
                  0.01    0.00    0.88 v _80422_/A1 (NAND2_X2)
     4    8.48    0.02    0.02    0.90 ^ _80422_/ZN (NAND2_X2)
                                         _36133_ (net)
                  0.02    0.00    0.90 ^ _80423_/A (INV_X1)
     2    5.30    0.01    0.01    0.92 v _80423_/ZN (INV_X1)
                                         _36134_ (net)
                  0.01    0.00    0.92 v _80433_/A1 (NAND2_X2)
     2    9.30    0.02    0.02    0.94 ^ _80433_/ZN (NAND2_X2)
                                         _36144_ (net)
                  0.02    0.00    0.94 ^ _80452_/A1 (NAND2_X2)
     1    5.70    0.01    0.02    0.96 v _80452_/ZN (NAND2_X2)
                                         _36163_ (net)
                  0.01    0.00    0.96 v _80462_/A1 (NAND2_X4)
     8   17.48    0.02    0.02    0.98 ^ _80462_/ZN (NAND2_X4)
                                         _36173_ (net)
                  0.02    0.00    0.98 ^ _80534_/A2 (NAND3_X1)
     1    3.14    0.01    0.03    1.00 v _80534_/ZN (NAND3_X1)
                                         _36245_ (net)
                  0.01    0.00    1.00 v _80535_/A2 (NAND2_X2)
     3    6.50    0.01    0.02    1.03 ^ _80535_/ZN (NAND2_X2)
                                         _36246_ (net)
                  0.01    0.00    1.03 ^ _80541_/A1 (OR2_X2)
     2    4.72    0.01    0.03    1.05 ^ _80541_/ZN (OR2_X2)
                                         _36252_ (net)
                  0.01    0.00    1.05 ^ _80559_/A1 (NAND2_X2)
     1    6.34    0.01    0.02    1.07 v _80559_/ZN (NAND2_X2)
                                         _36270_ (net)
                  0.01    0.00    1.07 v _80560_/A2 (NOR2_X4)
     2    6.03    0.01    0.03    1.09 ^ _80560_/ZN (NOR2_X4)
                                         _36271_ (net)
                  0.01    0.00    1.09 ^ _80561_/A1 (NAND2_X2)
     1    5.62    0.01    0.02    1.11 v _80561_/ZN (NAND2_X2)
                                         _36272_ (net)
                  0.01    0.00    1.11 v _80562_/A2 (NAND2_X4)
     5   12.32    0.01    0.02    1.13 ^ _80562_/ZN (NAND2_X4)
                                         _36273_ (net)
                  0.01    0.00    1.13 ^ _80565_/A1 (NAND2_X4)
     4    6.12    0.01    0.01    1.15 v _80565_/ZN (NAND2_X4)
                                         _36276_ (net)
                  0.01    0.00    1.15 v _80566_/A1 (NAND2_X1)
     1    3.05    0.01    0.02    1.16 ^ _80566_/ZN (NAND2_X1)
                                         _36277_ (net)
                  0.01    0.00    1.16 ^ _80568_/A1 (NAND2_X2)
     4    7.74    0.01    0.02    1.18 v _80568_/ZN (NAND2_X2)
                                         _36279_ (net)
                  0.01    0.00    1.18 v _80596_/A2 (NAND2_X1)
     1    3.05    0.01    0.02    1.20 ^ _80596_/ZN (NAND2_X1)
                                         _36307_ (net)
                  0.01    0.00    1.20 ^ _80597_/A1 (NAND2_X2)
     2    6.53    0.01    0.02    1.22 v _80597_/ZN (NAND2_X2)
                                         _36308_ (net)
                  0.01    0.00    1.22 v _80601_/A1 (NOR3_X4)
     2    9.30    0.03    0.04    1.26 ^ _80601_/ZN (NOR3_X4)
                                         _36312_ (net)
                  0.03    0.00    1.26 ^ _80615_/A1 (NAND2_X2)
     1    5.62    0.01    0.02    1.28 v _80615_/ZN (NAND2_X2)
                                         _36326_ (net)
                  0.01    0.00    1.28 v _80616_/A2 (NAND2_X4)
     5   13.70    0.01    0.02    1.30 ^ _80616_/ZN (NAND2_X4)
                                         _36327_ (net)
                  0.01    0.00    1.30 ^ _80619_/A1 (NAND2_X4)
     4   15.85    0.01    0.02    1.32 v _80619_/ZN (NAND2_X4)
                                         _36330_ (net)
                  0.01    0.00    1.32 v _80646_/A1 (NAND2_X2)
     1    3.05    0.01    0.02    1.34 ^ _80646_/ZN (NAND2_X2)
                                         _36357_ (net)
                  0.01    0.00    1.34 ^ _80648_/A1 (NAND2_X2)
     3    4.65    0.01    0.01    1.35 v _80648_/ZN (NAND2_X2)
                                         _36359_ (net)
                  0.01    0.00    1.35 v _80651_/A2 (OR2_X2)
     2    3.03    0.01    0.05    1.40 v _80651_/ZN (OR2_X2)
                                         _36362_ (net)
                  0.01    0.00    1.40 v _80661_/A1 (NAND2_X1)
     1    6.77    0.02    0.03    1.43 ^ _80661_/ZN (NAND2_X1)
                                         _36372_ (net)
                  0.02    0.00    1.43 ^ _80671_/A1 (NOR2_X4)
     2    9.70    0.01    0.01    1.44 v _80671_/ZN (NOR2_X4)
                                         _36382_ (net)
                  0.01    0.00    1.44 v _80672_/A2 (NAND2_X2)
     1    6.20    0.01    0.02    1.46 ^ _80672_/ZN (NAND2_X2)
                                         _36383_ (net)
                  0.01    0.00    1.46 ^ _80673_/A2 (NAND2_X4)
     6   18.97    0.01    0.02    1.48 v _80673_/ZN (NAND2_X4)
                                         _36384_ (net)
                  0.01    0.00    1.48 v _80676_/A1 (NAND2_X4)
     5   23.90    0.02    0.03    1.51 ^ _80676_/ZN (NAND2_X4)
                                         _36387_ (net)
                  0.02    0.00    1.51 ^ _80677_/A1 (NAND2_X4)
     4   10.27    0.01    0.02    1.52 v _80677_/ZN (NAND2_X4)
                                         _36388_ (net)
                  0.01    0.00    1.52 v _80680_/A1 (NAND2_X4)
    10   43.85    0.03    0.04    1.56 ^ _80680_/ZN (NAND2_X4)
                                         _36391_ (net)
                  0.03    0.00    1.56 ^ _81059_/A (BUF_X16)
    10   28.82    0.01    0.03    1.59 ^ _81059_/Z (BUF_X16)
                                         cvt_blk_o[210] (net)
                  0.01    0.00    1.59 ^ _81795_/A (XNOR2_X2)
     3    4.95    0.02    0.04    1.63 ^ _81795_/ZN (XNOR2_X2)
                                         _37461_ (net)
                  0.02    0.00    1.63 ^ _81801_/A1 (NAND3_X1)
     2    4.49    0.02    0.03    1.66 v _81801_/ZN (NAND3_X1)
                                         _37467_ (net)
                  0.02    0.00    1.66 v _81806_/A1 (NAND2_X2)
     2    3.20    0.01    0.02    1.68 ^ _81806_/ZN (NAND2_X2)
                                         _37472_ (net)
                  0.01    0.00    1.68 ^ _81811_/A1 (NAND2_X1)
     1    1.53    0.01    0.01    1.69 v _81811_/ZN (NAND2_X1)
                                         _37477_ (net)
                  0.01    0.00    1.69 v _81813_/A1 (NAND2_X1)
     2    3.36    0.01    0.02    1.71 ^ _81813_/ZN (NAND2_X1)
                                         _37479_ (net)
                  0.01    0.00    1.71 ^ _81814_/A (INV_X1)
     1    5.70    0.01    0.01    1.72 v _81814_/ZN (INV_X1)
                                         _37480_ (net)
                  0.01    0.00    1.72 v _81824_/A1 (NAND2_X4)
     4   11.12    0.01    0.02    1.74 ^ _81824_/ZN (NAND2_X4)
                                         _37490_ (net)
                  0.01    0.00    1.74 ^ _81830_/A1 (NAND3_X2)
     4   10.40    0.02    0.03    1.77 v _81830_/ZN (NAND3_X2)
                                         _37496_ (net)
                  0.02    0.00    1.77 v _81853_/A (BUF_X8)
    10   26.26    0.01    0.03    1.80 v _81853_/Z (BUF_X8)
                                         _37519_ (net)
                  0.01    0.00    1.80 v _81900_/A1 (NAND2_X2)
     2    3.25    0.01    0.01    1.81 ^ _81900_/ZN (NAND2_X2)
                                         _37566_ (net)
                  0.01    0.00    1.81 ^ _81924_/A1 (AND2_X2)
     1    3.05    0.01    0.03    1.84 ^ _81924_/ZN (AND2_X2)
                                         _37590_ (net)
                  0.01    0.00    1.84 ^ _81925_/A1 (NAND2_X2)
     2    2.94    0.01    0.01    1.86 v _81925_/ZN (NAND2_X2)
                                         _37591_ (net)
                  0.01    0.00    1.86 v _82406_/A1 (NOR2_X1)
     2    3.20    0.02    0.03    1.88 ^ _82406_/ZN (NOR2_X1)
                                         _38052_ (net)
                  0.02    0.00    1.88 ^ _82407_/A1 (NAND2_X1)
     1    3.14    0.01    0.02    1.90 v _82407_/ZN (NAND2_X1)
                                         _38053_ (net)
                  0.01    0.00    1.90 v _82408_/A2 (NAND2_X2)
     3    7.72    0.01    0.02    1.93 ^ _82408_/ZN (NAND2_X2)
                                         _38054_ (net)
                  0.01    0.00    1.93 ^ _82625_/A2 (NAND2_X2)
     2    4.26    0.01    0.02    1.94 v _82625_/ZN (NAND2_X2)
                                         _38261_ (net)
                  0.01    0.00    1.94 v _82626_/A2 (NOR2_X1)
     2    3.83    0.03    0.04    1.98 ^ _82626_/ZN (NOR2_X1)
                                         _38262_ (net)
                  0.03    0.00    1.98 ^ _83213_/A1 (NAND2_X1)
     1    2.18    0.01    0.02    2.00 v _83213_/ZN (NAND2_X1)
                                         _38809_ (net)
                  0.01    0.00    2.00 v _83217_/A (XOR2_X1)
     1    0.00    0.01    0.05    2.05 v _83217_/Z (XOR2_X1)
                                         cvt_blk_o[20] (net)
                  0.01    0.00    2.05 v cvt_blk_o[20] (out)
                                  2.05   data arrival time

                  0.00    4.00    4.00   clock core_clock (rise edge)
                          0.00    4.00   clock network delay (ideal)
                          0.00    4.00   clock reconvergence pessimism
                         -0.80    3.20   output external delay
                                  3.20   data required time
-----------------------------------------------------------------------------
                                  3.20   data required time
                                 -2.05   data arrival time
-----------------------------------------------------------------------------
                                  1.15   slack (MET)



==========================================================================
Post synthesis report_checks -unconstrained
--------------------------------------------------------------------------
Startpoint: wr_fp16_i[43] (input port clocked by core_clock)
Endpoint: cvt_blk_o[20] (output port clocked by core_clock)
Path Group: core_clock
Path Type: max

Fanout     Cap    Slew   Delay    Time   Description
-----------------------------------------------------------------------------
                  0.00    0.00    0.00   clock core_clock (rise edge)
                          0.00    0.00   clock network delay (ideal)
                          0.80    0.80 v input external delay
     1    1.59    0.00    0.00    0.80 v wr_fp16_i[43] (in)
                                         wr_fp16_i[43] (net)
                  0.00    0.00    0.80 v _80414_/A (BUF_X2)
     6   12.98    0.01    0.03    0.83 v _80414_/Z (BUF_X2)
                                         _36125_ (net)
                  0.01    0.00    0.83 v _80415_/A2 (NOR2_X2)
     1    2.98    0.01    0.03    0.86 ^ _80415_/ZN (NOR2_X2)
                                         _36126_ (net)
                  0.01    0.00    0.86 ^ _80420_/A1 (NAND3_X2)
     2    4.48    0.01    0.02    0.88 v _80420_/ZN (NAND3_X2)
                                         _36131_ (net)
                  0.01    0.00    0.88 v _80422_/A1 (NAND2_X2)
     4    8.48    0.02    0.02    0.90 ^ _80422_/ZN (NAND2_X2)
                                         _36133_ (net)
                  0.02    0.00    0.90 ^ _80423_/A (INV_X1)
     2    5.30    0.01    0.01    0.92 v _80423_/ZN (INV_X1)
                                         _36134_ (net)
                  0.01    0.00    0.92 v _80433_/A1 (NAND2_X2)
     2    9.30    0.02    0.02    0.94 ^ _80433_/ZN (NAND2_X2)
                                         _36144_ (net)
                  0.02    0.00    0.94 ^ _80452_/A1 (NAND2_X2)
     1    5.70    0.01    0.02    0.96 v _80452_/ZN (NAND2_X2)
                                         _36163_ (net)
                  0.01    0.00    0.96 v _80462_/A1 (NAND2_X4)
     8   17.48    0.02    0.02    0.98 ^ _80462_/ZN (NAND2_X4)
                                         _36173_ (net)
                  0.02    0.00    0.98 ^ _80534_/A2 (NAND3_X1)
     1    3.14    0.01    0.03    1.00 v _80534_/ZN (NAND3_X1)
                                         _36245_ (net)
                  0.01    0.00    1.00 v _80535_/A2 (NAND2_X2)
     3    6.50    0.01    0.02    1.03 ^ _80535_/ZN (NAND2_X2)
                                         _36246_ (net)
                  0.01    0.00    1.03 ^ _80541_/A1 (OR2_X2)
     2    4.72    0.01    0.03    1.05 ^ _80541_/ZN (OR2_X2)
                                         _36252_ (net)
                  0.01    0.00    1.05 ^ _80559_/A1 (NAND2_X2)
     1    6.34    0.01    0.02    1.07 v _80559_/ZN (NAND2_X2)
                                         _36270_ (net)
                  0.01    0.00    1.07 v _80560_/A2 (NOR2_X4)
     2    6.03    0.01    0.03    1.09 ^ _80560_/ZN (NOR2_X4)
                                         _36271_ (net)
                  0.01    0.00    1.09 ^ _80561_/A1 (NAND2_X2)
     1    5.62    0.01    0.02    1.11 v _80561_/ZN (NAND2_X2)
                                         _36272_ (net)
                  0.01    0.00    1.11 v _80562_/A2 (NAND2_X4)
     5   12.32    0.01    0.02    1.13 ^ _80562_/ZN (NAND2_X4)
                                         _36273_ (net)
                  0.01    0.00    1.13 ^ _80565_/A1 (NAND2_X4)
     4    6.12    0.01    0.01    1.15 v _80565_/ZN (NAND2_X4)
                                         _36276_ (net)
                  0.01    0.00    1.15 v _80566_/A1 (NAND2_X1)
     1    3.05    0.01    0.02    1.16 ^ _80566_/ZN (NAND2_X1)
                                         _36277_ (net)
                  0.01    0.00    1.16 ^ _80568_/A1 (NAND2_X2)
     4    7.74    0.01    0.02    1.18 v _80568_/ZN (NAND2_X2)
                                         _36279_ (net)
                  0.01    0.00    1.18 v _80596_/A2 (NAND2_X1)
     1    3.05    0.01    0.02    1.20 ^ _80596_/ZN (NAND2_X1)
                                         _36307_ (net)
                  0.01    0.00    1.20 ^ _80597_/A1 (NAND2_X2)
     2    6.53    0.01    0.02    1.22 v _80597_/ZN (NAND2_X2)
                                         _36308_ (net)
                  0.01    0.00    1.22 v _80601_/A1 (NOR3_X4)
     2    9.30    0.03    0.04    1.26 ^ _80601_/ZN (NOR3_X4)
                                         _36312_ (net)
                  0.03    0.00    1.26 ^ _80615_/A1 (NAND2_X2)
     1    5.62    0.01    0.02    1.28 v _80615_/ZN (NAND2_X2)
                                         _36326_ (net)
                  0.01    0.00    1.28 v _80616_/A2 (NAND2_X4)
     5   13.70    0.01    0.02    1.30 ^ _80616_/ZN (NAND2_X4)
                                         _36327_ (net)
                  0.01    0.00    1.30 ^ _80619_/A1 (NAND2_X4)
     4   15.85    0.01    0.02    1.32 v _80619_/ZN (NAND2_X4)
                                         _36330_ (net)
                  0.01    0.00    1.32 v _80646_/A1 (NAND2_X2)
     1    3.05    0.01    0.02    1.34 ^ _80646_/ZN (NAND2_X2)
                                         _36357_ (net)
                  0.01    0.00    1.34 ^ _80648_/A1 (NAND2_X2)
     3    4.65    0.01    0.01    1.35 v _80648_/ZN (NAND2_X2)
                                         _36359_ (net)
                  0.01    0.00    1.35 v _80651_/A2 (OR2_X2)
     2    3.03    0.01    0.05    1.40 v _80651_/ZN (OR2_X2)
                                         _36362_ (net)
                  0.01    0.00    1.40 v _80661_/A1 (NAND2_X1)
     1    6.77    0.02    0.03    1.43 ^ _80661_/ZN (NAND2_X1)
                                         _36372_ (net)
                  0.02    0.00    1.43 ^ _80671_/A1 (NOR2_X4)
     2    9.70    0.01    0.01    1.44 v _80671_/ZN (NOR2_X4)
                                         _36382_ (net)
                  0.01    0.00    1.44 v _80672_/A2 (NAND2_X2)
     1    6.20    0.01    0.02    1.46 ^ _80672_/ZN (NAND2_X2)
                                         _36383_ (net)
                  0.01    0.00    1.46 ^ _80673_/A2 (NAND2_X4)
     6   18.97    0.01    0.02    1.48 v _80673_/ZN (NAND2_X4)
                                         _36384_ (net)
                  0.01    0.00    1.48 v _80676_/A1 (NAND2_X4)
     5   23.90    0.02    0.03    1.51 ^ _80676_/ZN (NAND2_X4)
                                         _36387_ (net)
                  0.02    0.00    1.51 ^ _80677_/A1 (NAND2_X4)
     4   10.27    0.01    0.02    1.52 v _80677_/ZN (NAND2_X4)
                                         _36388_ (net)
                  0.01    0.00    1.52 v _80680_/A1 (NAND2_X4)
    10   43.85    0.03    0.04    1.56 ^ _80680_/ZN (NAND2_X4)
                                         _36391_ (net)
                  0.03    0.00    1.56 ^ _81059_/A (BUF_X16)
    10   28.82    0.01    0.03    1.59 ^ _81059_/Z (BUF_X16)
                                         cvt_blk_o[210] (net)
                  0.01    0.00    1.59 ^ _81795_/A (XNOR2_X2)
     3    4.95    0.02    0.04    1.63 ^ _81795_/ZN (XNOR2_X2)
                                         _37461_ (net)
                  0.02    0.00    1.63 ^ _81801_/A1 (NAND3_X1)
     2    4.49    0.02    0.03    1.66 v _81801_/ZN (NAND3_X1)
                                         _37467_ (net)
                  0.02    0.00    1.66 v _81806_/A1 (NAND2_X2)
     2    3.20    0.01    0.02    1.68 ^ _81806_/ZN (NAND2_X2)
                                         _37472_ (net)
                  0.01    0.00    1.68 ^ _81811_/A1 (NAND2_X1)
     1    1.53    0.01    0.01    1.69 v _81811_/ZN (NAND2_X1)
                                         _37477_ (net)
                  0.01    0.00    1.69 v _81813_/A1 (NAND2_X1)
     2    3.36    0.01    0.02    1.71 ^ _81813_/ZN (NAND2_X1)
                                         _37479_ (net)
                  0.01    0.00    1.71 ^ _81814_/A (INV_X1)
     1    5.70    0.01    0.01    1.72 v _81814_/ZN (INV_X1)
                                         _37480_ (net)
                  0.01    0.00    1.72 v _81824_/A1 (NAND2_X4)
     4   11.12    0.01    0.02    1.74 ^ _81824_/ZN (NAND2_X4)
                                         _37490_ (net)
                  0.01    0.00    1.74 ^ _81830_/A1 (NAND3_X2)
     4   10.40    0.02    0.03    1.77 v _81830_/ZN (NAND3_X2)
                                         _37496_ (net)
                  0.02    0.00    1.77 v _81853_/A (BUF_X8)
    10   26.26    0.01    0.03    1.80 v _81853_/Z (BUF_X8)
                                         _37519_ (net)
                  0.01    0.00    1.80 v _81900_/A1 (NAND2_X2)
     2    3.25    0.01    0.01    1.81 ^ _81900_/ZN (NAND2_X2)
                                         _37566_ (net)
                  0.01    0.00    1.81 ^ _81924_/A1 (AND2_X2)
     1    3.05    0.01    0.03    1.84 ^ _81924_/ZN (AND2_X2)
                                         _37590_ (net)
                  0.01    0.00    1.84 ^ _81925_/A1 (NAND2_X2)
     2    2.94    0.01    0.01    1.86 v _81925_/ZN (NAND2_X2)
                                         _37591_ (net)
                  0.01    0.00    1.86 v _82406_/A1 (NOR2_X1)
     2    3.20    0.02    0.03    1.88 ^ _82406_/ZN (NOR2_X1)
                                         _38052_ (net)
                  0.02    0.00    1.88 ^ _82407_/A1 (NAND2_X1)
     1    3.14    0.01    0.02    1.90 v _82407_/ZN (NAND2_X1)
                                         _38053_ (net)
                  0.01    0.00    1.90 v _82408_/A2 (NAND2_X2)
     3    7.72    0.01    0.02    1.93 ^ _82408_/ZN (NAND2_X2)
                                         _38054_ (net)
                  0.01    0.00    1.93 ^ _82625_/A2 (NAND2_X2)
     2    4.26    0.01    0.02    1.94 v _82625_/ZN (NAND2_X2)
                                         _38261_ (net)
                  0.01    0.00    1.94 v _82626_/A2 (NOR2_X1)
     2    3.83    0.03    0.04    1.98 ^ _82626_/ZN (NOR2_X1)
                                         _38262_ (net)
                  0.03    0.00    1.98 ^ _83213_/A1 (NAND2_X1)
     1    2.18    0.01    0.02    2.00 v _83213_/ZN (NAND2_X1)
                                         _38809_ (net)
                  0.01    0.00    2.00 v _83217_/A (XOR2_X1)
     1    0.00    0.01    0.05    2.05 v _83217_/Z (XOR2_X1)
                                         cvt_blk_o[20] (net)
                  0.01    0.00    2.05 v cvt_blk_o[20] (out)
                                  2.05   data arrival time

                  0.00    4.00    4.00   clock core_clock (rise edge)
                          0.00    4.00   clock network delay (ideal)
                          0.00    4.00   clock reconvergence pessimism
                         -0.80    3.20   output external delay
                                  3.20   data required time
-----------------------------------------------------------------------------
                                  3.20   data required time
                                 -2.05   data arrival time
-----------------------------------------------------------------------------
                                  1.15   slack (MET)



==========================================================================
Post synthesis report_power
--------------------------------------------------------------------------
Group                  Internal  Switching    Leakage      Total
                          Power      Power      Power      Power (Watts)
----------------------------------------------------------------
Sequential             9.34e-03   3.00e-04   3.25e-04   9.96e-03   4.3%
Combinational          1.13e-01   1.08e-01   1.15e-03   2.22e-01  95.7%
Clock                  0.00e+00   0.00e+00   0.00e+00   0.00e+00   0.0%
Macro                  0.00e+00   0.00e+00   0.00e+00   0.00e+00   0.0%
Pad                    0.00e+00   0.00e+00   0.00e+00   0.00e+00   0.0%
----------------------------------------------------------------
Total                  1.22e-01   1.08e-01   1.48e-03   2.32e-01 100.0%
                          52.7%      46.7%       0.6%
