
==========================================================================
Post synthesis report_tns
--------------------------------------------------------------------------
tns 0.00

==========================================================================
Post synthesis report_wns
--------------------------------------------------------------------------
wns 0.00

==========================================================================
Post synthesis report_worst_slack
--------------------------------------------------------------------------
worst slack 1.13

==========================================================================
Post synthesis report_checks -path_delay min
--------------------------------------------------------------------------
Startpoint: u_pcu.u_ctrl.dr_group_q$_SDFFE_PN0P_
            (rising edge-triggered flip-flop clocked by core_clock)
Endpoint: u_pcu.u_ctrl.dr_group_q$_SDFFE_PN0P_
          (rising edge-triggered flip-flop clocked by core_clock)
Path Group: core_clock
Path Type: min

Fanout     Cap    Slew   Delay    Time   Description
-----------------------------------------------------------------------------
                  0.00    0.00    0.00   clock core_clock (rise edge)
                          0.00    0.00   clock network delay (ideal)
                  0.00    0.00    0.00 ^ u_pcu.u_ctrl.dr_group_q$_SDFFE_PN0P_/CK (DFF_X1)
     2    1.55    0.01    0.08    0.08 v u_pcu.u_ctrl.dr_group_q$_SDFFE_PN0P_/Q (DFF_X1)
                                         drain_group_o (net)
                  0.01    0.00    0.08 v _111929_/A (INV_X1)
     1    1.65    0.01    0.01    0.09 ^ _111929_/ZN (INV_X1)
                                         _049894_ (net)
                  0.01    0.00    0.09 ^ _111930_/B1 (AOI21_X1)
     1    1.06    0.01    0.01    0.10 v _111930_/ZN (AOI21_X1)
                                         _002620_ (net)
                  0.01    0.00    0.10 v u_pcu.u_ctrl.dr_group_q$_SDFFE_PN0P_/D (DFF_X1)
                                  0.10   data arrival time

                  0.00    0.00    0.00   clock core_clock (rise edge)
                          0.00    0.00   clock network delay (ideal)
                          0.00    0.00   clock reconvergence pessimism
                                  0.00 ^ u_pcu.u_ctrl.dr_group_q$_SDFFE_PN0P_/CK (DFF_X1)
                          0.00    0.00   library hold time
                                  0.00   data required time
-----------------------------------------------------------------------------
                                  0.00   data required time
                                 -0.10   data arrival time
-----------------------------------------------------------------------------
                                  0.10   slack (MET)



==========================================================================
Post synthesis report_checks -path_delay max
--------------------------------------------------------------------------
Startpoint: wr_fp16_i[252] (input port clocked by core_clock)
Endpoint: cvt_blk_o[109] (output port clocked by core_clock)
Path Group: core_clock
Path Type: max

Fanout     Cap    Slew   Delay    Time   Description
-----------------------------------------------------------------------------
                  0.00    0.00    0.00   clock core_clock (rise edge)
                          0.00    0.00   clock network delay (ideal)
                          0.80    0.80 ^ input external delay
     1    1.78    0.00    0.00    0.80 ^ wr_fp16_i[252] (in)
                                         wr_fp16_i[252] (net)
                  0.00    0.00    0.80 ^ _112165_/A (BUF_X2)
     5   18.82    0.02    0.04    0.84 ^ _112165_/Z (BUF_X2)
                                         _050127_ (net)
                  0.02    0.00    0.84 ^ _112183_/B (XNOR2_X1)
     1    1.60    0.02    0.04    0.88 ^ _112183_/ZN (XNOR2_X1)
                                         _050145_ (net)
                  0.02    0.00    0.88 ^ _112185_/A1 (NAND2_X1)
     1    6.34    0.02    0.03    0.90 v _112185_/ZN (NAND2_X1)
                                         _050147_ (net)
                  0.02    0.00    0.90 v _112186_/A2 (NOR2_X4)
     2    9.76    0.02    0.03    0.94 ^ _112186_/ZN (NOR2_X4)
                                         _050148_ (net)
                  0.02    0.00    0.94 ^ _112188_/A2 (NAND2_X4)
     1    5.70    0.01    0.02    0.95 v _112188_/ZN (NAND2_X4)
                                         _050150_ (net)
                  0.01    0.00    0.95 v _112198_/A1 (NAND2_X4)
     6   15.99    0.01    0.02    0.97 ^ _112198_/ZN (NAND2_X4)
                                         _050160_ (net)
                  0.01    0.00    0.97 ^ _112218_/A2 (NAND3_X1)
     1    5.62    0.02    0.03    1.01 v _112218_/ZN (NAND3_X1)
                                         _050180_ (net)
                  0.02    0.00    1.01 v _112219_/A2 (NAND2_X4)
     3    8.57    0.01    0.02    1.03 ^ _112219_/ZN (NAND2_X4)
                                         _050181_ (net)
                  0.01    0.00    1.03 ^ _112220_/A2 (NAND2_X1)
     2    7.12    0.02    0.03    1.06 v _112220_/ZN (NAND2_X1)
                                         _050182_ (net)
                  0.02    0.00    1.06 v _112221_/A2 (NAND2_X1)
     1    1.60    0.01    0.02    1.08 ^ _112221_/ZN (NAND2_X1)
                                         _050183_ (net)
                  0.01    0.00    1.08 ^ _112223_/A1 (NAND2_X1)
     1    1.45    0.01    0.01    1.09 v _112223_/ZN (NAND2_X1)
                                         _050185_ (net)
                  0.01    0.00    1.09 v _112228_/B1 (AOI21_X1)
     1    5.95    0.04    0.05    1.14 ^ _112228_/ZN (AOI21_X1)
                                         _050190_ (net)
                  0.04    0.00    1.14 ^ _112242_/A1 (NAND2_X4)
     5   13.31    0.02    0.02    1.16 v _112242_/ZN (NAND2_X4)
                                         _050204_ (net)
                  0.02    0.00    1.16 v _112245_/A1 (NAND2_X4)
     4   15.11    0.01    0.02    1.18 ^ _112245_/ZN (NAND2_X4)
                                         _050207_ (net)
                  0.01    0.00    1.18 ^ _112269_/A1 (NAND2_X2)
     1    2.93    0.01    0.01    1.20 v _112269_/ZN (NAND2_X2)
                                         _050231_ (net)
                  0.01    0.00    1.20 v _112272_/A1 (NAND2_X2)
     3    5.03    0.01    0.02    1.21 ^ _112272_/ZN (NAND2_X2)
                                         _050234_ (net)
                  0.01    0.00    1.21 ^ _112275_/A (INV_X1)
     1    2.93    0.01    0.01    1.22 v _112275_/ZN (INV_X1)
                                         _050237_ (net)
                  0.01    0.00    1.22 v _112277_/A1 (NAND2_X2)
     2    4.72    0.01    0.01    1.24 ^ _112277_/ZN (NAND2_X2)
                                         _050239_ (net)
                  0.01    0.00    1.24 ^ _112295_/A1 (NAND2_X2)
     1    5.70    0.01    0.02    1.25 v _112295_/ZN (NAND2_X2)
                                         _050257_ (net)
                  0.01    0.00    1.25 v _112296_/A (INV_X4)
     2    7.04    0.01    0.01    1.27 ^ _112296_/ZN (INV_X4)
                                         _050258_ (net)
                  0.01    0.00    1.27 ^ _112300_/A3 (NAND4_X2)
     5   11.73    0.03    0.05    1.31 v _112300_/ZN (NAND4_X2)
                                         _050262_ (net)
                  0.03    0.00    1.31 v _112301_/A2 (NAND2_X4)
     4    7.85    0.01    0.03    1.34 ^ _112301_/ZN (NAND2_X4)
                                         _050263_ (net)
                  0.01    0.00    1.34 ^ _112693_/A1 (NAND2_X1)
     1    5.70    0.01    0.02    1.36 v _112693_/ZN (NAND2_X1)
                                         _050655_ (net)
                  0.01    0.00    1.36 v _112695_/A1 (NAND2_X4)
     3   15.51    0.02    0.02    1.39 ^ _112695_/ZN (NAND2_X4)
                                         _050657_ (net)
                  0.02    0.00    1.39 ^ _112701_/A (INV_X4)
     2    8.54    0.01    0.01    1.40 v _112701_/ZN (INV_X4)
                                         _050663_ (net)
                  0.01    0.00    1.40 v _112703_/A1 (NAND2_X2)
     3    6.24    0.01    0.02    1.41 ^ _112703_/ZN (NAND2_X2)
                                         _050665_ (net)
                  0.01    0.00    1.41 ^ _112722_/A1 (NAND2_X1)
     1    1.55    0.01    0.01    1.42 v _112722_/ZN (NAND2_X1)
                                         _050684_ (net)
                  0.01    0.00    1.42 v _112723_/A (INV_X1)
     1    3.56    0.01    0.02    1.44 ^ _112723_/ZN (INV_X1)
                                         _050685_ (net)
                  0.01    0.00    1.44 ^ _112724_/A3 (NAND3_X2)
     1    5.62    0.01    0.02    1.47 v _112724_/ZN (NAND3_X2)
                                         _050686_ (net)
                  0.01    0.00    1.47 v _112725_/A2 (NAND2_X4)
     7   18.27    0.02    0.03    1.49 ^ _112725_/ZN (NAND2_X4)
                                         _050687_ (net)
                  0.02    0.00    1.49 ^ _112734_/A1 (NAND2_X4)
     6   34.19    0.02    0.03    1.52 v _112734_/ZN (NAND2_X4)
                                         _050696_ (net)
                  0.02    0.00    1.52 v _112746_/A1 (NAND2_X4)
     5   12.43    0.01    0.02    1.55 ^ _112746_/ZN (NAND2_X4)
                                         _050707_ (net)
                  0.01    0.00    1.55 ^ _112748_/A1 (NAND2_X4)
     9   32.76    0.02    0.03    1.57 v _112748_/ZN (NAND2_X4)
                                         _050709_ (net)
                  0.02    0.00    1.57 v _112937_/A (BUF_X16)
    10   53.90    0.01    0.03    1.61 v _112937_/Z (BUF_X16)
                                         _050894_ (net)
                  0.01    0.00    1.61 v _113121_/A1 (NAND2_X2)
     1    6.20    0.01    0.02    1.62 ^ _113121_/ZN (NAND2_X2)
                                         _051075_ (net)
                  0.01    0.00    1.62 ^ _113122_/A2 (NAND2_X4)
     2    6.75    0.01    0.01    1.64 v _113122_/ZN (NAND2_X4)
                                         _051076_ (net)
                  0.01    0.00    1.64 v _113123_/A (INV_X2)
     2    6.34    0.01    0.02    1.66 ^ _113123_/ZN (INV_X2)
                                         _051077_ (net)
                  0.01    0.00    1.66 ^ _113125_/A2 (NAND3_X2)
     2    4.49    0.02    0.02    1.68 v _113125_/ZN (NAND3_X2)
                                         _051079_ (net)
                  0.02    0.00    1.68 v _113130_/A1 (NAND2_X2)
     2    3.20    0.01    0.02    1.70 ^ _113130_/ZN (NAND2_X2)
                                         _051084_ (net)
                  0.01    0.00    1.70 ^ _113135_/A1 (NAND2_X1)
     1    2.93    0.01    0.02    1.71 v _113135_/ZN (NAND2_X1)
                                         _051089_ (net)
                  0.01    0.00    1.71 v _113137_/A1 (NAND2_X2)
     2    6.70    0.01    0.02    1.73 ^ _113137_/ZN (NAND2_X2)
                                         _051091_ (net)
                  0.01    0.00    1.73 ^ _113138_/A (INV_X2)
     1    5.70    0.01    0.01    1.74 v _113138_/ZN (INV_X2)
                                         _051092_ (net)
                  0.01    0.00    1.74 v _113148_/A1 (NAND2_X4)
     4   15.84    0.01    0.02    1.76 ^ _113148_/ZN (NAND2_X4)
                                         _051102_ (net)
                  0.01    0.00    1.76 ^ _113158_/A1 (NAND3_X2)
     5   11.93    0.02    0.03    1.79 v _113158_/ZN (NAND3_X2)
                                         _051112_ (net)
                  0.02    0.00    1.79 v _113176_/A (BUF_X8)
    10   41.51    0.01    0.04    1.83 v _113176_/Z (BUF_X8)
                                         _051130_ (net)
                  0.01    0.00    1.83 v _113225_/A1 (NAND2_X4)
     2    3.25    0.01    0.01    1.84 ^ _113225_/ZN (NAND2_X4)
                                         _051179_ (net)
                  0.01    0.00    1.84 ^ _113259_/A1 (AND2_X2)
     1    3.05    0.01    0.03    1.87 ^ _113259_/ZN (AND2_X2)
                                         _051213_ (net)
                  0.01    0.00    1.87 ^ _113260_/A1 (NAND2_X2)
     2    2.94    0.01    0.01    1.88 v _113260_/ZN (NAND2_X2)
                                         _051214_ (net)
                  0.01    0.00    1.88 v _113295_/A1 (NOR2_X1)
     2    3.20    0.02    0.03    1.91 ^ _113295_/ZN (NOR2_X1)
                                         _051247_ (net)
                  0.02    0.00    1.91 ^ _113296_/A1 (NAND2_X1)
     1    3.14    0.01    0.02    1.93 v _113296_/ZN (NAND2_X1)
                                         _051248_ (net)
                  0.01    0.00    1.93 v _113297_/A2 (NAND2_X2)
     3    9.28    0.02    0.03    1.96 ^ _113297_/ZN (NAND2_X2)
                                         _051249_ (net)
                  0.02    0.00    1.96 ^ _113300_/A2 (NAND2_X2)
     2    5.40    0.01    0.02    1.98 v _113300_/ZN (NAND2_X2)
                                         _051251_ (net)
                  0.01    0.00    1.98 v _113316_/A1 (NOR2_X2)
     3    6.16    0.02    0.03    2.01 ^ _113316_/ZN (NOR2_X2)
                                         _051266_ (net)
                  0.02    0.00    2.01 ^ _113317_/A1 (NAND2_X2)
     2    3.63    0.01    0.02    2.02 v _113317_/ZN (NAND2_X2)
                                         _051267_ (net)
                  0.01    0.00    2.02 v _113322_/A (XNOR2_X1)
     1    2.94    0.01    0.04    2.06 v _113322_/ZN (XNOR2_X1)
                                         _051271_ (net)
                  0.01    0.00    2.06 v _113323_/A (INV_X2)
     1    0.00    0.00    0.01    2.07 ^ _113323_/ZN (INV_X2)
                                         cvt_blk_o[109] (net)
                  0.00    0.00    2.07 ^ cvt_blk_o[109] (out)
                                  2.07   data arrival time

                  0.00    4.00    4.00   clock core_clock (rise edge)
                          0.00    4.00   clock network delay (ideal)
                          0.00    4.00   clock reconvergence pessimism
                         -0.80    3.20   output external delay
                                  3.20   data required time
-----------------------------------------------------------------------------
                                  3.20   data required time
                                 -2.07   data arrival time
-----------------------------------------------------------------------------
                                  1.13   slack (MET)



==========================================================================
Post synthesis report_checks -unconstrained
--------------------------------------------------------------------------
Startpoint: wr_fp16_i[252] (input port clocked by core_clock)
Endpoint: cvt_blk_o[109] (output port clocked by core_clock)
Path Group: core_clock
Path Type: max

Fanout     Cap    Slew   Delay    Time   Description
-----------------------------------------------------------------------------
                  0.00    0.00    0.00   clock core_clock (rise edge)
                          0.00    0.00   clock network delay (ideal)
                          0.80    0.80 ^ input external delay
     1    1.78    0.00    0.00    0.80 ^ wr_fp16_i[252] (in)
                                         wr_fp16_i[252] (net)
                  0.00    0.00    0.80 ^ _112165_/A (BUF_X2)
     5   18.82    0.02    0.04    0.84 ^ _112165_/Z (BUF_X2)
                                         _050127_ (net)
                  0.02    0.00    0.84 ^ _112183_/B (XNOR2_X1)
     1    1.60    0.02    0.04    0.88 ^ _112183_/ZN (XNOR2_X1)
                                         _050145_ (net)
                  0.02    0.00    0.88 ^ _112185_/A1 (NAND2_X1)
     1    6.34    0.02    0.03    0.90 v _112185_/ZN (NAND2_X1)
                                         _050147_ (net)
                  0.02    0.00    0.90 v _112186_/A2 (NOR2_X4)
     2    9.76    0.02    0.03    0.94 ^ _112186_/ZN (NOR2_X4)
                                         _050148_ (net)
                  0.02    0.00    0.94 ^ _112188_/A2 (NAND2_X4)
     1    5.70    0.01    0.02    0.95 v _112188_/ZN (NAND2_X4)
                                         _050150_ (net)
                  0.01    0.00    0.95 v _112198_/A1 (NAND2_X4)
     6   15.99    0.01    0.02    0.97 ^ _112198_/ZN (NAND2_X4)
                                         _050160_ (net)
                  0.01    0.00    0.97 ^ _112218_/A2 (NAND3_X1)
     1    5.62    0.02    0.03    1.01 v _112218_/ZN (NAND3_X1)
                                         _050180_ (net)
                  0.02    0.00    1.01 v _112219_/A2 (NAND2_X4)
     3    8.57    0.01    0.02    1.03 ^ _112219_/ZN (NAND2_X4)
                                         _050181_ (net)
                  0.01    0.00    1.03 ^ _112220_/A2 (NAND2_X1)
     2    7.12    0.02    0.03    1.06 v _112220_/ZN (NAND2_X1)
                                         _050182_ (net)
                  0.02    0.00    1.06 v _112221_/A2 (NAND2_X1)
     1    1.60    0.01    0.02    1.08 ^ _112221_/ZN (NAND2_X1)
                                         _050183_ (net)
                  0.01    0.00    1.08 ^ _112223_/A1 (NAND2_X1)
     1    1.45    0.01    0.01    1.09 v _112223_/ZN (NAND2_X1)
                                         _050185_ (net)
                  0.01    0.00    1.09 v _112228_/B1 (AOI21_X1)
     1    5.95    0.04    0.05    1.14 ^ _112228_/ZN (AOI21_X1)
                                         _050190_ (net)
                  0.04    0.00    1.14 ^ _112242_/A1 (NAND2_X4)
     5   13.31    0.02    0.02    1.16 v _112242_/ZN (NAND2_X4)
                                         _050204_ (net)
                  0.02    0.00    1.16 v _112245_/A1 (NAND2_X4)
     4   15.11    0.01    0.02    1.18 ^ _112245_/ZN (NAND2_X4)
                                         _050207_ (net)
                  0.01    0.00    1.18 ^ _112269_/A1 (NAND2_X2)
     1    2.93    0.01    0.01    1.20 v _112269_/ZN (NAND2_X2)
                                         _050231_ (net)
                  0.01    0.00    1.20 v _112272_/A1 (NAND2_X2)
     3    5.03    0.01    0.02    1.21 ^ _112272_/ZN (NAND2_X2)
                                         _050234_ (net)
                  0.01    0.00    1.21 ^ _112275_/A (INV_X1)
     1    2.93    0.01    0.01    1.22 v _112275_/ZN (INV_X1)
                                         _050237_ (net)
                  0.01    0.00    1.22 v _112277_/A1 (NAND2_X2)
     2    4.72    0.01    0.01    1.24 ^ _112277_/ZN (NAND2_X2)
                                         _050239_ (net)
                  0.01    0.00    1.24 ^ _112295_/A1 (NAND2_X2)
     1    5.70    0.01    0.02    1.25 v _112295_/ZN (NAND2_X2)
                                         _050257_ (net)
                  0.01    0.00    1.25 v _112296_/A (INV_X4)
     2    7.04    0.01    0.01    1.27 ^ _112296_/ZN (INV_X4)
                                         _050258_ (net)
                  0.01    0.00    1.27 ^ _112300_/A3 (NAND4_X2)
     5   11.73    0.03    0.05    1.31 v _112300_/ZN (NAND4_X2)
                                         _050262_ (net)
                  0.03    0.00    1.31 v _112301_/A2 (NAND2_X4)
     4    7.85    0.01    0.03    1.34 ^ _112301_/ZN (NAND2_X4)
                                         _050263_ (net)
                  0.01    0.00    1.34 ^ _112693_/A1 (NAND2_X1)
     1    5.70    0.01    0.02    1.36 v _112693_/ZN (NAND2_X1)
                                         _050655_ (net)
                  0.01    0.00    1.36 v _112695_/A1 (NAND2_X4)
     3   15.51    0.02    0.02    1.39 ^ _112695_/ZN (NAND2_X4)
                                         _050657_ (net)
                  0.02    0.00    1.39 ^ _112701_/A (INV_X4)
     2    8.54    0.01    0.01    1.40 v _112701_/ZN (INV_X4)
                                         _050663_ (net)
                  0.01    0.00    1.40 v _112703_/A1 (NAND2_X2)
     3    6.24    0.01    0.02    1.41 ^ _112703_/ZN (NAND2_X2)
                                         _050665_ (net)
                  0.01    0.00    1.41 ^ _112722_/A1 (NAND2_X1)
     1    1.55    0.01    0.01    1.42 v _112722_/ZN (NAND2_X1)
                                         _050684_ (net)
                  0.01    0.00    1.42 v _112723_/A (INV_X1)
     1    3.56    0.01    0.02    1.44 ^ _112723_/ZN (INV_X1)
                                         _050685_ (net)
                  0.01    0.00    1.44 ^ _112724_/A3 (NAND3_X2)
     1    5.62    0.01    0.02    1.47 v _112724_/ZN (NAND3_X2)
                                         _050686_ (net)
                  0.01    0.00    1.47 v _112725_/A2 (NAND2_X4)
     7   18.27    0.02    0.03    1.49 ^ _112725_/ZN (NAND2_X4)
                                         _050687_ (net)
                  0.02    0.00    1.49 ^ _112734_/A1 (NAND2_X4)
     6   34.19    0.02    0.03    1.52 v _112734_/ZN (NAND2_X4)
                                         _050696_ (net)
                  0.02    0.00    1.52 v _112746_/A1 (NAND2_X4)
     5   12.43    0.01    0.02    1.55 ^ _112746_/ZN (NAND2_X4)
                                         _050707_ (net)
                  0.01    0.00    1.55 ^ _112748_/A1 (NAND2_X4)
     9   32.76    0.02    0.03    1.57 v _112748_/ZN (NAND2_X4)
                                         _050709_ (net)
                  0.02    0.00    1.57 v _112937_/A (BUF_X16)
    10   53.90    0.01    0.03    1.61 v _112937_/Z (BUF_X16)
                                         _050894_ (net)
                  0.01    0.00    1.61 v _113121_/A1 (NAND2_X2)
     1    6.20    0.01    0.02    1.62 ^ _113121_/ZN (NAND2_X2)
                                         _051075_ (net)
                  0.01    0.00    1.62 ^ _113122_/A2 (NAND2_X4)
     2    6.75    0.01    0.01    1.64 v _113122_/ZN (NAND2_X4)
                                         _051076_ (net)
                  0.01    0.00    1.64 v _113123_/A (INV_X2)
     2    6.34    0.01    0.02    1.66 ^ _113123_/ZN (INV_X2)
                                         _051077_ (net)
                  0.01    0.00    1.66 ^ _113125_/A2 (NAND3_X2)
     2    4.49    0.02    0.02    1.68 v _113125_/ZN (NAND3_X2)
                                         _051079_ (net)
                  0.02    0.00    1.68 v _113130_/A1 (NAND2_X2)
     2    3.20    0.01    0.02    1.70 ^ _113130_/ZN (NAND2_X2)
                                         _051084_ (net)
                  0.01    0.00    1.70 ^ _113135_/A1 (NAND2_X1)
     1    2.93    0.01    0.02    1.71 v _113135_/ZN (NAND2_X1)
                                         _051089_ (net)
                  0.01    0.00    1.71 v _113137_/A1 (NAND2_X2)
     2    6.70    0.01    0.02    1.73 ^ _113137_/ZN (NAND2_X2)
                                         _051091_ (net)
                  0.01    0.00    1.73 ^ _113138_/A (INV_X2)
     1    5.70    0.01    0.01    1.74 v _113138_/ZN (INV_X2)
                                         _051092_ (net)
                  0.01    0.00    1.74 v _113148_/A1 (NAND2_X4)
     4   15.84    0.01    0.02    1.76 ^ _113148_/ZN (NAND2_X4)
                                         _051102_ (net)
                  0.01    0.00    1.76 ^ _113158_/A1 (NAND3_X2)
     5   11.93    0.02    0.03    1.79 v _113158_/ZN (NAND3_X2)
                                         _051112_ (net)
                  0.02    0.00    1.79 v _113176_/A (BUF_X8)
    10   41.51    0.01    0.04    1.83 v _113176_/Z (BUF_X8)
                                         _051130_ (net)
                  0.01    0.00    1.83 v _113225_/A1 (NAND2_X4)
     2    3.25    0.01    0.01    1.84 ^ _113225_/ZN (NAND2_X4)
                                         _051179_ (net)
                  0.01    0.00    1.84 ^ _113259_/A1 (AND2_X2)
     1    3.05    0.01    0.03    1.87 ^ _113259_/ZN (AND2_X2)
                                         _051213_ (net)
                  0.01    0.00    1.87 ^ _113260_/A1 (NAND2_X2)
     2    2.94    0.01    0.01    1.88 v _113260_/ZN (NAND2_X2)
                                         _051214_ (net)
                  0.01    0.00    1.88 v _113295_/A1 (NOR2_X1)
     2    3.20    0.02    0.03    1.91 ^ _113295_/ZN (NOR2_X1)
                                         _051247_ (net)
                  0.02    0.00    1.91 ^ _113296_/A1 (NAND2_X1)
     1    3.14    0.01    0.02    1.93 v _113296_/ZN (NAND2_X1)
                                         _051248_ (net)
                  0.01    0.00    1.93 v _113297_/A2 (NAND2_X2)
     3    9.28    0.02    0.03    1.96 ^ _113297_/ZN (NAND2_X2)
                                         _051249_ (net)
                  0.02    0.00    1.96 ^ _113300_/A2 (NAND2_X2)
     2    5.40    0.01    0.02    1.98 v _113300_/ZN (NAND2_X2)
                                         _051251_ (net)
                  0.01    0.00    1.98 v _113316_/A1 (NOR2_X2)
     3    6.16    0.02    0.03    2.01 ^ _113316_/ZN (NOR2_X2)
                                         _051266_ (net)
                  0.02    0.00    2.01 ^ _113317_/A1 (NAND2_X2)
     2    3.63    0.01    0.02    2.02 v _113317_/ZN (NAND2_X2)
                                         _051267_ (net)
                  0.01    0.00    2.02 v _113322_/A (XNOR2_X1)
     1    2.94    0.01    0.04    2.06 v _113322_/ZN (XNOR2_X1)
                                         _051271_ (net)
                  0.01    0.00    2.06 v _113323_/A (INV_X2)
     1    0.00    0.00    0.01    2.07 ^ _113323_/ZN (INV_X2)
                                         cvt_blk_o[109] (net)
                  0.00    0.00    2.07 ^ cvt_blk_o[109] (out)
                                  2.07   data arrival time

                  0.00    4.00    4.00   clock core_clock (rise edge)
                          0.00    4.00   clock network delay (ideal)
                          0.00    4.00   clock reconvergence pessimism
                         -0.80    3.20   output external delay
                                  3.20   data required time
-----------------------------------------------------------------------------
                                  3.20   data required time
                                 -2.07   data arrival time
-----------------------------------------------------------------------------
                                  1.13   slack (MET)



==========================================================================
Post synthesis report_power
--------------------------------------------------------------------------
Group                  Internal  Switching    Leakage      Total
                          Power      Power      Power      Power (Watts)
----------------------------------------------------------------
Sequential             6.02e-03   4.49e-04   1.80e-04   6.65e-03   1.3%
Combinational          2.66e-01   2.51e-01   1.59e-03   5.18e-01  98.7%
Clock                  0.00e+00   0.00e+00   0.00e+00   0.00e+00   0.0%
Macro                  0.00e+00   0.00e+00   0.00e+00   0.00e+00   0.0%
Pad                    0.00e+00   0.00e+00   0.00e+00   0.00e+00   0.0%
----------------------------------------------------------------
Total                  2.72e-01   2.51e-01   1.77e-03   5.25e-01 100.0%
                          51.8%      47.9%       0.3%
