
==========================================================================
Post synthesis report_tns
--------------------------------------------------------------------------
tns 0.00

==========================================================================
Post synthesis report_wns
--------------------------------------------------------------------------
wns 0.00

==========================================================================
Post synthesis report_worst_slack
--------------------------------------------------------------------------
worst slack 2.89

==========================================================================
Post synthesis report_checks -path_delay min
--------------------------------------------------------------------------
Startpoint: _17018_ (rising edge-triggered flip-flop clocked by core_clock)
Endpoint: loaded_o$_SDFF_PN0_
          (rising edge-triggered flip-flop clocked by core_clock)
Path Group: core_clock
Path Type: min

Fanout     Cap    Slew   Delay    Time   Description
-----------------------------------------------------------------------------
                  0.00    0.00    0.00   clock core_clock (rise edge)
                          0.00    0.00   clock network delay (ideal)
                  0.00    0.00    0.00 ^ _17018_/CK (DFF_X1)
     2    3.10    0.01    0.08    0.08 v _17018_/Q (DFF_X1)
                                         u_gbuf.fill_q[1] (net)
                  0.01    0.00    0.08 v _13855_/A1 (NAND3_X1)
     1    1.71    0.01    0.02    0.10 ^ _13855_/ZN (NAND3_X1)
                                         _06066_ (net)
                  0.01    0.00    0.10 ^ _13857_/A1 (NOR2_X1)
     1    1.06    0.00    0.01    0.10 v _13857_/ZN (NOR2_X1)
                                         _00066_ (net)
                  0.00    0.00    0.10 v loaded_o$_SDFF_PN0_/D (DFF_X1)
                                  0.10   data arrival time

                  0.00    0.00    0.00   clock core_clock (rise edge)
                          0.00    0.00   clock network delay (ideal)
                          0.00    0.00   clock reconvergence pessimism
                                  0.00 ^ loaded_o$_SDFF_PN0_/CK (DFF_X1)
                          0.00    0.00   library hold time
                                  0.00   data required time
-----------------------------------------------------------------------------
                                  0.00   data required time
                                 -0.10   data arrival time
-----------------------------------------------------------------------------
                                  0.10   slack (MET)



==========================================================================
Post synthesis report_checks -path_delay max
--------------------------------------------------------------------------
Startpoint: rd_base_i[0] (input port clocked by core_clock)
Endpoint: g_o[4]$_SDFF_PN0_
          (rising edge-triggered flip-flop clocked by core_clock)
Path Group: core_clock
Path Type: max

Fanout     Cap    Slew   Delay    Time   Description
-----------------------------------------------------------------------------
                  0.00    0.00    0.00   clock core_clock (rise edge)
                          0.00    0.00   clock network delay (ideal)
                          0.80    0.80 v input external delay
     1    3.00    0.00    0.00    0.80 v rd_base_i[0] (in)
                                         rd_base_i[0] (net)
                  0.00    0.00    0.80 v _09081_/A (BUF_X4)
     4   21.28    0.01    0.03    0.83 v _09081_/Z (BUF_X4)
                                         _01356_ (net)
                  0.01    0.00    0.83 v _09082_/A (INV_X8)
    10   24.29    0.01    0.02    0.84 ^ _09082_/ZN (INV_X8)
                                         _01357_ (net)
                  0.01    0.00    0.84 ^ _09197_/A (BUF_X2)
    10   17.79    0.02    0.04    0.88 ^ _09197_/Z (BUF_X2)
                                         _01472_ (net)
                  0.02    0.00    0.88 ^ _09809_/A (BUF_X2)
    10   16.50    0.02    0.04    0.92 ^ _09809_/Z (BUF_X2)
                                         _02080_ (net)
                  0.02    0.00    0.92 ^ _12571_/A3 (NAND3_X1)
     2    3.12    0.01    0.03    0.95 v _12571_/ZN (NAND3_X1)
                                         _04817_ (net)
                  0.01    0.00    0.95 v _13254_/A1 (NAND3_X1)
     1    1.66    0.01    0.02    0.97 ^ _13254_/ZN (NAND3_X1)
                                         _05485_ (net)
                  0.01    0.00    0.97 ^ _13255_/A2 (NAND2_X1)
     1    1.56    0.01    0.01    0.98 v _13255_/ZN (NAND2_X1)
                                         _05486_ (net)
                  0.01    0.00    0.98 v _13256_/B2 (OAI21_X1)
     1    1.66    0.02    0.03    1.01 ^ _13256_/ZN (OAI21_X1)
                                         _05487_ (net)
                  0.02    0.00    1.01 ^ _13257_/A2 (NAND2_X1)
     1    1.56    0.01    0.02    1.03 v _13257_/ZN (NAND2_X1)
                                         _05488_ (net)
                  0.01    0.00    1.03 v _13258_/A2 (NOR2_X1)
     1    1.71    0.02    0.03    1.06 ^ _13258_/ZN (NOR2_X1)
                                         _05489_ (net)
                  0.02    0.00    1.06 ^ _13259_/A1 (NOR2_X1)
     1    1.06    0.01    0.01    1.07 v _13259_/ZN (NOR2_X1)
                                         _00046_ (net)
                  0.01    0.00    1.07 v g_o[4]$_SDFF_PN0_/D (DFF_X1)
                                  1.07   data arrival time

                  0.00    4.00    4.00   clock core_clock (rise edge)
                          0.00    4.00   clock network delay (ideal)
                          0.00    4.00   clock reconvergence pessimism
                                  4.00 ^ g_o[4]$_SDFF_PN0_/CK (DFF_X1)
                         -0.04    3.96   library setup time
                                  3.96   data required time
-----------------------------------------------------------------------------
                                  3.96   data required time
                                 -1.07   data arrival time
-----------------------------------------------------------------------------
                                  2.89   slack (MET)



==========================================================================
Post synthesis report_checks -unconstrained
--------------------------------------------------------------------------
Startpoint: rd_base_i[0] (input port clocked by core_clock)
Endpoint: g_o[4]$_SDFF_PN0_
          (rising edge-triggered flip-flop clocked by core_clock)
Path Group: core_clock
Path Type: max

Fanout     Cap    Slew   Delay    Time   Description
-----------------------------------------------------------------------------
                  0.00    0.00    0.00   clock core_clock (rise edge)
                          0.00    0.00   clock network delay (ideal)
                          0.80    0.80 v input external delay
     1    3.00    0.00    0.00    0.80 v rd_base_i[0] (in)
                                         rd_base_i[0] (net)
                  0.00    0.00    0.80 v _09081_/A (BUF_X4)
     4   21.28    0.01    0.03    0.83 v _09081_/Z (BUF_X4)
                                         _01356_ (net)
                  0.01    0.00    0.83 v _09082_/A (INV_X8)
    10   24.29    0.01    0.02    0.84 ^ _09082_/ZN (INV_X8)
                                         _01357_ (net)
                  0.01    0.00    0.84 ^ _09197_/A (BUF_X2)
    10   17.79    0.02    0.04    0.88 ^ _09197_/Z (BUF_X2)
                                         _01472_ (net)
                  0.02    0.00    0.88 ^ _09809_/A (BUF_X2)
    10   16.50    0.02    0.04    0.92 ^ _09809_/Z (BUF_X2)
                                         _02080_ (net)
                  0.02    0.00    0.92 ^ _12571_/A3 (NAND3_X1)
     2    3.12    0.01    0.03    0.95 v _12571_/ZN (NAND3_X1)
                                         _04817_ (net)
                  0.01    0.00    0.95 v _13254_/A1 (NAND3_X1)
     1    1.66    0.01    0.02    0.97 ^ _13254_/ZN (NAND3_X1)
                                         _05485_ (net)
                  0.01    0.00    0.97 ^ _13255_/A2 (NAND2_X1)
     1    1.56    0.01    0.01    0.98 v _13255_/ZN (NAND2_X1)
                                         _05486_ (net)
                  0.01    0.00    0.98 v _13256_/B2 (OAI21_X1)
     1    1.66    0.02    0.03    1.01 ^ _13256_/ZN (OAI21_X1)
                                         _05487_ (net)
                  0.02    0.00    1.01 ^ _13257_/A2 (NAND2_X1)
     1    1.56    0.01    0.02    1.03 v _13257_/ZN (NAND2_X1)
                                         _05488_ (net)
                  0.01    0.00    1.03 v _13258_/A2 (NOR2_X1)
     1    1.71    0.02    0.03    1.06 ^ _13258_/ZN (NOR2_X1)
                                         _05489_ (net)
                  0.02    0.00    1.06 ^ _13259_/A1 (NOR2_X1)
     1    1.06    0.01    0.01    1.07 v _13259_/ZN (NOR2_X1)
                                         _00046_ (net)
                  0.01    0.00    1.07 v g_o[4]$_SDFF_PN0_/D (DFF_X1)
                                  1.07   data arrival time

                  0.00    4.00    4.00   clock core_clock (rise edge)
                          0.00    4.00   clock network delay (ideal)
                          0.00    4.00   clock reconvergence pessimism
                                  4.00 ^ g_o[4]$_SDFF_PN0_/CK (DFF_X1)
                         -0.04    3.96   library setup time
                                  3.96   data required time
-----------------------------------------------------------------------------
                                  3.96   data required time
                                 -1.07   data arrival time
-----------------------------------------------------------------------------
                                  2.89   slack (MET)



==========================================================================
Post synthesis report_power
--------------------------------------------------------------------------
Group                  Internal  Switching    Leakage      Total
                          Power      Power      Power      Power (Watts)
----------------------------------------------------------------
Sequential             1.84e-03   4.94e-05   8.48e-05   1.97e-03  64.4%
Combinational          4.63e-04   4.47e-04   1.81e-04   1.09e-03  35.6%
Clock                  0.00e+00   0.00e+00   0.00e+00   0.00e+00   0.0%
Macro                  0.00e+00   0.00e+00   0.00e+00   0.00e+00   0.0%
Pad                    0.00e+00   0.00e+00   0.00e+00   0.00e+00   0.0%
----------------------------------------------------------------
Total                  2.30e-03   4.97e-04   2.66e-04   3.06e-03 100.0%
                          75.1%      16.2%       8.7%
