
==========================================================================
Post synthesis report_tns
--------------------------------------------------------------------------
tns -13.07

==========================================================================
Post synthesis report_wns
--------------------------------------------------------------------------
wns -0.23

==========================================================================
Post synthesis report_worst_slack
--------------------------------------------------------------------------
worst slack -0.23

==========================================================================
Post synthesis report_checks -path_delay min
--------------------------------------------------------------------------
Startpoint: u_dq.s0_beat_q[0]$_SDFF_PN0_
            (rising edge-triggered flip-flop clocked by core_clock)
Endpoint: u_dq.s1_beat_q[0]$_SDFF_PN0_
          (rising edge-triggered flip-flop clocked by core_clock)
Path Group: core_clock
Path Type: min

Fanout     Cap    Slew   Delay    Time   Description
-----------------------------------------------------------------------------
                  0.00    0.00    0.00   clock core_clock (rise edge)
                          0.00    0.00   clock network delay (ideal)
                  0.00    0.00    0.00 ^ u_dq.s0_beat_q[0]$_SDFF_PN0_/CK (DFF_X1)
     1    1.50    0.01    0.08    0.08 v u_dq.s0_beat_q[0]$_SDFF_PN0_/Q (DFF_X1)
                                         u_dq.s0_beat_q[0] (net)
                  0.01    0.00    0.08 v _41446_/A2 (NAND2_X1)
     1    1.70    0.01    0.02    0.09 ^ _41446_/ZN (NAND2_X1)
                                         _03325_ (net)
                  0.01    0.00    0.09 ^ _41447_/A (INV_X1)
     1    1.06    0.00    0.01    0.10 v _41447_/ZN (INV_X1)
                                         _00666_ (net)
                  0.00    0.00    0.10 v u_dq.s1_beat_q[0]$_SDFF_PN0_/D (DFF_X1)
                                  0.10   data arrival time

                  0.00    0.00    0.00   clock core_clock (rise edge)
                          0.00    0.00   clock network delay (ideal)
                          0.00    0.00   clock reconvergence pessimism
                                  0.00 ^ u_dq.s1_beat_q[0]$_SDFF_PN0_/CK (DFF_X1)
                          0.00    0.00   library hold time
                                  0.00   data required time
-----------------------------------------------------------------------------
                                  0.00   data required time
                                 -0.10   data arrival time
-----------------------------------------------------------------------------
                                  0.10   slack (MET)



==========================================================================
Post synthesis report_checks -path_delay max
--------------------------------------------------------------------------
Startpoint: half_i (input port clocked by core_clock)
Endpoint: u_dq.s0_q_q[86]$_SDFFE_PN0P_
          (rising edge-triggered flip-flop clocked by core_clock)
Path Group: core_clock
Path Type: max

Fanout     Cap    Slew   Delay    Time   Description
-----------------------------------------------------------------------------
                  0.00    0.00    0.00   clock core_clock (rise edge)
                          0.00    0.00   clock network delay (ideal)
                          0.40    0.40 ^ input external delay
     1   12.41    0.00    0.00    0.40 ^ half_i (in)
                                         half_i (net)
                  0.00    0.00    0.40 ^ _31018_/A (BUF_X16)
    10  106.19    0.02    0.03    0.43 ^ _31018_/Z (BUF_X16)
                                         _10635_ (net)
                  0.02    0.00    0.43 ^ _31019_/A (BUF_X32)
    10   53.19    0.01    0.03    0.46 ^ _31019_/Z (BUF_X32)
                                         _10646_ (net)
                  0.01    0.00    0.46 ^ _31020_/A (BUF_X16)
    10   45.45    0.01    0.02    0.48 ^ _31020_/Z (BUF_X16)
                                         _10657_ (net)
                  0.01    0.00    0.48 ^ _34028_/S (MUX2_X1)
     3    7.10    0.02    0.07    0.55 v _34028_/Z (MUX2_X1)
                                         _19938_ (net)
                  0.02    0.00    0.55 v _34029_/A2 (NOR2_X2)
     1    3.25    0.02    0.03    0.58 ^ _34029_/ZN (NOR2_X2)
                                         _19939_ (net)
                  0.02    0.00    0.58 ^ _34030_/A (INV_X2)
     2    7.90    0.01    0.01    0.59 v _34030_/ZN (INV_X2)
                                         _19940_ (net)
                  0.01    0.00    0.59 v _34031_/A2 (NOR2_X4)
     2    7.63    0.02    0.03    0.62 ^ _34031_/ZN (NOR2_X4)
                                         _19941_ (net)
                  0.02    0.00    0.62 ^ _34034_/A1 (NAND2_X4)
     2    7.12    0.01    0.02    0.64 v _34034_/ZN (NAND2_X4)
                                         _19944_ (net)
                  0.01    0.00    0.64 v _34036_/A1 (NOR2_X4)
     2    4.68    0.01    0.02    0.66 ^ _34036_/ZN (NOR2_X4)
                                         _19946_ (net)
                  0.01    0.00    0.66 ^ _34041_/A1 (NAND3_X2)
     3    8.66    0.02    0.03    0.68 v _34041_/ZN (NAND3_X2)
                                         _19951_ (net)
                  0.02    0.00    0.68 v _34043_/A1 (NOR2_X4)
     1    6.26    0.02    0.03    0.71 ^ _34043_/ZN (NOR2_X4)
                                         _19953_ (net)
                  0.02    0.00    0.71 ^ _34044_/A (INV_X4)
     3    8.58    0.01    0.01    0.72 v _34044_/ZN (INV_X4)
                                         _19954_ (net)
                  0.01    0.00    0.72 v _34046_/A1 (NOR2_X4)
     3    9.57    0.02    0.03    0.75 ^ _34046_/ZN (NOR2_X4)
                                         _19956_ (net)
                  0.02    0.00    0.75 ^ _34051_/A1 (NAND3_X4)
     3    4.48    0.01    0.02    0.77 v _34051_/ZN (NAND3_X4)
                                         _19961_ (net)
                  0.01    0.00    0.77 v _34053_/A1 (OR2_X2)
     3    8.58    0.01    0.05    0.81 v _34053_/ZN (OR2_X2)
                                         _19963_ (net)
                  0.01    0.00    0.81 v _34055_/A1 (NOR2_X4)
     2    7.58    0.02    0.03    0.84 ^ _34055_/ZN (NOR2_X4)
                                         _19965_ (net)
                  0.02    0.00    0.84 ^ _34058_/A1 (NAND2_X4)
     2    7.12    0.01    0.02    0.85 v _34058_/ZN (NAND2_X4)
                                         _19968_ (net)
                  0.01    0.00    0.85 v _34060_/A1 (NOR2_X4)
     4    7.96    0.02    0.02    0.88 ^ _34060_/ZN (NOR2_X4)
                                         _19970_ (net)
                  0.02    0.00    0.88 ^ _34065_/A1 (NAND3_X2)
     3    8.58    0.02    0.03    0.91 v _34065_/ZN (NAND3_X2)
                                         _19975_ (net)
                  0.02    0.00    0.91 v _34067_/A1 (NOR2_X4)
     1    5.95    0.01    0.03    0.93 ^ _34067_/ZN (NOR2_X4)
                                         _19977_ (net)
                  0.01    0.00    0.93 ^ _34070_/A1 (NAND2_X4)
     4   12.52    0.01    0.02    0.95 v _34070_/ZN (NAND2_X4)
                                         _19980_ (net)
                  0.01    0.00    0.95 v _34075_/A1 (NOR2_X4)
     2    7.48    0.02    0.02    0.97 ^ _34075_/ZN (NOR2_X4)
                                         _19985_ (net)
                  0.02    0.00    0.97 ^ _34098_/A1 (NAND2_X4)
     2    4.23    0.01    0.01    0.99 v _34098_/ZN (NAND2_X4)
                                         _20008_ (net)
                  0.01    0.00    0.99 v _34099_/A1 (NOR2_X2)
     2    7.86    0.03    0.03    1.02 ^ _34099_/ZN (NOR2_X2)
                                         _20009_ (net)
                  0.03    0.00    1.02 ^ _34106_/A (INV_X4)
     2    8.88    0.01    0.01    1.03 v _34106_/ZN (INV_X4)
                                         _20016_ (net)
                  0.01    0.00    1.03 v _34107_/A1 (NAND2_X4)
     1    4.00    0.01    0.01    1.04 ^ _34107_/ZN (NAND2_X4)
                                         _20017_ (net)
                  0.01    0.00    1.04 ^ _34108_/A (XNOR2_X2)
     3    9.57    0.03    0.04    1.09 ^ _34108_/ZN (XNOR2_X2)
                                         _20018_ (net)
                  0.03    0.00    1.09 ^ _34212_/A2 (NAND2_X1)
     1    1.53    0.01    0.02    1.11 v _34212_/ZN (NAND2_X1)
                                         _20122_ (net)
                  0.01    0.00    1.11 v _34213_/A1 (NAND2_X1)
     1    3.05    0.01    0.02    1.12 ^ _34213_/ZN (NAND2_X1)
                                         _20123_ (net)
                  0.01    0.00    1.12 ^ _34214_/A1 (NAND2_X2)
     1    5.70    0.01    0.02    1.14 v _34214_/ZN (NAND2_X2)
                                         _20124_ (net)
                  0.01    0.00    1.14 v _34215_/A1 (NAND2_X4)
     8   41.66    0.03    0.04    1.18 ^ _34215_/ZN (NAND2_X4)
                                         _20125_ (net)
                  0.03    0.00    1.18 ^ _34253_/A (INV_X8)
     4   18.73    0.01    0.01    1.19 v _34253_/ZN (INV_X8)
                                         _20163_ (net)
                  0.01    0.00    1.19 v _34254_/A (BUF_X8)
    10   29.01    0.01    0.03    1.22 v _34254_/Z (BUF_X8)
                                         _20164_ (net)
                  0.01    0.00    1.22 v _34315_/A1 (NAND2_X1)
     2    7.55    0.02    0.03    1.25 ^ _34315_/ZN (NAND2_X1)
                                         _20225_ (net)
                  0.02    0.00    1.25 ^ _34317_/A1 (NAND2_X4)
     2    3.85    0.01    0.01    1.26 v _34317_/ZN (NAND2_X4)
                                         _20227_ (net)
                  0.01    0.00    1.26 v _34406_/B (MUX2_X1)
     2    3.06    0.01    0.06    1.32 v _34406_/Z (MUX2_X1)
                                         _20316_ (net)
                  0.01    0.00    1.32 v _34493_/A1 (NAND2_X1)
     2    3.24    0.01    0.02    1.34 ^ _34493_/ZN (NAND2_X1)
                                         _20403_ (net)
                  0.01    0.00    1.34 ^ _34518_/A2 (NAND3_X1)
     1    1.50    0.01    0.02    1.36 v _34518_/ZN (NAND3_X1)
                                         _20428_ (net)
                  0.01    0.00    1.36 v _34519_/A2 (NAND2_X1)
     1    3.25    0.01    0.02    1.38 ^ _34519_/ZN (NAND2_X1)
                                         _20429_ (net)
                  0.01    0.00    1.38 ^ _34520_/A (INV_X2)
     1    5.56    0.01    0.01    1.39 v _34520_/ZN (INV_X2)
                                         _20430_ (net)
                  0.01    0.00    1.39 v _34521_/B1 (OAI21_X4)
     2   12.21    0.02    0.03    1.43 ^ _34521_/ZN (OAI21_X4)
                                         _20431_ (net)
                  0.02    0.00    1.43 ^ _34522_/A (INV_X4)
     2    7.12    0.01    0.01    1.44 v _34522_/ZN (INV_X4)
                                         _20432_ (net)
                  0.01    0.00    1.44 v _34570_/A1 (NOR2_X4)
     4   16.95    0.03    0.04    1.47 ^ _34570_/ZN (NOR2_X4)
                                         _20480_ (net)
                  0.03    0.00    1.47 ^ _39772_/A (INV_X2)
     2    4.46    0.01    0.01    1.48 v _39772_/ZN (INV_X2)
                                         _01681_ (net)
                  0.01    0.00    1.48 v _39798_/A1 (NAND2_X1)
     1    6.20    0.02    0.03    1.51 ^ _39798_/ZN (NAND2_X1)
                                         _01706_ (net)
                  0.02    0.00    1.51 ^ _39799_/A2 (NAND2_X4)
     1    5.70    0.01    0.02    1.52 v _39799_/ZN (NAND2_X4)
                                         _01707_ (net)
                  0.01    0.00    1.52 v _39808_/A1 (NAND2_X4)
     9   36.22    0.03    0.03    1.55 ^ _39808_/ZN (NAND2_X4)
                                         _01716_ (net)
                  0.03    0.00    1.55 ^ _40527_/A1 (NAND2_X4)
     2   16.50    0.01    0.02    1.58 v _40527_/ZN (NAND2_X4)
                                         _02425_ (net)
                  0.01    0.00    1.58 v _40528_/A (INV_X8)
     2   12.16    0.01    0.02    1.59 ^ _40528_/ZN (INV_X8)
                                         _02426_ (net)
                  0.01    0.00    1.59 ^ _40531_/A1 (NAND2_X4)
     3   14.24    0.01    0.02    1.61 v _40531_/ZN (NAND2_X4)
                                         _02429_ (net)
                  0.01    0.00    1.61 v _40537_/A1 (NAND3_X2)
     4   17.34    0.03    0.03    1.64 ^ _40537_/ZN (NAND3_X2)
                                         _02435_ (net)
                  0.03    0.00    1.64 ^ _40555_/A2 (NAND3_X1)
     1    3.14    0.02    0.03    1.67 v _40555_/ZN (NAND3_X1)
                                         _02453_ (net)
                  0.02    0.00    1.67 v _40556_/A2 (NAND2_X2)
     1    5.95    0.01    0.02    1.70 ^ _40556_/ZN (NAND2_X2)
                                         _02454_ (net)
                  0.01    0.00    1.70 ^ _40558_/A1 (NAND2_X4)
     2   11.31    0.01    0.02    1.71 v _40558_/ZN (NAND2_X4)
                                         _02456_ (net)
                  0.01    0.00    1.71 v _40559_/A2 (NAND2_X4)
     3   10.09    0.01    0.02    1.73 ^ _40559_/ZN (NAND2_X4)
                                         _02457_ (net)
                  0.01    0.00    1.73 ^ _40561_/A (XNOR2_X1)
     1    5.95    0.04    0.05    1.78 ^ _40561_/ZN (XNOR2_X1)
                                         _02459_ (net)
                  0.04    0.00    1.78 ^ _40587_/A1 (NAND2_X4)
     2   11.40    0.01    0.02    1.80 v _40587_/ZN (NAND2_X4)
                                         _02485_ (net)
                  0.01    0.00    1.80 v _40654_/A1 (NAND2_X4)
     2    6.23    0.01    0.02    1.82 ^ _40654_/ZN (NAND2_X4)
                                         _02551_ (net)
                  0.01    0.00    1.82 ^ _40713_/A (INV_X2)
     2    7.18    0.01    0.01    1.83 v _40713_/ZN (INV_X2)
                                         _02610_ (net)
                  0.01    0.00    1.83 v _40714_/A2 (NAND2_X4)
     3   13.85    0.01    0.02    1.85 ^ _40714_/ZN (NAND2_X4)
                                         _02611_ (net)
                  0.01    0.00    1.85 ^ _40728_/A2 (NAND2_X2)
     1    5.70    0.01    0.02    1.87 v _40728_/ZN (NAND2_X2)
                                         _02625_ (net)
                  0.01    0.00    1.87 v _40729_/A1 (NAND2_X4)
     2   13.11    0.01    0.02    1.89 ^ _40729_/ZN (NAND2_X4)
                                         _02626_ (net)
                  0.01    0.00    1.89 ^ _40731_/A1 (NAND2_X4)
     1    5.70    0.01    0.01    1.90 v _40731_/ZN (NAND2_X4)
                                         _02628_ (net)
                  0.01    0.00    1.90 v _40733_/A1 (NAND2_X4)
     3    9.99    0.01    0.02    1.91 ^ _40733_/ZN (NAND2_X4)
                                         _02630_ (net)
                  0.01    0.00    1.91 ^ _40767_/A (INV_X2)
     1    1.46    0.00    0.01    1.92 v _40767_/ZN (INV_X2)
                                         _02663_ (net)
                  0.00    0.00    1.92 v _40768_/B1 (OAI21_X1)
     2    4.68    0.03    0.04    1.96 ^ _40768_/ZN (OAI21_X1)
                                         _02664_ (net)
                  0.03    0.00    1.96 ^ _40861_/A (INV_X1)
     1    3.14    0.01    0.01    1.97 v _40861_/ZN (INV_X1)
                                         _02757_ (net)
                  0.01    0.00    1.97 v _40862_/A2 (NAND2_X2)
     2    7.80    0.01    0.02    2.00 ^ _40862_/ZN (NAND2_X2)
                                         _02758_ (net)
                  0.01    0.00    2.00 ^ _40863_/A2 (NAND2_X4)
     4   19.16    0.01    0.02    2.02 v _40863_/ZN (NAND2_X4)
                                         _02759_ (net)
                  0.01    0.00    2.02 v _40880_/A1 (NOR2_X4)
     4   13.98    0.02    0.03    2.05 ^ _40880_/ZN (NOR2_X4)
                                         _02775_ (net)
                  0.02    0.00    2.05 ^ _40884_/A1 (NAND2_X2)
     1    5.59    0.01    0.02    2.07 v _40884_/ZN (NAND2_X2)
                                         _02779_ (net)
                  0.01    0.00    2.07 v _40886_/A1 (NOR2_X4)
     2    4.67    0.01    0.02    2.09 ^ _40886_/ZN (NOR2_X4)
                                         _02781_ (net)
                  0.01    0.00    2.09 ^ _40887_/A1 (NAND2_X2)
     2    2.94    0.01    0.01    2.11 v _40887_/ZN (NAND2_X2)
                                         _02782_ (net)
                  0.01    0.00    2.11 v _40966_/A2 (NAND3_X1)
     1    1.60    0.01    0.02    2.12 ^ _40966_/ZN (NAND3_X1)
                                         _02861_ (net)
                  0.01    0.00    2.12 ^ _40967_/A1 (NAND2_X1)
     1    1.42    0.01    0.01    2.14 v _40967_/ZN (NAND2_X1)
                                         _02862_ (net)
                  0.01    0.00    2.14 v _40969_/A1 (OR2_X2)
     1    2.73    0.01    0.04    2.18 v _40969_/ZN (OR2_X2)
                                         _02864_ (net)
                  0.01    0.00    2.18 v _40971_/B1 (AOI21_X2)
     1    1.14    0.02    0.02    2.20 ^ _40971_/ZN (AOI21_X2)
                                         _00650_ (net)
                  0.02    0.00    2.20 ^ u_dq.s0_q_q[86]$_SDFFE_PN0P_/D (DFF_X1)
                                  2.20   data arrival time

                  0.00    2.00    2.00   clock core_clock (rise edge)
                          0.00    2.00   clock network delay (ideal)
                          0.00    2.00   clock reconvergence pessimism
                                  2.00 ^ u_dq.s0_q_q[86]$_SDFFE_PN0P_/CK (DFF_X1)
                         -0.03    1.97   library setup time
                                  1.97   data required time
-----------------------------------------------------------------------------
                                  1.97   data required time
                                 -2.20   data arrival time
-----------------------------------------------------------------------------
                                 -0.23   slack (VIOLATED)



==========================================================================
Post synthesis report_checks -unconstrained
--------------------------------------------------------------------------
Startpoint: half_i (input port clocked by core_clock)
Endpoint: u_dq.s0_q_q[86]$_SDFFE_PN0P_
          (rising edge-triggered flip-flop clocked by core_clock)
Path Group: core_clock
Path Type: max

Fanout     Cap    Slew   Delay    Time   Description
-----------------------------------------------------------------------------
                  0.00    0.00    0.00   clock core_clock (rise edge)
                          0.00    0.00   clock network delay (ideal)
                          0.40    0.40 ^ input external delay
     1   12.41    0.00    0.00    0.40 ^ half_i (in)
                                         half_i (net)
                  0.00    0.00    0.40 ^ _31018_/A (BUF_X16)
    10  106.19    0.02    0.03    0.43 ^ _31018_/Z (BUF_X16)
                                         _10635_ (net)
                  0.02    0.00    0.43 ^ _31019_/A (BUF_X32)
    10   53.19    0.01    0.03    0.46 ^ _31019_/Z (BUF_X32)
                                         _10646_ (net)
                  0.01    0.00    0.46 ^ _31020_/A (BUF_X16)
    10   45.45    0.01    0.02    0.48 ^ _31020_/Z (BUF_X16)
                                         _10657_ (net)
                  0.01    0.00    0.48 ^ _34028_/S (MUX2_X1)
     3    7.10    0.02    0.07    0.55 v _34028_/Z (MUX2_X1)
                                         _19938_ (net)
                  0.02    0.00    0.55 v _34029_/A2 (NOR2_X2)
     1    3.25    0.02    0.03    0.58 ^ _34029_/ZN (NOR2_X2)
                                         _19939_ (net)
                  0.02    0.00    0.58 ^ _34030_/A (INV_X2)
     2    7.90    0.01    0.01    0.59 v _34030_/ZN (INV_X2)
                                         _19940_ (net)
                  0.01    0.00    0.59 v _34031_/A2 (NOR2_X4)
     2    7.63    0.02    0.03    0.62 ^ _34031_/ZN (NOR2_X4)
                                         _19941_ (net)
                  0.02    0.00    0.62 ^ _34034_/A1 (NAND2_X4)
     2    7.12    0.01    0.02    0.64 v _34034_/ZN (NAND2_X4)
                                         _19944_ (net)
                  0.01    0.00    0.64 v _34036_/A1 (NOR2_X4)
     2    4.68    0.01    0.02    0.66 ^ _34036_/ZN (NOR2_X4)
                                         _19946_ (net)
                  0.01    0.00    0.66 ^ _34041_/A1 (NAND3_X2)
     3    8.66    0.02    0.03    0.68 v _34041_/ZN (NAND3_X2)
                                         _19951_ (net)
                  0.02    0.00    0.68 v _34043_/A1 (NOR2_X4)
     1    6.26    0.02    0.03    0.71 ^ _34043_/ZN (NOR2_X4)
                                         _19953_ (net)
                  0.02    0.00    0.71 ^ _34044_/A (INV_X4)
     3    8.58    0.01    0.01    0.72 v _34044_/ZN (INV_X4)
                                         _19954_ (net)
                  0.01    0.00    0.72 v _34046_/A1 (NOR2_X4)
     3    9.57    0.02    0.03    0.75 ^ _34046_/ZN (NOR2_X4)
                                         _19956_ (net)
                  0.02    0.00    0.75 ^ _34051_/A1 (NAND3_X4)
     3    4.48    0.01    0.02    0.77 v _34051_/ZN (NAND3_X4)
                                         _19961_ (net)
                  0.01    0.00    0.77 v _34053_/A1 (OR2_X2)
     3    8.58    0.01    0.05    0.81 v _34053_/ZN (OR2_X2)
                                         _19963_ (net)
                  0.01    0.00    0.81 v _34055_/A1 (NOR2_X4)
     2    7.58    0.02    0.03    0.84 ^ _34055_/ZN (NOR2_X4)
                                         _19965_ (net)
                  0.02    0.00    0.84 ^ _34058_/A1 (NAND2_X4)
     2    7.12    0.01    0.02    0.85 v _34058_/ZN (NAND2_X4)
                                         _19968_ (net)
                  0.01    0.00    0.85 v _34060_/A1 (NOR2_X4)
     4    7.96    0.02    0.02    0.88 ^ _34060_/ZN (NOR2_X4)
                                         _19970_ (net)
                  0.02    0.00    0.88 ^ _34065_/A1 (NAND3_X2)
     3    8.58    0.02    0.03    0.91 v _34065_/ZN (NAND3_X2)
                                         _19975_ (net)
                  0.02    0.00    0.91 v _34067_/A1 (NOR2_X4)
     1    5.95    0.01    0.03    0.93 ^ _34067_/ZN (NOR2_X4)
                                         _19977_ (net)
                  0.01    0.00    0.93 ^ _34070_/A1 (NAND2_X4)
     4   12.52    0.01    0.02    0.95 v _34070_/ZN (NAND2_X4)
                                         _19980_ (net)
                  0.01    0.00    0.95 v _34075_/A1 (NOR2_X4)
     2    7.48    0.02    0.02    0.97 ^ _34075_/ZN (NOR2_X4)
                                         _19985_ (net)
                  0.02    0.00    0.97 ^ _34098_/A1 (NAND2_X4)
     2    4.23    0.01    0.01    0.99 v _34098_/ZN (NAND2_X4)
                                         _20008_ (net)
                  0.01    0.00    0.99 v _34099_/A1 (NOR2_X2)
     2    7.86    0.03    0.03    1.02 ^ _34099_/ZN (NOR2_X2)
                                         _20009_ (net)
                  0.03    0.00    1.02 ^ _34106_/A (INV_X4)
     2    8.88    0.01    0.01    1.03 v _34106_/ZN (INV_X4)
                                         _20016_ (net)
                  0.01    0.00    1.03 v _34107_/A1 (NAND2_X4)
     1    4.00    0.01    0.01    1.04 ^ _34107_/ZN (NAND2_X4)
                                         _20017_ (net)
                  0.01    0.00    1.04 ^ _34108_/A (XNOR2_X2)
     3    9.57    0.03    0.04    1.09 ^ _34108_/ZN (XNOR2_X2)
                                         _20018_ (net)
                  0.03    0.00    1.09 ^ _34212_/A2 (NAND2_X1)
     1    1.53    0.01    0.02    1.11 v _34212_/ZN (NAND2_X1)
                                         _20122_ (net)
                  0.01    0.00    1.11 v _34213_/A1 (NAND2_X1)
     1    3.05    0.01    0.02    1.12 ^ _34213_/ZN (NAND2_X1)
                                         _20123_ (net)
                  0.01    0.00    1.12 ^ _34214_/A1 (NAND2_X2)
     1    5.70    0.01    0.02    1.14 v _34214_/ZN (NAND2_X2)
                                         _20124_ (net)
                  0.01    0.00    1.14 v _34215_/A1 (NAND2_X4)
     8   41.66    0.03    0.04    1.18 ^ _34215_/ZN (NAND2_X4)
                                         _20125_ (net)
                  0.03    0.00    1.18 ^ _34253_/A (INV_X8)
     4   18.73    0.01    0.01    1.19 v _34253_/ZN (INV_X8)
                                         _20163_ (net)
                  0.01    0.00    1.19 v _34254_/A (BUF_X8)
    10   29.01    0.01    0.03    1.22 v _34254_/Z (BUF_X8)
                                         _20164_ (net)
                  0.01    0.00    1.22 v _34315_/A1 (NAND2_X1)
     2    7.55    0.02    0.03    1.25 ^ _34315_/ZN (NAND2_X1)
                                         _20225_ (net)
                  0.02    0.00    1.25 ^ _34317_/A1 (NAND2_X4)
     2    3.85    0.01    0.01    1.26 v _34317_/ZN (NAND2_X4)
                                         _20227_ (net)
                  0.01    0.00    1.26 v _34406_/B (MUX2_X1)
     2    3.06    0.01    0.06    1.32 v _34406_/Z (MUX2_X1)
                                         _20316_ (net)
                  0.01    0.00    1.32 v _34493_/A1 (NAND2_X1)
     2    3.24    0.01    0.02    1.34 ^ _34493_/ZN (NAND2_X1)
                                         _20403_ (net)
                  0.01    0.00    1.34 ^ _34518_/A2 (NAND3_X1)
     1    1.50    0.01    0.02    1.36 v _34518_/ZN (NAND3_X1)
                                         _20428_ (net)
                  0.01    0.00    1.36 v _34519_/A2 (NAND2_X1)
     1    3.25    0.01    0.02    1.38 ^ _34519_/ZN (NAND2_X1)
                                         _20429_ (net)
                  0.01    0.00    1.38 ^ _34520_/A (INV_X2)
     1    5.56    0.01    0.01    1.39 v _34520_/ZN (INV_X2)
                                         _20430_ (net)
                  0.01    0.00    1.39 v _34521_/B1 (OAI21_X4)
     2   12.21    0.02    0.03    1.43 ^ _34521_/ZN (OAI21_X4)
                                         _20431_ (net)
                  0.02    0.00    1.43 ^ _34522_/A (INV_X4)
     2    7.12    0.01    0.01    1.44 v _34522_/ZN (INV_X4)
                                         _20432_ (net)
                  0.01    0.00    1.44 v _34570_/A1 (NOR2_X4)
     4   16.95    0.03    0.04    1.47 ^ _34570_/ZN (NOR2_X4)
                                         _20480_ (net)
                  0.03    0.00    1.47 ^ _39772_/A (INV_X2)
     2    4.46    0.01    0.01    1.48 v _39772_/ZN (INV_X2)
                                         _01681_ (net)
                  0.01    0.00    1.48 v _39798_/A1 (NAND2_X1)
     1    6.20    0.02    0.03    1.51 ^ _39798_/ZN (NAND2_X1)
                                         _01706_ (net)
                  0.02    0.00    1.51 ^ _39799_/A2 (NAND2_X4)
     1    5.70    0.01    0.02    1.52 v _39799_/ZN (NAND2_X4)
                                         _01707_ (net)
                  0.01    0.00    1.52 v _39808_/A1 (NAND2_X4)
     9   36.22    0.03    0.03    1.55 ^ _39808_/ZN (NAND2_X4)
                                         _01716_ (net)
                  0.03    0.00    1.55 ^ _40527_/A1 (NAND2_X4)
     2   16.50    0.01    0.02    1.58 v _40527_/ZN (NAND2_X4)
                                         _02425_ (net)
                  0.01    0.00    1.58 v _40528_/A (INV_X8)
     2   12.16    0.01    0.02    1.59 ^ _40528_/ZN (INV_X8)
                                         _02426_ (net)
                  0.01    0.00    1.59 ^ _40531_/A1 (NAND2_X4)
     3   14.24    0.01    0.02    1.61 v _40531_/ZN (NAND2_X4)
                                         _02429_ (net)
                  0.01    0.00    1.61 v _40537_/A1 (NAND3_X2)
     4   17.34    0.03    0.03    1.64 ^ _40537_/ZN (NAND3_X2)
                                         _02435_ (net)
                  0.03    0.00    1.64 ^ _40555_/A2 (NAND3_X1)
     1    3.14    0.02    0.03    1.67 v _40555_/ZN (NAND3_X1)
                                         _02453_ (net)
                  0.02    0.00    1.67 v _40556_/A2 (NAND2_X2)
     1    5.95    0.01    0.02    1.70 ^ _40556_/ZN (NAND2_X2)
                                         _02454_ (net)
                  0.01    0.00    1.70 ^ _40558_/A1 (NAND2_X4)
     2   11.31    0.01    0.02    1.71 v _40558_/ZN (NAND2_X4)
                                         _02456_ (net)
                  0.01    0.00    1.71 v _40559_/A2 (NAND2_X4)
     3   10.09    0.01    0.02    1.73 ^ _40559_/ZN (NAND2_X4)
                                         _02457_ (net)
                  0.01    0.00    1.73 ^ _40561_/A (XNOR2_X1)
     1    5.95    0.04    0.05    1.78 ^ _40561_/ZN (XNOR2_X1)
                                         _02459_ (net)
                  0.04    0.00    1.78 ^ _40587_/A1 (NAND2_X4)
     2   11.40    0.01    0.02    1.80 v _40587_/ZN (NAND2_X4)
                                         _02485_ (net)
                  0.01    0.00    1.80 v _40654_/A1 (NAND2_X4)
     2    6.23    0.01    0.02    1.82 ^ _40654_/ZN (NAND2_X4)
                                         _02551_ (net)
                  0.01    0.00    1.82 ^ _40713_/A (INV_X2)
     2    7.18    0.01    0.01    1.83 v _40713_/ZN (INV_X2)
                                         _02610_ (net)
                  0.01    0.00    1.83 v _40714_/A2 (NAND2_X4)
     3   13.85    0.01    0.02    1.85 ^ _40714_/ZN (NAND2_X4)
                                         _02611_ (net)
                  0.01    0.00    1.85 ^ _40728_/A2 (NAND2_X2)
     1    5.70    0.01    0.02    1.87 v _40728_/ZN (NAND2_X2)
                                         _02625_ (net)
                  0.01    0.00    1.87 v _40729_/A1 (NAND2_X4)
     2   13.11    0.01    0.02    1.89 ^ _40729_/ZN (NAND2_X4)
                                         _02626_ (net)
                  0.01    0.00    1.89 ^ _40731_/A1 (NAND2_X4)
     1    5.70    0.01    0.01    1.90 v _40731_/ZN (NAND2_X4)
                                         _02628_ (net)
                  0.01    0.00    1.90 v _40733_/A1 (NAND2_X4)
     3    9.99    0.01    0.02    1.91 ^ _40733_/ZN (NAND2_X4)
                                         _02630_ (net)
                  0.01    0.00    1.91 ^ _40767_/A (INV_X2)
     1    1.46    0.00    0.01    1.92 v _40767_/ZN (INV_X2)
                                         _02663_ (net)
                  0.00    0.00    1.92 v _40768_/B1 (OAI21_X1)
     2    4.68    0.03    0.04    1.96 ^ _40768_/ZN (OAI21_X1)
                                         _02664_ (net)
                  0.03    0.00    1.96 ^ _40861_/A (INV_X1)
     1    3.14    0.01    0.01    1.97 v _40861_/ZN (INV_X1)
                                         _02757_ (net)
                  0.01    0.00    1.97 v _40862_/A2 (NAND2_X2)
     2    7.80    0.01    0.02    2.00 ^ _40862_/ZN (NAND2_X2)
                                         _02758_ (net)
                  0.01    0.00    2.00 ^ _40863_/A2 (NAND2_X4)
     4   19.16    0.01    0.02    2.02 v _40863_/ZN (NAND2_X4)
                                         _02759_ (net)
                  0.01    0.00    2.02 v _40880_/A1 (NOR2_X4)
     4   13.98    0.02    0.03    2.05 ^ _40880_/ZN (NOR2_X4)
                                         _02775_ (net)
                  0.02    0.00    2.05 ^ _40884_/A1 (NAND2_X2)
     1    5.59    0.01    0.02    2.07 v _40884_/ZN (NAND2_X2)
                                         _02779_ (net)
                  0.01    0.00    2.07 v _40886_/A1 (NOR2_X4)
     2    4.67    0.01    0.02    2.09 ^ _40886_/ZN (NOR2_X4)
                                         _02781_ (net)
                  0.01    0.00    2.09 ^ _40887_/A1 (NAND2_X2)
     2    2.94    0.01    0.01    2.11 v _40887_/ZN (NAND2_X2)
                                         _02782_ (net)
                  0.01    0.00    2.11 v _40966_/A2 (NAND3_X1)
     1    1.60    0.01    0.02    2.12 ^ _40966_/ZN (NAND3_X1)
                                         _02861_ (net)
                  0.01    0.00    2.12 ^ _40967_/A1 (NAND2_X1)
     1    1.42    0.01    0.01    2.14 v _40967_/ZN (NAND2_X1)
                                         _02862_ (net)
                  0.01    0.00    2.14 v _40969_/A1 (OR2_X2)
     1    2.73    0.01    0.04    2.18 v _40969_/ZN (OR2_X2)
                                         _02864_ (net)
                  0.01    0.00    2.18 v _40971_/B1 (AOI21_X2)
     1    1.14    0.02    0.02    2.20 ^ _40971_/ZN (AOI21_X2)
                                         _00650_ (net)
                  0.02    0.00    2.20 ^ u_dq.s0_q_q[86]$_SDFFE_PN0P_/D (DFF_X1)
                                  2.20   data arrival time

                  0.00    2.00    2.00   clock core_clock (rise edge)
                          0.00    2.00   clock network delay (ideal)
                          0.00    2.00   clock reconvergence pessimism
                                  2.00 ^ u_dq.s0_q_q[86]$_SDFFE_PN0P_/CK (DFF_X1)
                         -0.03    1.97   library setup time
                                  1.97   data required time
-----------------------------------------------------------------------------
                                  1.97   data required time
                                 -2.20   data arrival time
-----------------------------------------------------------------------------
                                 -0.23   slack (VIOLATED)



==========================================================================
Post synthesis report_power
--------------------------------------------------------------------------
Group                  Internal  Switching    Leakage      Total
                          Power      Power      Power      Power (Watts)
----------------------------------------------------------------
Sequential             3.03e-03   2.35e-04   5.41e-05   3.32e-03   4.2%
Combinational          3.45e-02   3.99e-02   6.80e-04   7.50e-02  95.8%
Clock                  0.00e+00   0.00e+00   0.00e+00   0.00e+00   0.0%
Macro                  0.00e+00   0.00e+00   0.00e+00   0.00e+00   0.0%
Pad                    0.00e+00   0.00e+00   0.00e+00   0.00e+00   0.0%
----------------------------------------------------------------
Total                  3.75e-02   4.01e-02   7.34e-04   7.84e-02 100.0%
                          47.9%      51.2%       0.9%
