
==========================================================================
Post synthesis report_tns
--------------------------------------------------------------------------
tns -0.01

==========================================================================
Post synthesis report_wns
--------------------------------------------------------------------------
wns -0.01

==========================================================================
Post synthesis report_worst_slack
--------------------------------------------------------------------------
worst slack -0.01

==========================================================================
Post synthesis report_checks -path_delay min
--------------------------------------------------------------------------
Startpoint: u_pcu.pack_batch_busy_q$_SDFF_PN0_
            (rising edge-triggered flip-flop clocked by core_clock)
Endpoint: u_pcu.pack_batch_busy_q$_SDFF_PN0_
          (rising edge-triggered flip-flop clocked by core_clock)
Path Group: core_clock
Path Type: min

Fanout     Cap    Slew   Delay    Time   Description
-----------------------------------------------------------------------------
                  0.00    0.00    0.00   clock core_clock (rise edge)
                          0.00    0.00   clock network delay (ideal)
                  0.00    0.00    0.00 ^ u_pcu.pack_batch_busy_q$_SDFF_PN0_/CK (DFF_X1)
     2    2.62    0.01    0.06    0.06 ^ u_pcu.pack_batch_busy_q$_SDFF_PN0_/QN (DFF_X1)
                                         _000180_ (net)
                  0.01    0.00    0.06 ^ _101678_/B2 (AOI21_X1)
     1    1.06    0.01    0.01    0.08 v _101678_/ZN (AOI21_X1)
                                         _001851_ (net)
                  0.01    0.00    0.08 v u_pcu.pack_batch_busy_q$_SDFF_PN0_/D (DFF_X1)
                                  0.08   data arrival time

                  0.00    0.00    0.00   clock core_clock (rise edge)
                          0.00    0.00   clock network delay (ideal)
                          0.00    0.00   clock reconvergence pessimism
                                  0.00 ^ u_pcu.pack_batch_busy_q$_SDFF_PN0_/CK (DFF_X1)
                          0.00    0.00   library hold time
                                  0.00   data required time
-----------------------------------------------------------------------------
                                  0.00   data required time
                                 -0.08   data arrival time
-----------------------------------------------------------------------------
                                  0.08   slack (MET)



==========================================================================
Post synthesis report_checks -path_delay max
--------------------------------------------------------------------------
Startpoint: i_act[24] (input port clocked by core_clock)
Endpoint: u_pcu.u_raw_pcu.g_pe[0].u_pe.s0_act_q[1][15]$_SDFF_PN0_
          (rising edge-triggered flip-flop clocked by core_clock)
Path Group: core_clock
Path Type: max

Fanout     Cap    Slew   Delay    Time   Description
-----------------------------------------------------------------------------
                  0.00    0.00    0.00   clock core_clock (rise edge)
                          0.00    0.00   clock network delay (ideal)
                          0.40    0.40 ^ input external delay
     1    3.40    0.00    0.00    0.40 ^ i_act[24] (in)
                                         i_act[24] (net)
                  0.00    0.00    0.40 ^ _107991_/A (BUF_X4)
     4   14.10    0.01    0.02    0.42 ^ _107991_/Z (BUF_X4)
                                         _025985_ (net)
                  0.01    0.00    0.42 ^ _107992_/A1 (NAND2_X2)
     4    7.15    0.01    0.02    0.44 v _107992_/ZN (NAND2_X2)
                                         _025986_ (net)
                  0.01    0.00    0.44 v _107994_/A1 (NOR2_X2)
     2    5.48    0.02    0.03    0.47 ^ _107994_/ZN (NOR2_X2)
                                         _025988_ (net)
                  0.02    0.00    0.47 ^ _107995_/A (INV_X2)
     1    2.70    0.01    0.01    0.48 v _107995_/ZN (INV_X2)
                                         _025989_ (net)
                  0.01    0.00    0.48 v _107998_/A1 (NOR2_X2)
     2    3.30    0.02    0.02    0.50 ^ _107998_/ZN (NOR2_X2)
                                         _025992_ (net)
                  0.02    0.00    0.50 ^ _107999_/A1 (NAND2_X1)
     3   10.94    0.02    0.03    0.53 v _107999_/ZN (NAND2_X1)
                                         _025993_ (net)
                  0.02    0.00    0.53 v _108016_/A (XNOR2_X1)
     3    6.04    0.02    0.05    0.59 v _108016_/ZN (XNOR2_X1)
                                         _026010_ (net)
                  0.02    0.00    0.59 v _108022_/A2 (NOR4_X2)
     1    3.05    0.04    0.07    0.65 ^ _108022_/ZN (NOR4_X2)
                                         _026016_ (net)
                  0.04    0.00    0.65 ^ _108025_/A1 (NAND2_X2)
     4    5.41    0.02    0.02    0.67 v _108025_/ZN (NAND2_X2)
                                         _026019_ (net)
                  0.02    0.00    0.67 v _108029_/A1 (OR2_X1)
     2    2.40    0.01    0.05    0.72 v _108029_/ZN (OR2_X1)
                                         _026023_ (net)
                  0.01    0.00    0.72 v _108075_/A1 (AND2_X1)
     2    2.32    0.01    0.03    0.75 v _108075_/ZN (AND2_X1)
                                         _026069_ (net)
                  0.01    0.00    0.75 v _108078_/A1 (OR2_X1)
     2    4.67    0.01    0.05    0.80 v _108078_/ZN (OR2_X1)
                                         _026072_ (net)
                  0.01    0.00    0.80 v _108079_/A2 (NAND2_X2)
     2    5.33    0.01    0.02    0.83 ^ _108079_/ZN (NAND2_X2)
                                         _026073_ (net)
                  0.01    0.00    0.83 ^ _108082_/B1 (OAI21_X2)
     2    5.05    0.01    0.02    0.84 v _108082_/ZN (OAI21_X2)
                                         _026076_ (net)
                  0.01    0.00    0.84 v _108087_/A1 (NAND2_X2)
     1    5.95    0.01    0.02    0.86 ^ _108087_/ZN (NAND2_X2)
                                         _026081_ (net)
                  0.01    0.00    0.86 ^ _108088_/A1 (NAND2_X4)
     3    8.86    0.01    0.01    0.88 v _108088_/ZN (NAND2_X4)
                                         _026082_ (net)
                  0.01    0.00    0.88 v _108095_/A1 (NAND2_X2)
     7   11.70    0.02    0.02    0.90 ^ _108095_/ZN (NAND2_X2)
                                         _026089_ (net)
                  0.02    0.00    0.90 ^ _108096_/A (INV_X1)
     4    9.38    0.01    0.02    0.92 v _108096_/ZN (INV_X1)
                                         _026090_ (net)
                  0.01    0.00    0.92 v _108097_/A2 (NOR2_X1)
     3    5.02    0.03    0.05    0.97 ^ _108097_/ZN (NOR2_X1)
                                         _026091_ (net)
                  0.03    0.00    0.97 ^ _108098_/A (INV_X1)
     2    4.26    0.01    0.02    0.98 v _108098_/ZN (INV_X1)
                                         _026092_ (net)
                  0.01    0.00    0.98 v _108104_/A1 (NOR2_X2)
     6   16.40    0.05    0.06    1.04 ^ _108104_/ZN (NOR2_X2)
                                         _026098_ (net)
                  0.05    0.00    1.04 ^ _108114_/A1 (NAND2_X2)
     2    3.09    0.01    0.02    1.06 v _108114_/ZN (NAND2_X2)
                                         _026108_ (net)
                  0.01    0.00    1.06 v _108123_/A1 (NAND2_X1)
     1    2.92    0.01    0.02    1.08 ^ _108123_/ZN (NAND2_X1)
                                         _026117_ (net)
                  0.01    0.00    1.08 ^ _108132_/A1 (NAND4_X2)
     1    2.60    0.02    0.02    1.10 v _108132_/ZN (NAND4_X2)
                                         _026126_ (net)
                  0.02    0.00    1.10 v _108150_/A1 (NOR4_X2)
     4    7.83    0.06    0.07    1.18 ^ _108150_/ZN (NOR4_X2)
                                         _026144_ (net)
                  0.06    0.00    1.18 ^ _108162_/A1 (NAND2_X1)
     1    2.94    0.02    0.02    1.20 v _108162_/ZN (NAND2_X1)
                                         _026156_ (net)
                  0.02    0.00    1.20 v _108163_/A (INV_X2)
     5    9.44    0.01    0.03    1.23 ^ _108163_/ZN (INV_X2)
                                         _026157_ (net)
                  0.01    0.00    1.23 ^ _108164_/A1 (NAND4_X1)
     2    2.92    0.02    0.03    1.26 v _108164_/ZN (NAND4_X1)
                                         _026158_ (net)
                  0.02    0.00    1.26 v _108165_/A2 (NAND2_X1)
     1    3.29    0.01    0.03    1.28 ^ _108165_/ZN (NAND2_X1)
                                         _026159_ (net)
                  0.01    0.00    1.28 ^ _108171_/A1 (NOR2_X2)
     2    3.06    0.01    0.01    1.29 v _108171_/ZN (NOR2_X2)
                                         _026165_ (net)
                  0.01    0.00    1.29 v _108175_/A1 (NAND2_X1)
     1    1.70    0.01    0.01    1.30 ^ _108175_/ZN (NAND2_X1)
                                         _026169_ (net)
                  0.01    0.00    1.30 ^ _108176_/A (INV_X1)
     2    2.40    0.00    0.01    1.31 v _108176_/ZN (INV_X1)
                                         _026170_ (net)
                  0.00    0.00    1.31 v _108178_/A1 (AND2_X1)
     2    4.46    0.01    0.03    1.34 v _108178_/ZN (AND2_X1)
                                         _026172_ (net)
                  0.01    0.00    1.34 v _108182_/A1 (NAND2_X2)
     2    4.84    0.01    0.02    1.36 ^ _108182_/ZN (NAND2_X2)
                                         _026176_ (net)
                  0.01    0.00    1.36 ^ _108183_/A (AOI21_X2)
     2    3.06    0.01    0.01    1.37 v _108183_/ZN (AOI21_X2)
                                         _026177_ (net)
                  0.01    0.00    1.37 v _108185_/A1 (NAND2_X1)
     1    1.70    0.01    0.02    1.39 ^ _108185_/ZN (NAND2_X1)
                                         _026179_ (net)
                  0.01    0.00    1.39 ^ _108186_/A (INV_X1)
     2    4.17    0.01    0.01    1.40 v _108186_/ZN (INV_X1)
                                         _026180_ (net)
                  0.01    0.00    1.40 v _108236_/B1 (AOI21_X1)
     1    1.52    0.02    0.02    1.43 ^ _108236_/ZN (AOI21_X1)
                                         _026230_ (net)
                  0.02    0.00    1.43 ^ _108244_/A1 (NAND4_X1)
     1    0.87    0.01    0.02    1.45 v _108244_/ZN (NAND4_X1)
                                         _026238_ (net)
                  0.01    0.00    1.45 v _108245_/A1 (AND2_X1)
     1    2.70    0.01    0.03    1.48 v _108245_/ZN (AND2_X1)
                                         _026239_ (net)
                  0.01    0.00    1.48 v _108246_/B1 (OAI21_X2)
     3    4.95    0.02    0.03    1.51 ^ _108246_/ZN (OAI21_X2)
                                         _026240_ (net)
                  0.02    0.00    1.51 ^ _108276_/A1 (NAND2_X2)
     3    5.83    0.01    0.02    1.53 v _108276_/ZN (NAND2_X2)
                                         _026269_ (net)
                  0.01    0.00    1.53 v _108299_/A1 (OR2_X4)
     3    5.71    0.01    0.04    1.57 v _108299_/ZN (OR2_X4)
                                         _026292_ (net)
                  0.01    0.00    1.57 v _108313_/A1 (NOR2_X2)
     1    3.25    0.02    0.02    1.60 ^ _108313_/ZN (NOR2_X2)
                                         _026306_ (net)
                  0.02    0.00    1.60 ^ _108314_/A (INV_X2)
     2    4.23    0.01    0.01    1.61 v _108314_/ZN (INV_X2)
                                         _026307_ (net)
                  0.01    0.00    1.61 v _108329_/A1 (NOR2_X2)
     2    4.91    0.02    0.03    1.63 ^ _108329_/ZN (NOR2_X2)
                                         _026322_ (net)
                  0.02    0.00    1.63 ^ _108330_/A (INV_X2)
     2    4.26    0.01    0.01    1.64 v _108330_/ZN (INV_X2)
                                         _026323_ (net)
                  0.01    0.00    1.64 v _108340_/A1 (NOR2_X2)
     1    1.70    0.01    0.02    1.66 ^ _108340_/ZN (NOR2_X2)
                                         _026333_ (net)
                  0.01    0.00    1.66 ^ _108341_/A (INV_X1)
     3    5.01    0.01    0.01    1.67 v _108341_/ZN (INV_X1)
                                         _026334_ (net)
                  0.01    0.00    1.67 v _108350_/A1 (NOR2_X2)
     1    3.25    0.02    0.02    1.70 ^ _108350_/ZN (NOR2_X2)
                                         _026343_ (net)
                  0.02    0.00    1.70 ^ _108351_/A (INV_X2)
     3    5.01    0.01    0.01    1.71 v _108351_/ZN (INV_X2)
                                         _026344_ (net)
                  0.01    0.00    1.71 v _108353_/A1 (NOR2_X2)
     1    3.25    0.02    0.02    1.73 ^ _108353_/ZN (NOR2_X2)
                                         _026346_ (net)
                  0.02    0.00    1.73 ^ _108354_/A (INV_X2)
     3    5.71    0.01    0.01    1.74 v _108354_/ZN (INV_X2)
                                         _026347_ (net)
                  0.01    0.00    1.74 v _108356_/A1 (NOR2_X2)
     1    3.25    0.02    0.02    1.76 ^ _108356_/ZN (NOR2_X2)
                                         _026349_ (net)
                  0.02    0.00    1.76 ^ _108357_/A (INV_X2)
     3    5.71    0.01    0.01    1.77 v _108357_/ZN (INV_X2)
                                         _026350_ (net)
                  0.01    0.00    1.77 v _108367_/A1 (NOR2_X2)
     1    3.25    0.02    0.02    1.79 ^ _108367_/ZN (NOR2_X2)
                                         _026359_ (net)
                  0.02    0.00    1.79 ^ _108368_/A (INV_X2)
     3    3.73    0.01    0.01    1.80 v _108368_/ZN (INV_X2)
                                         _026360_ (net)
                  0.01    0.00    1.80 v _108373_/A1 (NOR2_X1)
     1    1.70    0.02    0.02    1.82 ^ _108373_/ZN (NOR2_X1)
                                         _026364_ (net)
                  0.02    0.00    1.82 ^ _108374_/A (INV_X1)
     2    4.23    0.01    0.01    1.84 v _108374_/ZN (INV_X1)
                                         _026365_ (net)
                  0.01    0.00    1.84 v _108380_/A1 (NOR2_X2)
     1    3.25    0.02    0.02    1.86 ^ _108380_/ZN (NOR2_X2)
                                         _026370_ (net)
                  0.02    0.00    1.86 ^ _108381_/A (INV_X2)
     3    5.01    0.01    0.01    1.87 v _108381_/ZN (INV_X2)
                                         _026371_ (net)
                  0.01    0.00    1.87 v _108389_/A1 (NOR2_X2)
     3    6.43    0.02    0.03    1.90 ^ _108389_/ZN (NOR2_X2)
                                         _026378_ (net)
                  0.02    0.00    1.90 ^ _108397_/A1 (NAND2_X2)
     2    4.51    0.01    0.02    1.92 v _108397_/ZN (NAND2_X2)
                                         _026385_ (net)
                  0.01    0.00    1.92 v _108398_/A (INV_X2)
     2    3.31    0.01    0.01    1.93 ^ _108398_/ZN (INV_X2)
                                         _026386_ (net)
                  0.01    0.00    1.93 ^ _108399_/B1 (OAI21_X1)
     1    1.57    0.01    0.01    1.94 v _108399_/ZN (OAI21_X1)
                                         _026387_ (net)
                  0.01    0.00    1.94 v _108401_/A1 (AND3_X2)
     1    1.06    0.01    0.03    1.97 v _108401_/ZN (AND3_X2)
                                         _004133_ (net)
                  0.01    0.00    1.97 v u_pcu.u_raw_pcu.g_pe[0].u_pe.s0_act_q[1][15]$_SDFF_PN0_/D (DFF_X1)
                                  1.97   data arrival time

                  0.00    2.00    2.00   clock core_clock (rise edge)
                          0.00    2.00   clock network delay (ideal)
                          0.00    2.00   clock reconvergence pessimism
                                  2.00 ^ u_pcu.u_raw_pcu.g_pe[0].u_pe.s0_act_q[1][15]$_SDFF_PN0_/CK (DFF_X1)
                         -0.04    1.96   library setup time
                                  1.96   data required time
-----------------------------------------------------------------------------
                                  1.96   data required time
                                 -1.97   data arrival time
-----------------------------------------------------------------------------
                                 -0.01   slack (VIOLATED)



==========================================================================
Post synthesis report_checks -unconstrained
--------------------------------------------------------------------------
Startpoint: i_act[24] (input port clocked by core_clock)
Endpoint: u_pcu.u_raw_pcu.g_pe[0].u_pe.s0_act_q[1][15]$_SDFF_PN0_
          (rising edge-triggered flip-flop clocked by core_clock)
Path Group: core_clock
Path Type: max

Fanout     Cap    Slew   Delay    Time   Description
-----------------------------------------------------------------------------
                  0.00    0.00    0.00   clock core_clock (rise edge)
                          0.00    0.00   clock network delay (ideal)
                          0.40    0.40 ^ input external delay
     1    3.40    0.00    0.00    0.40 ^ i_act[24] (in)
                                         i_act[24] (net)
                  0.00    0.00    0.40 ^ _107991_/A (BUF_X4)
     4   14.10    0.01    0.02    0.42 ^ _107991_/Z (BUF_X4)
                                         _025985_ (net)
                  0.01    0.00    0.42 ^ _107992_/A1 (NAND2_X2)
     4    7.15    0.01    0.02    0.44 v _107992_/ZN (NAND2_X2)
                                         _025986_ (net)
                  0.01    0.00    0.44 v _107994_/A1 (NOR2_X2)
     2    5.48    0.02    0.03    0.47 ^ _107994_/ZN (NOR2_X2)
                                         _025988_ (net)
                  0.02    0.00    0.47 ^ _107995_/A (INV_X2)
     1    2.70    0.01    0.01    0.48 v _107995_/ZN (INV_X2)
                                         _025989_ (net)
                  0.01    0.00    0.48 v _107998_/A1 (NOR2_X2)
     2    3.30    0.02    0.02    0.50 ^ _107998_/ZN (NOR2_X2)
                                         _025992_ (net)
                  0.02    0.00    0.50 ^ _107999_/A1 (NAND2_X1)
     3   10.94    0.02    0.03    0.53 v _107999_/ZN (NAND2_X1)
                                         _025993_ (net)
                  0.02    0.00    0.53 v _108016_/A (XNOR2_X1)
     3    6.04    0.02    0.05    0.59 v _108016_/ZN (XNOR2_X1)
                                         _026010_ (net)
                  0.02    0.00    0.59 v _108022_/A2 (NOR4_X2)
     1    3.05    0.04    0.07    0.65 ^ _108022_/ZN (NOR4_X2)
                                         _026016_ (net)
                  0.04    0.00    0.65 ^ _108025_/A1 (NAND2_X2)
     4    5.41    0.02    0.02    0.67 v _108025_/ZN (NAND2_X2)
                                         _026019_ (net)
                  0.02    0.00    0.67 v _108029_/A1 (OR2_X1)
     2    2.40    0.01    0.05    0.72 v _108029_/ZN (OR2_X1)
                                         _026023_ (net)
                  0.01    0.00    0.72 v _108075_/A1 (AND2_X1)
     2    2.32    0.01    0.03    0.75 v _108075_/ZN (AND2_X1)
                                         _026069_ (net)
                  0.01    0.00    0.75 v _108078_/A1 (OR2_X1)
     2    4.67    0.01    0.05    0.80 v _108078_/ZN (OR2_X1)
                                         _026072_ (net)
                  0.01    0.00    0.80 v _108079_/A2 (NAND2_X2)
     2    5.33    0.01    0.02    0.83 ^ _108079_/ZN (NAND2_X2)
                                         _026073_ (net)
                  0.01    0.00    0.83 ^ _108082_/B1 (OAI21_X2)
     2    5.05    0.01    0.02    0.84 v _108082_/ZN (OAI21_X2)
                                         _026076_ (net)
                  0.01    0.00    0.84 v _108087_/A1 (NAND2_X2)
     1    5.95    0.01    0.02    0.86 ^ _108087_/ZN (NAND2_X2)
                                         _026081_ (net)
                  0.01    0.00    0.86 ^ _108088_/A1 (NAND2_X4)
     3    8.86    0.01    0.01    0.88 v _108088_/ZN (NAND2_X4)
                                         _026082_ (net)
                  0.01    0.00    0.88 v _108095_/A1 (NAND2_X2)
     7   11.70    0.02    0.02    0.90 ^ _108095_/ZN (NAND2_X2)
                                         _026089_ (net)
                  0.02    0.00    0.90 ^ _108096_/A (INV_X1)
     4    9.38    0.01    0.02    0.92 v _108096_/ZN (INV_X1)
                                         _026090_ (net)
                  0.01    0.00    0.92 v _108097_/A2 (NOR2_X1)
     3    5.02    0.03    0.05    0.97 ^ _108097_/ZN (NOR2_X1)
                                         _026091_ (net)
                  0.03    0.00    0.97 ^ _108098_/A (INV_X1)
     2    4.26    0.01    0.02    0.98 v _108098_/ZN (INV_X1)
                                         _026092_ (net)
                  0.01    0.00    0.98 v _108104_/A1 (NOR2_X2)
     6   16.40    0.05    0.06    1.04 ^ _108104_/ZN (NOR2_X2)
                                         _026098_ (net)
                  0.05    0.00    1.04 ^ _108114_/A1 (NAND2_X2)
     2    3.09    0.01    0.02    1.06 v _108114_/ZN (NAND2_X2)
                                         _026108_ (net)
                  0.01    0.00    1.06 v _108123_/A1 (NAND2_X1)
     1    2.92    0.01    0.02    1.08 ^ _108123_/ZN (NAND2_X1)
                                         _026117_ (net)
                  0.01    0.00    1.08 ^ _108132_/A1 (NAND4_X2)
     1    2.60    0.02    0.02    1.10 v _108132_/ZN (NAND4_X2)
                                         _026126_ (net)
                  0.02    0.00    1.10 v _108150_/A1 (NOR4_X2)
     4    7.83    0.06    0.07    1.18 ^ _108150_/ZN (NOR4_X2)
                                         _026144_ (net)
                  0.06    0.00    1.18 ^ _108162_/A1 (NAND2_X1)
     1    2.94    0.02    0.02    1.20 v _108162_/ZN (NAND2_X1)
                                         _026156_ (net)
                  0.02    0.00    1.20 v _108163_/A (INV_X2)
     5    9.44    0.01    0.03    1.23 ^ _108163_/ZN (INV_X2)
                                         _026157_ (net)
                  0.01    0.00    1.23 ^ _108164_/A1 (NAND4_X1)
     2    2.92    0.02    0.03    1.26 v _108164_/ZN (NAND4_X1)
                                         _026158_ (net)
                  0.02    0.00    1.26 v _108165_/A2 (NAND2_X1)
     1    3.29    0.01    0.03    1.28 ^ _108165_/ZN (NAND2_X1)
                                         _026159_ (net)
                  0.01    0.00    1.28 ^ _108171_/A1 (NOR2_X2)
     2    3.06    0.01    0.01    1.29 v _108171_/ZN (NOR2_X2)
                                         _026165_ (net)
                  0.01    0.00    1.29 v _108175_/A1 (NAND2_X1)
     1    1.70    0.01    0.01    1.30 ^ _108175_/ZN (NAND2_X1)
                                         _026169_ (net)
                  0.01    0.00    1.30 ^ _108176_/A (INV_X1)
     2    2.40    0.00    0.01    1.31 v _108176_/ZN (INV_X1)
                                         _026170_ (net)
                  0.00    0.00    1.31 v _108178_/A1 (AND2_X1)
     2    4.46    0.01    0.03    1.34 v _108178_/ZN (AND2_X1)
                                         _026172_ (net)
                  0.01    0.00    1.34 v _108182_/A1 (NAND2_X2)
     2    4.84    0.01    0.02    1.36 ^ _108182_/ZN (NAND2_X2)
                                         _026176_ (net)
                  0.01    0.00    1.36 ^ _108183_/A (AOI21_X2)
     2    3.06    0.01    0.01    1.37 v _108183_/ZN (AOI21_X2)
                                         _026177_ (net)
                  0.01    0.00    1.37 v _108185_/A1 (NAND2_X1)
     1    1.70    0.01    0.02    1.39 ^ _108185_/ZN (NAND2_X1)
                                         _026179_ (net)
                  0.01    0.00    1.39 ^ _108186_/A (INV_X1)
     2    4.17    0.01    0.01    1.40 v _108186_/ZN (INV_X1)
                                         _026180_ (net)
                  0.01    0.00    1.40 v _108236_/B1 (AOI21_X1)
     1    1.52    0.02    0.02    1.43 ^ _108236_/ZN (AOI21_X1)
                                         _026230_ (net)
                  0.02    0.00    1.43 ^ _108244_/A1 (NAND4_X1)
     1    0.87    0.01    0.02    1.45 v _108244_/ZN (NAND4_X1)
                                         _026238_ (net)
                  0.01    0.00    1.45 v _108245_/A1 (AND2_X1)
     1    2.70    0.01    0.03    1.48 v _108245_/ZN (AND2_X1)
                                         _026239_ (net)
                  0.01    0.00    1.48 v _108246_/B1 (OAI21_X2)
     3    4.95    0.02    0.03    1.51 ^ _108246_/ZN (OAI21_X2)
                                         _026240_ (net)
                  0.02    0.00    1.51 ^ _108276_/A1 (NAND2_X2)
     3    5.83    0.01    0.02    1.53 v _108276_/ZN (NAND2_X2)
                                         _026269_ (net)
                  0.01    0.00    1.53 v _108299_/A1 (OR2_X4)
     3    5.71    0.01    0.04    1.57 v _108299_/ZN (OR2_X4)
                                         _026292_ (net)
                  0.01    0.00    1.57 v _108313_/A1 (NOR2_X2)
     1    3.25    0.02    0.02    1.60 ^ _108313_/ZN (NOR2_X2)
                                         _026306_ (net)
                  0.02    0.00    1.60 ^ _108314_/A (INV_X2)
     2    4.23    0.01    0.01    1.61 v _108314_/ZN (INV_X2)
                                         _026307_ (net)
                  0.01    0.00    1.61 v _108329_/A1 (NOR2_X2)
     2    4.91    0.02    0.03    1.63 ^ _108329_/ZN (NOR2_X2)
                                         _026322_ (net)
                  0.02    0.00    1.63 ^ _108330_/A (INV_X2)
     2    4.26    0.01    0.01    1.64 v _108330_/ZN (INV_X2)
                                         _026323_ (net)
                  0.01    0.00    1.64 v _108340_/A1 (NOR2_X2)
     1    1.70    0.01    0.02    1.66 ^ _108340_/ZN (NOR2_X2)
                                         _026333_ (net)
                  0.01    0.00    1.66 ^ _108341_/A (INV_X1)
     3    5.01    0.01    0.01    1.67 v _108341_/ZN (INV_X1)
                                         _026334_ (net)
                  0.01    0.00    1.67 v _108350_/A1 (NOR2_X2)
     1    3.25    0.02    0.02    1.70 ^ _108350_/ZN (NOR2_X2)
                                         _026343_ (net)
                  0.02    0.00    1.70 ^ _108351_/A (INV_X2)
     3    5.01    0.01    0.01    1.71 v _108351_/ZN (INV_X2)
                                         _026344_ (net)
                  0.01    0.00    1.71 v _108353_/A1 (NOR2_X2)
     1    3.25    0.02    0.02    1.73 ^ _108353_/ZN (NOR2_X2)
                                         _026346_ (net)
                  0.02    0.00    1.73 ^ _108354_/A (INV_X2)
     3    5.71    0.01    0.01    1.74 v _108354_/ZN (INV_X2)
                                         _026347_ (net)
                  0.01    0.00    1.74 v _108356_/A1 (NOR2_X2)
     1    3.25    0.02    0.02    1.76 ^ _108356_/ZN (NOR2_X2)
                                         _026349_ (net)
                  0.02    0.00    1.76 ^ _108357_/A (INV_X2)
     3    5.71    0.01    0.01    1.77 v _108357_/ZN (INV_X2)
                                         _026350_ (net)
                  0.01    0.00    1.77 v _108367_/A1 (NOR2_X2)
     1    3.25    0.02    0.02    1.79 ^ _108367_/ZN (NOR2_X2)
                                         _026359_ (net)
                  0.02    0.00    1.79 ^ _108368_/A (INV_X2)
     3    3.73    0.01    0.01    1.80 v _108368_/ZN (INV_X2)
                                         _026360_ (net)
                  0.01    0.00    1.80 v _108373_/A1 (NOR2_X1)
     1    1.70    0.02    0.02    1.82 ^ _108373_/ZN (NOR2_X1)
                                         _026364_ (net)
                  0.02    0.00    1.82 ^ _108374_/A (INV_X1)
     2    4.23    0.01    0.01    1.84 v _108374_/ZN (INV_X1)
                                         _026365_ (net)
                  0.01    0.00    1.84 v _108380_/A1 (NOR2_X2)
     1    3.25    0.02    0.02    1.86 ^ _108380_/ZN (NOR2_X2)
                                         _026370_ (net)
                  0.02    0.00    1.86 ^ _108381_/A (INV_X2)
     3    5.01    0.01    0.01    1.87 v _108381_/ZN (INV_X2)
                                         _026371_ (net)
                  0.01    0.00    1.87 v _108389_/A1 (NOR2_X2)
     3    6.43    0.02    0.03    1.90 ^ _108389_/ZN (NOR2_X2)
                                         _026378_ (net)
                  0.02    0.00    1.90 ^ _108397_/A1 (NAND2_X2)
     2    4.51    0.01    0.02    1.92 v _108397_/ZN (NAND2_X2)
                                         _026385_ (net)
                  0.01    0.00    1.92 v _108398_/A (INV_X2)
     2    3.31    0.01    0.01    1.93 ^ _108398_/ZN (INV_X2)
                                         _026386_ (net)
                  0.01    0.00    1.93 ^ _108399_/B1 (OAI21_X1)
     1    1.57    0.01    0.01    1.94 v _108399_/ZN (OAI21_X1)
                                         _026387_ (net)
                  0.01    0.00    1.94 v _108401_/A1 (AND3_X2)
     1    1.06    0.01    0.03    1.97 v _108401_/ZN (AND3_X2)
                                         _004133_ (net)
                  0.01    0.00    1.97 v u_pcu.u_raw_pcu.g_pe[0].u_pe.s0_act_q[1][15]$_SDFF_PN0_/D (DFF_X1)
                                  1.97   data arrival time

                  0.00    2.00    2.00   clock core_clock (rise edge)
                          0.00    2.00   clock network delay (ideal)
                          0.00    2.00   clock reconvergence pessimism
                                  2.00 ^ u_pcu.u_raw_pcu.g_pe[0].u_pe.s0_act_q[1][15]$_SDFF_PN0_/CK (DFF_X1)
                         -0.04    1.96   library setup time
                                  1.96   data required time
-----------------------------------------------------------------------------
                                  1.96   data required time
                                 -1.97   data arrival time
-----------------------------------------------------------------------------
                                 -0.01   slack (VIOLATED)



==========================================================================
Post synthesis report_power
--------------------------------------------------------------------------
Group                  Internal  Switching    Leakage      Total
                          Power      Power      Power      Power (Watts)
----------------------------------------------------------------
Sequential             2.57e-02   1.16e-03   4.87e-04   2.74e-02  37.4%
Combinational          2.15e-02   2.24e-02   1.87e-03   4.58e-02  62.6%
Clock                  0.00e+00   0.00e+00   0.00e+00   0.00e+00   0.0%
Macro                  0.00e+00   0.00e+00   0.00e+00   0.00e+00   0.0%
Pad                    0.00e+00   0.00e+00   0.00e+00   0.00e+00   0.0%
----------------------------------------------------------------
Total                  4.73e-02   2.35e-02   2.36e-03   7.32e-02 100.0%
                          64.6%      32.2%       3.2%
