
==========================================================================
Post synthesis report_tns
--------------------------------------------------------------------------
tns 0.00

==========================================================================
Post synthesis report_wns
--------------------------------------------------------------------------
wns 0.00

==========================================================================
Post synthesis report_worst_slack
--------------------------------------------------------------------------
worst slack 0.67

==========================================================================
Post synthesis report_checks -path_delay min
--------------------------------------------------------------------------
Startpoint: u_pcu.g_pe[0].u_pe.s1_product_q[3][21]$_SDFF_PN0_
            (rising edge-triggered flip-flop clocked by core_clock)
Endpoint: u_pcu.g_pe[0].u_pe.s2_sum_q[26]$_SDFF_PN0_
          (rising edge-triggered flip-flop clocked by core_clock)
Path Group: core_clock
Path Type: min

Fanout     Cap    Slew   Delay    Time   Description
-----------------------------------------------------------------------------
                  0.00    0.00    0.00   clock core_clock (rise edge)
                          0.00    0.00   clock network delay (ideal)
                  0.00    0.00    0.00 ^ u_pcu.g_pe[0].u_pe.s1_product_q[3][21]$_SDFF_PN0_/CK (DFF_X1)
     3    4.92    0.02    0.07    0.07 ^ u_pcu.g_pe[0].u_pe.s1_product_q[3][21]$_SDFF_PN0_/QN (DFF_X1)
                                         _000032_ (net)
                  0.02    0.00    0.07 ^ _068520_/B1 (AOI21_X1)
     1    1.06    0.01    0.01    0.09 v _068520_/ZN (AOI21_X1)
                                         _000280_ (net)
                  0.01    0.00    0.09 v u_pcu.g_pe[0].u_pe.s2_sum_q[26]$_SDFF_PN0_/D (DFF_X1)
                                  0.09   data arrival time

                  0.00    0.00    0.00   clock core_clock (rise edge)
                          0.00    0.00   clock network delay (ideal)
                          0.00    0.00   clock reconvergence pessimism
                                  0.00 ^ u_pcu.g_pe[0].u_pe.s2_sum_q[26]$_SDFF_PN0_/CK (DFF_X1)
                          0.00    0.00   library hold time
                                  0.00   data required time
-----------------------------------------------------------------------------
                                  0.00   data required time
                                 -0.09   data arrival time
-----------------------------------------------------------------------------
                                  0.08   slack (MET)



==========================================================================
Post synthesis report_checks -path_delay max
--------------------------------------------------------------------------
Startpoint: i_act[40] (input port clocked by core_clock)
Endpoint: u_pcu.g_pe[0].u_pe.s0_act_q[2][9]$_SDFF_PN0_
          (rising edge-triggered flip-flop clocked by core_clock)
Path Group: core_clock
Path Type: max

Fanout     Cap    Slew   Delay    Time   Description
-----------------------------------------------------------------------------
                  0.00    0.00    0.00   clock core_clock (rise edge)
                          0.00    0.00   clock network delay (ideal)
                          0.40    0.40 ^ input external delay
     1    1.78    0.00    0.00    0.40 ^ i_act[40] (in)
                                         i_act[40] (net)
                  0.00    0.00    0.40 ^ _063967_/A (BUF_X2)
     6   15.34    0.02    0.03    0.43 ^ _063967_/Z (BUF_X2)
                                         _057261_ (net)
                  0.02    0.00    0.43 ^ _063968_/A1 (NAND2_X2)
     2    7.05    0.01    0.02    0.45 v _063968_/ZN (NAND2_X2)
                                         _057262_ (net)
                  0.01    0.00    0.45 v _063971_/B1 (OAI21_X1)
     1    1.60    0.02    0.03    0.48 ^ _063971_/ZN (OAI21_X1)
                                         _057265_ (net)
                  0.02    0.00    0.48 ^ _063975_/A1 (NAND2_X1)
     1    5.59    0.01    0.02    0.50 v _063975_/ZN (NAND2_X1)
                                         _057269_ (net)
                  0.01    0.00    0.50 v _063983_/A1 (NOR2_X4)
     4   12.46    0.02    0.03    0.54 ^ _063983_/ZN (NOR2_X4)
                                         _057277_ (net)
                  0.02    0.00    0.54 ^ _063990_/A1 (NAND2_X4)
     4    6.11    0.01    0.02    0.55 v _063990_/ZN (NAND2_X4)
                                         _057284_ (net)
                  0.01    0.00    0.55 v _063991_/A (INV_X1)
     1    5.95    0.02    0.02    0.58 ^ _063991_/ZN (INV_X1)
                                         _057285_ (net)
                  0.02    0.00    0.58 ^ _064006_/A1 (NAND2_X4)
     5   21.17    0.01    0.02    0.60 v _064006_/ZN (NAND2_X4)
                                         _057300_ (net)
                  0.01    0.00    0.60 v _064020_/A2 (NAND2_X2)
     1    3.05    0.01    0.02    0.62 ^ _064020_/ZN (NAND2_X2)
                                         _057314_ (net)
                  0.01    0.00    0.62 ^ _064021_/A1 (NAND2_X2)
     2    4.46    0.01    0.01    0.63 v _064021_/ZN (NAND2_X2)
                                         _057315_ (net)
                  0.01    0.00    0.63 v _064025_/A1 (NAND2_X1)
     1    3.05    0.01    0.02    0.65 ^ _064025_/ZN (NAND2_X1)
                                         _057319_ (net)
                  0.01    0.00    0.65 ^ _064027_/A1 (NAND2_X2)
     2    7.19    0.01    0.02    0.67 v _064027_/ZN (NAND2_X2)
                                         _057321_ (net)
                  0.01    0.00    0.67 v _064028_/B2 (AOI21_X4)
     2    8.93    0.02    0.03    0.70 ^ _064028_/ZN (AOI21_X4)
                                         _057322_ (net)
                  0.02    0.00    0.70 ^ _064075_/A1 (NAND2_X4)
     1    5.70    0.01    0.02    0.72 v _064075_/ZN (NAND2_X4)
                                         _057369_ (net)
                  0.01    0.00    0.72 v _064076_/A1 (NAND2_X4)
     1    5.95    0.01    0.01    0.73 ^ _064076_/ZN (NAND2_X4)
                                         _057370_ (net)
                  0.01    0.00    0.73 ^ _064077_/A1 (NAND2_X4)
     3   10.27    0.01    0.01    0.75 v _064077_/ZN (NAND2_X4)
                                         _057371_ (net)
                  0.01    0.00    0.75 v _064078_/A (BUF_X8)
    10   23.41    0.01    0.03    0.77 v _064078_/Z (BUF_X8)
                                         _057372_ (net)
                  0.01    0.00    0.77 v _064232_/A (OAI21_X1)
     2    3.88    0.03    0.02    0.80 ^ _064232_/ZN (OAI21_X1)
                                         _002957_ (net)
                  0.03    0.00    0.80 ^ _064257_/A1 (NAND3_X2)
     2    5.70    0.02    0.03    0.82 v _064257_/ZN (NAND3_X2)
                                         _002982_ (net)
                  0.02    0.00    0.82 v _064258_/A (BUF_X4)
    10   20.08    0.01    0.03    0.86 v _064258_/Z (BUF_X4)
                                         _002983_ (net)
                  0.01    0.00    0.86 v _064348_/B1 (OAI21_X1)
     1    1.66    0.02    0.03    0.89 ^ _064348_/ZN (OAI21_X1)
                                         _003072_ (net)
                  0.02    0.00    0.89 ^ _064349_/A2 (NAND2_X1)
     1    1.55    0.01    0.02    0.90 v _064349_/ZN (NAND2_X1)
                                         _003073_ (net)
                  0.01    0.00    0.90 v _064350_/A (INV_X1)
     2    3.20    0.01    0.02    0.92 ^ _064350_/ZN (INV_X1)
                                         _003074_ (net)
                  0.01    0.00    0.92 ^ _064393_/A1 (NAND2_X1)
     1    1.53    0.01    0.01    0.93 v _064393_/ZN (NAND2_X1)
                                         _003117_ (net)
                  0.01    0.00    0.93 v _064395_/A1 (NAND2_X1)
     2    3.20    0.01    0.02    0.95 ^ _064395_/ZN (NAND2_X1)
                                         _003119_ (net)
                  0.01    0.00    0.95 ^ _064396_/A1 (NAND2_X1)
     2    3.09    0.01    0.02    0.96 v _064396_/ZN (NAND2_X1)
                                         _003120_ (net)
                  0.01    0.00    0.96 v _064398_/A1 (NAND3_X1)
     1    3.05    0.01    0.02    0.99 ^ _064398_/ZN (NAND3_X1)
                                         _003122_ (net)
                  0.01    0.00    0.99 ^ _064406_/A1 (NAND2_X2)
     3    7.65    0.01    0.02    1.01 v _064406_/ZN (NAND2_X2)
                                         _003130_ (net)
                  0.01    0.00    1.01 v _064424_/A (INV_X2)
     3    6.53    0.01    0.02    1.02 ^ _064424_/ZN (INV_X2)
                                         _003148_ (net)
                  0.01    0.00    1.02 ^ _064451_/A1 (NAND2_X1)
     1    3.32    0.01    0.02    1.04 v _064451_/ZN (NAND2_X1)
                                         _003175_ (net)
                  0.01    0.00    1.04 v _064452_/A3 (NOR3_X2)
     2    3.29    0.03    0.05    1.09 ^ _064452_/ZN (NOR3_X2)
                                         _003176_ (net)
                  0.03    0.00    1.09 ^ _064456_/A2 (NAND3_X1)
     1    3.10    0.02    0.03    1.12 v _064456_/ZN (NAND3_X1)
                                         _003180_ (net)
                  0.02    0.00    1.12 v _064457_/A2 (NAND3_X2)
     3    8.60    0.02    0.03    1.15 ^ _064457_/ZN (NAND3_X2)
                                         _003181_ (net)
                  0.02    0.00    1.15 ^ _064458_/A2 (NAND2_X2)
     2    5.88    0.01    0.02    1.17 v _064458_/ZN (NAND2_X2)
                                         _003182_ (net)
                  0.01    0.00    1.17 v _064496_/A2 (NOR2_X2)
     2    5.07    0.02    0.03    1.20 ^ _064496_/ZN (NOR2_X2)
                                         _003218_ (net)
                  0.02    0.00    1.20 ^ _064572_/A2 (NAND2_X2)
     1    2.94    0.01    0.02    1.21 v _064572_/ZN (NAND2_X2)
                                         _003282_ (net)
                  0.01    0.00    1.21 v _064573_/A (INV_X2)
     2    4.89    0.01    0.01    1.23 ^ _064573_/ZN (INV_X2)
                                         _003283_ (net)
                  0.01    0.00    1.23 ^ _064579_/A1 (NAND2_X1)
     2    3.01    0.01    0.02    1.24 v _064579_/ZN (NAND2_X1)
                                         _003288_ (net)
                  0.01    0.00    1.24 v _064582_/B1 (AOI21_X1)
     1    3.35    0.03    0.03    1.28 ^ _064582_/ZN (AOI21_X1)
                                         _003291_ (net)
                  0.03    0.00    1.28 ^ _064583_/A2 (NOR2_X2)
     1    1.06    0.01    0.01    1.29 v _064583_/ZN (NOR2_X2)
                                         _000114_ (net)
                  0.01    0.00    1.29 v u_pcu.g_pe[0].u_pe.s0_act_q[2][9]$_SDFF_PN0_/D (DFF_X1)
                                  1.29   data arrival time

                  0.00    2.00    2.00   clock core_clock (rise edge)
                          0.00    2.00   clock network delay (ideal)
                          0.00    2.00   clock reconvergence pessimism
                                  2.00 ^ u_pcu.g_pe[0].u_pe.s0_act_q[2][9]$_SDFF_PN0_/CK (DFF_X1)
                         -0.04    1.96   library setup time
                                  1.96   data required time
-----------------------------------------------------------------------------
                                  1.96   data required time
                                 -1.29   data arrival time
-----------------------------------------------------------------------------
                                  0.67   slack (MET)



==========================================================================
Post synthesis report_checks -unconstrained
--------------------------------------------------------------------------
Startpoint: i_act[40] (input port clocked by core_clock)
Endpoint: u_pcu.g_pe[0].u_pe.s0_act_q[2][9]$_SDFF_PN0_
          (rising edge-triggered flip-flop clocked by core_clock)
Path Group: core_clock
Path Type: max

Fanout     Cap    Slew   Delay    Time   Description
-----------------------------------------------------------------------------
                  0.00    0.00    0.00   clock core_clock (rise edge)
                          0.00    0.00   clock network delay (ideal)
                          0.40    0.40 ^ input external delay
     1    1.78    0.00    0.00    0.40 ^ i_act[40] (in)
                                         i_act[40] (net)
                  0.00    0.00    0.40 ^ _063967_/A (BUF_X2)
     6   15.34    0.02    0.03    0.43 ^ _063967_/Z (BUF_X2)
                                         _057261_ (net)
                  0.02    0.00    0.43 ^ _063968_/A1 (NAND2_X2)
     2    7.05    0.01    0.02    0.45 v _063968_/ZN (NAND2_X2)
                                         _057262_ (net)
                  0.01    0.00    0.45 v _063971_/B1 (OAI21_X1)
     1    1.60    0.02    0.03    0.48 ^ _063971_/ZN (OAI21_X1)
                                         _057265_ (net)
                  0.02    0.00    0.48 ^ _063975_/A1 (NAND2_X1)
     1    5.59    0.01    0.02    0.50 v _063975_/ZN (NAND2_X1)
                                         _057269_ (net)
                  0.01    0.00    0.50 v _063983_/A1 (NOR2_X4)
     4   12.46    0.02    0.03    0.54 ^ _063983_/ZN (NOR2_X4)
                                         _057277_ (net)
                  0.02    0.00    0.54 ^ _063990_/A1 (NAND2_X4)
     4    6.11    0.01    0.02    0.55 v _063990_/ZN (NAND2_X4)
                                         _057284_ (net)
                  0.01    0.00    0.55 v _063991_/A (INV_X1)
     1    5.95    0.02    0.02    0.58 ^ _063991_/ZN (INV_X1)
                                         _057285_ (net)
                  0.02    0.00    0.58 ^ _064006_/A1 (NAND2_X4)
     5   21.17    0.01    0.02    0.60 v _064006_/ZN (NAND2_X4)
                                         _057300_ (net)
                  0.01    0.00    0.60 v _064020_/A2 (NAND2_X2)
     1    3.05    0.01    0.02    0.62 ^ _064020_/ZN (NAND2_X2)
                                         _057314_ (net)
                  0.01    0.00    0.62 ^ _064021_/A1 (NAND2_X2)
     2    4.46    0.01    0.01    0.63 v _064021_/ZN (NAND2_X2)
                                         _057315_ (net)
                  0.01    0.00    0.63 v _064025_/A1 (NAND2_X1)
     1    3.05    0.01    0.02    0.65 ^ _064025_/ZN (NAND2_X1)
                                         _057319_ (net)
                  0.01    0.00    0.65 ^ _064027_/A1 (NAND2_X2)
     2    7.19    0.01    0.02    0.67 v _064027_/ZN (NAND2_X2)
                                         _057321_ (net)
                  0.01    0.00    0.67 v _064028_/B2 (AOI21_X4)
     2    8.93    0.02    0.03    0.70 ^ _064028_/ZN (AOI21_X4)
                                         _057322_ (net)
                  0.02    0.00    0.70 ^ _064075_/A1 (NAND2_X4)
     1    5.70    0.01    0.02    0.72 v _064075_/ZN (NAND2_X4)
                                         _057369_ (net)
                  0.01    0.00    0.72 v _064076_/A1 (NAND2_X4)
     1    5.95    0.01    0.01    0.73 ^ _064076_/ZN (NAND2_X4)
                                         _057370_ (net)
                  0.01    0.00    0.73 ^ _064077_/A1 (NAND2_X4)
     3   10.27    0.01    0.01    0.75 v _064077_/ZN (NAND2_X4)
                                         _057371_ (net)
                  0.01    0.00    0.75 v _064078_/A (BUF_X8)
    10   23.41    0.01    0.03    0.77 v _064078_/Z (BUF_X8)
                                         _057372_ (net)
                  0.01    0.00    0.77 v _064232_/A (OAI21_X1)
     2    3.88    0.03    0.02    0.80 ^ _064232_/ZN (OAI21_X1)
                                         _002957_ (net)
                  0.03    0.00    0.80 ^ _064257_/A1 (NAND3_X2)
     2    5.70    0.02    0.03    0.82 v _064257_/ZN (NAND3_X2)
                                         _002982_ (net)
                  0.02    0.00    0.82 v _064258_/A (BUF_X4)
    10   20.08    0.01    0.03    0.86 v _064258_/Z (BUF_X4)
                                         _002983_ (net)
                  0.01    0.00    0.86 v _064348_/B1 (OAI21_X1)
     1    1.66    0.02    0.03    0.89 ^ _064348_/ZN (OAI21_X1)
                                         _003072_ (net)
                  0.02    0.00    0.89 ^ _064349_/A2 (NAND2_X1)
     1    1.55    0.01    0.02    0.90 v _064349_/ZN (NAND2_X1)
                                         _003073_ (net)
                  0.01    0.00    0.90 v _064350_/A (INV_X1)
     2    3.20    0.01    0.02    0.92 ^ _064350_/ZN (INV_X1)
                                         _003074_ (net)
                  0.01    0.00    0.92 ^ _064393_/A1 (NAND2_X1)
     1    1.53    0.01    0.01    0.93 v _064393_/ZN (NAND2_X1)
                                         _003117_ (net)
                  0.01    0.00    0.93 v _064395_/A1 (NAND2_X1)
     2    3.20    0.01    0.02    0.95 ^ _064395_/ZN (NAND2_X1)
                                         _003119_ (net)
                  0.01    0.00    0.95 ^ _064396_/A1 (NAND2_X1)
     2    3.09    0.01    0.02    0.96 v _064396_/ZN (NAND2_X1)
                                         _003120_ (net)
                  0.01    0.00    0.96 v _064398_/A1 (NAND3_X1)
     1    3.05    0.01    0.02    0.99 ^ _064398_/ZN (NAND3_X1)
                                         _003122_ (net)
                  0.01    0.00    0.99 ^ _064406_/A1 (NAND2_X2)
     3    7.65    0.01    0.02    1.01 v _064406_/ZN (NAND2_X2)
                                         _003130_ (net)
                  0.01    0.00    1.01 v _064424_/A (INV_X2)
     3    6.53    0.01    0.02    1.02 ^ _064424_/ZN (INV_X2)
                                         _003148_ (net)
                  0.01    0.00    1.02 ^ _064451_/A1 (NAND2_X1)
     1    3.32    0.01    0.02    1.04 v _064451_/ZN (NAND2_X1)
                                         _003175_ (net)
                  0.01    0.00    1.04 v _064452_/A3 (NOR3_X2)
     2    3.29    0.03    0.05    1.09 ^ _064452_/ZN (NOR3_X2)
                                         _003176_ (net)
                  0.03    0.00    1.09 ^ _064456_/A2 (NAND3_X1)
     1    3.10    0.02    0.03    1.12 v _064456_/ZN (NAND3_X1)
                                         _003180_ (net)
                  0.02    0.00    1.12 v _064457_/A2 (NAND3_X2)
     3    8.60    0.02    0.03    1.15 ^ _064457_/ZN (NAND3_X2)
                                         _003181_ (net)
                  0.02    0.00    1.15 ^ _064458_/A2 (NAND2_X2)
     2    5.88    0.01    0.02    1.17 v _064458_/ZN (NAND2_X2)
                                         _003182_ (net)
                  0.01    0.00    1.17 v _064496_/A2 (NOR2_X2)
     2    5.07    0.02    0.03    1.20 ^ _064496_/ZN (NOR2_X2)
                                         _003218_ (net)
                  0.02    0.00    1.20 ^ _064572_/A2 (NAND2_X2)
     1    2.94    0.01    0.02    1.21 v _064572_/ZN (NAND2_X2)
                                         _003282_ (net)
                  0.01    0.00    1.21 v _064573_/A (INV_X2)
     2    4.89    0.01    0.01    1.23 ^ _064573_/ZN (INV_X2)
                                         _003283_ (net)
                  0.01    0.00    1.23 ^ _064579_/A1 (NAND2_X1)
     2    3.01    0.01    0.02    1.24 v _064579_/ZN (NAND2_X1)
                                         _003288_ (net)
                  0.01    0.00    1.24 v _064582_/B1 (AOI21_X1)
     1    3.35    0.03    0.03    1.28 ^ _064582_/ZN (AOI21_X1)
                                         _003291_ (net)
                  0.03    0.00    1.28 ^ _064583_/A2 (NOR2_X2)
     1    1.06    0.01    0.01    1.29 v _064583_/ZN (NOR2_X2)
                                         _000114_ (net)
                  0.01    0.00    1.29 v u_pcu.g_pe[0].u_pe.s0_act_q[2][9]$_SDFF_PN0_/D (DFF_X1)
                                  1.29   data arrival time

                  0.00    2.00    2.00   clock core_clock (rise edge)
                          0.00    2.00   clock network delay (ideal)
                          0.00    2.00   clock reconvergence pessimism
                                  2.00 ^ u_pcu.g_pe[0].u_pe.s0_act_q[2][9]$_SDFF_PN0_/CK (DFF_X1)
                         -0.04    1.96   library setup time
                                  1.96   data required time
-----------------------------------------------------------------------------
                                  1.96   data required time
                                 -1.29   data arrival time
-----------------------------------------------------------------------------
                                  0.67   slack (MET)



==========================================================================
Post synthesis report_power
--------------------------------------------------------------------------
Group                  Internal  Switching    Leakage      Total
                          Power      Power      Power      Power (Watts)
----------------------------------------------------------------
Sequential             1.31e-02   1.02e-03   2.17e-04   1.43e-02  25.6%
Combinational          1.95e-02   2.07e-02   1.38e-03   4.16e-02  74.4%
Clock                  0.00e+00   0.00e+00   0.00e+00   0.00e+00   0.0%
Macro                  0.00e+00   0.00e+00   0.00e+00   0.00e+00   0.0%
Pad                    0.00e+00   0.00e+00   0.00e+00   0.00e+00   0.0%
----------------------------------------------------------------
Total                  3.26e-02   2.17e-02   1.60e-03   5.59e-02 100.0%
                          58.4%      38.8%       2.9%
