
==========================================================================
Post synthesis report_tns
--------------------------------------------------------------------------
tns 0.00

==========================================================================
Post synthesis report_wns
--------------------------------------------------------------------------
wns 0.00

==========================================================================
Post synthesis report_worst_slack
--------------------------------------------------------------------------
worst slack 0.32

==========================================================================
Post synthesis report_checks -path_delay min
--------------------------------------------------------------------------
Startpoint: u_fp_acc_add.s1_direct_q$_SDFFE_PN0P_
            (rising edge-triggered flip-flop clocked by core_clock)
Endpoint: u_fp_acc_add.invalid_o$_SDFF_PN0_
          (rising edge-triggered flip-flop clocked by core_clock)
Path Group: core_clock
Path Type: min

Fanout     Cap    Slew   Delay    Time   Description
-----------------------------------------------------------------------------
                  0.00    0.00    0.00   clock core_clock (rise edge)
                          0.00    0.00   clock network delay (ideal)
                  0.00    0.00    0.00 ^ u_fp_acc_add.s1_direct_q$_SDFFE_PN0P_/CK (DFF_X1)
     2    3.33    0.01    0.07    0.07 ^ u_fp_acc_add.s1_direct_q$_SDFFE_PN0P_/QN (DFF_X1)
                                         _000133_ (net)
                  0.01    0.00    0.07 ^ _111858_/A2 (NOR3_X1)
     1    1.06    0.01    0.01    0.08 v _111858_/ZN (NOR3_X1)
                                         _005235_ (net)
                  0.01    0.00    0.08 v u_fp_acc_add.invalid_o$_SDFF_PN0_/D (DFF_X1)
                                  0.08   data arrival time

                  0.00    0.00    0.00   clock core_clock (rise edge)
                          0.00    0.00   clock network delay (ideal)
                          0.00    0.00   clock reconvergence pessimism
                                  0.00 ^ u_fp_acc_add.invalid_o$_SDFF_PN0_/CK (DFF_X1)
                          0.00    0.00   library hold time
                                  0.00   data required time
-----------------------------------------------------------------------------
                                  0.00   data required time
                                 -0.08   data arrival time
-----------------------------------------------------------------------------
                                  0.08   slack (MET)



==========================================================================
Post synthesis report_checks -path_delay max
--------------------------------------------------------------------------
Startpoint: issue_pe_q[0]$_SDFFE_PN0P_
            (rising edge-triggered flip-flop clocked by core_clock)
Endpoint: u_fixed_scale_mul.s0_exact_product_q[39]$_SDFFE_PN0P_
          (rising edge-triggered flip-flop clocked by core_clock)
Path Group: core_clock
Path Type: max

Fanout     Cap    Slew   Delay    Time   Description
-----------------------------------------------------------------------------
                  0.00    0.00    0.00   clock core_clock (rise edge)
                          0.00    0.00   clock network delay (ideal)
                  0.00    0.00    0.00 ^ issue_pe_q[0]$_SDFFE_PN0P_/CK (DFF_X1)
     1    6.59    0.02    0.10    0.10 ^ issue_pe_q[0]$_SDFFE_PN0P_/Q (DFF_X1)
                                         issue_pe_q[0] (net)
                  0.02    0.00    0.10 ^ _091652_/A (BUF_X8)
     6   51.08    0.02    0.04    0.13 ^ _091652_/Z (BUF_X8)
                                         _012222_ (net)
                  0.02    0.00    0.13 ^ _091653_/A (INV_X16)
     7   42.32    0.01    0.01    0.14 v _091653_/ZN (INV_X16)
                                         _012223_ (net)
                  0.01    0.00    0.14 v _091654_/A (BUF_X16)
    10   25.59    0.01    0.02    0.17 v _091654_/Z (BUF_X16)
                                         _012224_ (net)
                  0.01    0.00    0.17 v _091655_/A (BUF_X16)
    10   24.11    0.01    0.02    0.19 v _091655_/Z (BUF_X16)
                                         _012225_ (net)
                  0.01    0.00    0.19 v _091656_/A (BUF_X16)
    10   46.96    0.01    0.03    0.22 v _091656_/Z (BUF_X16)
                                         _012226_ (net)
                  0.01    0.00    0.22 v _091657_/A (BUF_X32)
    10   36.71    0.00    0.02    0.24 v _091657_/Z (BUF_X32)
                                         _012227_ (net)
                  0.00    0.00    0.24 v _091658_/A (BUF_X32)
    10   72.69    0.01    0.02    0.27 v _091658_/Z (BUF_X32)
                                         _012228_ (net)
                  0.01    0.00    0.27 v _106875_/A (BUF_X32)
    10   17.45    0.00    0.02    0.29 v _106875_/Z (BUF_X32)
                                         _025294_ (net)
                  0.00    0.00    0.29 v _106876_/A (BUF_X4)
    10   19.31    0.01    0.03    0.31 v _106876_/Z (BUF_X4)
                                         _025295_ (net)
                  0.01    0.00    0.31 v _107049_/A (OAI21_X1)
     1    1.58    0.02    0.02    0.33 ^ _107049_/ZN (OAI21_X1)
                                         _025468_ (net)
                  0.02    0.00    0.33 ^ _107052_/A2 (OAI22_X1)
     1    1.41    0.01    0.02    0.36 v _107052_/ZN (OAI22_X1)
                                         _025471_ (net)
                  0.01    0.00    0.36 v _107053_/A1 (NOR2_X1)
     1    1.62    0.02    0.02    0.38 ^ _107053_/ZN (NOR2_X1)
                                         _025472_ (net)
                  0.02    0.00    0.38 ^ _107054_/B2 (OAI22_X1)
     1    0.91    0.01    0.02    0.40 v _107054_/ZN (OAI22_X1)
                                         _025473_ (net)
                  0.01    0.00    0.40 v _107080_/A (MUX2_X1)
     4    7.70    0.02    0.07    0.47 v _107080_/Z (MUX2_X1)
                                         _025499_ (net)
                  0.02    0.00    0.47 v _107081_/A2 (NOR2_X2)
     1    6.91    0.02    0.04    0.51 ^ _107081_/ZN (NOR2_X2)
                                         _025500_ (net)
                  0.02    0.00    0.51 ^ _107153_/A2 (NAND3_X4)
    10   20.45    0.02    0.04    0.55 v _107153_/ZN (NAND3_X4)
                                         _025572_ (net)
                  0.02    0.00    0.55 v _107154_/A (INV_X4)
     4    8.43    0.01    0.02    0.57 ^ _107154_/ZN (INV_X4)
                                         _025573_ (net)
                  0.01    0.00    0.57 ^ _109025_/A1 (NOR2_X1)
     2    2.94    0.01    0.01    0.58 v _109025_/ZN (NOR2_X1)
                                         _027429_ (net)
                  0.01    0.00    0.58 v _109027_/A1 (OR2_X2)
     1    1.57    0.01    0.04    0.62 v _109027_/ZN (OR2_X2)
                                         _027431_ (net)
                  0.01    0.00    0.62 v _109029_/A1 (AND2_X2)
     2    3.66    0.01    0.03    0.64 v _109029_/ZN (AND2_X2)
                                         _027433_ (net)
                  0.01    0.00    0.64 v _109031_/A (XNOR2_X1)
     1    1.55    0.01    0.04    0.68 v _109031_/ZN (XNOR2_X1)
                                         _027435_ (net)
                  0.01    0.00    0.68 v _109032_/A (INV_X1)
     2    5.72    0.02    0.02    0.70 ^ _109032_/ZN (INV_X1)
                                         _027436_ (net)
                  0.02    0.00    0.70 ^ _109035_/A (XNOR2_X1)
     2    5.72    0.04    0.05    0.75 ^ _109035_/ZN (XNOR2_X1)
                                         _027439_ (net)
                  0.04    0.00    0.75 ^ _109144_/A1 (NOR2_X1)
     1    2.94    0.01    0.01    0.77 v _109144_/ZN (NOR2_X1)
                                         _027547_ (net)
                  0.01    0.00    0.77 v _109145_/A (AOI21_X2)
     2    3.95    0.02    0.04    0.81 ^ _109145_/ZN (AOI21_X2)
                                         _027548_ (net)
                  0.02    0.00    0.81 ^ _109162_/A (XNOR2_X1)
     2    6.49    0.04    0.05    0.86 ^ _109162_/ZN (XNOR2_X1)
                                         _027565_ (net)
                  0.04    0.00    0.86 ^ _109284_/A2 (NOR2_X1)
     1    1.41    0.01    0.01    0.88 v _109284_/ZN (NOR2_X1)
                                         _027686_ (net)
                  0.01    0.00    0.88 v _109286_/A1 (NOR2_X1)
     2    4.22    0.03    0.04    0.91 ^ _109286_/ZN (NOR2_X1)
                                         _027688_ (net)
                  0.03    0.00    0.91 ^ _109287_/B (XNOR2_X1)
     2    3.95    0.03    0.05    0.96 ^ _109287_/ZN (XNOR2_X1)
                                         _027689_ (net)
                  0.03    0.00    0.96 ^ _109347_/A (XNOR2_X1)
     2    3.95    0.03    0.05    1.01 ^ _109347_/ZN (XNOR2_X1)
                                         _027749_ (net)
                  0.03    0.00    1.01 ^ _109351_/A (XNOR2_X1)
     1    1.70    0.02    0.04    1.05 ^ _109351_/ZN (XNOR2_X1)
                                         _027753_ (net)
                  0.02    0.00    1.05 ^ _109352_/A (INV_X1)
     2    3.57    0.01    0.01    1.07 v _109352_/ZN (INV_X1)
                                         _027754_ (net)
                  0.01    0.00    1.07 v _109356_/A (XNOR2_X1)
     2    5.22    0.02    0.04    1.11 v _109356_/ZN (XNOR2_X1)
                                         _027758_ (net)
                  0.02    0.00    1.11 v _109360_/A (XNOR2_X2)
     4    8.42    0.02    0.04    1.16 v _109360_/ZN (XNOR2_X2)
                                         _027762_ (net)
                  0.02    0.00    1.16 v _109483_/A2 (NOR2_X2)
     1    1.70    0.01    0.03    1.18 ^ _109483_/ZN (NOR2_X2)
                                         _027883_ (net)
                  0.01    0.00    1.18 ^ _109484_/A (INV_X1)
     1    3.31    0.01    0.01    1.19 v _109484_/ZN (INV_X1)
                                         _027884_ (net)
                  0.01    0.00    1.19 v _109485_/B2 (OAI21_X2)
     3    6.95    0.03    0.04    1.23 ^ _109485_/ZN (OAI21_X2)
                                         _027885_ (net)
                  0.03    0.00    1.23 ^ _109721_/B1 (AOI21_X2)
     2    7.68    0.01    0.02    1.26 v _109721_/ZN (AOI21_X2)
                                         _028119_ (net)
                  0.01    0.00    1.26 v _109840_/B1 (OAI21_X4)
     2    5.29    0.02    0.03    1.28 ^ _109840_/ZN (OAI21_X4)
                                         _028237_ (net)
                  0.02    0.00    1.28 ^ _110086_/A1 (NAND2_X2)
     1    1.57    0.01    0.01    1.30 v _110086_/ZN (NAND2_X2)
                                         _028480_ (net)
                  0.01    0.00    1.30 v _110088_/A1 (AND2_X2)
     3    6.37    0.01    0.03    1.33 v _110088_/ZN (AND2_X2)
                                         _028482_ (net)
                  0.01    0.00    1.33 v _110577_/B1 (OAI21_X2)
     2    3.83    0.02    0.03    1.35 ^ _110577_/ZN (OAI21_X2)
                                         _028967_ (net)
                  0.02    0.00    1.35 ^ _110821_/A1 (NAND2_X1)
     1    2.70    0.01    0.02    1.37 v _110821_/ZN (NAND2_X1)
                                         _029209_ (net)
                  0.01    0.00    1.37 v _110822_/B1 (OAI21_X2)
     2    5.29    0.02    0.03    1.40 ^ _110822_/ZN (OAI21_X2)
                                         _029210_ (net)
                  0.02    0.00    1.40 ^ _111070_/A1 (NAND2_X2)
     1    5.56    0.01    0.02    1.42 v _111070_/ZN (NAND2_X2)
                                         _029456_ (net)
                  0.01    0.00    1.42 v _111071_/B1 (OAI21_X4)
     2    5.38    0.02    0.03    1.45 ^ _111071_/ZN (OAI21_X4)
                                         _029457_ (net)
                  0.02    0.00    1.45 ^ _111323_/A1 (AOI22_X2)
     2    4.83    0.01    0.02    1.47 v _111323_/ZN (AOI22_X2)
                                         _029706_ (net)
                  0.01    0.00    1.47 v _111451_/B1 (OAI21_X2)
     2    5.36    0.02    0.03    1.50 ^ _111451_/ZN (OAI21_X2)
                                         _029832_ (net)
                  0.02    0.00    1.50 ^ _111560_/B1 (AOI21_X2)
     2    4.83    0.01    0.02    1.52 v _111560_/ZN (AOI21_X2)
                                         _029939_ (net)
                  0.01    0.00    1.52 v _111652_/B1 (OAI21_X2)
     2    3.82    0.02    0.03    1.55 ^ _111652_/ZN (OAI21_X2)
                                         _030029_ (net)
                  0.02    0.00    1.55 ^ _111719_/A1 (NAND3_X1)
     1    1.53    0.01    0.02    1.57 v _111719_/ZN (NAND3_X1)
                                         _030094_ (net)
                  0.01    0.00    1.57 v _111722_/A1 (NAND2_X1)
     1    2.23    0.01    0.02    1.59 ^ _111722_/ZN (NAND2_X1)
                                         _030097_ (net)
                  0.01    0.00    1.59 ^ _111744_/A (XNOR2_X1)
     1    3.13    0.03    0.04    1.63 ^ _111744_/ZN (XNOR2_X1)
                                         _030119_ (net)
                  0.03    0.00    1.63 ^ _111745_/B1 (AOI21_X2)
     1    1.06    0.01    0.01    1.64 v _111745_/ZN (AOI21_X2)
                                         _005220_ (net)
                  0.01    0.00    1.64 v u_fixed_scale_mul.s0_exact_product_q[39]$_SDFFE_PN0P_/D (DFF_X1)
                                  1.64   data arrival time

                  0.00    2.00    2.00   clock core_clock (rise edge)
                          0.00    2.00   clock network delay (ideal)
                          0.00    2.00   clock reconvergence pessimism
                                  2.00 ^ u_fixed_scale_mul.s0_exact_product_q[39]$_SDFFE_PN0P_/CK (DFF_X1)
                         -0.04    1.96   library setup time
                                  1.96   data required time
-----------------------------------------------------------------------------
                                  1.96   data required time
                                 -1.64   data arrival time
-----------------------------------------------------------------------------
                                  0.32   slack (MET)



==========================================================================
Post synthesis report_checks -unconstrained
--------------------------------------------------------------------------
Startpoint: issue_pe_q[0]$_SDFFE_PN0P_
            (rising edge-triggered flip-flop clocked by core_clock)
Endpoint: u_fixed_scale_mul.s0_exact_product_q[39]$_SDFFE_PN0P_
          (rising edge-triggered flip-flop clocked by core_clock)
Path Group: core_clock
Path Type: max

Fanout     Cap    Slew   Delay    Time   Description
-----------------------------------------------------------------------------
                  0.00    0.00    0.00   clock core_clock (rise edge)
                          0.00    0.00   clock network delay (ideal)
                  0.00    0.00    0.00 ^ issue_pe_q[0]$_SDFFE_PN0P_/CK (DFF_X1)
     1    6.59    0.02    0.10    0.10 ^ issue_pe_q[0]$_SDFFE_PN0P_/Q (DFF_X1)
                                         issue_pe_q[0] (net)
                  0.02    0.00    0.10 ^ _091652_/A (BUF_X8)
     6   51.08    0.02    0.04    0.13 ^ _091652_/Z (BUF_X8)
                                         _012222_ (net)
                  0.02    0.00    0.13 ^ _091653_/A (INV_X16)
     7   42.32    0.01    0.01    0.14 v _091653_/ZN (INV_X16)
                                         _012223_ (net)
                  0.01    0.00    0.14 v _091654_/A (BUF_X16)
    10   25.59    0.01    0.02    0.17 v _091654_/Z (BUF_X16)
                                         _012224_ (net)
                  0.01    0.00    0.17 v _091655_/A (BUF_X16)
    10   24.11    0.01    0.02    0.19 v _091655_/Z (BUF_X16)
                                         _012225_ (net)
                  0.01    0.00    0.19 v _091656_/A (BUF_X16)
    10   46.96    0.01    0.03    0.22 v _091656_/Z (BUF_X16)
                                         _012226_ (net)
                  0.01    0.00    0.22 v _091657_/A (BUF_X32)
    10   36.71    0.00    0.02    0.24 v _091657_/Z (BUF_X32)
                                         _012227_ (net)
                  0.00    0.00    0.24 v _091658_/A (BUF_X32)
    10   72.69    0.01    0.02    0.27 v _091658_/Z (BUF_X32)
                                         _012228_ (net)
                  0.01    0.00    0.27 v _106875_/A (BUF_X32)
    10   17.45    0.00    0.02    0.29 v _106875_/Z (BUF_X32)
                                         _025294_ (net)
                  0.00    0.00    0.29 v _106876_/A (BUF_X4)
    10   19.31    0.01    0.03    0.31 v _106876_/Z (BUF_X4)
                                         _025295_ (net)
                  0.01    0.00    0.31 v _107049_/A (OAI21_X1)
     1    1.58    0.02    0.02    0.33 ^ _107049_/ZN (OAI21_X1)
                                         _025468_ (net)
                  0.02    0.00    0.33 ^ _107052_/A2 (OAI22_X1)
     1    1.41    0.01    0.02    0.36 v _107052_/ZN (OAI22_X1)
                                         _025471_ (net)
                  0.01    0.00    0.36 v _107053_/A1 (NOR2_X1)
     1    1.62    0.02    0.02    0.38 ^ _107053_/ZN (NOR2_X1)
                                         _025472_ (net)
                  0.02    0.00    0.38 ^ _107054_/B2 (OAI22_X1)
     1    0.91    0.01    0.02    0.40 v _107054_/ZN (OAI22_X1)
                                         _025473_ (net)
                  0.01    0.00    0.40 v _107080_/A (MUX2_X1)
     4    7.70    0.02    0.07    0.47 v _107080_/Z (MUX2_X1)
                                         _025499_ (net)
                  0.02    0.00    0.47 v _107081_/A2 (NOR2_X2)
     1    6.91    0.02    0.04    0.51 ^ _107081_/ZN (NOR2_X2)
                                         _025500_ (net)
                  0.02    0.00    0.51 ^ _107153_/A2 (NAND3_X4)
    10   20.45    0.02    0.04    0.55 v _107153_/ZN (NAND3_X4)
                                         _025572_ (net)
                  0.02    0.00    0.55 v _107154_/A (INV_X4)
     4    8.43    0.01    0.02    0.57 ^ _107154_/ZN (INV_X4)
                                         _025573_ (net)
                  0.01    0.00    0.57 ^ _109025_/A1 (NOR2_X1)
     2    2.94    0.01    0.01    0.58 v _109025_/ZN (NOR2_X1)
                                         _027429_ (net)
                  0.01    0.00    0.58 v _109027_/A1 (OR2_X2)
     1    1.57    0.01    0.04    0.62 v _109027_/ZN (OR2_X2)
                                         _027431_ (net)
                  0.01    0.00    0.62 v _109029_/A1 (AND2_X2)
     2    3.66    0.01    0.03    0.64 v _109029_/ZN (AND2_X2)
                                         _027433_ (net)
                  0.01    0.00    0.64 v _109031_/A (XNOR2_X1)
     1    1.55    0.01    0.04    0.68 v _109031_/ZN (XNOR2_X1)
                                         _027435_ (net)
                  0.01    0.00    0.68 v _109032_/A (INV_X1)
     2    5.72    0.02    0.02    0.70 ^ _109032_/ZN (INV_X1)
                                         _027436_ (net)
                  0.02    0.00    0.70 ^ _109035_/A (XNOR2_X1)
     2    5.72    0.04    0.05    0.75 ^ _109035_/ZN (XNOR2_X1)
                                         _027439_ (net)
                  0.04    0.00    0.75 ^ _109144_/A1 (NOR2_X1)
     1    2.94    0.01    0.01    0.77 v _109144_/ZN (NOR2_X1)
                                         _027547_ (net)
                  0.01    0.00    0.77 v _109145_/A (AOI21_X2)
     2    3.95    0.02    0.04    0.81 ^ _109145_/ZN (AOI21_X2)
                                         _027548_ (net)
                  0.02    0.00    0.81 ^ _109162_/A (XNOR2_X1)
     2    6.49    0.04    0.05    0.86 ^ _109162_/ZN (XNOR2_X1)
                                         _027565_ (net)
                  0.04    0.00    0.86 ^ _109284_/A2 (NOR2_X1)
     1    1.41    0.01    0.01    0.88 v _109284_/ZN (NOR2_X1)
                                         _027686_ (net)
                  0.01    0.00    0.88 v _109286_/A1 (NOR2_X1)
     2    4.22    0.03    0.04    0.91 ^ _109286_/ZN (NOR2_X1)
                                         _027688_ (net)
                  0.03    0.00    0.91 ^ _109287_/B (XNOR2_X1)
     2    3.95    0.03    0.05    0.96 ^ _109287_/ZN (XNOR2_X1)
                                         _027689_ (net)
                  0.03    0.00    0.96 ^ _109347_/A (XNOR2_X1)
     2    3.95    0.03    0.05    1.01 ^ _109347_/ZN (XNOR2_X1)
                                         _027749_ (net)
                  0.03    0.00    1.01 ^ _109351_/A (XNOR2_X1)
     1    1.70    0.02    0.04    1.05 ^ _109351_/ZN (XNOR2_X1)
                                         _027753_ (net)
                  0.02    0.00    1.05 ^ _109352_/A (INV_X1)
     2    3.57    0.01    0.01    1.07 v _109352_/ZN (INV_X1)
                                         _027754_ (net)
                  0.01    0.00    1.07 v _109356_/A (XNOR2_X1)
     2    5.22    0.02    0.04    1.11 v _109356_/ZN (XNOR2_X1)
                                         _027758_ (net)
                  0.02    0.00    1.11 v _109360_/A (XNOR2_X2)
     4    8.42    0.02    0.04    1.16 v _109360_/ZN (XNOR2_X2)
                                         _027762_ (net)
                  0.02    0.00    1.16 v _109483_/A2 (NOR2_X2)
     1    1.70    0.01    0.03    1.18 ^ _109483_/ZN (NOR2_X2)
                                         _027883_ (net)
                  0.01    0.00    1.18 ^ _109484_/A (INV_X1)
     1    3.31    0.01    0.01    1.19 v _109484_/ZN (INV_X1)
                                         _027884_ (net)
                  0.01    0.00    1.19 v _109485_/B2 (OAI21_X2)
     3    6.95    0.03    0.04    1.23 ^ _109485_/ZN (OAI21_X2)
                                         _027885_ (net)
                  0.03    0.00    1.23 ^ _109721_/B1 (AOI21_X2)
     2    7.68    0.01    0.02    1.26 v _109721_/ZN (AOI21_X2)
                                         _028119_ (net)
                  0.01    0.00    1.26 v _109840_/B1 (OAI21_X4)
     2    5.29    0.02    0.03    1.28 ^ _109840_/ZN (OAI21_X4)
                                         _028237_ (net)
                  0.02    0.00    1.28 ^ _110086_/A1 (NAND2_X2)
     1    1.57    0.01    0.01    1.30 v _110086_/ZN (NAND2_X2)
                                         _028480_ (net)
                  0.01    0.00    1.30 v _110088_/A1 (AND2_X2)
     3    6.37    0.01    0.03    1.33 v _110088_/ZN (AND2_X2)
                                         _028482_ (net)
                  0.01    0.00    1.33 v _110577_/B1 (OAI21_X2)
     2    3.83    0.02    0.03    1.35 ^ _110577_/ZN (OAI21_X2)
                                         _028967_ (net)
                  0.02    0.00    1.35 ^ _110821_/A1 (NAND2_X1)
     1    2.70    0.01    0.02    1.37 v _110821_/ZN (NAND2_X1)
                                         _029209_ (net)
                  0.01    0.00    1.37 v _110822_/B1 (OAI21_X2)
     2    5.29    0.02    0.03    1.40 ^ _110822_/ZN (OAI21_X2)
                                         _029210_ (net)
                  0.02    0.00    1.40 ^ _111070_/A1 (NAND2_X2)
     1    5.56    0.01    0.02    1.42 v _111070_/ZN (NAND2_X2)
                                         _029456_ (net)
                  0.01    0.00    1.42 v _111071_/B1 (OAI21_X4)
     2    5.38    0.02    0.03    1.45 ^ _111071_/ZN (OAI21_X4)
                                         _029457_ (net)
                  0.02    0.00    1.45 ^ _111323_/A1 (AOI22_X2)
     2    4.83    0.01    0.02    1.47 v _111323_/ZN (AOI22_X2)
                                         _029706_ (net)
                  0.01    0.00    1.47 v _111451_/B1 (OAI21_X2)
     2    5.36    0.02    0.03    1.50 ^ _111451_/ZN (OAI21_X2)
                                         _029832_ (net)
                  0.02    0.00    1.50 ^ _111560_/B1 (AOI21_X2)
     2    4.83    0.01    0.02    1.52 v _111560_/ZN (AOI21_X2)
                                         _029939_ (net)
                  0.01    0.00    1.52 v _111652_/B1 (OAI21_X2)
     2    3.82    0.02    0.03    1.55 ^ _111652_/ZN (OAI21_X2)
                                         _030029_ (net)
                  0.02    0.00    1.55 ^ _111719_/A1 (NAND3_X1)
     1    1.53    0.01    0.02    1.57 v _111719_/ZN (NAND3_X1)
                                         _030094_ (net)
                  0.01    0.00    1.57 v _111722_/A1 (NAND2_X1)
     1    2.23    0.01    0.02    1.59 ^ _111722_/ZN (NAND2_X1)
                                         _030097_ (net)
                  0.01    0.00    1.59 ^ _111744_/A (XNOR2_X1)
     1    3.13    0.03    0.04    1.63 ^ _111744_/ZN (XNOR2_X1)
                                         _030119_ (net)
                  0.03    0.00    1.63 ^ _111745_/B1 (AOI21_X2)
     1    1.06    0.01    0.01    1.64 v _111745_/ZN (AOI21_X2)
                                         _005220_ (net)
                  0.01    0.00    1.64 v u_fixed_scale_mul.s0_exact_product_q[39]$_SDFFE_PN0P_/D (DFF_X1)
                                  1.64   data arrival time

                  0.00    2.00    2.00   clock core_clock (rise edge)
                          0.00    2.00   clock network delay (ideal)
                          0.00    2.00   clock reconvergence pessimism
                                  2.00 ^ u_fixed_scale_mul.s0_exact_product_q[39]$_SDFFE_PN0P_/CK (DFF_X1)
                         -0.04    1.96   library setup time
                                  1.96   data required time
-----------------------------------------------------------------------------
                                  1.96   data required time
                                 -1.64   data arrival time
-----------------------------------------------------------------------------
                                  0.32   slack (MET)



==========================================================================
Post synthesis report_power
--------------------------------------------------------------------------
Group                  Internal  Switching    Leakage      Total
                          Power      Power      Power      Power (Watts)
----------------------------------------------------------------
Sequential             2.48e-02   5.58e-04   5.21e-04   2.58e-02  49.6%
Combinational          1.20e-02   1.24e-02   1.89e-03   2.62e-02  50.4%
Clock                  0.00e+00   0.00e+00   0.00e+00   0.00e+00   0.0%
Macro                  0.00e+00   0.00e+00   0.00e+00   0.00e+00   0.0%
Pad                    0.00e+00   0.00e+00   0.00e+00   0.00e+00   0.0%
----------------------------------------------------------------
Total                  3.67e-02   1.29e-02   2.42e-03   5.21e-02 100.0%
                          70.5%      24.8%       4.6%
