
==========================================================================
Post synthesis report_tns
--------------------------------------------------------------------------
tns 0.00

==========================================================================
Post synthesis report_wns
--------------------------------------------------------------------------
wns 0.00

==========================================================================
Post synthesis report_worst_slack
--------------------------------------------------------------------------
worst slack 0.94

==========================================================================
Post synthesis report_checks -path_delay min
--------------------------------------------------------------------------
Startpoint: i_mul_b[15] (input port clocked by core_clock)
Endpoint: o_product[15] (output port clocked by core_clock)
Path Group: core_clock
Path Type: min

Fanout     Cap    Slew   Delay    Time   Description
-----------------------------------------------------------------------------
                  0.00    0.00    0.00   clock core_clock (rise edge)
                          0.00    0.00   clock network delay (ideal)
                          0.80    0.80 ^ input external delay
     1    2.23    0.00    0.00    0.80 ^ i_mul_b[15] (in)
                                         i_mul_b[15] (net)
                  0.00    0.00    0.80 ^ _58555_/A (XOR2_X1)
     1    1.50    0.01    0.01    0.81 v _58555_/Z (XOR2_X1)
                                         _01226_ (net)
                  0.01    0.00    0.81 v _58556_/A2 (NAND2_X1)
     1    1.70    0.01    0.02    0.83 ^ _58556_/ZN (NAND2_X1)
                                         _01227_ (net)
                  0.01    0.00    0.83 ^ _58557_/A (INV_X1)
     1    0.00    0.00    0.00    0.83 v _58557_/ZN (INV_X1)
                                         o_product[15] (net)
                  0.00    0.00    0.83 v o_product[15] (out)
                                  0.83   data arrival time

                  0.00    0.00    0.00   clock core_clock (rise edge)
                          0.00    0.00   clock network delay (ideal)
                          0.00    0.00   clock reconvergence pessimism
                         -0.80   -0.80   output external delay
                                 -0.80   data required time
-----------------------------------------------------------------------------
                                 -0.80   data required time
                                 -0.83   data arrival time
-----------------------------------------------------------------------------
                                  1.63   slack (MET)



==========================================================================
Post synthesis report_checks -path_delay max
--------------------------------------------------------------------------
Startpoint: i_add_b[27] (input port clocked by core_clock)
Endpoint: o_sum[17] (output port clocked by core_clock)
Path Group: core_clock
Path Type: max

Fanout     Cap    Slew   Delay    Time   Description
-----------------------------------------------------------------------------
                  0.00    0.00    0.00   clock core_clock (rise edge)
                          0.00    0.00   clock network delay (ideal)
                          0.80    0.80 v input external delay
     3    4.62    0.00    0.00    0.80 v i_add_b[27] (in)
                                         i_add_b[27] (net)
                  0.00    0.00    0.80 v _86802_/A (INV_X1)
     3    4.99    0.01    0.02    0.82 ^ _86802_/ZN (INV_X1)
                                         _31618_ (net)
                  0.01    0.00    0.82 ^ _86803_/A2 (NAND2_X1)
     1    1.41    0.01    0.01    0.83 v _86803_/ZN (NAND2_X1)
                                         _31619_ (net)
                  0.01    0.00    0.83 v _86804_/A1 (NOR2_X1)
     1    2.98    0.02    0.03    0.86 ^ _86804_/ZN (NOR2_X1)
                                         _31620_ (net)
                  0.02    0.00    0.86 ^ _86807_/A1 (NAND3_X2)
     5    8.47    0.02    0.03    0.89 v _86807_/ZN (NAND3_X2)
                                         _31623_ (net)
                  0.02    0.00    0.89 v _86811_/B (XNOR2_X1)
     2    4.16    0.01    0.05    0.94 v _86811_/ZN (XNOR2_X1)
                                         _31627_ (net)
                  0.01    0.00    0.94 v _86815_/A1 (NOR2_X2)
     2    3.25    0.02    0.03    0.96 ^ _86815_/ZN (NOR2_X2)
                                         _31632_ (net)
                  0.02    0.00    0.96 ^ _86818_/A1 (NAND2_X1)
     2    5.34    0.01    0.02    0.99 v _86818_/ZN (NAND2_X1)
                                         _31635_ (net)
                  0.01    0.00    0.99 v _86899_/A1 (NOR3_X2)
     1    1.60    0.02    0.03    1.02 ^ _86899_/ZN (NOR3_X2)
                                         _31724_ (net)
                  0.02    0.00    1.02 ^ _86902_/A1 (NAND2_X1)
     1    1.49    0.01    0.02    1.03 v _86902_/ZN (NAND2_X1)
                                         _31728_ (net)
                  0.01    0.00    1.03 v _86903_/A3 (NAND3_X1)
     1    3.05    0.01    0.02    1.05 ^ _86903_/ZN (NAND3_X1)
                                         _31729_ (net)
                  0.01    0.00    1.05 ^ _86914_/A1 (NAND2_X2)
     2    8.75    0.01    0.02    1.07 v _86914_/ZN (NAND2_X2)
                                         _31741_ (net)
                  0.01    0.00    1.07 v _86915_/A (BUF_X8)
    10   21.01    0.01    0.03    1.10 v _86915_/Z (BUF_X8)
                                         _31742_ (net)
                  0.01    0.00    1.10 v _86916_/A1 (OR2_X1)
     2    4.49    0.01    0.05    1.15 v _86916_/ZN (OR2_X1)
                                         _31743_ (net)
                  0.01    0.00    1.15 v _86919_/A1 (NAND3_X1)
     2    3.11    0.01    0.02    1.17 ^ _86919_/ZN (NAND3_X1)
                                         _31746_ (net)
                  0.01    0.00    1.17 ^ _86927_/A1 (NAND3_X1)
     1    1.53    0.01    0.02    1.19 v _86927_/ZN (NAND3_X1)
                                         _31755_ (net)
                  0.01    0.00    1.19 v _86928_/A1 (NAND2_X1)
     1    3.05    0.01    0.02    1.21 ^ _86928_/ZN (NAND2_X1)
                                         _31756_ (net)
                  0.01    0.00    1.21 ^ _86930_/A1 (NAND2_X2)
     5   13.56    0.02    0.02    1.24 v _86930_/ZN (NAND2_X2)
                                         _31758_ (net)
                  0.02    0.00    1.24 v _86935_/A1 (NOR2_X2)
     3   12.76    0.04    0.05    1.29 ^ _86935_/ZN (NOR2_X2)
                                         _31764_ (net)
                  0.04    0.00    1.29 ^ _86936_/A (INV_X4)
     2    7.05    0.01    0.01    1.30 v _86936_/ZN (INV_X4)
                                         _31765_ (net)
                  0.01    0.00    1.30 v _86953_/A1 (NOR2_X4)
     2    5.00    0.01    0.02    1.32 ^ _86953_/ZN (NOR2_X4)
                                         _31784_ (net)
                  0.01    0.00    1.32 ^ _86954_/A (BUF_X4)
    10   17.52    0.01    0.03    1.35 ^ _86954_/Z (BUF_X4)
                                         _31785_ (net)
                  0.01    0.00    1.35 ^ _87147_/A1 (NAND2_X1)
     1    1.55    0.01    0.01    1.36 v _87147_/ZN (NAND2_X1)
                                         _31997_ (net)
                  0.01    0.00    1.36 v _87148_/A (INV_X1)
     1    3.35    0.01    0.02    1.38 ^ _87148_/ZN (INV_X1)
                                         _31998_ (net)
                  0.01    0.00    1.38 ^ _87149_/A2 (NOR2_X2)
     3    6.08    0.01    0.01    1.39 v _87149_/ZN (NOR2_X2)
                                         _31999_ (net)
                  0.01    0.00    1.39 v _87156_/A2 (NAND3_X1)
     3    6.72    0.02    0.03    1.42 ^ _87156_/ZN (NAND3_X1)
                                         _32007_ (net)
                  0.02    0.00    1.42 ^ _87157_/A2 (NAND2_X2)
     5   16.69    0.02    0.03    1.45 v _87157_/ZN (NAND2_X2)
                                         _32008_ (net)
                  0.02    0.00    1.45 v _87396_/A (INV_X4)
     2    7.62    0.01    0.02    1.47 ^ _87396_/ZN (INV_X4)
                                         _32271_ (net)
                  0.01    0.00    1.47 ^ _87398_/A1 (NAND2_X4)
     3    7.44    0.01    0.01    1.48 v _87398_/ZN (NAND2_X4)
                                         _32273_ (net)
                  0.01    0.00    1.48 v _87429_/A2 (NOR2_X2)
     2    3.31    0.02    0.03    1.51 ^ _87429_/ZN (NOR2_X2)
                                         _32307_ (net)
                  0.02    0.00    1.51 ^ _87430_/A3 (NAND3_X1)
     2    3.08    0.01    0.03    1.53 v _87430_/ZN (NAND3_X1)
                                         _32308_ (net)
                  0.01    0.00    1.53 v _87438_/A1 (NAND3_X1)
     1    1.60    0.01    0.02    1.55 ^ _87438_/ZN (NAND3_X1)
                                         _32317_ (net)
                  0.01    0.00    1.55 ^ _87439_/A1 (NAND2_X1)
     1    2.93    0.01    0.02    1.57 v _87439_/ZN (NAND2_X1)
                                         _32318_ (net)
                  0.01    0.00    1.57 v _87441_/A1 (NAND2_X2)
     3    6.82    0.01    0.02    1.59 ^ _87441_/ZN (NAND2_X2)
                                         _32320_ (net)
                  0.01    0.00    1.59 ^ _87442_/A2 (NAND2_X2)
     3    9.30    0.01    0.02    1.61 v _87442_/ZN (NAND2_X2)
                                         _32322_ (net)
                  0.01    0.00    1.61 v _87443_/A2 (NOR2_X4)
     5   12.85    0.02    0.04    1.65 ^ _87443_/ZN (NOR2_X4)
                                         _32323_ (net)
                  0.02    0.00    1.65 ^ _87504_/A (INV_X4)
     2    8.24    0.01    0.01    1.66 v _87504_/ZN (INV_X4)
                                         _32390_ (net)
                  0.01    0.00    1.66 v _87505_/A1 (NOR2_X4)
     1    3.05    0.01    0.02    1.67 ^ _87505_/ZN (NOR2_X4)
                                         _32391_ (net)
                  0.01    0.00    1.67 ^ _87507_/A1 (NAND2_X2)
     4   10.64    0.01    0.02    1.70 v _87507_/ZN (NAND2_X2)
                                         _32393_ (net)
                  0.01    0.00    1.70 v _87535_/A1 (NAND2_X2)
     2    7.95    0.01    0.02    1.72 ^ _87535_/ZN (NAND2_X2)
                                         _32424_ (net)
                  0.01    0.00    1.72 ^ _87536_/A (INV_X4)
     2    4.67    0.00    0.01    1.73 v _87536_/ZN (INV_X4)
                                         _32425_ (net)
                  0.00    0.00    1.73 v _87542_/A1 (NAND2_X1)
     1    3.05    0.01    0.02    1.74 ^ _87542_/ZN (NAND2_X1)
                                         _32432_ (net)
                  0.01    0.00    1.74 ^ _87551_/A1 (NAND2_X2)
     1    2.94    0.01    0.01    1.75 v _87551_/ZN (NAND2_X2)
                                         _32441_ (net)
                  0.01    0.00    1.75 v _87552_/A (INV_X2)
     1    1.65    0.01    0.01    1.76 ^ _87552_/ZN (INV_X2)
                                         _32443_ (net)
                  0.01    0.00    1.76 ^ _87553_/A3 (NAND3_X1)
     1    5.70    0.02    0.03    1.80 v _87553_/ZN (NAND3_X1)
                                         _32444_ (net)
                  0.02    0.00    1.80 v _87556_/A1 (NAND2_X4)
     7   21.54    0.02    0.03    1.83 ^ _87556_/ZN (NAND2_X4)
                                         _32447_ (net)
                  0.02    0.00    1.83 ^ _87562_/A1 (NAND2_X4)
     6   20.31    0.02    0.02    1.85 v _87562_/ZN (NAND2_X4)
                                         _32454_ (net)
                  0.02    0.00    1.85 v _87633_/A1 (NAND2_X2)
     2    4.64    0.01    0.02    1.87 ^ _87633_/ZN (NAND2_X2)
                                         _32532_ (net)
                  0.01    0.00    1.87 ^ _87635_/A1 (NAND2_X2)
     2    7.34    0.01    0.02    1.89 v _87635_/ZN (NAND2_X2)
                                         _32534_ (net)
                  0.01    0.00    1.89 v _87636_/A (BUF_X8)
    10   19.50    0.01    0.03    1.91 v _87636_/Z (BUF_X8)
                                         _32535_ (net)
                  0.01    0.00    1.91 v _87667_/A1 (NAND2_X1)
     1    3.29    0.01    0.02    1.93 ^ _87667_/ZN (NAND2_X1)
                                         _32569_ (net)
                  0.01    0.00    1.93 ^ _87668_/A2 (NAND3_X2)
     2    3.03    0.01    0.02    1.95 v _87668_/ZN (NAND3_X2)
                                         _32570_ (net)
                  0.01    0.00    1.95 v _87669_/A2 (NAND2_X1)
     1    1.60    0.01    0.02    1.97 ^ _87669_/ZN (NAND2_X1)
                                         _32571_ (net)
                  0.01    0.00    1.97 ^ _87671_/A1 (NAND2_X1)
     1    1.50    0.01    0.01    1.98 v _87671_/ZN (NAND2_X1)
                                         _32573_ (net)
                  0.01    0.00    1.98 v _87672_/A2 (NAND2_X1)
     1    3.05    0.01    0.02    2.00 ^ _87672_/ZN (NAND2_X1)
                                         _32575_ (net)
                  0.01    0.00    2.00 ^ _87674_/A1 (NAND2_X2)
     2    2.98    0.01    0.01    2.01 v _87674_/ZN (NAND2_X2)
                                         _32577_ (net)
                  0.01    0.00    2.01 v _87676_/B1 (AOI21_X1)
     2    4.72    0.04    0.04    2.05 ^ _87676_/ZN (AOI21_X1)
                                         _32579_ (net)
                  0.04    0.00    2.05 ^ _87700_/A1 (NAND2_X2)
     2    7.15    0.02    0.02    2.08 v _87700_/ZN (NAND2_X2)
                                         _32605_ (net)
                  0.02    0.00    2.08 v _87733_/A1 (NOR2_X4)
     6   15.28    0.03    0.04    2.12 ^ _87733_/ZN (NOR2_X4)
                                         _32642_ (net)
                  0.03    0.00    2.12 ^ _87779_/A1 (NAND2_X4)
     3    7.16    0.01    0.02    2.13 v _87779_/ZN (NAND2_X4)
                                         _32692_ (net)
                  0.01    0.00    2.13 v _87785_/A1 (NAND2_X2)
     1    3.05    0.01    0.01    2.15 ^ _87785_/ZN (NAND2_X2)
                                         _32699_ (net)
                  0.01    0.00    2.15 ^ _87787_/A1 (NAND2_X2)
     2    4.36    0.01    0.01    2.16 v _87787_/ZN (NAND2_X2)
                                         _32701_ (net)
                  0.01    0.00    2.16 v _87788_/A (INV_X2)
     2    3.25    0.01    0.01    2.17 ^ _87788_/ZN (INV_X2)
                                         _32702_ (net)
                  0.01    0.00    2.17 ^ _87824_/A1 (NAND2_X1)
     1    5.59    0.01    0.02    2.19 v _87824_/ZN (NAND2_X1)
                                         _32742_ (net)
                  0.01    0.00    2.19 v _87844_/A1 (NOR2_X4)
     2    7.60    0.02    0.03    2.22 ^ _87844_/ZN (NOR2_X4)
                                         _32764_ (net)
                  0.02    0.00    2.22 ^ _88966_/A1 (NAND2_X4)
     9   15.42    0.01    0.02    2.24 v _88966_/ZN (NAND2_X4)
                                         _33987_ (net)
                  0.01    0.00    2.24 v _88970_/A1 (NAND3_X1)
     1    1.70    0.01    0.02    2.26 ^ _88970_/ZN (NAND3_X1)
                                         _33991_ (net)
                  0.01    0.00    2.26 ^ _88971_/A (INV_X1)
     1    0.00    0.00    0.00    2.26 v _88971_/ZN (INV_X1)
                                         o_sum[17] (net)
                  0.00    0.00    2.26 v o_sum[17] (out)
                                  2.26   data arrival time

                  0.00    4.00    4.00   clock core_clock (rise edge)
                          0.00    4.00   clock network delay (ideal)
                          0.00    4.00   clock reconvergence pessimism
                         -0.80    3.20   output external delay
                                  3.20   data required time
-----------------------------------------------------------------------------
                                  3.20   data required time
                                 -2.26   data arrival time
-----------------------------------------------------------------------------
                                  0.94   slack (MET)



==========================================================================
Post synthesis report_checks -unconstrained
--------------------------------------------------------------------------
Startpoint: i_add_b[27] (input port clocked by core_clock)
Endpoint: o_sum[17] (output port clocked by core_clock)
Path Group: core_clock
Path Type: max

Fanout     Cap    Slew   Delay    Time   Description
-----------------------------------------------------------------------------
                  0.00    0.00    0.00   clock core_clock (rise edge)
                          0.00    0.00   clock network delay (ideal)
                          0.80    0.80 v input external delay
     3    4.62    0.00    0.00    0.80 v i_add_b[27] (in)
                                         i_add_b[27] (net)
                  0.00    0.00    0.80 v _86802_/A (INV_X1)
     3    4.99    0.01    0.02    0.82 ^ _86802_/ZN (INV_X1)
                                         _31618_ (net)
                  0.01    0.00    0.82 ^ _86803_/A2 (NAND2_X1)
     1    1.41    0.01    0.01    0.83 v _86803_/ZN (NAND2_X1)
                                         _31619_ (net)
                  0.01    0.00    0.83 v _86804_/A1 (NOR2_X1)
     1    2.98    0.02    0.03    0.86 ^ _86804_/ZN (NOR2_X1)
                                         _31620_ (net)
                  0.02    0.00    0.86 ^ _86807_/A1 (NAND3_X2)
     5    8.47    0.02    0.03    0.89 v _86807_/ZN (NAND3_X2)
                                         _31623_ (net)
                  0.02    0.00    0.89 v _86811_/B (XNOR2_X1)
     2    4.16    0.01    0.05    0.94 v _86811_/ZN (XNOR2_X1)
                                         _31627_ (net)
                  0.01    0.00    0.94 v _86815_/A1 (NOR2_X2)
     2    3.25    0.02    0.03    0.96 ^ _86815_/ZN (NOR2_X2)
                                         _31632_ (net)
                  0.02    0.00    0.96 ^ _86818_/A1 (NAND2_X1)
     2    5.34    0.01    0.02    0.99 v _86818_/ZN (NAND2_X1)
                                         _31635_ (net)
                  0.01    0.00    0.99 v _86899_/A1 (NOR3_X2)
     1    1.60    0.02    0.03    1.02 ^ _86899_/ZN (NOR3_X2)
                                         _31724_ (net)
                  0.02    0.00    1.02 ^ _86902_/A1 (NAND2_X1)
     1    1.49    0.01    0.02    1.03 v _86902_/ZN (NAND2_X1)
                                         _31728_ (net)
                  0.01    0.00    1.03 v _86903_/A3 (NAND3_X1)
     1    3.05    0.01    0.02    1.05 ^ _86903_/ZN (NAND3_X1)
                                         _31729_ (net)
                  0.01    0.00    1.05 ^ _86914_/A1 (NAND2_X2)
     2    8.75    0.01    0.02    1.07 v _86914_/ZN (NAND2_X2)
                                         _31741_ (net)
                  0.01    0.00    1.07 v _86915_/A (BUF_X8)
    10   21.01    0.01    0.03    1.10 v _86915_/Z (BUF_X8)
                                         _31742_ (net)
                  0.01    0.00    1.10 v _86916_/A1 (OR2_X1)
     2    4.49    0.01    0.05    1.15 v _86916_/ZN (OR2_X1)
                                         _31743_ (net)
                  0.01    0.00    1.15 v _86919_/A1 (NAND3_X1)
     2    3.11    0.01    0.02    1.17 ^ _86919_/ZN (NAND3_X1)
                                         _31746_ (net)
                  0.01    0.00    1.17 ^ _86927_/A1 (NAND3_X1)
     1    1.53    0.01    0.02    1.19 v _86927_/ZN (NAND3_X1)
                                         _31755_ (net)
                  0.01    0.00    1.19 v _86928_/A1 (NAND2_X1)
     1    3.05    0.01    0.02    1.21 ^ _86928_/ZN (NAND2_X1)
                                         _31756_ (net)
                  0.01    0.00    1.21 ^ _86930_/A1 (NAND2_X2)
     5   13.56    0.02    0.02    1.24 v _86930_/ZN (NAND2_X2)
                                         _31758_ (net)
                  0.02    0.00    1.24 v _86935_/A1 (NOR2_X2)
     3   12.76    0.04    0.05    1.29 ^ _86935_/ZN (NOR2_X2)
                                         _31764_ (net)
                  0.04    0.00    1.29 ^ _86936_/A (INV_X4)
     2    7.05    0.01    0.01    1.30 v _86936_/ZN (INV_X4)
                                         _31765_ (net)
                  0.01    0.00    1.30 v _86953_/A1 (NOR2_X4)
     2    5.00    0.01    0.02    1.32 ^ _86953_/ZN (NOR2_X4)
                                         _31784_ (net)
                  0.01    0.00    1.32 ^ _86954_/A (BUF_X4)
    10   17.52    0.01    0.03    1.35 ^ _86954_/Z (BUF_X4)
                                         _31785_ (net)
                  0.01    0.00    1.35 ^ _87147_/A1 (NAND2_X1)
     1    1.55    0.01    0.01    1.36 v _87147_/ZN (NAND2_X1)
                                         _31997_ (net)
                  0.01    0.00    1.36 v _87148_/A (INV_X1)
     1    3.35    0.01    0.02    1.38 ^ _87148_/ZN (INV_X1)
                                         _31998_ (net)
                  0.01    0.00    1.38 ^ _87149_/A2 (NOR2_X2)
     3    6.08    0.01    0.01    1.39 v _87149_/ZN (NOR2_X2)
                                         _31999_ (net)
                  0.01    0.00    1.39 v _87156_/A2 (NAND3_X1)
     3    6.72    0.02    0.03    1.42 ^ _87156_/ZN (NAND3_X1)
                                         _32007_ (net)
                  0.02    0.00    1.42 ^ _87157_/A2 (NAND2_X2)
     5   16.69    0.02    0.03    1.45 v _87157_/ZN (NAND2_X2)
                                         _32008_ (net)
                  0.02    0.00    1.45 v _87396_/A (INV_X4)
     2    7.62    0.01    0.02    1.47 ^ _87396_/ZN (INV_X4)
                                         _32271_ (net)
                  0.01    0.00    1.47 ^ _87398_/A1 (NAND2_X4)
     3    7.44    0.01    0.01    1.48 v _87398_/ZN (NAND2_X4)
                                         _32273_ (net)
                  0.01    0.00    1.48 v _87429_/A2 (NOR2_X2)
     2    3.31    0.02    0.03    1.51 ^ _87429_/ZN (NOR2_X2)
                                         _32307_ (net)
                  0.02    0.00    1.51 ^ _87430_/A3 (NAND3_X1)
     2    3.08    0.01    0.03    1.53 v _87430_/ZN (NAND3_X1)
                                         _32308_ (net)
                  0.01    0.00    1.53 v _87438_/A1 (NAND3_X1)
     1    1.60    0.01    0.02    1.55 ^ _87438_/ZN (NAND3_X1)
                                         _32317_ (net)
                  0.01    0.00    1.55 ^ _87439_/A1 (NAND2_X1)
     1    2.93    0.01    0.02    1.57 v _87439_/ZN (NAND2_X1)
                                         _32318_ (net)
                  0.01    0.00    1.57 v _87441_/A1 (NAND2_X2)
     3    6.82    0.01    0.02    1.59 ^ _87441_/ZN (NAND2_X2)
                                         _32320_ (net)
                  0.01    0.00    1.59 ^ _87442_/A2 (NAND2_X2)
     3    9.30    0.01    0.02    1.61 v _87442_/ZN (NAND2_X2)
                                         _32322_ (net)
                  0.01    0.00    1.61 v _87443_/A2 (NOR2_X4)
     5   12.85    0.02    0.04    1.65 ^ _87443_/ZN (NOR2_X4)
                                         _32323_ (net)
                  0.02    0.00    1.65 ^ _87504_/A (INV_X4)
     2    8.24    0.01    0.01    1.66 v _87504_/ZN (INV_X4)
                                         _32390_ (net)
                  0.01    0.00    1.66 v _87505_/A1 (NOR2_X4)
     1    3.05    0.01    0.02    1.67 ^ _87505_/ZN (NOR2_X4)
                                         _32391_ (net)
                  0.01    0.00    1.67 ^ _87507_/A1 (NAND2_X2)
     4   10.64    0.01    0.02    1.70 v _87507_/ZN (NAND2_X2)
                                         _32393_ (net)
                  0.01    0.00    1.70 v _87535_/A1 (NAND2_X2)
     2    7.95    0.01    0.02    1.72 ^ _87535_/ZN (NAND2_X2)
                                         _32424_ (net)
                  0.01    0.00    1.72 ^ _87536_/A (INV_X4)
     2    4.67    0.00    0.01    1.73 v _87536_/ZN (INV_X4)
                                         _32425_ (net)
                  0.00    0.00    1.73 v _87542_/A1 (NAND2_X1)
     1    3.05    0.01    0.02    1.74 ^ _87542_/ZN (NAND2_X1)
                                         _32432_ (net)
                  0.01    0.00    1.74 ^ _87551_/A1 (NAND2_X2)
     1    2.94    0.01    0.01    1.75 v _87551_/ZN (NAND2_X2)
                                         _32441_ (net)
                  0.01    0.00    1.75 v _87552_/A (INV_X2)
     1    1.65    0.01    0.01    1.76 ^ _87552_/ZN (INV_X2)
                                         _32443_ (net)
                  0.01    0.00    1.76 ^ _87553_/A3 (NAND3_X1)
     1    5.70    0.02    0.03    1.80 v _87553_/ZN (NAND3_X1)
                                         _32444_ (net)
                  0.02    0.00    1.80 v _87556_/A1 (NAND2_X4)
     7   21.54    0.02    0.03    1.83 ^ _87556_/ZN (NAND2_X4)
                                         _32447_ (net)
                  0.02    0.00    1.83 ^ _87562_/A1 (NAND2_X4)
     6   20.31    0.02    0.02    1.85 v _87562_/ZN (NAND2_X4)
                                         _32454_ (net)
                  0.02    0.00    1.85 v _87633_/A1 (NAND2_X2)
     2    4.64    0.01    0.02    1.87 ^ _87633_/ZN (NAND2_X2)
                                         _32532_ (net)
                  0.01    0.00    1.87 ^ _87635_/A1 (NAND2_X2)
     2    7.34    0.01    0.02    1.89 v _87635_/ZN (NAND2_X2)
                                         _32534_ (net)
                  0.01    0.00    1.89 v _87636_/A (BUF_X8)
    10   19.50    0.01    0.03    1.91 v _87636_/Z (BUF_X8)
                                         _32535_ (net)
                  0.01    0.00    1.91 v _87667_/A1 (NAND2_X1)
     1    3.29    0.01    0.02    1.93 ^ _87667_/ZN (NAND2_X1)
                                         _32569_ (net)
                  0.01    0.00    1.93 ^ _87668_/A2 (NAND3_X2)
     2    3.03    0.01    0.02    1.95 v _87668_/ZN (NAND3_X2)
                                         _32570_ (net)
                  0.01    0.00    1.95 v _87669_/A2 (NAND2_X1)
     1    1.60    0.01    0.02    1.97 ^ _87669_/ZN (NAND2_X1)
                                         _32571_ (net)
                  0.01    0.00    1.97 ^ _87671_/A1 (NAND2_X1)
     1    1.50    0.01    0.01    1.98 v _87671_/ZN (NAND2_X1)
                                         _32573_ (net)
                  0.01    0.00    1.98 v _87672_/A2 (NAND2_X1)
     1    3.05    0.01    0.02    2.00 ^ _87672_/ZN (NAND2_X1)
                                         _32575_ (net)
                  0.01    0.00    2.00 ^ _87674_/A1 (NAND2_X2)
     2    2.98    0.01    0.01    2.01 v _87674_/ZN (NAND2_X2)
                                         _32577_ (net)
                  0.01    0.00    2.01 v _87676_/B1 (AOI21_X1)
     2    4.72    0.04    0.04    2.05 ^ _87676_/ZN (AOI21_X1)
                                         _32579_ (net)
                  0.04    0.00    2.05 ^ _87700_/A1 (NAND2_X2)
     2    7.15    0.02    0.02    2.08 v _87700_/ZN (NAND2_X2)
                                         _32605_ (net)
                  0.02    0.00    2.08 v _87733_/A1 (NOR2_X4)
     6   15.28    0.03    0.04    2.12 ^ _87733_/ZN (NOR2_X4)
                                         _32642_ (net)
                  0.03    0.00    2.12 ^ _87779_/A1 (NAND2_X4)
     3    7.16    0.01    0.02    2.13 v _87779_/ZN (NAND2_X4)
                                         _32692_ (net)
                  0.01    0.00    2.13 v _87785_/A1 (NAND2_X2)
     1    3.05    0.01    0.01    2.15 ^ _87785_/ZN (NAND2_X2)
                                         _32699_ (net)
                  0.01    0.00    2.15 ^ _87787_/A1 (NAND2_X2)
     2    4.36    0.01    0.01    2.16 v _87787_/ZN (NAND2_X2)
                                         _32701_ (net)
                  0.01    0.00    2.16 v _87788_/A (INV_X2)
     2    3.25    0.01    0.01    2.17 ^ _87788_/ZN (INV_X2)
                                         _32702_ (net)
                  0.01    0.00    2.17 ^ _87824_/A1 (NAND2_X1)
     1    5.59    0.01    0.02    2.19 v _87824_/ZN (NAND2_X1)
                                         _32742_ (net)
                  0.01    0.00    2.19 v _87844_/A1 (NOR2_X4)
     2    7.60    0.02    0.03    2.22 ^ _87844_/ZN (NOR2_X4)
                                         _32764_ (net)
                  0.02    0.00    2.22 ^ _88966_/A1 (NAND2_X4)
     9   15.42    0.01    0.02    2.24 v _88966_/ZN (NAND2_X4)
                                         _33987_ (net)
                  0.01    0.00    2.24 v _88970_/A1 (NAND3_X1)
     1    1.70    0.01    0.02    2.26 ^ _88970_/ZN (NAND3_X1)
                                         _33991_ (net)
                  0.01    0.00    2.26 ^ _88971_/A (INV_X1)
     1    0.00    0.00    0.00    2.26 v _88971_/ZN (INV_X1)
                                         o_sum[17] (net)
                  0.00    0.00    2.26 v o_sum[17] (out)
                                  2.26   data arrival time

                  0.00    4.00    4.00   clock core_clock (rise edge)
                          0.00    4.00   clock network delay (ideal)
                          0.00    4.00   clock reconvergence pessimism
                         -0.80    3.20   output external delay
                                  3.20   data required time
-----------------------------------------------------------------------------
                                  3.20   data required time
                                 -2.26   data arrival time
-----------------------------------------------------------------------------
                                  0.94   slack (MET)



==========================================================================
Post synthesis report_power
--------------------------------------------------------------------------
Group                  Internal  Switching    Leakage      Total
                          Power      Power      Power      Power (Watts)
----------------------------------------------------------------
Sequential             0.00e+00   0.00e+00   0.00e+00   0.00e+00   0.0%
Combinational          1.25e-02   1.52e-02   1.23e-03   2.89e-02 100.0%
Clock                  0.00e+00   0.00e+00   0.00e+00   0.00e+00   0.0%
Macro                  0.00e+00   0.00e+00   0.00e+00   0.00e+00   0.0%
Pad                    0.00e+00   0.00e+00   0.00e+00   0.00e+00   0.0%
----------------------------------------------------------------
Total                  1.25e-02   1.52e-02   1.23e-03   2.89e-02 100.0%
                          43.3%      52.4%       4.3%
