
==========================================================================
Post synthesis report_tns
--------------------------------------------------------------------------
tns 0.00

==========================================================================
Post synthesis report_wns
--------------------------------------------------------------------------
wns 0.00

==========================================================================
Post synthesis report_worst_slack
--------------------------------------------------------------------------
worst slack 1.40

==========================================================================
Post synthesis report_checks -path_delay min
--------------------------------------------------------------------------
Startpoint: u_pcu.sticky_q[0]$_SDFF_PP0_
            (rising edge-triggered flip-flop clocked by core_clock)
Endpoint: u_pcu.sticky_q[0]$_SDFF_PP0_
          (rising edge-triggered flip-flop clocked by core_clock)
Path Group: core_clock
Path Type: min

Fanout     Cap    Slew   Delay    Time   Description
-----------------------------------------------------------------------------
                  0.00    0.00    0.00   clock core_clock (rise edge)
                          0.00    0.00   clock network delay (ideal)
                  0.00    0.00    0.00 ^ u_pcu.sticky_q[0]$_SDFF_PP0_/CK (DFF_X1)
     2    1.55    0.01    0.08    0.08 v u_pcu.sticky_q[0]$_SDFF_PP0_/Q (DFF_X1)
                                         status_sticky_o[0] (net)
                  0.01    0.00    0.08 v _60379_/A (INV_X1)
     1    1.68    0.01    0.01    0.09 ^ _60379_/ZN (INV_X1)
                                         _06739_ (net)
                  0.01    0.00    0.09 ^ _60380_/B2 (AOI21_X1)
     1    1.06    0.01    0.01    0.10 v _60380_/ZN (AOI21_X1)
                                         _00139_ (net)
                  0.01    0.00    0.10 v u_pcu.sticky_q[0]$_SDFF_PP0_/D (DFF_X1)
                                  0.10   data arrival time

                  0.00    0.00    0.00   clock core_clock (rise edge)
                          0.00    0.00   clock network delay (ideal)
                          0.00    0.00   clock reconvergence pessimism
                                  0.00 ^ u_pcu.sticky_q[0]$_SDFF_PP0_/CK (DFF_X1)
                          0.00    0.00   library hold time
                                  0.00   data required time
-----------------------------------------------------------------------------
                                  0.00   data required time
                                 -0.10   data arrival time
-----------------------------------------------------------------------------
                                  0.10   slack (MET)



==========================================================================
Post synthesis report_checks -path_delay max
--------------------------------------------------------------------------
Startpoint: cfg_e0_i[0] (input port clocked by core_clock)
Endpoint: cvt_blk_o[31] (output port clocked by core_clock)
Path Group: core_clock
Path Type: max

Fanout     Cap    Slew   Delay    Time   Description
-----------------------------------------------------------------------------
                  0.00    0.00    0.00   clock core_clock (rise edge)
                          0.00    0.00   clock network delay (ideal)
                          0.80    0.80 ^ input external delay
     2    1.95    0.00    0.00    0.80 ^ cfg_e0_i[0] (in)
                                         cfg_e0_i[0] (net)
                  0.00    0.00    0.80 ^ _60392_/A (BUF_X1)
     5   13.37    0.03    0.05    0.85 ^ _60392_/Z (BUF_X1)
                                         _06751_ (net)
                  0.03    0.00    0.85 ^ _60393_/A (BUF_X4)
    10   28.47    0.02    0.04    0.89 ^ _60393_/Z (BUF_X4)
                                         _06752_ (net)
                  0.02    0.00    0.89 ^ _60428_/A (BUF_X2)
    10   16.74    0.02    0.04    0.93 ^ _60428_/Z (BUF_X2)
                                         _06787_ (net)
                  0.02    0.00    0.93 ^ _60429_/A (BUF_X2)
    10   16.60    0.02    0.04    0.97 ^ _60429_/Z (BUF_X2)
                                         _06788_ (net)
                  0.02    0.00    0.97 ^ _60587_/A2 (NAND2_X1)
     1    1.50    0.01    0.02    0.99 v _60587_/ZN (NAND2_X1)
                                         _06946_ (net)
                  0.01    0.00    0.99 v _60588_/A2 (NAND2_X1)
     2    3.36    0.01    0.02    1.01 ^ _60588_/ZN (NAND2_X1)
                                         _06947_ (net)
                  0.01    0.00    1.01 ^ _60589_/A2 (NAND2_X1)
     3    4.79    0.01    0.02    1.03 v _60589_/ZN (NAND2_X1)
                                         _06948_ (net)
                  0.01    0.00    1.03 v _60590_/A2 (OR2_X1)
     2    3.26    0.01    0.05    1.08 v _60590_/ZN (OR2_X1)
                                         _06949_ (net)
                  0.01    0.00    1.08 v _60591_/A3 (OR3_X1)
     2    2.43    0.01    0.08    1.16 v _60591_/ZN (OR3_X1)
                                         _06950_ (net)
                  0.01    0.00    1.16 v _48181_/B (MUX2_X1)
     1    1.55    0.01    0.06    1.22 v _48181_/Z (MUX2_X1)
                                         _28501_ (net)
                  0.01    0.00    1.22 v _48182_/A (INV_X1)
     4    7.85    0.02    0.03    1.25 ^ _48182_/ZN (INV_X1)
                                         _28502_ (net)
                  0.02    0.00    1.25 ^ _48186_/A1 (NAND2_X2)
     5    8.38    0.01    0.02    1.27 v _48186_/ZN (NAND2_X2)
                                         _28506_ (net)
                  0.01    0.00    1.27 v _48187_/A (BUF_X2)
    10   15.37    0.01    0.04    1.31 v _48187_/Z (BUF_X2)
                                         _28507_ (net)
                  0.01    0.00    1.31 v _48247_/B2 (OAI21_X1)
     2    3.30    0.03    0.04    1.35 ^ _48247_/ZN (OAI21_X1)
                                         _28567_ (net)
                  0.03    0.00    1.35 ^ _48248_/A (INV_X1)
     1    1.56    0.01    0.01    1.36 v _48248_/ZN (INV_X1)
                                         _28568_ (net)
                  0.01    0.00    1.36 v _48249_/B2 (OAI21_X1)
     2    2.61    0.02    0.04    1.40 ^ _48249_/ZN (OAI21_X1)
                                         _28569_ (net)
                  0.02    0.00    1.40 ^ _48250_/B1 (OAI21_X1)
     2    2.39    0.01    0.02    1.42 v _48250_/ZN (OAI21_X1)
                                         _28570_ (net)
                  0.01    0.00    1.42 v _48251_/B (MUX2_X1)
     1    1.55    0.01    0.06    1.47 v _48251_/Z (MUX2_X1)
                                         _28571_ (net)
                  0.01    0.00    1.47 v _48252_/A (INV_X1)
     2    3.34    0.01    0.02    1.49 ^ _48252_/ZN (INV_X1)
                                         _28572_ (net)
                  0.01    0.00    1.49 ^ _48253_/A2 (NAND2_X1)
     3    4.49    0.01    0.02    1.51 v _48253_/ZN (NAND2_X1)
                                         _28573_ (net)
                  0.01    0.00    1.51 v _48266_/A1 (NOR2_X1)
     2    3.36    0.02    0.03    1.55 ^ _48266_/ZN (NOR2_X1)
                                         _28586_ (net)
                  0.02    0.00    1.55 ^ _48267_/A (INV_X1)
     2    1.67    0.01    0.01    1.56 v _48267_/ZN (INV_X1)
                                         _28587_ (net)
                  0.01    0.00    1.56 v _48277_/A1 (OR2_X1)
     3    5.12    0.01    0.05    1.61 v _48277_/ZN (OR2_X1)
                                         _28597_ (net)
                  0.01    0.00    1.61 v _48280_/A1 (NOR2_X2)
     4    5.81    0.02    0.03    1.64 ^ _48280_/ZN (NOR2_X2)
                                         _28600_ (net)
                  0.02    0.00    1.64 ^ _48320_/A1 (NAND2_X1)
     4    5.90    0.02    0.03    1.66 v _48320_/ZN (NAND2_X1)
                                         _28636_ (net)
                  0.02    0.00    1.66 v _48334_/A1 (NOR2_X1)
     2    3.82    0.03    0.04    1.70 ^ _48334_/ZN (NOR2_X1)
                                         _28647_ (net)
                  0.03    0.00    1.70 ^ _48347_/A1 (NAND3_X1)
     1    2.18    0.01    0.02    1.72 v _48347_/ZN (NAND3_X1)
                                         _28657_ (net)
                  0.01    0.00    1.72 v _48348_/A (XOR2_X1)
     1    1.55    0.01    0.05    1.78 v _48348_/Z (XOR2_X1)
                                         _28658_ (net)
                  0.01    0.00    1.78 v _48349_/A (INV_X1)
     1    1.60    0.01    0.01    1.79 ^ _48349_/ZN (INV_X1)
                                         _28659_ (net)
                  0.01    0.00    1.79 ^ _48350_/A1 (NAND2_X1)
     1    0.00    0.01    0.01    1.80 v _48350_/ZN (NAND2_X1)
                                         cvt_blk_o[31] (net)
                  0.01    0.00    1.80 v cvt_blk_o[31] (out)
                                  1.80   data arrival time

                  0.00    4.00    4.00   clock core_clock (rise edge)
                          0.00    4.00   clock network delay (ideal)
                          0.00    4.00   clock reconvergence pessimism
                         -0.80    3.20   output external delay
                                  3.20   data required time
-----------------------------------------------------------------------------
                                  3.20   data required time
                                 -1.80   data arrival time
-----------------------------------------------------------------------------
                                  1.40   slack (MET)



==========================================================================
Post synthesis report_checks -unconstrained
--------------------------------------------------------------------------
Startpoint: cfg_e0_i[0] (input port clocked by core_clock)
Endpoint: cvt_blk_o[31] (output port clocked by core_clock)
Path Group: core_clock
Path Type: max

Fanout     Cap    Slew   Delay    Time   Description
-----------------------------------------------------------------------------
                  0.00    0.00    0.00   clock core_clock (rise edge)
                          0.00    0.00   clock network delay (ideal)
                          0.80    0.80 ^ input external delay
     2    1.95    0.00    0.00    0.80 ^ cfg_e0_i[0] (in)
                                         cfg_e0_i[0] (net)
                  0.00    0.00    0.80 ^ _60392_/A (BUF_X1)
     5   13.37    0.03    0.05    0.85 ^ _60392_/Z (BUF_X1)
                                         _06751_ (net)
                  0.03    0.00    0.85 ^ _60393_/A (BUF_X4)
    10   28.47    0.02    0.04    0.89 ^ _60393_/Z (BUF_X4)
                                         _06752_ (net)
                  0.02    0.00    0.89 ^ _60428_/A (BUF_X2)
    10   16.74    0.02    0.04    0.93 ^ _60428_/Z (BUF_X2)
                                         _06787_ (net)
                  0.02    0.00    0.93 ^ _60429_/A (BUF_X2)
    10   16.60    0.02    0.04    0.97 ^ _60429_/Z (BUF_X2)
                                         _06788_ (net)
                  0.02    0.00    0.97 ^ _60587_/A2 (NAND2_X1)
     1    1.50    0.01    0.02    0.99 v _60587_/ZN (NAND2_X1)
                                         _06946_ (net)
                  0.01    0.00    0.99 v _60588_/A2 (NAND2_X1)
     2    3.36    0.01    0.02    1.01 ^ _60588_/ZN (NAND2_X1)
                                         _06947_ (net)
                  0.01    0.00    1.01 ^ _60589_/A2 (NAND2_X1)
     3    4.79    0.01    0.02    1.03 v _60589_/ZN (NAND2_X1)
                                         _06948_ (net)
                  0.01    0.00    1.03 v _60590_/A2 (OR2_X1)
     2    3.26    0.01    0.05    1.08 v _60590_/ZN (OR2_X1)
                                         _06949_ (net)
                  0.01    0.00    1.08 v _60591_/A3 (OR3_X1)
     2    2.43    0.01    0.08    1.16 v _60591_/ZN (OR3_X1)
                                         _06950_ (net)
                  0.01    0.00    1.16 v _48181_/B (MUX2_X1)
     1    1.55    0.01    0.06    1.22 v _48181_/Z (MUX2_X1)
                                         _28501_ (net)
                  0.01    0.00    1.22 v _48182_/A (INV_X1)
     4    7.85    0.02    0.03    1.25 ^ _48182_/ZN (INV_X1)
                                         _28502_ (net)
                  0.02    0.00    1.25 ^ _48186_/A1 (NAND2_X2)
     5    8.38    0.01    0.02    1.27 v _48186_/ZN (NAND2_X2)
                                         _28506_ (net)
                  0.01    0.00    1.27 v _48187_/A (BUF_X2)
    10   15.37    0.01    0.04    1.31 v _48187_/Z (BUF_X2)
                                         _28507_ (net)
                  0.01    0.00    1.31 v _48247_/B2 (OAI21_X1)
     2    3.30    0.03    0.04    1.35 ^ _48247_/ZN (OAI21_X1)
                                         _28567_ (net)
                  0.03    0.00    1.35 ^ _48248_/A (INV_X1)
     1    1.56    0.01    0.01    1.36 v _48248_/ZN (INV_X1)
                                         _28568_ (net)
                  0.01    0.00    1.36 v _48249_/B2 (OAI21_X1)
     2    2.61    0.02    0.04    1.40 ^ _48249_/ZN (OAI21_X1)
                                         _28569_ (net)
                  0.02    0.00    1.40 ^ _48250_/B1 (OAI21_X1)
     2    2.39    0.01    0.02    1.42 v _48250_/ZN (OAI21_X1)
                                         _28570_ (net)
                  0.01    0.00    1.42 v _48251_/B (MUX2_X1)
     1    1.55    0.01    0.06    1.47 v _48251_/Z (MUX2_X1)
                                         _28571_ (net)
                  0.01    0.00    1.47 v _48252_/A (INV_X1)
     2    3.34    0.01    0.02    1.49 ^ _48252_/ZN (INV_X1)
                                         _28572_ (net)
                  0.01    0.00    1.49 ^ _48253_/A2 (NAND2_X1)
     3    4.49    0.01    0.02    1.51 v _48253_/ZN (NAND2_X1)
                                         _28573_ (net)
                  0.01    0.00    1.51 v _48266_/A1 (NOR2_X1)
     2    3.36    0.02    0.03    1.55 ^ _48266_/ZN (NOR2_X1)
                                         _28586_ (net)
                  0.02    0.00    1.55 ^ _48267_/A (INV_X1)
     2    1.67    0.01    0.01    1.56 v _48267_/ZN (INV_X1)
                                         _28587_ (net)
                  0.01    0.00    1.56 v _48277_/A1 (OR2_X1)
     3    5.12    0.01    0.05    1.61 v _48277_/ZN (OR2_X1)
                                         _28597_ (net)
                  0.01    0.00    1.61 v _48280_/A1 (NOR2_X2)
     4    5.81    0.02    0.03    1.64 ^ _48280_/ZN (NOR2_X2)
                                         _28600_ (net)
                  0.02    0.00    1.64 ^ _48320_/A1 (NAND2_X1)
     4    5.90    0.02    0.03    1.66 v _48320_/ZN (NAND2_X1)
                                         _28636_ (net)
                  0.02    0.00    1.66 v _48334_/A1 (NOR2_X1)
     2    3.82    0.03    0.04    1.70 ^ _48334_/ZN (NOR2_X1)
                                         _28647_ (net)
                  0.03    0.00    1.70 ^ _48347_/A1 (NAND3_X1)
     1    2.18    0.01    0.02    1.72 v _48347_/ZN (NAND3_X1)
                                         _28657_ (net)
                  0.01    0.00    1.72 v _48348_/A (XOR2_X1)
     1    1.55    0.01    0.05    1.78 v _48348_/Z (XOR2_X1)
                                         _28658_ (net)
                  0.01    0.00    1.78 v _48349_/A (INV_X1)
     1    1.60    0.01    0.01    1.79 ^ _48349_/ZN (INV_X1)
                                         _28659_ (net)
                  0.01    0.00    1.79 ^ _48350_/A1 (NAND2_X1)
     1    0.00    0.01    0.01    1.80 v _48350_/ZN (NAND2_X1)
                                         cvt_blk_o[31] (net)
                  0.01    0.00    1.80 v cvt_blk_o[31] (out)
                                  1.80   data arrival time

                  0.00    4.00    4.00   clock core_clock (rise edge)
                          0.00    4.00   clock network delay (ideal)
                          0.00    4.00   clock reconvergence pessimism
                         -0.80    3.20   output external delay
                                  3.20   data required time
-----------------------------------------------------------------------------
                                  3.20   data required time
                                 -1.80   data arrival time
-----------------------------------------------------------------------------
                                  1.40   slack (MET)



==========================================================================
Post synthesis report_power
--------------------------------------------------------------------------
Group                  Internal  Switching    Leakage      Total
                          Power      Power      Power      Power (Watts)
----------------------------------------------------------------
Sequential             4.82e-03   1.72e-04   1.67e-04   5.16e-03   3.1%
Combinational          7.57e-02   8.62e-02   9.59e-04   1.63e-01  96.9%
Clock                  0.00e+00   0.00e+00   0.00e+00   0.00e+00   0.0%
Macro                  0.00e+00   0.00e+00   0.00e+00   0.00e+00   0.0%
Pad                    0.00e+00   0.00e+00   0.00e+00   0.00e+00   0.0%
----------------------------------------------------------------
Total                  8.05e-02   8.63e-02   1.13e-03   1.68e-01 100.0%
                          47.9%      51.4%       0.7%
