
==========================================================================
Post synthesis report_tns
--------------------------------------------------------------------------
tns 0.00

==========================================================================
Post synthesis report_wns
--------------------------------------------------------------------------
wns 0.00

==========================================================================
Post synthesis report_worst_slack
--------------------------------------------------------------------------
worst slack 0.87

==========================================================================
Post synthesis report_checks -path_delay min
--------------------------------------------------------------------------
Startpoint: u_pcu.u_acc.entry[0][149]$_SDFFCE_PN0P_
            (rising edge-triggered flip-flop clocked by core_clock)
Endpoint: u_pcu.u_acc.entry[0][149]$_SDFFCE_PN0P_
          (rising edge-triggered flip-flop clocked by core_clock)
Path Group: core_clock
Path Type: min

Fanout     Cap    Slew   Delay    Time   Description
-----------------------------------------------------------------------------
                  0.00    0.00    0.00   clock core_clock (rise edge)
                          0.00    0.00   clock network delay (ideal)
                  0.00    0.00    0.00 ^ u_pcu.u_acc.entry[0][149]$_SDFFCE_PN0P_/CK (DFF_X1)
     3    4.61    0.01    0.08    0.08 v u_pcu.u_acc.entry[0][149]$_SDFFCE_PN0P_/Q (DFF_X1)
                                         u_pcu.u_acc.entry[0][149] (net)
                  0.01    0.00    0.08 v _52700_/A (INV_X1)
     1    1.66    0.01    0.01    0.10 ^ _52700_/ZN (INV_X1)
                                         _05551_ (net)
                  0.01    0.00    0.10 ^ _52701_/B1 (OAI21_X1)
     1    1.06    0.01    0.01    0.11 v _52701_/ZN (OAI21_X1)
                                         _01159_ (net)
                  0.01    0.00    0.11 v u_pcu.u_acc.entry[0][149]$_SDFFCE_PN0P_/D (DFF_X1)
                                  0.11   data arrival time

                  0.00    0.00    0.00   clock core_clock (rise edge)
                          0.00    0.00   clock network delay (ideal)
                          0.00    0.00   clock reconvergence pessimism
                                  0.00 ^ u_pcu.u_acc.entry[0][149]$_SDFFCE_PN0P_/CK (DFF_X1)
                          0.00    0.00   library hold time
                                  0.00   data required time
-----------------------------------------------------------------------------
                                  0.00   data required time
                                 -0.11   data arrival time
-----------------------------------------------------------------------------
                                  0.11   slack (MET)



==========================================================================
Post synthesis report_checks -path_delay max
--------------------------------------------------------------------------
Startpoint: a_q4_i[11] (input port clocked by core_clock)
Endpoint: u_pcu.g_row[0].g_pe[7].u_pe.psum_q[8]$_SDFFE_PN0P_
          (rising edge-triggered flip-flop clocked by core_clock)
Path Group: core_clock
Path Type: max

Fanout     Cap    Slew   Delay    Time   Description
-----------------------------------------------------------------------------
                  0.00    0.00    0.00   clock core_clock (rise edge)
                          0.00    0.00   clock network delay (ideal)
                          0.40    0.40 ^ input external delay
     1    6.59    0.00    0.00    0.40 ^ a_q4_i[11] (in)
                                         a_q4_i[11] (net)
                  0.00    0.00    0.40 ^ _72035_/A (BUF_X8)
     3   40.71    0.01    0.03    0.43 ^ _72035_/Z (BUF_X8)
                                         _21871_ (net)
                  0.01    0.00    0.43 ^ _72036_/A (BUF_X16)
    10   39.07    0.01    0.03    0.45 ^ _72036_/Z (BUF_X16)
                                         _21872_ (net)
                  0.01    0.00    0.45 ^ _90796_/A1 (NAND2_X1)
     3    6.30    0.02    0.02    0.47 v _90796_/ZN (NAND2_X1)
                                         _40341_ (net)
                  0.02    0.00    0.47 v _90797_/A2 (NOR2_X2)
     3    5.03    0.02    0.03    0.51 ^ _90797_/ZN (NOR2_X2)
                                         _40342_ (net)
                  0.02    0.00    0.51 ^ _90798_/A (INV_X1)
     1    1.50    0.01    0.01    0.52 v _90798_/ZN (INV_X1)
                                         _40343_ (net)
                  0.01    0.00    0.52 v _90799_/A2 (NAND2_X1)
     2    3.36    0.01    0.02    0.54 ^ _90799_/ZN (NAND2_X1)
                                         _40344_ (net)
                  0.01    0.00    0.54 ^ _90800_/A (INV_X1)
     2    3.00    0.01    0.01    0.55 v _90800_/ZN (INV_X1)
                                         _40345_ (net)
                  0.01    0.00    0.55 v _90801_/A2 (NAND2_X1)
     1    1.60    0.01    0.01    0.56 ^ _90801_/ZN (NAND2_X1)
                                         _40346_ (net)
                  0.01    0.00    0.56 ^ _90806_/A1 (NAND2_X1)
     2    5.33    0.01    0.02    0.58 v _90806_/ZN (NAND2_X1)
                                         _40351_ (net)
                  0.01    0.00    0.58 v _90893_/A1 (NAND2_X1)
     1    1.60    0.01    0.02    0.60 ^ _90893_/ZN (NAND2_X1)
                                         _40437_ (net)
                  0.01    0.00    0.60 ^ _90895_/A1 (NAND2_X1)
     2    2.32    0.01    0.01    0.61 v _90895_/ZN (NAND2_X1)
                                         _40439_ (net)
                  0.01    0.00    0.61 v _90902_/A1 (OR2_X1)
     2    3.02    0.01    0.05    0.66 v _90902_/ZN (OR2_X1)
                                         _40446_ (net)
                  0.01    0.00    0.66 v _90904_/A1 (NAND2_X1)
     1    2.23    0.01    0.02    0.68 ^ _90904_/ZN (NAND2_X1)
                                         _40448_ (net)
                  0.01    0.00    0.68 ^ _90906_/A (XNOR2_X1)
     3    4.89    0.03    0.05    0.72 ^ _90906_/ZN (XNOR2_X1)
                                         _40450_ (net)
                  0.03    0.00    0.72 ^ _90986_/A1 (NAND2_X1)
     1    1.42    0.01    0.02    0.74 v _90986_/ZN (NAND2_X1)
                                         _40529_ (net)
                  0.01    0.00    0.74 v _90987_/A1 (OR2_X2)
     2    3.03    0.01    0.04    0.78 v _90987_/ZN (OR2_X2)
                                         _40530_ (net)
                  0.01    0.00    0.78 v _91033_/A1 (NAND2_X1)
     4    6.56    0.02    0.03    0.81 ^ _91033_/ZN (NAND2_X1)
                                         _40575_ (net)
                  0.02    0.00    0.81 ^ _91034_/A (INV_X1)
     1    1.50    0.01    0.01    0.82 v _91034_/ZN (INV_X1)
                                         _40576_ (net)
                  0.01    0.00    0.82 v _91035_/A2 (NAND2_X1)
     1    1.60    0.01    0.02    0.83 ^ _91035_/ZN (NAND2_X1)
                                         _40577_ (net)
                  0.01    0.00    0.83 ^ _91037_/A1 (NAND2_X1)
     2    3.05    0.01    0.02    0.85 v _91037_/ZN (NAND2_X1)
                                         _40579_ (net)
                  0.01    0.00    0.85 v _91038_/A (INV_X1)
     1    3.45    0.01    0.02    0.87 ^ _91038_/ZN (INV_X1)
                                         _40580_ (net)
                  0.01    0.00    0.87 ^ _91039_/A2 (NAND2_X2)
     3    4.62    0.01    0.02    0.88 v _91039_/ZN (NAND2_X2)
                                         _40581_ (net)
                  0.01    0.00    0.88 v _91041_/A1 (NAND2_X1)
     1    1.60    0.01    0.01    0.89 ^ _91041_/ZN (NAND2_X1)
                                         _40583_ (net)
                  0.01    0.00    0.89 ^ _91045_/A1 (NAND2_X1)
     1    1.53    0.01    0.01    0.91 v _91045_/ZN (NAND2_X1)
                                         _40587_ (net)
                  0.01    0.00    0.91 v _91047_/A1 (NAND2_X1)
     2    6.35    0.02    0.02    0.93 ^ _91047_/ZN (NAND2_X1)
                                         _40589_ (net)
                  0.02    0.00    0.93 ^ _91051_/A1 (NOR2_X2)
     2    4.50    0.01    0.01    0.94 v _91051_/ZN (NOR2_X2)
                                         _40593_ (net)
                  0.01    0.00    0.94 v _91052_/A (INV_X2)
     1    3.05    0.01    0.01    0.95 ^ _91052_/ZN (INV_X2)
                                         _40594_ (net)
                  0.01    0.00    0.95 ^ _91054_/A1 (NAND2_X2)
     4    7.63    0.01    0.02    0.97 v _91054_/ZN (NAND2_X2)
                                         _40596_ (net)
                  0.01    0.00    0.97 v _91062_/A2 (NOR2_X2)
     2    4.72    0.02    0.03    1.00 ^ _91062_/ZN (NOR2_X2)
                                         _40603_ (net)
                  0.02    0.00    1.00 ^ _91067_/A1 (NAND3_X1)
     2    3.03    0.01    0.02    1.03 v _91067_/ZN (NAND3_X1)
                                         _40608_ (net)
                  0.01    0.00    1.03 v _91068_/A2 (NAND2_X1)
     1    1.60    0.01    0.02    1.05 ^ _91068_/ZN (NAND2_X1)
                                         _40609_ (net)
                  0.01    0.00    1.05 ^ _91078_/A1 (NAND2_X1)
     1    1.53    0.01    0.01    1.06 v _91078_/ZN (NAND2_X1)
                                         _40619_ (net)
                  0.01    0.00    1.06 v _91080_/A1 (NAND2_X1)
     1    3.13    0.01    0.02    1.08 ^ _91080_/ZN (NAND2_X1)
                                         _40621_ (net)
                  0.01    0.00    1.08 ^ _91082_/B1 (AOI21_X2)
     1    1.06    0.01    0.01    1.09 v _91082_/ZN (AOI21_X2)
                                         _00559_ (net)
                  0.01    0.00    1.09 v u_pcu.g_row[0].g_pe[7].u_pe.psum_q[8]$_SDFFE_PN0P_/D (DFF_X1)
                                  1.09   data arrival time

                  0.00    2.00    2.00   clock core_clock (rise edge)
                          0.00    2.00   clock network delay (ideal)
                          0.00    2.00   clock reconvergence pessimism
                                  2.00 ^ u_pcu.g_row[0].g_pe[7].u_pe.psum_q[8]$_SDFFE_PN0P_/CK (DFF_X1)
                         -0.04    1.96   library setup time
                                  1.96   data required time
-----------------------------------------------------------------------------
                                  1.96   data required time
                                 -1.09   data arrival time
-----------------------------------------------------------------------------
                                  0.87   slack (MET)



==========================================================================
Post synthesis report_checks -unconstrained
--------------------------------------------------------------------------
Startpoint: a_q4_i[11] (input port clocked by core_clock)
Endpoint: u_pcu.g_row[0].g_pe[7].u_pe.psum_q[8]$_SDFFE_PN0P_
          (rising edge-triggered flip-flop clocked by core_clock)
Path Group: core_clock
Path Type: max

Fanout     Cap    Slew   Delay    Time   Description
-----------------------------------------------------------------------------
                  0.00    0.00    0.00   clock core_clock (rise edge)
                          0.00    0.00   clock network delay (ideal)
                          0.40    0.40 ^ input external delay
     1    6.59    0.00    0.00    0.40 ^ a_q4_i[11] (in)
                                         a_q4_i[11] (net)
                  0.00    0.00    0.40 ^ _72035_/A (BUF_X8)
     3   40.71    0.01    0.03    0.43 ^ _72035_/Z (BUF_X8)
                                         _21871_ (net)
                  0.01    0.00    0.43 ^ _72036_/A (BUF_X16)
    10   39.07    0.01    0.03    0.45 ^ _72036_/Z (BUF_X16)
                                         _21872_ (net)
                  0.01    0.00    0.45 ^ _90796_/A1 (NAND2_X1)
     3    6.30    0.02    0.02    0.47 v _90796_/ZN (NAND2_X1)
                                         _40341_ (net)
                  0.02    0.00    0.47 v _90797_/A2 (NOR2_X2)
     3    5.03    0.02    0.03    0.51 ^ _90797_/ZN (NOR2_X2)
                                         _40342_ (net)
                  0.02    0.00    0.51 ^ _90798_/A (INV_X1)
     1    1.50    0.01    0.01    0.52 v _90798_/ZN (INV_X1)
                                         _40343_ (net)
                  0.01    0.00    0.52 v _90799_/A2 (NAND2_X1)
     2    3.36    0.01    0.02    0.54 ^ _90799_/ZN (NAND2_X1)
                                         _40344_ (net)
                  0.01    0.00    0.54 ^ _90800_/A (INV_X1)
     2    3.00    0.01    0.01    0.55 v _90800_/ZN (INV_X1)
                                         _40345_ (net)
                  0.01    0.00    0.55 v _90801_/A2 (NAND2_X1)
     1    1.60    0.01    0.01    0.56 ^ _90801_/ZN (NAND2_X1)
                                         _40346_ (net)
                  0.01    0.00    0.56 ^ _90806_/A1 (NAND2_X1)
     2    5.33    0.01    0.02    0.58 v _90806_/ZN (NAND2_X1)
                                         _40351_ (net)
                  0.01    0.00    0.58 v _90893_/A1 (NAND2_X1)
     1    1.60    0.01    0.02    0.60 ^ _90893_/ZN (NAND2_X1)
                                         _40437_ (net)
                  0.01    0.00    0.60 ^ _90895_/A1 (NAND2_X1)
     2    2.32    0.01    0.01    0.61 v _90895_/ZN (NAND2_X1)
                                         _40439_ (net)
                  0.01    0.00    0.61 v _90902_/A1 (OR2_X1)
     2    3.02    0.01    0.05    0.66 v _90902_/ZN (OR2_X1)
                                         _40446_ (net)
                  0.01    0.00    0.66 v _90904_/A1 (NAND2_X1)
     1    2.23    0.01    0.02    0.68 ^ _90904_/ZN (NAND2_X1)
                                         _40448_ (net)
                  0.01    0.00    0.68 ^ _90906_/A (XNOR2_X1)
     3    4.89    0.03    0.05    0.72 ^ _90906_/ZN (XNOR2_X1)
                                         _40450_ (net)
                  0.03    0.00    0.72 ^ _90986_/A1 (NAND2_X1)
     1    1.42    0.01    0.02    0.74 v _90986_/ZN (NAND2_X1)
                                         _40529_ (net)
                  0.01    0.00    0.74 v _90987_/A1 (OR2_X2)
     2    3.03    0.01    0.04    0.78 v _90987_/ZN (OR2_X2)
                                         _40530_ (net)
                  0.01    0.00    0.78 v _91033_/A1 (NAND2_X1)
     4    6.56    0.02    0.03    0.81 ^ _91033_/ZN (NAND2_X1)
                                         _40575_ (net)
                  0.02    0.00    0.81 ^ _91034_/A (INV_X1)
     1    1.50    0.01    0.01    0.82 v _91034_/ZN (INV_X1)
                                         _40576_ (net)
                  0.01    0.00    0.82 v _91035_/A2 (NAND2_X1)
     1    1.60    0.01    0.02    0.83 ^ _91035_/ZN (NAND2_X1)
                                         _40577_ (net)
                  0.01    0.00    0.83 ^ _91037_/A1 (NAND2_X1)
     2    3.05    0.01    0.02    0.85 v _91037_/ZN (NAND2_X1)
                                         _40579_ (net)
                  0.01    0.00    0.85 v _91038_/A (INV_X1)
     1    3.45    0.01    0.02    0.87 ^ _91038_/ZN (INV_X1)
                                         _40580_ (net)
                  0.01    0.00    0.87 ^ _91039_/A2 (NAND2_X2)
     3    4.62    0.01    0.02    0.88 v _91039_/ZN (NAND2_X2)
                                         _40581_ (net)
                  0.01    0.00    0.88 v _91041_/A1 (NAND2_X1)
     1    1.60    0.01    0.01    0.89 ^ _91041_/ZN (NAND2_X1)
                                         _40583_ (net)
                  0.01    0.00    0.89 ^ _91045_/A1 (NAND2_X1)
     1    1.53    0.01    0.01    0.91 v _91045_/ZN (NAND2_X1)
                                         _40587_ (net)
                  0.01    0.00    0.91 v _91047_/A1 (NAND2_X1)
     2    6.35    0.02    0.02    0.93 ^ _91047_/ZN (NAND2_X1)
                                         _40589_ (net)
                  0.02    0.00    0.93 ^ _91051_/A1 (NOR2_X2)
     2    4.50    0.01    0.01    0.94 v _91051_/ZN (NOR2_X2)
                                         _40593_ (net)
                  0.01    0.00    0.94 v _91052_/A (INV_X2)
     1    3.05    0.01    0.01    0.95 ^ _91052_/ZN (INV_X2)
                                         _40594_ (net)
                  0.01    0.00    0.95 ^ _91054_/A1 (NAND2_X2)
     4    7.63    0.01    0.02    0.97 v _91054_/ZN (NAND2_X2)
                                         _40596_ (net)
                  0.01    0.00    0.97 v _91062_/A2 (NOR2_X2)
     2    4.72    0.02    0.03    1.00 ^ _91062_/ZN (NOR2_X2)
                                         _40603_ (net)
                  0.02    0.00    1.00 ^ _91067_/A1 (NAND3_X1)
     2    3.03    0.01    0.02    1.03 v _91067_/ZN (NAND3_X1)
                                         _40608_ (net)
                  0.01    0.00    1.03 v _91068_/A2 (NAND2_X1)
     1    1.60    0.01    0.02    1.05 ^ _91068_/ZN (NAND2_X1)
                                         _40609_ (net)
                  0.01    0.00    1.05 ^ _91078_/A1 (NAND2_X1)
     1    1.53    0.01    0.01    1.06 v _91078_/ZN (NAND2_X1)
                                         _40619_ (net)
                  0.01    0.00    1.06 v _91080_/A1 (NAND2_X1)
     1    3.13    0.01    0.02    1.08 ^ _91080_/ZN (NAND2_X1)
                                         _40621_ (net)
                  0.01    0.00    1.08 ^ _91082_/B1 (AOI21_X2)
     1    1.06    0.01    0.01    1.09 v _91082_/ZN (AOI21_X2)
                                         _00559_ (net)
                  0.01    0.00    1.09 v u_pcu.g_row[0].g_pe[7].u_pe.psum_q[8]$_SDFFE_PN0P_/D (DFF_X1)
                                  1.09   data arrival time

                  0.00    2.00    2.00   clock core_clock (rise edge)
                          0.00    2.00   clock network delay (ideal)
                          0.00    2.00   clock reconvergence pessimism
                                  2.00 ^ u_pcu.g_row[0].g_pe[7].u_pe.psum_q[8]$_SDFFE_PN0P_/CK (DFF_X1)
                         -0.04    1.96   library setup time
                                  1.96   data required time
-----------------------------------------------------------------------------
                                  1.96   data required time
                                 -1.09   data arrival time
-----------------------------------------------------------------------------
                                  0.87   slack (MET)



==========================================================================
Post synthesis report_power
--------------------------------------------------------------------------
Group                  Internal  Switching    Leakage      Total
                          Power      Power      Power      Power (Watts)
----------------------------------------------------------------
Sequential             1.38e-02   4.98e-04   3.01e-04   1.46e-02  41.5%
Combinational          9.51e-03   9.92e-03   1.21e-03   2.06e-02  58.5%
Clock                  0.00e+00   0.00e+00   0.00e+00   0.00e+00   0.0%
Macro                  0.00e+00   0.00e+00   0.00e+00   0.00e+00   0.0%
Pad                    0.00e+00   0.00e+00   0.00e+00   0.00e+00   0.0%
----------------------------------------------------------------
Total                  2.33e-02   1.04e-02   1.51e-03   3.53e-02 100.0%
                          66.2%      29.5%       4.3%
