
==========================================================================
Post synthesis report_tns
--------------------------------------------------------------------------
tns 0.00

==========================================================================
Post synthesis report_wns
--------------------------------------------------------------------------
wns 0.00

==========================================================================
Post synthesis report_worst_slack
--------------------------------------------------------------------------
worst slack 1.11

==========================================================================
Post synthesis report_checks -path_delay min
--------------------------------------------------------------------------
Startpoint: u_pcu.sticky_q[0]$_SDFF_PP0_
            (rising edge-triggered flip-flop clocked by core_clock)
Endpoint: u_pcu.sticky_q[0]$_SDFF_PP0_
          (rising edge-triggered flip-flop clocked by core_clock)
Path Group: core_clock
Path Type: min

Fanout     Cap    Slew   Delay    Time   Description
-----------------------------------------------------------------------------
                  0.00    0.00    0.00   clock core_clock (rise edge)
                          0.00    0.00   clock network delay (ideal)
                  0.00    0.00    0.00 ^ u_pcu.sticky_q[0]$_SDFF_PP0_/CK (DFF_X1)
     2    1.55    0.01    0.08    0.08 v u_pcu.sticky_q[0]$_SDFF_PP0_/Q (DFF_X1)
                                         status_sticky_o[0] (net)
                  0.01    0.00    0.08 v _65441_/A (INV_X1)
     1    1.68    0.01    0.01    0.09 ^ _65441_/ZN (INV_X1)
                                         _10290_ (net)
                  0.01    0.00    0.09 ^ _65442_/B2 (AOI21_X1)
     1    1.06    0.01    0.01    0.10 v _65442_/ZN (AOI21_X1)
                                         _00257_ (net)
                  0.01    0.00    0.10 v u_pcu.sticky_q[0]$_SDFF_PP0_/D (DFF_X1)
                                  0.10   data arrival time

                  0.00    0.00    0.00   clock core_clock (rise edge)
                          0.00    0.00   clock network delay (ideal)
                          0.00    0.00   clock reconvergence pessimism
                                  0.00 ^ u_pcu.sticky_q[0]$_SDFF_PP0_/CK (DFF_X1)
                          0.00    0.00   library hold time
                                  0.00   data required time
-----------------------------------------------------------------------------
                                  0.00   data required time
                                 -0.10   data arrival time
-----------------------------------------------------------------------------
                                  0.10   slack (MET)



==========================================================================
Post synthesis report_checks -path_delay max
--------------------------------------------------------------------------
Startpoint: wr_fp16_i[221] (input port clocked by core_clock)
Endpoint: cvt_blk_o[101] (output port clocked by core_clock)
Path Group: core_clock
Path Type: max

Fanout     Cap    Slew   Delay    Time   Description
-----------------------------------------------------------------------------
                  0.00    0.00    0.00   clock core_clock (rise edge)
                          0.00    0.00   clock network delay (ideal)
                          0.80    0.80 ^ input external delay
     1    1.78    0.00    0.00    0.80 ^ wr_fp16_i[221] (in)
                                         wr_fp16_i[221] (net)
                  0.00    0.00    0.80 ^ _46922_/A (BUF_X2)
     5   13.38    0.02    0.03    0.83 ^ _46922_/Z (BUF_X2)
                                         _24138_ (net)
                  0.02    0.00    0.83 ^ _46938_/A (INV_X2)
     2    4.43    0.01    0.01    0.84 v _46938_/ZN (INV_X2)
                                         _24154_ (net)
                  0.01    0.00    0.84 v _46939_/A1 (NAND2_X2)
     2    3.24    0.01    0.01    0.85 ^ _46939_/ZN (NAND2_X2)
                                         _24155_ (net)
                  0.01    0.00    0.85 ^ _46940_/A2 (NAND2_X1)
     1    3.18    0.01    0.02    0.87 v _46940_/ZN (NAND2_X1)
                                         _24156_ (net)
                  0.01    0.00    0.87 v _46941_/A2 (NOR2_X2)
     2    2.62    0.01    0.03    0.90 ^ _46941_/ZN (NOR2_X2)
                                         _24157_ (net)
                  0.01    0.00    0.90 ^ _46942_/A (INV_X1)
     1    5.59    0.01    0.01    0.91 v _46942_/ZN (INV_X1)
                                         _24158_ (net)
                  0.01    0.00    0.91 v _46946_/A1 (NOR2_X4)
     2    5.22    0.01    0.02    0.93 ^ _46946_/ZN (NOR2_X4)
                                         _24162_ (net)
                  0.01    0.00    0.93 ^ _46948_/A2 (NAND2_X1)
     1    2.93    0.01    0.02    0.95 v _46948_/ZN (NAND2_X1)
                                         _24164_ (net)
                  0.01    0.00    0.95 v _46957_/A1 (NAND2_X2)
     6   11.49    0.02    0.02    0.97 ^ _46957_/ZN (NAND2_X2)
                                         _24173_ (net)
                  0.02    0.00    0.97 ^ _46958_/A2 (NAND2_X2)
     3    5.99    0.01    0.02    0.99 v _46958_/ZN (NAND2_X2)
                                         _24174_ (net)
                  0.01    0.00    0.99 v _47028_/A1 (NAND2_X1)
     1    1.60    0.01    0.01    1.01 ^ _47028_/ZN (NAND2_X1)
                                         _24244_ (net)
                  0.01    0.00    1.01 ^ _47030_/A1 (NAND2_X1)
     3    4.49    0.01    0.02    1.03 v _47030_/ZN (NAND2_X1)
                                         _24246_ (net)
                  0.01    0.00    1.03 v _47034_/A1 (NAND2_X1)
     2    5.12    0.02    0.02    1.05 ^ _47034_/ZN (NAND2_X1)
                                         _24250_ (net)
                  0.02    0.00    1.05 ^ _47052_/A2 (NAND2_X2)
     1    6.34    0.01    0.02    1.07 v _47052_/ZN (NAND2_X2)
                                         _24268_ (net)
                  0.01    0.00    1.07 v _47053_/A2 (NOR2_X4)
     2   10.36    0.02    0.03    1.10 ^ _47053_/ZN (NOR2_X4)
                                         _24269_ (net)
                  0.02    0.00    1.10 ^ _47054_/A2 (NAND2_X2)
     1    5.62    0.01    0.02    1.12 v _47054_/ZN (NAND2_X2)
                                         _24270_ (net)
                  0.01    0.00    1.12 v _47055_/A2 (NAND2_X4)
     6   13.91    0.01    0.02    1.15 ^ _47055_/ZN (NAND2_X4)
                                         _24271_ (net)
                  0.01    0.00    1.15 ^ _47058_/A1 (NAND2_X4)
     5   13.24    0.01    0.02    1.16 v _47058_/ZN (NAND2_X4)
                                         _24274_ (net)
                  0.01    0.00    1.16 v _47218_/A1 (NAND2_X2)
     1    3.05    0.01    0.01    1.18 ^ _47218_/ZN (NAND2_X2)
                                         _24434_ (net)
                  0.01    0.00    1.18 ^ _47221_/A1 (NAND2_X2)
     3    7.37    0.01    0.02    1.20 v _47221_/ZN (NAND2_X2)
                                         _24437_ (net)
                  0.01    0.00    1.20 v _47260_/A1 (NAND2_X1)
     1    1.66    0.01    0.01    1.21 ^ _47260_/ZN (NAND2_X1)
                                         _24476_ (net)
                  0.01    0.00    1.21 ^ _47261_/A2 (NAND2_X1)
     1    6.34    0.01    0.02    1.23 v _47261_/ZN (NAND2_X1)
                                         _24477_ (net)
                  0.01    0.00    1.23 v _47262_/A2 (NOR2_X4)
     2    6.74    0.02    0.03    1.26 ^ _47262_/ZN (NOR2_X4)
                                         _24478_ (net)
                  0.02    0.00    1.26 ^ _47263_/A2 (NAND2_X2)
     1    5.62    0.01    0.02    1.28 v _47263_/ZN (NAND2_X2)
                                         _24479_ (net)
                  0.01    0.00    1.28 v _47264_/A2 (NAND2_X4)
     4   10.73    0.01    0.02    1.30 ^ _47264_/ZN (NAND2_X4)
                                         _24480_ (net)
                  0.01    0.00    1.30 ^ _47292_/A1 (NAND3_X1)
     1    5.62    0.02    0.03    1.33 v _47292_/ZN (NAND3_X1)
                                         _24508_ (net)
                  0.02    0.00    1.33 v _47293_/A2 (NAND2_X4)
     3   12.90    0.01    0.03    1.36 ^ _47293_/ZN (NAND2_X4)
                                         _24509_ (net)
                  0.01    0.00    1.36 ^ _47297_/A (INV_X2)
     2   11.23    0.01    0.02    1.37 v _47297_/ZN (INV_X2)
                                         _24513_ (net)
                  0.01    0.00    1.37 v _47298_/A2 (NAND2_X4)
     2    4.72    0.01    0.02    1.39 ^ _47298_/ZN (NAND2_X4)
                                         _24514_ (net)
                  0.01    0.00    1.39 ^ _47316_/A1 (NAND2_X2)
     1    6.34    0.01    0.02    1.40 v _47316_/ZN (NAND2_X2)
                                         _24532_ (net)
                  0.01    0.00    1.40 v _47317_/A2 (NOR2_X4)
     2   10.36    0.02    0.03    1.44 ^ _47317_/ZN (NOR2_X4)
                                         _24533_ (net)
                  0.02    0.00    1.44 ^ _47318_/A2 (NAND2_X2)
     1    5.62    0.01    0.02    1.46 v _47318_/ZN (NAND2_X2)
                                         _24534_ (net)
                  0.01    0.00    1.46 v _47319_/A2 (NAND2_X4)
     7   16.88    0.02    0.03    1.48 ^ _47319_/ZN (NAND2_X4)
                                         _24535_ (net)
                  0.02    0.00    1.48 ^ _47347_/A1 (NAND3_X1)
     2    7.03    0.02    0.04    1.52 v _47347_/ZN (NAND3_X1)
                                         _24561_ (net)
                  0.02    0.00    1.52 v _47348_/A2 (NAND2_X4)
     9   49.20    0.03    0.05    1.57 ^ _47348_/ZN (NAND2_X4)
                                         _24562_ (net)
                  0.03    0.00    1.57 ^ _47349_/A (BUF_X16)
    10   56.81    0.01    0.03    1.60 ^ _47349_/Z (BUF_X16)
                                         _24563_ (net)
                  0.01    0.00    1.60 ^ _47546_/A1 (NOR2_X4)
     3    8.55    0.01    0.01    1.61 v _47546_/ZN (NOR2_X4)
                                         _24757_ (net)
                  0.01    0.00    1.61 v _47565_/A1 (NOR2_X4)
     3    6.95    0.02    0.02    1.63 ^ _47565_/ZN (NOR2_X4)
                                         _24776_ (net)
                  0.02    0.00    1.63 ^ _47567_/A (XNOR2_X1)
     1    1.70    0.02    0.04    1.67 ^ _47567_/ZN (XNOR2_X1)
                                         _24778_ (net)
                  0.02    0.00    1.67 ^ _47568_/A (INV_X1)
     1    2.93    0.01    0.01    1.68 v _47568_/ZN (INV_X1)
                                         _24779_ (net)
                  0.01    0.00    1.68 v _47571_/A1 (NAND2_X2)
     4   17.96    0.03    0.03    1.72 ^ _47571_/ZN (NAND2_X2)
                                         _24782_ (net)
                  0.03    0.00    1.72 ^ _47574_/A1 (NOR2_X4)
     2    7.74    0.01    0.01    1.73 v _47574_/ZN (NOR2_X4)
                                         _24785_ (net)
                  0.01    0.00    1.73 v _47582_/B1 (AOI21_X4)
     2    6.38    0.02    0.03    1.75 ^ _47582_/ZN (AOI21_X4)
                                         _24793_ (net)
                  0.02    0.00    1.75 ^ _47583_/A (BUF_X4)
    10   20.30    0.01    0.03    1.79 ^ _47583_/Z (BUF_X4)
                                         _24794_ (net)
                  0.01    0.00    1.79 ^ _47587_/A1 (NAND3_X4)
     3   10.17    0.02    0.02    1.81 v _47587_/ZN (NAND3_X4)
                                         _24798_ (net)
                  0.02    0.00    1.81 v _47590_/A (BUF_X8)
    10   15.29    0.01    0.03    1.84 v _47590_/Z (BUF_X8)
                                         _24801_ (net)
                  0.01    0.00    1.84 v _47688_/A1 (NAND2_X1)
     2    3.30    0.01    0.02    1.85 ^ _47688_/ZN (NAND2_X1)
                                         _24899_ (net)
                  0.01    0.00    1.85 ^ _47689_/A3 (NAND3_X1)
     2    3.02    0.01    0.03    1.88 v _47689_/ZN (NAND3_X1)
                                         _24900_ (net)
                  0.01    0.00    1.88 v _47690_/A2 (NAND2_X1)
     2    3.31    0.01    0.02    1.90 ^ _47690_/ZN (NAND2_X1)
                                         _24901_ (net)
                  0.01    0.00    1.90 ^ _47691_/A3 (NAND3_X1)
     2    3.06    0.02    0.03    1.93 v _47691_/ZN (NAND3_X1)
                                         _24902_ (net)
                  0.02    0.00    1.93 v _47694_/A1 (NAND2_X1)
     2    5.07    0.02    0.03    1.95 ^ _47694_/ZN (NAND2_X1)
                                         _24905_ (net)
                  0.02    0.00    1.95 ^ _47695_/A2 (NAND2_X2)
     3   11.07    0.01    0.02    1.98 v _47695_/ZN (NAND2_X2)
                                         _24906_ (net)
                  0.01    0.00    1.98 v _47696_/A (INV_X1)
     2    3.89    0.01    0.02    2.00 ^ _47696_/ZN (INV_X1)
                                         _24907_ (net)
                  0.01    0.00    2.00 ^ _47705_/A1 (AND2_X2)
     2    5.00    0.01    0.03    2.03 ^ _47705_/ZN (AND2_X2)
                                         _24916_ (net)
                  0.01    0.00    2.03 ^ _47716_/A2 (NAND3_X2)
     7   10.57    0.02    0.03    2.06 v _47716_/ZN (NAND3_X2)
                                         _24927_ (net)
                  0.02    0.00    2.06 v _47722_/A (OAI21_X1)
     1    0.00    0.01    0.02    2.09 ^ _47722_/ZN (OAI21_X1)
                                         cvt_blk_o[101] (net)
                  0.01    0.00    2.09 ^ cvt_blk_o[101] (out)
                                  2.09   data arrival time

                  0.00    4.00    4.00   clock core_clock (rise edge)
                          0.00    4.00   clock network delay (ideal)
                          0.00    4.00   clock reconvergence pessimism
                         -0.80    3.20   output external delay
                                  3.20   data required time
-----------------------------------------------------------------------------
                                  3.20   data required time
                                 -2.09   data arrival time
-----------------------------------------------------------------------------
                                  1.11   slack (MET)



==========================================================================
Post synthesis report_checks -unconstrained
--------------------------------------------------------------------------
Startpoint: wr_fp16_i[221] (input port clocked by core_clock)
Endpoint: cvt_blk_o[101] (output port clocked by core_clock)
Path Group: core_clock
Path Type: max

Fanout     Cap    Slew   Delay    Time   Description
-----------------------------------------------------------------------------
                  0.00    0.00    0.00   clock core_clock (rise edge)
                          0.00    0.00   clock network delay (ideal)
                          0.80    0.80 ^ input external delay
     1    1.78    0.00    0.00    0.80 ^ wr_fp16_i[221] (in)
                                         wr_fp16_i[221] (net)
                  0.00    0.00    0.80 ^ _46922_/A (BUF_X2)
     5   13.38    0.02    0.03    0.83 ^ _46922_/Z (BUF_X2)
                                         _24138_ (net)
                  0.02    0.00    0.83 ^ _46938_/A (INV_X2)
     2    4.43    0.01    0.01    0.84 v _46938_/ZN (INV_X2)
                                         _24154_ (net)
                  0.01    0.00    0.84 v _46939_/A1 (NAND2_X2)
     2    3.24    0.01    0.01    0.85 ^ _46939_/ZN (NAND2_X2)
                                         _24155_ (net)
                  0.01    0.00    0.85 ^ _46940_/A2 (NAND2_X1)
     1    3.18    0.01    0.02    0.87 v _46940_/ZN (NAND2_X1)
                                         _24156_ (net)
                  0.01    0.00    0.87 v _46941_/A2 (NOR2_X2)
     2    2.62    0.01    0.03    0.90 ^ _46941_/ZN (NOR2_X2)
                                         _24157_ (net)
                  0.01    0.00    0.90 ^ _46942_/A (INV_X1)
     1    5.59    0.01    0.01    0.91 v _46942_/ZN (INV_X1)
                                         _24158_ (net)
                  0.01    0.00    0.91 v _46946_/A1 (NOR2_X4)
     2    5.22    0.01    0.02    0.93 ^ _46946_/ZN (NOR2_X4)
                                         _24162_ (net)
                  0.01    0.00    0.93 ^ _46948_/A2 (NAND2_X1)
     1    2.93    0.01    0.02    0.95 v _46948_/ZN (NAND2_X1)
                                         _24164_ (net)
                  0.01    0.00    0.95 v _46957_/A1 (NAND2_X2)
     6   11.49    0.02    0.02    0.97 ^ _46957_/ZN (NAND2_X2)
                                         _24173_ (net)
                  0.02    0.00    0.97 ^ _46958_/A2 (NAND2_X2)
     3    5.99    0.01    0.02    0.99 v _46958_/ZN (NAND2_X2)
                                         _24174_ (net)
                  0.01    0.00    0.99 v _47028_/A1 (NAND2_X1)
     1    1.60    0.01    0.01    1.01 ^ _47028_/ZN (NAND2_X1)
                                         _24244_ (net)
                  0.01    0.00    1.01 ^ _47030_/A1 (NAND2_X1)
     3    4.49    0.01    0.02    1.03 v _47030_/ZN (NAND2_X1)
                                         _24246_ (net)
                  0.01    0.00    1.03 v _47034_/A1 (NAND2_X1)
     2    5.12    0.02    0.02    1.05 ^ _47034_/ZN (NAND2_X1)
                                         _24250_ (net)
                  0.02    0.00    1.05 ^ _47052_/A2 (NAND2_X2)
     1    6.34    0.01    0.02    1.07 v _47052_/ZN (NAND2_X2)
                                         _24268_ (net)
                  0.01    0.00    1.07 v _47053_/A2 (NOR2_X4)
     2   10.36    0.02    0.03    1.10 ^ _47053_/ZN (NOR2_X4)
                                         _24269_ (net)
                  0.02    0.00    1.10 ^ _47054_/A2 (NAND2_X2)
     1    5.62    0.01    0.02    1.12 v _47054_/ZN (NAND2_X2)
                                         _24270_ (net)
                  0.01    0.00    1.12 v _47055_/A2 (NAND2_X4)
     6   13.91    0.01    0.02    1.15 ^ _47055_/ZN (NAND2_X4)
                                         _24271_ (net)
                  0.01    0.00    1.15 ^ _47058_/A1 (NAND2_X4)
     5   13.24    0.01    0.02    1.16 v _47058_/ZN (NAND2_X4)
                                         _24274_ (net)
                  0.01    0.00    1.16 v _47218_/A1 (NAND2_X2)
     1    3.05    0.01    0.01    1.18 ^ _47218_/ZN (NAND2_X2)
                                         _24434_ (net)
                  0.01    0.00    1.18 ^ _47221_/A1 (NAND2_X2)
     3    7.37    0.01    0.02    1.20 v _47221_/ZN (NAND2_X2)
                                         _24437_ (net)
                  0.01    0.00    1.20 v _47260_/A1 (NAND2_X1)
     1    1.66    0.01    0.01    1.21 ^ _47260_/ZN (NAND2_X1)
                                         _24476_ (net)
                  0.01    0.00    1.21 ^ _47261_/A2 (NAND2_X1)
     1    6.34    0.01    0.02    1.23 v _47261_/ZN (NAND2_X1)
                                         _24477_ (net)
                  0.01    0.00    1.23 v _47262_/A2 (NOR2_X4)
     2    6.74    0.02    0.03    1.26 ^ _47262_/ZN (NOR2_X4)
                                         _24478_ (net)
                  0.02    0.00    1.26 ^ _47263_/A2 (NAND2_X2)
     1    5.62    0.01    0.02    1.28 v _47263_/ZN (NAND2_X2)
                                         _24479_ (net)
                  0.01    0.00    1.28 v _47264_/A2 (NAND2_X4)
     4   10.73    0.01    0.02    1.30 ^ _47264_/ZN (NAND2_X4)
                                         _24480_ (net)
                  0.01    0.00    1.30 ^ _47292_/A1 (NAND3_X1)
     1    5.62    0.02    0.03    1.33 v _47292_/ZN (NAND3_X1)
                                         _24508_ (net)
                  0.02    0.00    1.33 v _47293_/A2 (NAND2_X4)
     3   12.90    0.01    0.03    1.36 ^ _47293_/ZN (NAND2_X4)
                                         _24509_ (net)
                  0.01    0.00    1.36 ^ _47297_/A (INV_X2)
     2   11.23    0.01    0.02    1.37 v _47297_/ZN (INV_X2)
                                         _24513_ (net)
                  0.01    0.00    1.37 v _47298_/A2 (NAND2_X4)
     2    4.72    0.01    0.02    1.39 ^ _47298_/ZN (NAND2_X4)
                                         _24514_ (net)
                  0.01    0.00    1.39 ^ _47316_/A1 (NAND2_X2)
     1    6.34    0.01    0.02    1.40 v _47316_/ZN (NAND2_X2)
                                         _24532_ (net)
                  0.01    0.00    1.40 v _47317_/A2 (NOR2_X4)
     2   10.36    0.02    0.03    1.44 ^ _47317_/ZN (NOR2_X4)
                                         _24533_ (net)
                  0.02    0.00    1.44 ^ _47318_/A2 (NAND2_X2)
     1    5.62    0.01    0.02    1.46 v _47318_/ZN (NAND2_X2)
                                         _24534_ (net)
                  0.01    0.00    1.46 v _47319_/A2 (NAND2_X4)
     7   16.88    0.02    0.03    1.48 ^ _47319_/ZN (NAND2_X4)
                                         _24535_ (net)
                  0.02    0.00    1.48 ^ _47347_/A1 (NAND3_X1)
     2    7.03    0.02    0.04    1.52 v _47347_/ZN (NAND3_X1)
                                         _24561_ (net)
                  0.02    0.00    1.52 v _47348_/A2 (NAND2_X4)
     9   49.20    0.03    0.05    1.57 ^ _47348_/ZN (NAND2_X4)
                                         _24562_ (net)
                  0.03    0.00    1.57 ^ _47349_/A (BUF_X16)
    10   56.81    0.01    0.03    1.60 ^ _47349_/Z (BUF_X16)
                                         _24563_ (net)
                  0.01    0.00    1.60 ^ _47546_/A1 (NOR2_X4)
     3    8.55    0.01    0.01    1.61 v _47546_/ZN (NOR2_X4)
                                         _24757_ (net)
                  0.01    0.00    1.61 v _47565_/A1 (NOR2_X4)
     3    6.95    0.02    0.02    1.63 ^ _47565_/ZN (NOR2_X4)
                                         _24776_ (net)
                  0.02    0.00    1.63 ^ _47567_/A (XNOR2_X1)
     1    1.70    0.02    0.04    1.67 ^ _47567_/ZN (XNOR2_X1)
                                         _24778_ (net)
                  0.02    0.00    1.67 ^ _47568_/A (INV_X1)
     1    2.93    0.01    0.01    1.68 v _47568_/ZN (INV_X1)
                                         _24779_ (net)
                  0.01    0.00    1.68 v _47571_/A1 (NAND2_X2)
     4   17.96    0.03    0.03    1.72 ^ _47571_/ZN (NAND2_X2)
                                         _24782_ (net)
                  0.03    0.00    1.72 ^ _47574_/A1 (NOR2_X4)
     2    7.74    0.01    0.01    1.73 v _47574_/ZN (NOR2_X4)
                                         _24785_ (net)
                  0.01    0.00    1.73 v _47582_/B1 (AOI21_X4)
     2    6.38    0.02    0.03    1.75 ^ _47582_/ZN (AOI21_X4)
                                         _24793_ (net)
                  0.02    0.00    1.75 ^ _47583_/A (BUF_X4)
    10   20.30    0.01    0.03    1.79 ^ _47583_/Z (BUF_X4)
                                         _24794_ (net)
                  0.01    0.00    1.79 ^ _47587_/A1 (NAND3_X4)
     3   10.17    0.02    0.02    1.81 v _47587_/ZN (NAND3_X4)
                                         _24798_ (net)
                  0.02    0.00    1.81 v _47590_/A (BUF_X8)
    10   15.29    0.01    0.03    1.84 v _47590_/Z (BUF_X8)
                                         _24801_ (net)
                  0.01    0.00    1.84 v _47688_/A1 (NAND2_X1)
     2    3.30    0.01    0.02    1.85 ^ _47688_/ZN (NAND2_X1)
                                         _24899_ (net)
                  0.01    0.00    1.85 ^ _47689_/A3 (NAND3_X1)
     2    3.02    0.01    0.03    1.88 v _47689_/ZN (NAND3_X1)
                                         _24900_ (net)
                  0.01    0.00    1.88 v _47690_/A2 (NAND2_X1)
     2    3.31    0.01    0.02    1.90 ^ _47690_/ZN (NAND2_X1)
                                         _24901_ (net)
                  0.01    0.00    1.90 ^ _47691_/A3 (NAND3_X1)
     2    3.06    0.02    0.03    1.93 v _47691_/ZN (NAND3_X1)
                                         _24902_ (net)
                  0.02    0.00    1.93 v _47694_/A1 (NAND2_X1)
     2    5.07    0.02    0.03    1.95 ^ _47694_/ZN (NAND2_X1)
                                         _24905_ (net)
                  0.02    0.00    1.95 ^ _47695_/A2 (NAND2_X2)
     3   11.07    0.01    0.02    1.98 v _47695_/ZN (NAND2_X2)
                                         _24906_ (net)
                  0.01    0.00    1.98 v _47696_/A (INV_X1)
     2    3.89    0.01    0.02    2.00 ^ _47696_/ZN (INV_X1)
                                         _24907_ (net)
                  0.01    0.00    2.00 ^ _47705_/A1 (AND2_X2)
     2    5.00    0.01    0.03    2.03 ^ _47705_/ZN (AND2_X2)
                                         _24916_ (net)
                  0.01    0.00    2.03 ^ _47716_/A2 (NAND3_X2)
     7   10.57    0.02    0.03    2.06 v _47716_/ZN (NAND3_X2)
                                         _24927_ (net)
                  0.02    0.00    2.06 v _47722_/A (OAI21_X1)
     1    0.00    0.01    0.02    2.09 ^ _47722_/ZN (OAI21_X1)
                                         cvt_blk_o[101] (net)
                  0.01    0.00    2.09 ^ cvt_blk_o[101] (out)
                                  2.09   data arrival time

                  0.00    4.00    4.00   clock core_clock (rise edge)
                          0.00    4.00   clock network delay (ideal)
                          0.00    4.00   clock reconvergence pessimism
                         -0.80    3.20   output external delay
                                  3.20   data required time
-----------------------------------------------------------------------------
                                  3.20   data required time
                                 -2.09   data arrival time
-----------------------------------------------------------------------------
                                  1.11   slack (MET)



==========================================================================
Post synthesis report_power
--------------------------------------------------------------------------
Group                  Internal  Switching    Leakage      Total
                          Power      Power      Power      Power (Watts)
----------------------------------------------------------------
Sequential             5.62e-03   3.73e-04   1.68e-04   6.17e-03   3.5%
Combinational          8.52e-02   8.44e-02   8.33e-04   1.70e-01  96.5%
Clock                  0.00e+00   0.00e+00   0.00e+00   0.00e+00   0.0%
Macro                  0.00e+00   0.00e+00   0.00e+00   0.00e+00   0.0%
Pad                    0.00e+00   0.00e+00   0.00e+00   0.00e+00   0.0%
----------------------------------------------------------------
Total                  9.08e-02   8.48e-02   1.00e-03   1.77e-01 100.0%
                          51.4%      48.0%       0.6%
