
==========================================================================
Post synthesis report_tns
--------------------------------------------------------------------------
tns 0.00

==========================================================================
Post synthesis report_wns
--------------------------------------------------------------------------
wns 0.00

==========================================================================
Post synthesis report_worst_slack
--------------------------------------------------------------------------
worst slack 1.16

==========================================================================
Post synthesis report_checks -path_delay min
--------------------------------------------------------------------------
Startpoint: u_pcu.sticky_q[0]$_SDFF_PP0_
            (rising edge-triggered flip-flop clocked by core_clock)
Endpoint: u_pcu.sticky_q[0]$_SDFF_PP0_
          (rising edge-triggered flip-flop clocked by core_clock)
Path Group: core_clock
Path Type: min

Fanout     Cap    Slew   Delay    Time   Description
-----------------------------------------------------------------------------
                  0.00    0.00    0.00   clock core_clock (rise edge)
                          0.00    0.00   clock network delay (ideal)
                  0.00    0.00    0.00 ^ u_pcu.sticky_q[0]$_SDFF_PP0_/CK (DFF_X1)
     2    1.55    0.01    0.08    0.08 v u_pcu.sticky_q[0]$_SDFF_PP0_/Q (DFF_X1)
                                         status_sticky_o[0] (net)
                  0.01    0.00    0.08 v _39709_/A (INV_X1)
     1    1.68    0.01    0.01    0.09 ^ _39709_/ZN (INV_X1)
                                         _10486_ (net)
                  0.01    0.00    0.09 ^ _39710_/B2 (AOI21_X1)
     1    1.06    0.01    0.01    0.10 v _39710_/ZN (AOI21_X1)
                                         _00289_ (net)
                  0.01    0.00    0.10 v u_pcu.sticky_q[0]$_SDFF_PP0_/D (DFF_X1)
                                  0.10   data arrival time

                  0.00    0.00    0.00   clock core_clock (rise edge)
                          0.00    0.00   clock network delay (ideal)
                          0.00    0.00   clock reconvergence pessimism
                                  0.00 ^ u_pcu.sticky_q[0]$_SDFF_PP0_/CK (DFF_X1)
                          0.00    0.00   library hold time
                                  0.00   data required time
-----------------------------------------------------------------------------
                                  0.00   data required time
                                 -0.10   data arrival time
-----------------------------------------------------------------------------
                                  0.10   slack (MET)



==========================================================================
Post synthesis report_checks -path_delay max
--------------------------------------------------------------------------
Startpoint: wr_fp16_i[27] (input port clocked by core_clock)
Endpoint: cvt_blk_o[125] (output port clocked by core_clock)
Path Group: core_clock
Path Type: max

Fanout     Cap    Slew   Delay    Time   Description
-----------------------------------------------------------------------------
                  0.00    0.00    0.00   clock core_clock (rise edge)
                          0.00    0.00   clock network delay (ideal)
                          0.80    0.80 ^ input external delay
     1    0.97    0.00    0.00    0.80 ^ wr_fp16_i[27] (in)
                                         wr_fp16_i[27] (net)
                  0.00    0.00    0.80 ^ _56076_/A (BUF_X1)
     4    7.65    0.02    0.03    0.83 ^ _56076_/Z (BUF_X1)
                                         _26691_ (net)
                  0.02    0.00    0.83 ^ _56077_/B (XNOR2_X1)
     1    1.59    0.02    0.04    0.87 ^ _56077_/ZN (XNOR2_X1)
                                         _26692_ (net)
                  0.02    0.00    0.87 ^ _56084_/A1 (NAND3_X1)
     1    1.56    0.01    0.02    0.89 v _56084_/ZN (NAND3_X1)
                                         _26699_ (net)
                  0.01    0.00    0.89 v _56085_/A2 (NOR2_X1)
     1    2.98    0.02    0.04    0.93 ^ _56085_/ZN (NOR2_X1)
                                         _26700_ (net)
                  0.02    0.00    0.93 ^ _56095_/A1 (NAND3_X2)
     3    6.05    0.02    0.03    0.96 v _56095_/ZN (NAND3_X2)
                                         _26710_ (net)
                  0.02    0.00    0.96 v _56103_/A1 (NAND2_X2)
     6    9.70    0.02    0.03    0.98 ^ _56103_/ZN (NAND2_X2)
                                         _26718_ (net)
                  0.02    0.00    0.98 ^ _56188_/A1 (NAND2_X1)
     1    1.53    0.01    0.01    1.00 v _56188_/ZN (NAND2_X1)
                                         _26803_ (net)
                  0.01    0.00    1.00 v _56190_/A1 (NAND2_X1)
     3    6.80    0.02    0.03    1.02 ^ _56190_/ZN (NAND2_X1)
                                         _26805_ (net)
                  0.02    0.00    1.02 ^ _56194_/A (INV_X1)
     1    3.14    0.01    0.01    1.03 v _56194_/ZN (INV_X1)
                                         _26809_ (net)
                  0.01    0.00    1.03 v _56195_/A2 (NAND2_X2)
     2    4.72    0.01    0.02    1.05 ^ _56195_/ZN (NAND2_X2)
                                         _26810_ (net)
                  0.01    0.00    1.05 ^ _56208_/A1 (NAND2_X2)
     1    3.18    0.01    0.01    1.07 v _56208_/ZN (NAND2_X2)
                                         _26823_ (net)
                  0.01    0.00    1.07 v _56209_/A2 (NOR2_X2)
     2    4.95    0.02    0.03    1.10 ^ _56209_/ZN (NOR2_X2)
                                         _26824_ (net)
                  0.02    0.00    1.10 ^ _56210_/A2 (NAND2_X1)
     1    3.14    0.01    0.02    1.12 v _56210_/ZN (NAND2_X1)
                                         _26825_ (net)
                  0.01    0.00    1.12 v _56211_/A2 (NAND2_X2)
     5   12.32    0.02    0.03    1.14 ^ _56211_/ZN (NAND2_X2)
                                         _26826_ (net)
                  0.02    0.00    1.14 ^ _56216_/A1 (NAND2_X4)
     6    9.20    0.01    0.02    1.16 v _56216_/ZN (NAND2_X4)
                                         _26831_ (net)
                  0.01    0.00    1.16 v _56407_/A1 (NAND2_X1)
     1    1.60    0.01    0.01    1.18 ^ _56407_/ZN (NAND2_X1)
                                         _27022_ (net)
                  0.01    0.00    1.18 ^ _56409_/A1 (NAND2_X1)
     2    5.63    0.01    0.02    1.20 v _56409_/ZN (NAND2_X1)
                                         _27024_ (net)
                  0.01    0.00    1.20 v _56413_/A1 (NAND2_X2)
     2    3.26    0.01    0.02    1.21 ^ _56413_/ZN (NAND2_X2)
                                         _27028_ (net)
                  0.01    0.00    1.21 ^ _56414_/A1 (NAND2_X1)
     1    2.70    0.01    0.01    1.23 v _56414_/ZN (NAND2_X1)
                                         _27029_ (net)
                  0.01    0.00    1.23 v _56416_/A1 (NOR2_X2)
     2    5.10    0.02    0.03    1.26 ^ _56416_/ZN (NOR2_X2)
                                         _27031_ (net)
                  0.02    0.00    1.26 ^ _56430_/A2 (NAND3_X1)
     1    3.14    0.01    0.03    1.29 v _56430_/ZN (NAND3_X1)
                                         _27045_ (net)
                  0.01    0.00    1.29 v _56431_/A2 (NAND2_X2)
     5    9.41    0.02    0.03    1.31 ^ _56431_/ZN (NAND2_X2)
                                         _27046_ (net)
                  0.02    0.00    1.31 ^ _56444_/A1 (NAND2_X2)
     4    8.91    0.01    0.02    1.33 v _56444_/ZN (NAND2_X2)
                                         _27059_ (net)
                  0.01    0.00    1.33 v _56460_/A1 (NAND2_X1)
     1    3.05    0.01    0.02    1.35 ^ _56460_/ZN (NAND2_X1)
                                         _27075_ (net)
                  0.01    0.00    1.35 ^ _56462_/A1 (NAND2_X2)
     4    9.33    0.01    0.02    1.37 v _56462_/ZN (NAND2_X2)
                                         _27077_ (net)
                  0.01    0.00    1.37 v _56494_/A2 (NAND2_X1)
     2    3.33    0.01    0.02    1.40 ^ _56494_/ZN (NAND2_X1)
                                         _27109_ (net)
                  0.01    0.00    1.40 ^ _56503_/A2 (NAND2_X1)
     1    3.18    0.01    0.02    1.41 v _56503_/ZN (NAND2_X1)
                                         _27118_ (net)
                  0.01    0.00    1.41 v _56504_/A2 (NOR2_X2)
     1    6.25    0.02    0.04    1.45 ^ _56504_/ZN (NOR2_X2)
                                         _27119_ (net)
                  0.02    0.00    1.45 ^ _56508_/A1 (NAND3_X4)
     6   18.30    0.02    0.03    1.48 v _56508_/ZN (NAND3_X4)
                                         _27123_ (net)
                  0.02    0.00    1.48 v _56509_/A2 (NAND2_X4)
     5   22.52    0.02    0.03    1.51 ^ _56509_/ZN (NAND2_X4)
                                         _27124_ (net)
                  0.02    0.00    1.51 ^ _56530_/A1 (NAND2_X1)
     1    2.93    0.01    0.02    1.53 v _56530_/ZN (NAND2_X1)
                                         _27145_ (net)
                  0.01    0.00    1.53 v _56532_/A1 (NAND2_X2)
     4   11.38    0.02    0.03    1.56 ^ _56532_/ZN (NAND2_X2)
                                         _27147_ (net)
                  0.02    0.00    1.56 ^ _56566_/A (BUF_X8)
    10   29.71    0.01    0.03    1.58 ^ _56566_/Z (BUF_X8)
                                         _27180_ (net)
                  0.01    0.00    1.58 ^ _56567_/A (BUF_X16)
    10   28.02    0.01    0.02    1.61 ^ _56567_/Z (BUF_X16)
                                         _27181_ (net)
                  0.01    0.00    1.61 ^ _57183_/A1 (NAND2_X2)
     3    7.41    0.01    0.02    1.62 v _57183_/ZN (NAND2_X2)
                                         _27777_ (net)
                  0.01    0.00    1.62 v _57205_/B (XNOR2_X2)
     3   11.48    0.04    0.05    1.68 ^ _57205_/ZN (XNOR2_X2)
                                         _27799_ (net)
                  0.04    0.00    1.68 ^ _57206_/A (INV_X1)
     1    3.18    0.01    0.01    1.69 v _57206_/ZN (INV_X1)
                                         _27800_ (net)
                  0.01    0.00    1.69 v _57207_/A2 (NOR2_X2)
     1    6.20    0.02    0.04    1.73 ^ _57207_/ZN (NOR2_X2)
                                         _27801_ (net)
                  0.02    0.00    1.73 ^ _57208_/A2 (NAND2_X4)
     4   13.76    0.01    0.02    1.75 v _57208_/ZN (NAND2_X4)
                                         _27802_ (net)
                  0.01    0.00    1.75 v _57223_/A1 (AND2_X2)
     1    5.70    0.01    0.03    1.78 v _57223_/ZN (AND2_X2)
                                         _27817_ (net)
                  0.01    0.00    1.78 v _57224_/A1 (NAND2_X4)
     3    6.64    0.01    0.01    1.79 ^ _57224_/ZN (NAND2_X4)
                                         _27818_ (net)
                  0.01    0.00    1.79 ^ _57225_/A (BUF_X4)
    10   16.55    0.01    0.03    1.82 ^ _57225_/Z (BUF_X4)
                                         _27819_ (net)
                  0.01    0.00    1.82 ^ _57308_/A3 (NAND3_X1)
     2    4.29    0.02    0.03    1.85 v _57308_/ZN (NAND3_X1)
                                         _27902_ (net)
                  0.02    0.00    1.85 v _57310_/A1 (NAND3_X1)
     1    1.66    0.01    0.02    1.87 ^ _57310_/ZN (NAND3_X1)
                                         _27904_ (net)
                  0.01    0.00    1.87 ^ _57311_/A2 (NAND2_X1)
     2    4.20    0.01    0.02    1.89 v _57311_/ZN (NAND2_X1)
                                         _27905_ (net)
                  0.01    0.00    1.89 v _57376_/A1 (NOR2_X2)
     3    4.96    0.02    0.03    1.92 ^ _57376_/ZN (NOR2_X2)
                                         _27964_ (net)
                  0.02    0.00    1.92 ^ _57382_/A1 (NAND2_X1)
     3    6.16    0.02    0.03    1.94 v _57382_/ZN (NAND2_X1)
                                         _27969_ (net)
                  0.02    0.00    1.94 v _57397_/A2 (NOR2_X1)
     1    1.65    0.02    0.03    1.97 ^ _57397_/ZN (NOR2_X1)
                                         _27982_ (net)
                  0.02    0.00    1.97 ^ _57398_/A3 (NAND3_X1)
     1    2.13    0.01    0.02    2.00 v _57398_/ZN (NAND3_X1)
                                         _27983_ (net)
                  0.01    0.00    2.00 v _57402_/A (XNOR2_X1)
     1    1.55    0.01    0.04    2.03 v _57402_/ZN (XNOR2_X1)
                                         _27987_ (net)
                  0.01    0.00    2.03 v _57403_/A (INV_X1)
     1    0.00    0.00    0.01    2.04 ^ _57403_/ZN (INV_X1)
                                         cvt_blk_o[125] (net)
                  0.00    0.00    2.04 ^ cvt_blk_o[125] (out)
                                  2.04   data arrival time

                  0.00    4.00    4.00   clock core_clock (rise edge)
                          0.00    4.00   clock network delay (ideal)
                          0.00    4.00   clock reconvergence pessimism
                         -0.80    3.20   output external delay
                                  3.20   data required time
-----------------------------------------------------------------------------
                                  3.20   data required time
                                 -2.04   data arrival time
-----------------------------------------------------------------------------
                                  1.16   slack (MET)



==========================================================================
Post synthesis report_checks -unconstrained
--------------------------------------------------------------------------
Startpoint: wr_fp16_i[27] (input port clocked by core_clock)
Endpoint: cvt_blk_o[125] (output port clocked by core_clock)
Path Group: core_clock
Path Type: max

Fanout     Cap    Slew   Delay    Time   Description
-----------------------------------------------------------------------------
                  0.00    0.00    0.00   clock core_clock (rise edge)
                          0.00    0.00   clock network delay (ideal)
                          0.80    0.80 ^ input external delay
     1    0.97    0.00    0.00    0.80 ^ wr_fp16_i[27] (in)
                                         wr_fp16_i[27] (net)
                  0.00    0.00    0.80 ^ _56076_/A (BUF_X1)
     4    7.65    0.02    0.03    0.83 ^ _56076_/Z (BUF_X1)
                                         _26691_ (net)
                  0.02    0.00    0.83 ^ _56077_/B (XNOR2_X1)
     1    1.59    0.02    0.04    0.87 ^ _56077_/ZN (XNOR2_X1)
                                         _26692_ (net)
                  0.02    0.00    0.87 ^ _56084_/A1 (NAND3_X1)
     1    1.56    0.01    0.02    0.89 v _56084_/ZN (NAND3_X1)
                                         _26699_ (net)
                  0.01    0.00    0.89 v _56085_/A2 (NOR2_X1)
     1    2.98    0.02    0.04    0.93 ^ _56085_/ZN (NOR2_X1)
                                         _26700_ (net)
                  0.02    0.00    0.93 ^ _56095_/A1 (NAND3_X2)
     3    6.05    0.02    0.03    0.96 v _56095_/ZN (NAND3_X2)
                                         _26710_ (net)
                  0.02    0.00    0.96 v _56103_/A1 (NAND2_X2)
     6    9.70    0.02    0.03    0.98 ^ _56103_/ZN (NAND2_X2)
                                         _26718_ (net)
                  0.02    0.00    0.98 ^ _56188_/A1 (NAND2_X1)
     1    1.53    0.01    0.01    1.00 v _56188_/ZN (NAND2_X1)
                                         _26803_ (net)
                  0.01    0.00    1.00 v _56190_/A1 (NAND2_X1)
     3    6.80    0.02    0.03    1.02 ^ _56190_/ZN (NAND2_X1)
                                         _26805_ (net)
                  0.02    0.00    1.02 ^ _56194_/A (INV_X1)
     1    3.14    0.01    0.01    1.03 v _56194_/ZN (INV_X1)
                                         _26809_ (net)
                  0.01    0.00    1.03 v _56195_/A2 (NAND2_X2)
     2    4.72    0.01    0.02    1.05 ^ _56195_/ZN (NAND2_X2)
                                         _26810_ (net)
                  0.01    0.00    1.05 ^ _56208_/A1 (NAND2_X2)
     1    3.18    0.01    0.01    1.07 v _56208_/ZN (NAND2_X2)
                                         _26823_ (net)
                  0.01    0.00    1.07 v _56209_/A2 (NOR2_X2)
     2    4.95    0.02    0.03    1.10 ^ _56209_/ZN (NOR2_X2)
                                         _26824_ (net)
                  0.02    0.00    1.10 ^ _56210_/A2 (NAND2_X1)
     1    3.14    0.01    0.02    1.12 v _56210_/ZN (NAND2_X1)
                                         _26825_ (net)
                  0.01    0.00    1.12 v _56211_/A2 (NAND2_X2)
     5   12.32    0.02    0.03    1.14 ^ _56211_/ZN (NAND2_X2)
                                         _26826_ (net)
                  0.02    0.00    1.14 ^ _56216_/A1 (NAND2_X4)
     6    9.20    0.01    0.02    1.16 v _56216_/ZN (NAND2_X4)
                                         _26831_ (net)
                  0.01    0.00    1.16 v _56407_/A1 (NAND2_X1)
     1    1.60    0.01    0.01    1.18 ^ _56407_/ZN (NAND2_X1)
                                         _27022_ (net)
                  0.01    0.00    1.18 ^ _56409_/A1 (NAND2_X1)
     2    5.63    0.01    0.02    1.20 v _56409_/ZN (NAND2_X1)
                                         _27024_ (net)
                  0.01    0.00    1.20 v _56413_/A1 (NAND2_X2)
     2    3.26    0.01    0.02    1.21 ^ _56413_/ZN (NAND2_X2)
                                         _27028_ (net)
                  0.01    0.00    1.21 ^ _56414_/A1 (NAND2_X1)
     1    2.70    0.01    0.01    1.23 v _56414_/ZN (NAND2_X1)
                                         _27029_ (net)
                  0.01    0.00    1.23 v _56416_/A1 (NOR2_X2)
     2    5.10    0.02    0.03    1.26 ^ _56416_/ZN (NOR2_X2)
                                         _27031_ (net)
                  0.02    0.00    1.26 ^ _56430_/A2 (NAND3_X1)
     1    3.14    0.01    0.03    1.29 v _56430_/ZN (NAND3_X1)
                                         _27045_ (net)
                  0.01    0.00    1.29 v _56431_/A2 (NAND2_X2)
     5    9.41    0.02    0.03    1.31 ^ _56431_/ZN (NAND2_X2)
                                         _27046_ (net)
                  0.02    0.00    1.31 ^ _56444_/A1 (NAND2_X2)
     4    8.91    0.01    0.02    1.33 v _56444_/ZN (NAND2_X2)
                                         _27059_ (net)
                  0.01    0.00    1.33 v _56460_/A1 (NAND2_X1)
     1    3.05    0.01    0.02    1.35 ^ _56460_/ZN (NAND2_X1)
                                         _27075_ (net)
                  0.01    0.00    1.35 ^ _56462_/A1 (NAND2_X2)
     4    9.33    0.01    0.02    1.37 v _56462_/ZN (NAND2_X2)
                                         _27077_ (net)
                  0.01    0.00    1.37 v _56494_/A2 (NAND2_X1)
     2    3.33    0.01    0.02    1.40 ^ _56494_/ZN (NAND2_X1)
                                         _27109_ (net)
                  0.01    0.00    1.40 ^ _56503_/A2 (NAND2_X1)
     1    3.18    0.01    0.02    1.41 v _56503_/ZN (NAND2_X1)
                                         _27118_ (net)
                  0.01    0.00    1.41 v _56504_/A2 (NOR2_X2)
     1    6.25    0.02    0.04    1.45 ^ _56504_/ZN (NOR2_X2)
                                         _27119_ (net)
                  0.02    0.00    1.45 ^ _56508_/A1 (NAND3_X4)
     6   18.30    0.02    0.03    1.48 v _56508_/ZN (NAND3_X4)
                                         _27123_ (net)
                  0.02    0.00    1.48 v _56509_/A2 (NAND2_X4)
     5   22.52    0.02    0.03    1.51 ^ _56509_/ZN (NAND2_X4)
                                         _27124_ (net)
                  0.02    0.00    1.51 ^ _56530_/A1 (NAND2_X1)
     1    2.93    0.01    0.02    1.53 v _56530_/ZN (NAND2_X1)
                                         _27145_ (net)
                  0.01    0.00    1.53 v _56532_/A1 (NAND2_X2)
     4   11.38    0.02    0.03    1.56 ^ _56532_/ZN (NAND2_X2)
                                         _27147_ (net)
                  0.02    0.00    1.56 ^ _56566_/A (BUF_X8)
    10   29.71    0.01    0.03    1.58 ^ _56566_/Z (BUF_X8)
                                         _27180_ (net)
                  0.01    0.00    1.58 ^ _56567_/A (BUF_X16)
    10   28.02    0.01    0.02    1.61 ^ _56567_/Z (BUF_X16)
                                         _27181_ (net)
                  0.01    0.00    1.61 ^ _57183_/A1 (NAND2_X2)
     3    7.41    0.01    0.02    1.62 v _57183_/ZN (NAND2_X2)
                                         _27777_ (net)
                  0.01    0.00    1.62 v _57205_/B (XNOR2_X2)
     3   11.48    0.04    0.05    1.68 ^ _57205_/ZN (XNOR2_X2)
                                         _27799_ (net)
                  0.04    0.00    1.68 ^ _57206_/A (INV_X1)
     1    3.18    0.01    0.01    1.69 v _57206_/ZN (INV_X1)
                                         _27800_ (net)
                  0.01    0.00    1.69 v _57207_/A2 (NOR2_X2)
     1    6.20    0.02    0.04    1.73 ^ _57207_/ZN (NOR2_X2)
                                         _27801_ (net)
                  0.02    0.00    1.73 ^ _57208_/A2 (NAND2_X4)
     4   13.76    0.01    0.02    1.75 v _57208_/ZN (NAND2_X4)
                                         _27802_ (net)
                  0.01    0.00    1.75 v _57223_/A1 (AND2_X2)
     1    5.70    0.01    0.03    1.78 v _57223_/ZN (AND2_X2)
                                         _27817_ (net)
                  0.01    0.00    1.78 v _57224_/A1 (NAND2_X4)
     3    6.64    0.01    0.01    1.79 ^ _57224_/ZN (NAND2_X4)
                                         _27818_ (net)
                  0.01    0.00    1.79 ^ _57225_/A (BUF_X4)
    10   16.55    0.01    0.03    1.82 ^ _57225_/Z (BUF_X4)
                                         _27819_ (net)
                  0.01    0.00    1.82 ^ _57308_/A3 (NAND3_X1)
     2    4.29    0.02    0.03    1.85 v _57308_/ZN (NAND3_X1)
                                         _27902_ (net)
                  0.02    0.00    1.85 v _57310_/A1 (NAND3_X1)
     1    1.66    0.01    0.02    1.87 ^ _57310_/ZN (NAND3_X1)
                                         _27904_ (net)
                  0.01    0.00    1.87 ^ _57311_/A2 (NAND2_X1)
     2    4.20    0.01    0.02    1.89 v _57311_/ZN (NAND2_X1)
                                         _27905_ (net)
                  0.01    0.00    1.89 v _57376_/A1 (NOR2_X2)
     3    4.96    0.02    0.03    1.92 ^ _57376_/ZN (NOR2_X2)
                                         _27964_ (net)
                  0.02    0.00    1.92 ^ _57382_/A1 (NAND2_X1)
     3    6.16    0.02    0.03    1.94 v _57382_/ZN (NAND2_X1)
                                         _27969_ (net)
                  0.02    0.00    1.94 v _57397_/A2 (NOR2_X1)
     1    1.65    0.02    0.03    1.97 ^ _57397_/ZN (NOR2_X1)
                                         _27982_ (net)
                  0.02    0.00    1.97 ^ _57398_/A3 (NAND3_X1)
     1    2.13    0.01    0.02    2.00 v _57398_/ZN (NAND3_X1)
                                         _27983_ (net)
                  0.01    0.00    2.00 v _57402_/A (XNOR2_X1)
     1    1.55    0.01    0.04    2.03 v _57402_/ZN (XNOR2_X1)
                                         _27987_ (net)
                  0.01    0.00    2.03 v _57403_/A (INV_X1)
     1    0.00    0.00    0.01    2.04 ^ _57403_/ZN (INV_X1)
                                         cvt_blk_o[125] (net)
                  0.00    0.00    2.04 ^ cvt_blk_o[125] (out)
                                  2.04   data arrival time

                  0.00    4.00    4.00   clock core_clock (rise edge)
                          0.00    4.00   clock network delay (ideal)
                          0.00    4.00   clock reconvergence pessimism
                         -0.80    3.20   output external delay
                                  3.20   data required time
-----------------------------------------------------------------------------
                                  3.20   data required time
                                 -2.04   data arrival time
-----------------------------------------------------------------------------
                                  1.16   slack (MET)



==========================================================================
Post synthesis report_power
--------------------------------------------------------------------------
Group                  Internal  Switching    Leakage      Total
                          Power      Power      Power      Power (Watts)
----------------------------------------------------------------
Sequential             5.76e-03   3.68e-04   1.69e-04   6.30e-03   2.9%
Combinational          1.08e-01   1.02e-01   9.35e-04   2.11e-01  97.1%
Clock                  0.00e+00   0.00e+00   0.00e+00   0.00e+00   0.0%
Macro                  0.00e+00   0.00e+00   0.00e+00   0.00e+00   0.0%
Pad                    0.00e+00   0.00e+00   0.00e+00   0.00e+00   0.0%
----------------------------------------------------------------
Total                  1.14e-01   1.03e-01   1.10e-03   2.18e-01 100.0%
                          52.3%      47.2%       0.5%
