
==========================================================================
Post synthesis report_tns
--------------------------------------------------------------------------
tns -3.35

==========================================================================
Post synthesis report_wns
--------------------------------------------------------------------------
wns -0.04

==========================================================================
Post synthesis report_worst_slack
--------------------------------------------------------------------------
worst slack -0.04

==========================================================================
Post synthesis report_checks -path_delay min
--------------------------------------------------------------------------
Startpoint: u_pcu.sticky_q[0]$_SDFF_PP0_
            (rising edge-triggered flip-flop clocked by core_clock)
Endpoint: u_pcu.sticky_q[0]$_SDFF_PP0_
          (rising edge-triggered flip-flop clocked by core_clock)
Path Group: core_clock
Path Type: min

Fanout     Cap    Slew   Delay    Time   Description
-----------------------------------------------------------------------------
                  0.00    0.00    0.00   clock core_clock (rise edge)
                          0.00    0.00   clock network delay (ideal)
                  0.00    0.00    0.00 ^ u_pcu.sticky_q[0]$_SDFF_PP0_/CK (DFF_X1)
     2    1.55    0.01    0.08    0.08 v u_pcu.sticky_q[0]$_SDFF_PP0_/Q (DFF_X1)
                                         status_sticky_o[0] (net)
                  0.01    0.00    0.08 v _39734_/A (INV_X1)
     1    1.68    0.01    0.01    0.09 ^ _39734_/ZN (INV_X1)
                                         _10486_ (net)
                  0.01    0.00    0.09 ^ _39735_/B2 (AOI21_X1)
     1    1.06    0.01    0.01    0.10 v _39735_/ZN (AOI21_X1)
                                         _00289_ (net)
                  0.01    0.00    0.10 v u_pcu.sticky_q[0]$_SDFF_PP0_/D (DFF_X1)
                                  0.10   data arrival time

                  0.00    0.00    0.00   clock core_clock (rise edge)
                          0.00    0.00   clock network delay (ideal)
                          0.00    0.00   clock reconvergence pessimism
                                  0.00 ^ u_pcu.sticky_q[0]$_SDFF_PP0_/CK (DFF_X1)
                          0.00    0.00   library hold time
                                  0.00   data required time
-----------------------------------------------------------------------------
                                  0.00   data required time
                                 -0.10   data arrival time
-----------------------------------------------------------------------------
                                  0.10   slack (MET)



==========================================================================
Post synthesis report_checks -path_delay max
--------------------------------------------------------------------------
Startpoint: wr_fp16_i[27] (input port clocked by core_clock)
Endpoint: cvt_blk_o[125] (output port clocked by core_clock)
Path Group: core_clock
Path Type: max

Fanout     Cap    Slew   Delay    Time   Description
-----------------------------------------------------------------------------
                  0.00    0.00    0.00   clock core_clock (rise edge)
                          0.00    0.00   clock network delay (ideal)
                          0.40    0.40 ^ input external delay
     1    0.97    0.00    0.00    0.40 ^ wr_fp16_i[27] (in)
                                         wr_fp16_i[27] (net)
                  0.00    0.00    0.40 ^ _56101_/A (BUF_X1)
     4    7.65    0.02    0.03    0.43 ^ _56101_/Z (BUF_X1)
                                         _26691_ (net)
                  0.02    0.00    0.43 ^ _56102_/B (XNOR2_X1)
     1    1.59    0.02    0.04    0.47 ^ _56102_/ZN (XNOR2_X1)
                                         _26692_ (net)
                  0.02    0.00    0.47 ^ _56109_/A1 (NAND3_X1)
     1    1.56    0.01    0.02    0.49 v _56109_/ZN (NAND3_X1)
                                         _26699_ (net)
                  0.01    0.00    0.49 v _56110_/A2 (NOR2_X1)
     1    2.98    0.02    0.04    0.53 ^ _56110_/ZN (NOR2_X1)
                                         _26700_ (net)
                  0.02    0.00    0.53 ^ _56120_/A1 (NAND3_X2)
     3    6.05    0.02    0.03    0.56 v _56120_/ZN (NAND3_X2)
                                         _26710_ (net)
                  0.02    0.00    0.56 v _56128_/A1 (NAND2_X2)
     6    9.70    0.02    0.03    0.58 ^ _56128_/ZN (NAND2_X2)
                                         _26718_ (net)
                  0.02    0.00    0.58 ^ _56213_/A1 (NAND2_X1)
     1    1.53    0.01    0.01    0.60 v _56213_/ZN (NAND2_X1)
                                         _26803_ (net)
                  0.01    0.00    0.60 v _56215_/A1 (NAND2_X1)
     3    6.80    0.02    0.03    0.62 ^ _56215_/ZN (NAND2_X1)
                                         _26805_ (net)
                  0.02    0.00    0.62 ^ _56219_/A (INV_X1)
     1    3.14    0.01    0.01    0.63 v _56219_/ZN (INV_X1)
                                         _26809_ (net)
                  0.01    0.00    0.63 v _56220_/A2 (NAND2_X2)
     2    4.72    0.01    0.02    0.65 ^ _56220_/ZN (NAND2_X2)
                                         _26810_ (net)
                  0.01    0.00    0.65 ^ _56233_/A1 (NAND2_X2)
     1    3.18    0.01    0.01    0.67 v _56233_/ZN (NAND2_X2)
                                         _26823_ (net)
                  0.01    0.00    0.67 v _56234_/A2 (NOR2_X2)
     2    4.95    0.02    0.03    0.70 ^ _56234_/ZN (NOR2_X2)
                                         _26824_ (net)
                  0.02    0.00    0.70 ^ _56235_/A2 (NAND2_X1)
     1    3.14    0.01    0.02    0.72 v _56235_/ZN (NAND2_X1)
                                         _26825_ (net)
                  0.01    0.00    0.72 v _56236_/A2 (NAND2_X2)
     5   12.32    0.02    0.03    0.74 ^ _56236_/ZN (NAND2_X2)
                                         _26826_ (net)
                  0.02    0.00    0.74 ^ _56241_/A1 (NAND2_X4)
     6    9.20    0.01    0.02    0.76 v _56241_/ZN (NAND2_X4)
                                         _26831_ (net)
                  0.01    0.00    0.76 v _56432_/A1 (NAND2_X1)
     1    1.60    0.01    0.01    0.78 ^ _56432_/ZN (NAND2_X1)
                                         _27022_ (net)
                  0.01    0.00    0.78 ^ _56434_/A1 (NAND2_X1)
     2    5.63    0.01    0.02    0.80 v _56434_/ZN (NAND2_X1)
                                         _27024_ (net)
                  0.01    0.00    0.80 v _56438_/A1 (NAND2_X2)
     2    3.26    0.01    0.02    0.81 ^ _56438_/ZN (NAND2_X2)
                                         _27028_ (net)
                  0.01    0.00    0.81 ^ _56439_/A1 (NAND2_X1)
     1    2.70    0.01    0.01    0.83 v _56439_/ZN (NAND2_X1)
                                         _27029_ (net)
                  0.01    0.00    0.83 v _56441_/A1 (NOR2_X2)
     2    5.10    0.02    0.03    0.86 ^ _56441_/ZN (NOR2_X2)
                                         _27031_ (net)
                  0.02    0.00    0.86 ^ _56455_/A2 (NAND3_X1)
     1    3.14    0.01    0.03    0.89 v _56455_/ZN (NAND3_X1)
                                         _27045_ (net)
                  0.01    0.00    0.89 v _56456_/A2 (NAND2_X2)
     5    9.41    0.02    0.03    0.91 ^ _56456_/ZN (NAND2_X2)
                                         _27046_ (net)
                  0.02    0.00    0.91 ^ _56469_/A1 (NAND2_X2)
     4    8.91    0.01    0.02    0.93 v _56469_/ZN (NAND2_X2)
                                         _27059_ (net)
                  0.01    0.00    0.93 v _56485_/A1 (NAND2_X1)
     1    3.05    0.01    0.02    0.95 ^ _56485_/ZN (NAND2_X1)
                                         _27075_ (net)
                  0.01    0.00    0.95 ^ _56487_/A1 (NAND2_X2)
     4    9.33    0.01    0.02    0.97 v _56487_/ZN (NAND2_X2)
                                         _27077_ (net)
                  0.01    0.00    0.97 v _56519_/A2 (NAND2_X1)
     2    3.33    0.01    0.02    1.00 ^ _56519_/ZN (NAND2_X1)
                                         _27109_ (net)
                  0.01    0.00    1.00 ^ _56528_/A2 (NAND2_X1)
     1    3.18    0.01    0.02    1.01 v _56528_/ZN (NAND2_X1)
                                         _27118_ (net)
                  0.01    0.00    1.01 v _56529_/A2 (NOR2_X2)
     1    6.25    0.02    0.04    1.05 ^ _56529_/ZN (NOR2_X2)
                                         _27119_ (net)
                  0.02    0.00    1.05 ^ _56533_/A1 (NAND3_X4)
     6   18.30    0.02    0.03    1.08 v _56533_/ZN (NAND3_X4)
                                         _27123_ (net)
                  0.02    0.00    1.08 v _56534_/A2 (NAND2_X4)
     5   22.52    0.02    0.03    1.11 ^ _56534_/ZN (NAND2_X4)
                                         _27124_ (net)
                  0.02    0.00    1.11 ^ _56555_/A1 (NAND2_X1)
     1    2.93    0.01    0.02    1.13 v _56555_/ZN (NAND2_X1)
                                         _27145_ (net)
                  0.01    0.00    1.13 v _56557_/A1 (NAND2_X2)
     4   11.38    0.02    0.03    1.16 ^ _56557_/ZN (NAND2_X2)
                                         _27147_ (net)
                  0.02    0.00    1.16 ^ _56591_/A (BUF_X8)
    10   29.71    0.01    0.03    1.18 ^ _56591_/Z (BUF_X8)
                                         _27180_ (net)
                  0.01    0.00    1.18 ^ _56592_/A (BUF_X16)
    10   28.02    0.01    0.02    1.21 ^ _56592_/Z (BUF_X16)
                                         _27181_ (net)
                  0.01    0.00    1.21 ^ _57208_/A1 (NAND2_X2)
     3    7.41    0.01    0.02    1.22 v _57208_/ZN (NAND2_X2)
                                         _27777_ (net)
                  0.01    0.00    1.22 v _57230_/B (XNOR2_X2)
     3   11.48    0.04    0.05    1.28 ^ _57230_/ZN (XNOR2_X2)
                                         _27799_ (net)
                  0.04    0.00    1.28 ^ _57231_/A (INV_X1)
     1    3.18    0.01    0.01    1.29 v _57231_/ZN (INV_X1)
                                         _27800_ (net)
                  0.01    0.00    1.29 v _57232_/A2 (NOR2_X2)
     1    6.20    0.02    0.04    1.33 ^ _57232_/ZN (NOR2_X2)
                                         _27801_ (net)
                  0.02    0.00    1.33 ^ _57233_/A2 (NAND2_X4)
     4   13.76    0.01    0.02    1.35 v _57233_/ZN (NAND2_X4)
                                         _27802_ (net)
                  0.01    0.00    1.35 v _57248_/A1 (AND2_X2)
     1    5.70    0.01    0.03    1.38 v _57248_/ZN (AND2_X2)
                                         _27817_ (net)
                  0.01    0.00    1.38 v _57249_/A1 (NAND2_X4)
     3    6.64    0.01    0.01    1.39 ^ _57249_/ZN (NAND2_X4)
                                         _27818_ (net)
                  0.01    0.00    1.39 ^ _57250_/A (BUF_X4)
    10   16.55    0.01    0.03    1.42 ^ _57250_/Z (BUF_X4)
                                         _27819_ (net)
                  0.01    0.00    1.42 ^ _57333_/A3 (NAND3_X1)
     2    4.29    0.02    0.03    1.45 v _57333_/ZN (NAND3_X1)
                                         _27902_ (net)
                  0.02    0.00    1.45 v _57335_/A1 (NAND3_X1)
     1    1.66    0.01    0.02    1.47 ^ _57335_/ZN (NAND3_X1)
                                         _27904_ (net)
                  0.01    0.00    1.47 ^ _57336_/A2 (NAND2_X1)
     2    4.20    0.01    0.02    1.49 v _57336_/ZN (NAND2_X1)
                                         _27905_ (net)
                  0.01    0.00    1.49 v _57401_/A1 (NOR2_X2)
     3    4.96    0.02    0.03    1.52 ^ _57401_/ZN (NOR2_X2)
                                         _27964_ (net)
                  0.02    0.00    1.52 ^ _57407_/A1 (NAND2_X1)
     3    6.16    0.02    0.03    1.54 v _57407_/ZN (NAND2_X1)
                                         _27969_ (net)
                  0.02    0.00    1.54 v _57422_/A2 (NOR2_X1)
     1    1.65    0.02    0.03    1.57 ^ _57422_/ZN (NOR2_X1)
                                         _27982_ (net)
                  0.02    0.00    1.57 ^ _57423_/A3 (NAND3_X1)
     1    2.13    0.01    0.02    1.60 v _57423_/ZN (NAND3_X1)
                                         _27983_ (net)
                  0.01    0.00    1.60 v _57427_/A (XNOR2_X1)
     1    1.55    0.01    0.04    1.63 v _57427_/ZN (XNOR2_X1)
                                         _27987_ (net)
                  0.01    0.00    1.63 v _57428_/A (INV_X1)
     1    0.00    0.00    0.01    1.64 ^ _57428_/ZN (INV_X1)
                                         cvt_blk_o[125] (net)
                  0.00    0.00    1.64 ^ cvt_blk_o[125] (out)
                                  1.64   data arrival time

                  0.00    2.00    2.00   clock core_clock (rise edge)
                          0.00    2.00   clock network delay (ideal)
                          0.00    2.00   clock reconvergence pessimism
                         -0.40    1.60   output external delay
                                  1.60   data required time
-----------------------------------------------------------------------------
                                  1.60   data required time
                                 -1.64   data arrival time
-----------------------------------------------------------------------------
                                 -0.04   slack (VIOLATED)



==========================================================================
Post synthesis report_checks -unconstrained
--------------------------------------------------------------------------
Startpoint: wr_fp16_i[27] (input port clocked by core_clock)
Endpoint: cvt_blk_o[125] (output port clocked by core_clock)
Path Group: core_clock
Path Type: max

Fanout     Cap    Slew   Delay    Time   Description
-----------------------------------------------------------------------------
                  0.00    0.00    0.00   clock core_clock (rise edge)
                          0.00    0.00   clock network delay (ideal)
                          0.40    0.40 ^ input external delay
     1    0.97    0.00    0.00    0.40 ^ wr_fp16_i[27] (in)
                                         wr_fp16_i[27] (net)
                  0.00    0.00    0.40 ^ _56101_/A (BUF_X1)
     4    7.65    0.02    0.03    0.43 ^ _56101_/Z (BUF_X1)
                                         _26691_ (net)
                  0.02    0.00    0.43 ^ _56102_/B (XNOR2_X1)
     1    1.59    0.02    0.04    0.47 ^ _56102_/ZN (XNOR2_X1)
                                         _26692_ (net)
                  0.02    0.00    0.47 ^ _56109_/A1 (NAND3_X1)
     1    1.56    0.01    0.02    0.49 v _56109_/ZN (NAND3_X1)
                                         _26699_ (net)
                  0.01    0.00    0.49 v _56110_/A2 (NOR2_X1)
     1    2.98    0.02    0.04    0.53 ^ _56110_/ZN (NOR2_X1)
                                         _26700_ (net)
                  0.02    0.00    0.53 ^ _56120_/A1 (NAND3_X2)
     3    6.05    0.02    0.03    0.56 v _56120_/ZN (NAND3_X2)
                                         _26710_ (net)
                  0.02    0.00    0.56 v _56128_/A1 (NAND2_X2)
     6    9.70    0.02    0.03    0.58 ^ _56128_/ZN (NAND2_X2)
                                         _26718_ (net)
                  0.02    0.00    0.58 ^ _56213_/A1 (NAND2_X1)
     1    1.53    0.01    0.01    0.60 v _56213_/ZN (NAND2_X1)
                                         _26803_ (net)
                  0.01    0.00    0.60 v _56215_/A1 (NAND2_X1)
     3    6.80    0.02    0.03    0.62 ^ _56215_/ZN (NAND2_X1)
                                         _26805_ (net)
                  0.02    0.00    0.62 ^ _56219_/A (INV_X1)
     1    3.14    0.01    0.01    0.63 v _56219_/ZN (INV_X1)
                                         _26809_ (net)
                  0.01    0.00    0.63 v _56220_/A2 (NAND2_X2)
     2    4.72    0.01    0.02    0.65 ^ _56220_/ZN (NAND2_X2)
                                         _26810_ (net)
                  0.01    0.00    0.65 ^ _56233_/A1 (NAND2_X2)
     1    3.18    0.01    0.01    0.67 v _56233_/ZN (NAND2_X2)
                                         _26823_ (net)
                  0.01    0.00    0.67 v _56234_/A2 (NOR2_X2)
     2    4.95    0.02    0.03    0.70 ^ _56234_/ZN (NOR2_X2)
                                         _26824_ (net)
                  0.02    0.00    0.70 ^ _56235_/A2 (NAND2_X1)
     1    3.14    0.01    0.02    0.72 v _56235_/ZN (NAND2_X1)
                                         _26825_ (net)
                  0.01    0.00    0.72 v _56236_/A2 (NAND2_X2)
     5   12.32    0.02    0.03    0.74 ^ _56236_/ZN (NAND2_X2)
                                         _26826_ (net)
                  0.02    0.00    0.74 ^ _56241_/A1 (NAND2_X4)
     6    9.20    0.01    0.02    0.76 v _56241_/ZN (NAND2_X4)
                                         _26831_ (net)
                  0.01    0.00    0.76 v _56432_/A1 (NAND2_X1)
     1    1.60    0.01    0.01    0.78 ^ _56432_/ZN (NAND2_X1)
                                         _27022_ (net)
                  0.01    0.00    0.78 ^ _56434_/A1 (NAND2_X1)
     2    5.63    0.01    0.02    0.80 v _56434_/ZN (NAND2_X1)
                                         _27024_ (net)
                  0.01    0.00    0.80 v _56438_/A1 (NAND2_X2)
     2    3.26    0.01    0.02    0.81 ^ _56438_/ZN (NAND2_X2)
                                         _27028_ (net)
                  0.01    0.00    0.81 ^ _56439_/A1 (NAND2_X1)
     1    2.70    0.01    0.01    0.83 v _56439_/ZN (NAND2_X1)
                                         _27029_ (net)
                  0.01    0.00    0.83 v _56441_/A1 (NOR2_X2)
     2    5.10    0.02    0.03    0.86 ^ _56441_/ZN (NOR2_X2)
                                         _27031_ (net)
                  0.02    0.00    0.86 ^ _56455_/A2 (NAND3_X1)
     1    3.14    0.01    0.03    0.89 v _56455_/ZN (NAND3_X1)
                                         _27045_ (net)
                  0.01    0.00    0.89 v _56456_/A2 (NAND2_X2)
     5    9.41    0.02    0.03    0.91 ^ _56456_/ZN (NAND2_X2)
                                         _27046_ (net)
                  0.02    0.00    0.91 ^ _56469_/A1 (NAND2_X2)
     4    8.91    0.01    0.02    0.93 v _56469_/ZN (NAND2_X2)
                                         _27059_ (net)
                  0.01    0.00    0.93 v _56485_/A1 (NAND2_X1)
     1    3.05    0.01    0.02    0.95 ^ _56485_/ZN (NAND2_X1)
                                         _27075_ (net)
                  0.01    0.00    0.95 ^ _56487_/A1 (NAND2_X2)
     4    9.33    0.01    0.02    0.97 v _56487_/ZN (NAND2_X2)
                                         _27077_ (net)
                  0.01    0.00    0.97 v _56519_/A2 (NAND2_X1)
     2    3.33    0.01    0.02    1.00 ^ _56519_/ZN (NAND2_X1)
                                         _27109_ (net)
                  0.01    0.00    1.00 ^ _56528_/A2 (NAND2_X1)
     1    3.18    0.01    0.02    1.01 v _56528_/ZN (NAND2_X1)
                                         _27118_ (net)
                  0.01    0.00    1.01 v _56529_/A2 (NOR2_X2)
     1    6.25    0.02    0.04    1.05 ^ _56529_/ZN (NOR2_X2)
                                         _27119_ (net)
                  0.02    0.00    1.05 ^ _56533_/A1 (NAND3_X4)
     6   18.30    0.02    0.03    1.08 v _56533_/ZN (NAND3_X4)
                                         _27123_ (net)
                  0.02    0.00    1.08 v _56534_/A2 (NAND2_X4)
     5   22.52    0.02    0.03    1.11 ^ _56534_/ZN (NAND2_X4)
                                         _27124_ (net)
                  0.02    0.00    1.11 ^ _56555_/A1 (NAND2_X1)
     1    2.93    0.01    0.02    1.13 v _56555_/ZN (NAND2_X1)
                                         _27145_ (net)
                  0.01    0.00    1.13 v _56557_/A1 (NAND2_X2)
     4   11.38    0.02    0.03    1.16 ^ _56557_/ZN (NAND2_X2)
                                         _27147_ (net)
                  0.02    0.00    1.16 ^ _56591_/A (BUF_X8)
    10   29.71    0.01    0.03    1.18 ^ _56591_/Z (BUF_X8)
                                         _27180_ (net)
                  0.01    0.00    1.18 ^ _56592_/A (BUF_X16)
    10   28.02    0.01    0.02    1.21 ^ _56592_/Z (BUF_X16)
                                         _27181_ (net)
                  0.01    0.00    1.21 ^ _57208_/A1 (NAND2_X2)
     3    7.41    0.01    0.02    1.22 v _57208_/ZN (NAND2_X2)
                                         _27777_ (net)
                  0.01    0.00    1.22 v _57230_/B (XNOR2_X2)
     3   11.48    0.04    0.05    1.28 ^ _57230_/ZN (XNOR2_X2)
                                         _27799_ (net)
                  0.04    0.00    1.28 ^ _57231_/A (INV_X1)
     1    3.18    0.01    0.01    1.29 v _57231_/ZN (INV_X1)
                                         _27800_ (net)
                  0.01    0.00    1.29 v _57232_/A2 (NOR2_X2)
     1    6.20    0.02    0.04    1.33 ^ _57232_/ZN (NOR2_X2)
                                         _27801_ (net)
                  0.02    0.00    1.33 ^ _57233_/A2 (NAND2_X4)
     4   13.76    0.01    0.02    1.35 v _57233_/ZN (NAND2_X4)
                                         _27802_ (net)
                  0.01    0.00    1.35 v _57248_/A1 (AND2_X2)
     1    5.70    0.01    0.03    1.38 v _57248_/ZN (AND2_X2)
                                         _27817_ (net)
                  0.01    0.00    1.38 v _57249_/A1 (NAND2_X4)
     3    6.64    0.01    0.01    1.39 ^ _57249_/ZN (NAND2_X4)
                                         _27818_ (net)
                  0.01    0.00    1.39 ^ _57250_/A (BUF_X4)
    10   16.55    0.01    0.03    1.42 ^ _57250_/Z (BUF_X4)
                                         _27819_ (net)
                  0.01    0.00    1.42 ^ _57333_/A3 (NAND3_X1)
     2    4.29    0.02    0.03    1.45 v _57333_/ZN (NAND3_X1)
                                         _27902_ (net)
                  0.02    0.00    1.45 v _57335_/A1 (NAND3_X1)
     1    1.66    0.01    0.02    1.47 ^ _57335_/ZN (NAND3_X1)
                                         _27904_ (net)
                  0.01    0.00    1.47 ^ _57336_/A2 (NAND2_X1)
     2    4.20    0.01    0.02    1.49 v _57336_/ZN (NAND2_X1)
                                         _27905_ (net)
                  0.01    0.00    1.49 v _57401_/A1 (NOR2_X2)
     3    4.96    0.02    0.03    1.52 ^ _57401_/ZN (NOR2_X2)
                                         _27964_ (net)
                  0.02    0.00    1.52 ^ _57407_/A1 (NAND2_X1)
     3    6.16    0.02    0.03    1.54 v _57407_/ZN (NAND2_X1)
                                         _27969_ (net)
                  0.02    0.00    1.54 v _57422_/A2 (NOR2_X1)
     1    1.65    0.02    0.03    1.57 ^ _57422_/ZN (NOR2_X1)
                                         _27982_ (net)
                  0.02    0.00    1.57 ^ _57423_/A3 (NAND3_X1)
     1    2.13    0.01    0.02    1.60 v _57423_/ZN (NAND3_X1)
                                         _27983_ (net)
                  0.01    0.00    1.60 v _57427_/A (XNOR2_X1)
     1    1.55    0.01    0.04    1.63 v _57427_/ZN (XNOR2_X1)
                                         _27987_ (net)
                  0.01    0.00    1.63 v _57428_/A (INV_X1)
     1    0.00    0.00    0.01    1.64 ^ _57428_/ZN (INV_X1)
                                         cvt_blk_o[125] (net)
                  0.00    0.00    1.64 ^ cvt_blk_o[125] (out)
                                  1.64   data arrival time

                  0.00    2.00    2.00   clock core_clock (rise edge)
                          0.00    2.00   clock network delay (ideal)
                          0.00    2.00   clock reconvergence pessimism
                         -0.40    1.60   output external delay
                                  1.60   data required time
-----------------------------------------------------------------------------
                                  1.60   data required time
                                 -1.64   data arrival time
-----------------------------------------------------------------------------
                                 -0.04   slack (VIOLATED)



==========================================================================
Post synthesis report_power
--------------------------------------------------------------------------
Group                  Internal  Switching    Leakage      Total
                          Power      Power      Power      Power (Watts)
----------------------------------------------------------------
Sequential             1.15e-02   7.37e-04   1.69e-04   1.24e-02   2.9%
Combinational          2.16e-01   2.05e-01   9.35e-04   4.22e-01  97.1%
Clock                  0.00e+00   0.00e+00   0.00e+00   0.00e+00   0.0%
Macro                  0.00e+00   0.00e+00   0.00e+00   0.00e+00   0.0%
Pad                    0.00e+00   0.00e+00   0.00e+00   0.00e+00   0.0%
----------------------------------------------------------------
Total                  2.28e-01   2.05e-01   1.10e-03   4.34e-01 100.0%
                          52.4%      47.3%       0.3%
