
==========================================================================
Post synthesis report_tns
--------------------------------------------------------------------------
tns 0.00

==========================================================================
Post synthesis report_wns
--------------------------------------------------------------------------
wns 0.00

==========================================================================
Post synthesis report_worst_slack
--------------------------------------------------------------------------
worst slack 0.16

==========================================================================
Post synthesis report_checks -path_delay min
--------------------------------------------------------------------------
Startpoint: u_pcu.u_mul.s0_valid_q$_SDFF_PN0_
            (rising edge-triggered flip-flop clocked by core_clock)
Endpoint: u_pcu.u_mul.fp32_o[31]$_SDFF_PP0_
          (rising edge-triggered flip-flop clocked by core_clock)
Path Group: core_clock
Path Type: min

Fanout     Cap    Slew   Delay    Time   Description
-----------------------------------------------------------------------------
                  0.00    0.00    0.00   clock core_clock (rise edge)
                          0.00    0.00   clock network delay (ideal)
                  0.00    0.00    0.00 ^ u_pcu.u_mul.s0_valid_q$_SDFF_PN0_/CK (DFF_X1)
     1    0.92    0.01    0.06    0.06 ^ u_pcu.u_mul.s0_valid_q$_SDFF_PN0_/QN (DFF_X1)
                                         _000261_ (net)
                  0.01    0.00    0.06 ^ _083306_/A3 (OR3_X1)
     2    3.37    0.01    0.03    0.09 ^ _083306_/ZN (OR3_X1)
                                         _028922_ (net)
                  0.01    0.00    0.09 ^ _083308_/A1 (NOR2_X1)
     1    1.06    0.00    0.01    0.10 v _083308_/ZN (NOR2_X1)
                                         _000454_ (net)
                  0.00    0.00    0.10 v u_pcu.u_mul.fp32_o[31]$_SDFF_PP0_/D (DFF_X1)
                                  0.10   data arrival time

                  0.00    0.00    0.00   clock core_clock (rise edge)
                          0.00    0.00   clock network delay (ideal)
                          0.00    0.00   clock reconvergence pessimism
                                  0.00 ^ u_pcu.u_mul.fp32_o[31]$_SDFF_PP0_/CK (DFF_X1)
                          0.00    0.00   library hold time
                                  0.00   data required time
-----------------------------------------------------------------------------
                                  0.00   data required time
                                 -0.10   data arrival time
-----------------------------------------------------------------------------
                                  0.10   slack (MET)



==========================================================================
Post synthesis report_checks -path_delay max
--------------------------------------------------------------------------
Startpoint: drain_entry_i[0] (input port clocked by core_clock)
Endpoint: u_pcu.u_mul.s0_exact_product_q[37]$_SDFFE_PN0P_
          (rising edge-triggered flip-flop clocked by core_clock)
Path Group: core_clock
Path Type: max

Fanout     Cap    Slew   Delay    Time   Description
-----------------------------------------------------------------------------
                  0.00    0.00    0.00   clock core_clock (rise edge)
                          0.00    0.00   clock network delay (ideal)
                          0.40    0.40 ^ input external delay
     1    6.20    0.00    0.00    0.40 ^ drain_entry_i[0] (in)
                                         drain_entry_i[0] (net)
                  0.00    0.00    0.40 ^ _054896_/A2 (NAND2_X4)
     2   11.51    0.01    0.01    0.41 v _054896_/ZN (NAND2_X4)
                                         _051128_ (net)
                  0.01    0.00    0.41 v _054898_/A1 (NAND2_X4)
     1   12.41    0.01    0.02    0.43 ^ _054898_/ZN (NAND2_X4)
                                         _051130_ (net)
                  0.01    0.00    0.43 ^ _054899_/A (BUF_X16)
     9  100.67    0.02    0.03    0.47 ^ _054899_/Z (BUF_X16)
                                         _051131_ (net)
                  0.02    0.00    0.47 ^ _054939_/A (BUF_X32)
    10   62.97    0.01    0.03    0.49 ^ _054939_/Z (BUF_X32)
                                         _051169_ (net)
                  0.01    0.00    0.49 ^ _054947_/A (BUF_X8)
    10   36.48    0.01    0.03    0.52 ^ _054947_/Z (BUF_X8)
                                         _051177_ (net)
                  0.01    0.00    0.52 ^ _054948_/B1 (OAI21_X1)
     1    1.56    0.01    0.01    0.54 v _054948_/ZN (OAI21_X1)
                                         _051178_ (net)
                  0.01    0.00    0.54 v _054949_/B2 (OAI21_X1)
    10    9.51    0.05    0.07    0.61 ^ _054949_/ZN (OAI21_X1)
                                         drain_data_o[95] (net)
                  0.05    0.00    0.61 ^ _079938_/A1 (NOR2_X1)
     1    1.56    0.01    0.01    0.62 v _079938_/ZN (NOR2_X1)
                                         _025570_ (net)
                  0.01    0.00    0.62 v _079939_/A2 (NOR2_X1)
     1    1.60    0.02    0.03    0.65 ^ _079939_/ZN (NOR2_X1)
                                         _025571_ (net)
                  0.02    0.00    0.65 ^ _079946_/A1 (NAND2_X1)
     1    1.56    0.01    0.01    0.66 v _079946_/ZN (NAND2_X1)
                                         _025578_ (net)
                  0.01    0.00    0.66 v _079957_/A1 (NAND3_X1)
     1    2.98    0.01    0.02    0.68 ^ _079957_/ZN (NAND3_X1)
                                         _025589_ (net)
                  0.01    0.00    0.68 ^ _079977_/A1 (NAND3_X2)
     5   11.95    0.02    0.03    0.71 v _079977_/ZN (NAND3_X2)
                                         _025609_ (net)
                  0.02    0.00    0.71 v _080009_/A1 (NAND2_X4)
     5   14.25    0.01    0.03    0.74 ^ _080009_/ZN (NAND2_X4)
                                         _025641_ (net)
                  0.01    0.00    0.74 ^ _081793_/A (XNOR2_X1)
     2    3.36    0.03    0.04    0.78 ^ _081793_/ZN (XNOR2_X1)
                                         _027425_ (net)
                  0.03    0.00    0.78 ^ _081794_/A (INV_X1)
     3    4.52    0.01    0.02    0.80 v _081794_/ZN (INV_X1)
                                         _027426_ (net)
                  0.01    0.00    0.80 v _081795_/A2 (NAND2_X1)
     1    3.25    0.01    0.02    0.82 ^ _081795_/ZN (NAND2_X1)
                                         _027427_ (net)
                  0.01    0.00    0.82 ^ _081796_/A (INV_X2)
     4    5.38    0.01    0.01    0.83 v _081796_/ZN (INV_X2)
                                         _027428_ (net)
                  0.01    0.00    0.83 v _081800_/A1 (AND2_X1)
     2    3.06    0.01    0.03    0.86 v _081800_/ZN (AND2_X1)
                                         _027432_ (net)
                  0.01    0.00    0.86 v _081848_/A1 (NAND2_X1)
     1    1.59    0.01    0.01    0.87 ^ _081848_/ZN (NAND2_X1)
                                         _027480_ (net)
                  0.01    0.00    0.87 ^ _081854_/A1 (NAND3_X1)
     1    3.18    0.01    0.02    0.89 v _081854_/ZN (NAND3_X1)
                                         _027486_ (net)
                  0.01    0.00    0.89 v _081855_/A2 (NOR2_X2)
     2    4.95    0.02    0.03    0.93 ^ _081855_/ZN (NOR2_X2)
                                         _027487_ (net)
                  0.02    0.00    0.93 ^ _081856_/A2 (NAND2_X1)
     2    4.48    0.01    0.02    0.95 v _081856_/ZN (NAND2_X1)
                                         _027488_ (net)
                  0.01    0.00    0.95 v _081861_/A1 (NAND2_X2)
     4   10.73    0.02    0.03    0.97 ^ _081861_/ZN (NAND2_X2)
                                         _027493_ (net)
                  0.02    0.00    0.97 ^ _081864_/A1 (NAND2_X4)
     3   19.75    0.01    0.02    1.00 v _081864_/ZN (NAND2_X4)
                                         _027496_ (net)
                  0.01    0.00    1.00 v _081865_/A (BUF_X16)
    10   31.65    0.01    0.03    1.03 v _081865_/Z (BUF_X16)
                                         _027497_ (net)
                  0.01    0.00    1.03 v _081866_/A (BUF_X16)
    10   32.07    0.01    0.02    1.05 v _081866_/Z (BUF_X16)
                                         _027498_ (net)
                  0.01    0.00    1.05 v _081867_/A (BUF_X16)
    10   32.50    0.01    0.02    1.08 v _081867_/Z (BUF_X16)
                                         _027499_ (net)
                  0.01    0.00    1.08 v _086538_/A2 (NAND2_X1)
     1    3.05    0.01    0.02    1.09 ^ _086538_/ZN (NAND2_X1)
                                         _032099_ (net)
                  0.01    0.00    1.09 ^ _086551_/A1 (NAND2_X2)
     4   10.04    0.01    0.02    1.12 v _086551_/ZN (NAND2_X2)
                                         _032112_ (net)
                  0.01    0.00    1.12 v _086556_/A1 (NAND2_X4)
     8   15.90    0.02    0.02    1.14 ^ _086556_/ZN (NAND2_X4)
                                         _032117_ (net)
                  0.02    0.00    1.14 ^ _088015_/A1 (NAND2_X1)
     2    3.00    0.01    0.02    1.16 v _088015_/ZN (NAND2_X1)
                                         _033565_ (net)
                  0.01    0.00    1.16 v _088023_/A2 (NAND2_X1)
     2    3.32    0.01    0.02    1.18 ^ _088023_/ZN (NAND2_X1)
                                         _033573_ (net)
                  0.01    0.00    1.18 ^ _088159_/A (INV_X1)
     1    1.46    0.00    0.01    1.19 v _088159_/ZN (INV_X1)
                                         _033707_ (net)
                  0.00    0.00    1.19 v _088160_/B1 (OAI21_X1)
     2    3.29    0.03    0.03    1.22 ^ _088160_/ZN (OAI21_X1)
                                         _033708_ (net)
                  0.03    0.00    1.22 ^ _088175_/A (INV_X1)
     1    1.50    0.01    0.01    1.23 v _088175_/ZN (INV_X1)
                                         _033723_ (net)
                  0.01    0.00    1.23 v _088176_/A2 (NAND2_X1)
     3    4.99    0.02    0.02    1.25 ^ _088176_/ZN (NAND2_X1)
                                         _033724_ (net)
                  0.02    0.00    1.25 ^ _088294_/A (INV_X1)
     1    1.46    0.01    0.01    1.26 v _088294_/ZN (INV_X1)
                                         _033841_ (net)
                  0.01    0.00    1.26 v _088295_/B1 (OAI21_X1)
     2    3.29    0.03    0.03    1.29 ^ _088295_/ZN (OAI21_X1)
                                         _033842_ (net)
                  0.03    0.00    1.29 ^ _088331_/A (INV_X1)
     1    1.50    0.01    0.01    1.30 v _088331_/ZN (INV_X1)
                                         _033878_ (net)
                  0.01    0.00    1.30 v _088332_/A2 (NAND2_X1)
     3    5.01    0.02    0.02    1.33 ^ _088332_/ZN (NAND2_X1)
                                         _033879_ (net)
                  0.02    0.00    1.33 ^ _088393_/A (INV_X1)
     1    1.46    0.01    0.01    1.33 v _088393_/ZN (INV_X1)
                                         _033939_ (net)
                  0.01    0.00    1.33 v _088394_/B1 (OAI21_X1)
     2    3.29    0.03    0.03    1.37 ^ _088394_/ZN (OAI21_X1)
                                         _033940_ (net)
                  0.03    0.00    1.37 ^ _088459_/A1 (NAND3_X1)
     3    3.99    0.02    0.03    1.40 v _088459_/ZN (NAND3_X1)
                                         _034005_ (net)
                  0.02    0.00    1.40 v _088469_/A1 (NAND3_X1)
     3    4.23    0.02    0.03    1.42 ^ _088469_/ZN (NAND3_X1)
                                         _034015_ (net)
                  0.02    0.00    1.42 ^ _088576_/A1 (AND2_X1)
     2    4.22    0.01    0.04    1.47 ^ _088576_/ZN (AND2_X1)
                                         _034121_ (net)
                  0.01    0.00    1.47 ^ _088577_/B (XNOR2_X1)
     2    3.36    0.03    0.04    1.51 ^ _088577_/ZN (XNOR2_X1)
                                         _034122_ (net)
                  0.03    0.00    1.51 ^ _088579_/A (INV_X1)
     1    1.53    0.01    0.01    1.52 v _088579_/ZN (INV_X1)
                                         _034124_ (net)
                  0.01    0.00    1.52 v _088582_/A1 (NAND2_X1)
     3    6.69    0.02    0.03    1.54 ^ _088582_/ZN (NAND2_X1)
                                         _034127_ (net)
                  0.02    0.00    1.54 ^ _088583_/A2 (NAND2_X2)
     4    8.46    0.01    0.02    1.57 v _088583_/ZN (NAND2_X2)
                                         _034128_ (net)
                  0.01    0.00    1.57 v _088678_/A1 (NOR2_X1)
     3    4.94    0.03    0.04    1.61 ^ _088678_/ZN (NOR2_X1)
                                         _034221_ (net)
                  0.03    0.00    1.61 ^ _088843_/A1 (NAND2_X1)
     2    4.71    0.02    0.03    1.63 v _088843_/ZN (NAND2_X1)
                                         _034384_ (net)
                  0.02    0.00    1.63 v _088850_/A2 (NOR2_X2)
     2    3.32    0.02    0.03    1.66 ^ _088850_/ZN (NOR2_X2)
                                         _034391_ (net)
                  0.02    0.00    1.66 ^ _088852_/A1 (AND2_X2)
     2    3.20    0.01    0.03    1.70 ^ _088852_/ZN (AND2_X2)
                                         _034393_ (net)
                  0.01    0.00    1.70 ^ _088870_/A1 (NAND2_X1)
     1    2.70    0.01    0.01    1.71 v _088870_/ZN (NAND2_X1)
                                         _034411_ (net)
                  0.01    0.00    1.71 v _088871_/A1 (NOR2_X2)
     2    3.22    0.02    0.02    1.73 ^ _088871_/ZN (NOR2_X2)
                                         _034412_ (net)
                  0.02    0.00    1.73 ^ _088872_/A2 (NOR2_X1)
     1    2.13    0.01    0.01    1.75 v _088872_/ZN (NOR2_X1)
                                         _034413_ (net)
                  0.01    0.00    1.75 v _088895_/A (XNOR2_X1)
     1    2.73    0.02    0.04    1.78 v _088895_/ZN (XNOR2_X1)
                                         _034436_ (net)
                  0.02    0.00    1.78 v _088897_/B1 (AOI21_X2)
     1    1.14    0.02    0.02    1.81 ^ _088897_/ZN (AOI21_X2)
                                         _000501_ (net)
                  0.02    0.00    1.81 ^ u_pcu.u_mul.s0_exact_product_q[37]$_SDFFE_PN0P_/D (DFF_X1)
                                  1.81   data arrival time

                  0.00    2.00    2.00   clock core_clock (rise edge)
                          0.00    2.00   clock network delay (ideal)
                          0.00    2.00   clock reconvergence pessimism
                                  2.00 ^ u_pcu.u_mul.s0_exact_product_q[37]$_SDFFE_PN0P_/CK (DFF_X1)
                         -0.03    1.97   library setup time
                                  1.97   data required time
-----------------------------------------------------------------------------
                                  1.97   data required time
                                 -1.81   data arrival time
-----------------------------------------------------------------------------
                                  0.16   slack (MET)



==========================================================================
Post synthesis report_checks -unconstrained
--------------------------------------------------------------------------
Startpoint: drain_entry_i[0] (input port clocked by core_clock)
Endpoint: u_pcu.u_mul.s0_exact_product_q[37]$_SDFFE_PN0P_
          (rising edge-triggered flip-flop clocked by core_clock)
Path Group: core_clock
Path Type: max

Fanout     Cap    Slew   Delay    Time   Description
-----------------------------------------------------------------------------
                  0.00    0.00    0.00   clock core_clock (rise edge)
                          0.00    0.00   clock network delay (ideal)
                          0.40    0.40 ^ input external delay
     1    6.20    0.00    0.00    0.40 ^ drain_entry_i[0] (in)
                                         drain_entry_i[0] (net)
                  0.00    0.00    0.40 ^ _054896_/A2 (NAND2_X4)
     2   11.51    0.01    0.01    0.41 v _054896_/ZN (NAND2_X4)
                                         _051128_ (net)
                  0.01    0.00    0.41 v _054898_/A1 (NAND2_X4)
     1   12.41    0.01    0.02    0.43 ^ _054898_/ZN (NAND2_X4)
                                         _051130_ (net)
                  0.01    0.00    0.43 ^ _054899_/A (BUF_X16)
     9  100.67    0.02    0.03    0.47 ^ _054899_/Z (BUF_X16)
                                         _051131_ (net)
                  0.02    0.00    0.47 ^ _054939_/A (BUF_X32)
    10   62.97    0.01    0.03    0.49 ^ _054939_/Z (BUF_X32)
                                         _051169_ (net)
                  0.01    0.00    0.49 ^ _054947_/A (BUF_X8)
    10   36.48    0.01    0.03    0.52 ^ _054947_/Z (BUF_X8)
                                         _051177_ (net)
                  0.01    0.00    0.52 ^ _054948_/B1 (OAI21_X1)
     1    1.56    0.01    0.01    0.54 v _054948_/ZN (OAI21_X1)
                                         _051178_ (net)
                  0.01    0.00    0.54 v _054949_/B2 (OAI21_X1)
    10    9.51    0.05    0.07    0.61 ^ _054949_/ZN (OAI21_X1)
                                         drain_data_o[95] (net)
                  0.05    0.00    0.61 ^ _079938_/A1 (NOR2_X1)
     1    1.56    0.01    0.01    0.62 v _079938_/ZN (NOR2_X1)
                                         _025570_ (net)
                  0.01    0.00    0.62 v _079939_/A2 (NOR2_X1)
     1    1.60    0.02    0.03    0.65 ^ _079939_/ZN (NOR2_X1)
                                         _025571_ (net)
                  0.02    0.00    0.65 ^ _079946_/A1 (NAND2_X1)
     1    1.56    0.01    0.01    0.66 v _079946_/ZN (NAND2_X1)
                                         _025578_ (net)
                  0.01    0.00    0.66 v _079957_/A1 (NAND3_X1)
     1    2.98    0.01    0.02    0.68 ^ _079957_/ZN (NAND3_X1)
                                         _025589_ (net)
                  0.01    0.00    0.68 ^ _079977_/A1 (NAND3_X2)
     5   11.95    0.02    0.03    0.71 v _079977_/ZN (NAND3_X2)
                                         _025609_ (net)
                  0.02    0.00    0.71 v _080009_/A1 (NAND2_X4)
     5   14.25    0.01    0.03    0.74 ^ _080009_/ZN (NAND2_X4)
                                         _025641_ (net)
                  0.01    0.00    0.74 ^ _081793_/A (XNOR2_X1)
     2    3.36    0.03    0.04    0.78 ^ _081793_/ZN (XNOR2_X1)
                                         _027425_ (net)
                  0.03    0.00    0.78 ^ _081794_/A (INV_X1)
     3    4.52    0.01    0.02    0.80 v _081794_/ZN (INV_X1)
                                         _027426_ (net)
                  0.01    0.00    0.80 v _081795_/A2 (NAND2_X1)
     1    3.25    0.01    0.02    0.82 ^ _081795_/ZN (NAND2_X1)
                                         _027427_ (net)
                  0.01    0.00    0.82 ^ _081796_/A (INV_X2)
     4    5.38    0.01    0.01    0.83 v _081796_/ZN (INV_X2)
                                         _027428_ (net)
                  0.01    0.00    0.83 v _081800_/A1 (AND2_X1)
     2    3.06    0.01    0.03    0.86 v _081800_/ZN (AND2_X1)
                                         _027432_ (net)
                  0.01    0.00    0.86 v _081848_/A1 (NAND2_X1)
     1    1.59    0.01    0.01    0.87 ^ _081848_/ZN (NAND2_X1)
                                         _027480_ (net)
                  0.01    0.00    0.87 ^ _081854_/A1 (NAND3_X1)
     1    3.18    0.01    0.02    0.89 v _081854_/ZN (NAND3_X1)
                                         _027486_ (net)
                  0.01    0.00    0.89 v _081855_/A2 (NOR2_X2)
     2    4.95    0.02    0.03    0.93 ^ _081855_/ZN (NOR2_X2)
                                         _027487_ (net)
                  0.02    0.00    0.93 ^ _081856_/A2 (NAND2_X1)
     2    4.48    0.01    0.02    0.95 v _081856_/ZN (NAND2_X1)
                                         _027488_ (net)
                  0.01    0.00    0.95 v _081861_/A1 (NAND2_X2)
     4   10.73    0.02    0.03    0.97 ^ _081861_/ZN (NAND2_X2)
                                         _027493_ (net)
                  0.02    0.00    0.97 ^ _081864_/A1 (NAND2_X4)
     3   19.75    0.01    0.02    1.00 v _081864_/ZN (NAND2_X4)
                                         _027496_ (net)
                  0.01    0.00    1.00 v _081865_/A (BUF_X16)
    10   31.65    0.01    0.03    1.03 v _081865_/Z (BUF_X16)
                                         _027497_ (net)
                  0.01    0.00    1.03 v _081866_/A (BUF_X16)
    10   32.07    0.01    0.02    1.05 v _081866_/Z (BUF_X16)
                                         _027498_ (net)
                  0.01    0.00    1.05 v _081867_/A (BUF_X16)
    10   32.50    0.01    0.02    1.08 v _081867_/Z (BUF_X16)
                                         _027499_ (net)
                  0.01    0.00    1.08 v _086538_/A2 (NAND2_X1)
     1    3.05    0.01    0.02    1.09 ^ _086538_/ZN (NAND2_X1)
                                         _032099_ (net)
                  0.01    0.00    1.09 ^ _086551_/A1 (NAND2_X2)
     4   10.04    0.01    0.02    1.12 v _086551_/ZN (NAND2_X2)
                                         _032112_ (net)
                  0.01    0.00    1.12 v _086556_/A1 (NAND2_X4)
     8   15.90    0.02    0.02    1.14 ^ _086556_/ZN (NAND2_X4)
                                         _032117_ (net)
                  0.02    0.00    1.14 ^ _088015_/A1 (NAND2_X1)
     2    3.00    0.01    0.02    1.16 v _088015_/ZN (NAND2_X1)
                                         _033565_ (net)
                  0.01    0.00    1.16 v _088023_/A2 (NAND2_X1)
     2    3.32    0.01    0.02    1.18 ^ _088023_/ZN (NAND2_X1)
                                         _033573_ (net)
                  0.01    0.00    1.18 ^ _088159_/A (INV_X1)
     1    1.46    0.00    0.01    1.19 v _088159_/ZN (INV_X1)
                                         _033707_ (net)
                  0.00    0.00    1.19 v _088160_/B1 (OAI21_X1)
     2    3.29    0.03    0.03    1.22 ^ _088160_/ZN (OAI21_X1)
                                         _033708_ (net)
                  0.03    0.00    1.22 ^ _088175_/A (INV_X1)
     1    1.50    0.01    0.01    1.23 v _088175_/ZN (INV_X1)
                                         _033723_ (net)
                  0.01    0.00    1.23 v _088176_/A2 (NAND2_X1)
     3    4.99    0.02    0.02    1.25 ^ _088176_/ZN (NAND2_X1)
                                         _033724_ (net)
                  0.02    0.00    1.25 ^ _088294_/A (INV_X1)
     1    1.46    0.01    0.01    1.26 v _088294_/ZN (INV_X1)
                                         _033841_ (net)
                  0.01    0.00    1.26 v _088295_/B1 (OAI21_X1)
     2    3.29    0.03    0.03    1.29 ^ _088295_/ZN (OAI21_X1)
                                         _033842_ (net)
                  0.03    0.00    1.29 ^ _088331_/A (INV_X1)
     1    1.50    0.01    0.01    1.30 v _088331_/ZN (INV_X1)
                                         _033878_ (net)
                  0.01    0.00    1.30 v _088332_/A2 (NAND2_X1)
     3    5.01    0.02    0.02    1.33 ^ _088332_/ZN (NAND2_X1)
                                         _033879_ (net)
                  0.02    0.00    1.33 ^ _088393_/A (INV_X1)
     1    1.46    0.01    0.01    1.33 v _088393_/ZN (INV_X1)
                                         _033939_ (net)
                  0.01    0.00    1.33 v _088394_/B1 (OAI21_X1)
     2    3.29    0.03    0.03    1.37 ^ _088394_/ZN (OAI21_X1)
                                         _033940_ (net)
                  0.03    0.00    1.37 ^ _088459_/A1 (NAND3_X1)
     3    3.99    0.02    0.03    1.40 v _088459_/ZN (NAND3_X1)
                                         _034005_ (net)
                  0.02    0.00    1.40 v _088469_/A1 (NAND3_X1)
     3    4.23    0.02    0.03    1.42 ^ _088469_/ZN (NAND3_X1)
                                         _034015_ (net)
                  0.02    0.00    1.42 ^ _088576_/A1 (AND2_X1)
     2    4.22    0.01    0.04    1.47 ^ _088576_/ZN (AND2_X1)
                                         _034121_ (net)
                  0.01    0.00    1.47 ^ _088577_/B (XNOR2_X1)
     2    3.36    0.03    0.04    1.51 ^ _088577_/ZN (XNOR2_X1)
                                         _034122_ (net)
                  0.03    0.00    1.51 ^ _088579_/A (INV_X1)
     1    1.53    0.01    0.01    1.52 v _088579_/ZN (INV_X1)
                                         _034124_ (net)
                  0.01    0.00    1.52 v _088582_/A1 (NAND2_X1)
     3    6.69    0.02    0.03    1.54 ^ _088582_/ZN (NAND2_X1)
                                         _034127_ (net)
                  0.02    0.00    1.54 ^ _088583_/A2 (NAND2_X2)
     4    8.46    0.01    0.02    1.57 v _088583_/ZN (NAND2_X2)
                                         _034128_ (net)
                  0.01    0.00    1.57 v _088678_/A1 (NOR2_X1)
     3    4.94    0.03    0.04    1.61 ^ _088678_/ZN (NOR2_X1)
                                         _034221_ (net)
                  0.03    0.00    1.61 ^ _088843_/A1 (NAND2_X1)
     2    4.71    0.02    0.03    1.63 v _088843_/ZN (NAND2_X1)
                                         _034384_ (net)
                  0.02    0.00    1.63 v _088850_/A2 (NOR2_X2)
     2    3.32    0.02    0.03    1.66 ^ _088850_/ZN (NOR2_X2)
                                         _034391_ (net)
                  0.02    0.00    1.66 ^ _088852_/A1 (AND2_X2)
     2    3.20    0.01    0.03    1.70 ^ _088852_/ZN (AND2_X2)
                                         _034393_ (net)
                  0.01    0.00    1.70 ^ _088870_/A1 (NAND2_X1)
     1    2.70    0.01    0.01    1.71 v _088870_/ZN (NAND2_X1)
                                         _034411_ (net)
                  0.01    0.00    1.71 v _088871_/A1 (NOR2_X2)
     2    3.22    0.02    0.02    1.73 ^ _088871_/ZN (NOR2_X2)
                                         _034412_ (net)
                  0.02    0.00    1.73 ^ _088872_/A2 (NOR2_X1)
     1    2.13    0.01    0.01    1.75 v _088872_/ZN (NOR2_X1)
                                         _034413_ (net)
                  0.01    0.00    1.75 v _088895_/A (XNOR2_X1)
     1    2.73    0.02    0.04    1.78 v _088895_/ZN (XNOR2_X1)
                                         _034436_ (net)
                  0.02    0.00    1.78 v _088897_/B1 (AOI21_X2)
     1    1.14    0.02    0.02    1.81 ^ _088897_/ZN (AOI21_X2)
                                         _000501_ (net)
                  0.02    0.00    1.81 ^ u_pcu.u_mul.s0_exact_product_q[37]$_SDFFE_PN0P_/D (DFF_X1)
                                  1.81   data arrival time

                  0.00    2.00    2.00   clock core_clock (rise edge)
                          0.00    2.00   clock network delay (ideal)
                          0.00    2.00   clock reconvergence pessimism
                                  2.00 ^ u_pcu.u_mul.s0_exact_product_q[37]$_SDFFE_PN0P_/CK (DFF_X1)
                         -0.03    1.97   library setup time
                                  1.97   data required time
-----------------------------------------------------------------------------
                                  1.97   data required time
                                 -1.81   data arrival time
-----------------------------------------------------------------------------
                                  0.16   slack (MET)



==========================================================================
Post synthesis report_power
--------------------------------------------------------------------------
Group                  Internal  Switching    Leakage      Total
                          Power      Power      Power      Power (Watts)
----------------------------------------------------------------
Sequential             1.49e-02   6.85e-04   3.13e-04   1.59e-02  25.8%
Combinational          2.18e-02   2.26e-02   1.27e-03   4.57e-02  74.2%
Clock                  0.00e+00   0.00e+00   0.00e+00   0.00e+00   0.0%
Macro                  0.00e+00   0.00e+00   0.00e+00   0.00e+00   0.0%
Pad                    0.00e+00   0.00e+00   0.00e+00   0.00e+00   0.0%
----------------------------------------------------------------
Total                  3.67e-02   2.33e-02   1.58e-03   6.15e-02 100.0%
                          59.6%      37.8%       2.6%
