
==========================================================================
Post synthesis report_tns
--------------------------------------------------------------------------
tns 0.00

==========================================================================
Post synthesis report_wns
--------------------------------------------------------------------------
wns 0.00

==========================================================================
Post synthesis report_worst_slack
--------------------------------------------------------------------------
worst slack 1.62

==========================================================================
Post synthesis report_checks -path_delay min
--------------------------------------------------------------------------
Startpoint: u_pe.psum_q[3]$_SDFFE_PN0P_
            (rising edge-triggered flip-flop clocked by core_clock)
Endpoint: u_pe.psum_q[3]$_SDFFE_PN0P_
          (rising edge-triggered flip-flop clocked by core_clock)
Path Group: core_clock
Path Type: min

Fanout     Cap    Slew   Delay    Time   Description
-----------------------------------------------------------------------------
                  0.00    0.00    0.00   clock core_clock (rise edge)
                          0.00    0.00   clock network delay (ideal)
                  0.00    0.00    0.00 ^ u_pe.psum_q[3]$_SDFFE_PN0P_/CK (DFF_X1)
     2    2.21    0.01    0.08    0.08 v u_pe.psum_q[3]$_SDFFE_PN0P_/Q (DFF_X1)
                                         u_pe.g_shifter.u_align.psum_ext[3] (net)
                  0.01    0.00    0.08 v _4373_/B1 (OAI21_X1)
     1    1.63    0.02    0.03    0.11 ^ _4373_/ZN (OAI21_X1)
                                         _3724_ (net)
                  0.02    0.00    0.11 ^ _4588_/A (AOI21_X1)
     1    1.06    0.01    0.01    0.12 v _4588_/ZN (AOI21_X1)
                                         _0020_ (net)
                  0.01    0.00    0.12 v u_pe.psum_q[3]$_SDFFE_PN0P_/D (DFF_X1)
                                  0.12   data arrival time

                  0.00    0.00    0.00   clock core_clock (rise edge)
                          0.00    0.00   clock network delay (ideal)
                          0.00    0.00   clock reconvergence pessimism
                                  0.00 ^ u_pe.psum_q[3]$_SDFFE_PN0P_/CK (DFF_X1)
                          0.00    0.00   library hold time
                                  0.00   data required time
-----------------------------------------------------------------------------
                                  0.00   data required time
                                 -0.12   data arrival time
-----------------------------------------------------------------------------
                                  0.12   slack (MET)



==========================================================================
Post synthesis report_checks -path_delay max
--------------------------------------------------------------------------
Startpoint: shift_i[6] (input port clocked by core_clock)
Endpoint: acc_next_o[28] (output port clocked by core_clock)
Path Group: core_clock
Path Type: max

Fanout     Cap    Slew   Delay    Time   Description
-----------------------------------------------------------------------------
                  0.00    0.00    0.00   clock core_clock (rise edge)
                          0.00    0.00   clock network delay (ideal)
                          0.80    0.80 ^ input external delay
     1    3.40    0.00    0.00    0.80 ^ shift_i[6] (in)
                                         shift_i[6] (net)
                  0.00    0.00    0.80 ^ _3741_/A (BUF_X4)
     6   18.02    0.01    0.02    0.82 ^ _3741_/Z (BUF_X4)
                                         _2617_ (net)
                  0.01    0.00    0.82 ^ _3742_/A (INV_X4)
     8   16.24    0.01    0.01    0.84 v _3742_/ZN (INV_X4)
                                         _2628_ (net)
                  0.01    0.00    0.84 v _6559_/A2 (NOR2_X2)
     2    5.38    0.02    0.03    0.87 ^ _6559_/ZN (NOR2_X2)
                                         _2196_ (net)
                  0.02    0.00    0.87 ^ _6562_/A (XNOR2_X1)
     3    5.01    0.03    0.05    0.92 ^ _6562_/ZN (XNOR2_X1)
                                         _2199_ (net)
                  0.03    0.00    0.92 ^ _6563_/A3 (NAND3_X1)
     1    1.53    0.01    0.02    0.94 v _6563_/ZN (NAND3_X1)
                                         _2200_ (net)
                  0.01    0.00    0.94 v _6565_/A1 (NAND2_X1)
     1    1.66    0.01    0.02    0.96 ^ _6565_/ZN (NAND2_X1)
                                         _2202_ (net)
                  0.01    0.00    0.96 ^ _6566_/A1 (AND2_X2)
     4    9.50    0.02    0.04    1.00 ^ _6566_/ZN (AND2_X2)
                                         _2203_ (net)
                  0.02    0.00    1.00 ^ _6571_/A1 (NAND2_X2)
     5   10.59    0.01    0.02    1.02 v _6571_/ZN (NAND2_X2)
                                         _2208_ (net)
                  0.01    0.00    1.02 v _6575_/A (BUF_X4)
    10   16.85    0.01    0.03    1.05 v _6575_/Z (BUF_X4)
                                         _2212_ (net)
                  0.01    0.00    1.05 v _6576_/A (BUF_X4)
    10   15.47    0.01    0.03    1.08 v _6576_/Z (BUF_X4)
                                         _2213_ (net)
                  0.01    0.00    1.08 v _6577_/B2 (OAI21_X1)
     2    3.36    0.03    0.04    1.12 ^ _6577_/ZN (OAI21_X1)
                                         _2214_ (net)
                  0.03    0.00    1.12 ^ _6719_/A (INV_X1)
     1    3.31    0.01    0.01    1.13 v _6719_/ZN (INV_X1)
                                         _2356_ (net)
                  0.01    0.00    1.13 v _6720_/B2 (OAI21_X2)
     2    3.29    0.02    0.03    1.16 ^ _6720_/ZN (OAI21_X2)
                                         _2357_ (net)
                  0.02    0.00    1.16 ^ _6812_/B1 (AOI21_X1)
     1    1.52    0.01    0.02    1.18 v _6812_/ZN (AOI21_X1)
                                         _2449_ (net)
                  0.01    0.00    1.18 v _6813_/A (OAI21_X1)
     1    1.59    0.02    0.02    1.20 ^ _6813_/ZN (OAI21_X1)
                                         _2450_ (net)
                  0.02    0.00    1.20 ^ _6816_/A1 (NAND3_X1)
     1    1.45    0.02    0.02    1.22 v _6816_/ZN (NAND3_X1)
                                         _2453_ (net)
                  0.02    0.00    1.22 v _6822_/B1 (AOI21_X1)
     2    2.55    0.03    0.03    1.25 ^ _6822_/ZN (AOI21_X1)
                                         _2459_ (net)
                  0.03    0.00    1.25 ^ _6823_/A1 (OR2_X1)
     2    3.27    0.01    0.03    1.29 ^ _6823_/ZN (OR2_X1)
                                         _2460_ (net)
                  0.01    0.00    1.29 ^ _6825_/A1 (NAND2_X1)
     3    5.39    0.01    0.02    1.31 v _6825_/ZN (NAND2_X1)
                                         _2462_ (net)
                  0.01    0.00    1.31 v _7184_/A1 (NOR2_X1)
     4    5.96    0.04    0.05    1.35 ^ _7184_/ZN (NOR2_X1)
                                         _2848_ (net)
                  0.04    0.00    1.35 ^ _7212_/A2 (AND2_X1)
     2    3.30    0.01    0.04    1.40 ^ _7212_/ZN (AND2_X1)
                                         _2877_ (net)
                  0.01    0.00    1.40 ^ _7213_/A2 (NAND2_X1)
     1    1.53    0.01    0.01    1.41 v _7213_/ZN (NAND2_X1)
                                         _2878_ (net)
                  0.01    0.00    1.41 v _7215_/A1 (NAND2_X1)
     3    4.94    0.02    0.02    1.43 ^ _7215_/ZN (NAND2_X1)
                                         _2880_ (net)
                  0.02    0.00    1.43 ^ _7216_/A (INV_X1)
     2    3.59    0.01    0.01    1.45 v _7216_/ZN (INV_X1)
                                         _2881_ (net)
                  0.01    0.00    1.45 v _7221_/B1 (OAI21_X1)
     2    3.83    0.03    0.04    1.48 ^ _7221_/ZN (OAI21_X1)
                                         _2886_ (net)
                  0.03    0.00    1.48 ^ _7423_/A1 (NAND2_X1)
     1    1.53    0.01    0.02    1.50 v _7423_/ZN (NAND2_X1)
                                         _3092_ (net)
                  0.01    0.00    1.50 v _7430_/A1 (NAND2_X1)
     1    2.23    0.01    0.02    1.51 ^ _7430_/ZN (NAND2_X1)
                                         _3099_ (net)
                  0.01    0.00    1.51 ^ _7431_/A (XNOR2_X1)
     1    1.60    0.02    0.04    1.55 ^ _7431_/ZN (XNOR2_X1)
                                         _3100_ (net)
                  0.02    0.00    1.55 ^ _7432_/A1 (NAND2_X1)
     1    1.53    0.01    0.01    1.57 v _7432_/ZN (NAND2_X1)
                                         _3102_ (net)
                  0.01    0.00    1.57 v _7433_/A1 (NAND2_X1)
     1    0.00    0.01    0.01    1.58 ^ _7433_/ZN (NAND2_X1)
                                         acc_next_o[28] (net)
                  0.01    0.00    1.58 ^ acc_next_o[28] (out)
                                  1.58   data arrival time

                  0.00    4.00    4.00   clock core_clock (rise edge)
                          0.00    4.00   clock network delay (ideal)
                          0.00    4.00   clock reconvergence pessimism
                         -0.80    3.20   output external delay
                                  3.20   data required time
-----------------------------------------------------------------------------
                                  3.20   data required time
                                 -1.58   data arrival time
-----------------------------------------------------------------------------
                                  1.62   slack (MET)



==========================================================================
Post synthesis report_checks -unconstrained
--------------------------------------------------------------------------
Startpoint: shift_i[6] (input port clocked by core_clock)
Endpoint: acc_next_o[28] (output port clocked by core_clock)
Path Group: core_clock
Path Type: max

Fanout     Cap    Slew   Delay    Time   Description
-----------------------------------------------------------------------------
                  0.00    0.00    0.00   clock core_clock (rise edge)
                          0.00    0.00   clock network delay (ideal)
                          0.80    0.80 ^ input external delay
     1    3.40    0.00    0.00    0.80 ^ shift_i[6] (in)
                                         shift_i[6] (net)
                  0.00    0.00    0.80 ^ _3741_/A (BUF_X4)
     6   18.02    0.01    0.02    0.82 ^ _3741_/Z (BUF_X4)
                                         _2617_ (net)
                  0.01    0.00    0.82 ^ _3742_/A (INV_X4)
     8   16.24    0.01    0.01    0.84 v _3742_/ZN (INV_X4)
                                         _2628_ (net)
                  0.01    0.00    0.84 v _6559_/A2 (NOR2_X2)
     2    5.38    0.02    0.03    0.87 ^ _6559_/ZN (NOR2_X2)
                                         _2196_ (net)
                  0.02    0.00    0.87 ^ _6562_/A (XNOR2_X1)
     3    5.01    0.03    0.05    0.92 ^ _6562_/ZN (XNOR2_X1)
                                         _2199_ (net)
                  0.03    0.00    0.92 ^ _6563_/A3 (NAND3_X1)
     1    1.53    0.01    0.02    0.94 v _6563_/ZN (NAND3_X1)
                                         _2200_ (net)
                  0.01    0.00    0.94 v _6565_/A1 (NAND2_X1)
     1    1.66    0.01    0.02    0.96 ^ _6565_/ZN (NAND2_X1)
                                         _2202_ (net)
                  0.01    0.00    0.96 ^ _6566_/A1 (AND2_X2)
     4    9.50    0.02    0.04    1.00 ^ _6566_/ZN (AND2_X2)
                                         _2203_ (net)
                  0.02    0.00    1.00 ^ _6571_/A1 (NAND2_X2)
     5   10.59    0.01    0.02    1.02 v _6571_/ZN (NAND2_X2)
                                         _2208_ (net)
                  0.01    0.00    1.02 v _6575_/A (BUF_X4)
    10   16.85    0.01    0.03    1.05 v _6575_/Z (BUF_X4)
                                         _2212_ (net)
                  0.01    0.00    1.05 v _6576_/A (BUF_X4)
    10   15.47    0.01    0.03    1.08 v _6576_/Z (BUF_X4)
                                         _2213_ (net)
                  0.01    0.00    1.08 v _6577_/B2 (OAI21_X1)
     2    3.36    0.03    0.04    1.12 ^ _6577_/ZN (OAI21_X1)
                                         _2214_ (net)
                  0.03    0.00    1.12 ^ _6719_/A (INV_X1)
     1    3.31    0.01    0.01    1.13 v _6719_/ZN (INV_X1)
                                         _2356_ (net)
                  0.01    0.00    1.13 v _6720_/B2 (OAI21_X2)
     2    3.29    0.02    0.03    1.16 ^ _6720_/ZN (OAI21_X2)
                                         _2357_ (net)
                  0.02    0.00    1.16 ^ _6812_/B1 (AOI21_X1)
     1    1.52    0.01    0.02    1.18 v _6812_/ZN (AOI21_X1)
                                         _2449_ (net)
                  0.01    0.00    1.18 v _6813_/A (OAI21_X1)
     1    1.59    0.02    0.02    1.20 ^ _6813_/ZN (OAI21_X1)
                                         _2450_ (net)
                  0.02    0.00    1.20 ^ _6816_/A1 (NAND3_X1)
     1    1.45    0.02    0.02    1.22 v _6816_/ZN (NAND3_X1)
                                         _2453_ (net)
                  0.02    0.00    1.22 v _6822_/B1 (AOI21_X1)
     2    2.55    0.03    0.03    1.25 ^ _6822_/ZN (AOI21_X1)
                                         _2459_ (net)
                  0.03    0.00    1.25 ^ _6823_/A1 (OR2_X1)
     2    3.27    0.01    0.03    1.29 ^ _6823_/ZN (OR2_X1)
                                         _2460_ (net)
                  0.01    0.00    1.29 ^ _6825_/A1 (NAND2_X1)
     3    5.39    0.01    0.02    1.31 v _6825_/ZN (NAND2_X1)
                                         _2462_ (net)
                  0.01    0.00    1.31 v _7184_/A1 (NOR2_X1)
     4    5.96    0.04    0.05    1.35 ^ _7184_/ZN (NOR2_X1)
                                         _2848_ (net)
                  0.04    0.00    1.35 ^ _7212_/A2 (AND2_X1)
     2    3.30    0.01    0.04    1.40 ^ _7212_/ZN (AND2_X1)
                                         _2877_ (net)
                  0.01    0.00    1.40 ^ _7213_/A2 (NAND2_X1)
     1    1.53    0.01    0.01    1.41 v _7213_/ZN (NAND2_X1)
                                         _2878_ (net)
                  0.01    0.00    1.41 v _7215_/A1 (NAND2_X1)
     3    4.94    0.02    0.02    1.43 ^ _7215_/ZN (NAND2_X1)
                                         _2880_ (net)
                  0.02    0.00    1.43 ^ _7216_/A (INV_X1)
     2    3.59    0.01    0.01    1.45 v _7216_/ZN (INV_X1)
                                         _2881_ (net)
                  0.01    0.00    1.45 v _7221_/B1 (OAI21_X1)
     2    3.83    0.03    0.04    1.48 ^ _7221_/ZN (OAI21_X1)
                                         _2886_ (net)
                  0.03    0.00    1.48 ^ _7423_/A1 (NAND2_X1)
     1    1.53    0.01    0.02    1.50 v _7423_/ZN (NAND2_X1)
                                         _3092_ (net)
                  0.01    0.00    1.50 v _7430_/A1 (NAND2_X1)
     1    2.23    0.01    0.02    1.51 ^ _7430_/ZN (NAND2_X1)
                                         _3099_ (net)
                  0.01    0.00    1.51 ^ _7431_/A (XNOR2_X1)
     1    1.60    0.02    0.04    1.55 ^ _7431_/ZN (XNOR2_X1)
                                         _3100_ (net)
                  0.02    0.00    1.55 ^ _7432_/A1 (NAND2_X1)
     1    1.53    0.01    0.01    1.57 v _7432_/ZN (NAND2_X1)
                                         _3102_ (net)
                  0.01    0.00    1.57 v _7433_/A1 (NAND2_X1)
     1    0.00    0.01    0.01    1.58 ^ _7433_/ZN (NAND2_X1)
                                         acc_next_o[28] (net)
                  0.01    0.00    1.58 ^ acc_next_o[28] (out)
                                  1.58   data arrival time

                  0.00    4.00    4.00   clock core_clock (rise edge)
                          0.00    4.00   clock network delay (ideal)
                          0.00    4.00   clock reconvergence pessimism
                         -0.80    3.20   output external delay
                                  3.20   data required time
-----------------------------------------------------------------------------
                                  3.20   data required time
                                 -1.58   data arrival time
-----------------------------------------------------------------------------
                                  1.62   slack (MET)



==========================================================================
Post synthesis report_power
--------------------------------------------------------------------------
Group                  Internal  Switching    Leakage      Total
                          Power      Power      Power      Power (Watts)
----------------------------------------------------------------
Sequential             6.88e-05   1.97e-05   1.34e-06   8.98e-05   1.8%
Combinational          2.33e-03   2.51e-03   9.68e-05   4.94e-03  98.2%
Clock                  0.00e+00   0.00e+00   0.00e+00   0.00e+00   0.0%
Macro                  0.00e+00   0.00e+00   0.00e+00   0.00e+00   0.0%
Pad                    0.00e+00   0.00e+00   0.00e+00   0.00e+00   0.0%
----------------------------------------------------------------
Total                  2.40e-03   2.53e-03   9.81e-05   5.03e-03 100.0%
                          47.7%      50.3%       1.9%
