
==========================================================================
Post synthesis report_tns
--------------------------------------------------------------------------
tns 0.00

==========================================================================
Post synthesis report_wns
--------------------------------------------------------------------------
wns 0.00

==========================================================================
Post synthesis report_worst_slack
--------------------------------------------------------------------------
worst slack 1.43

==========================================================================
Post synthesis report_checks -path_delay min
--------------------------------------------------------------------------
Startpoint: u_pcu.g_pe[7].u_pe.psum_q[0]$_SDFFE_PN0P_
            (rising edge-triggered flip-flop clocked by core_clock)
Endpoint: u_pcu.g_pe[7].u_pe.psum_q[0]$_SDFFE_PN0P_
          (rising edge-triggered flip-flop clocked by core_clock)
Path Group: core_clock
Path Type: min

Fanout     Cap    Slew   Delay    Time   Description
-----------------------------------------------------------------------------
                  0.00    0.00    0.00   clock core_clock (rise edge)
                          0.00    0.00   clock network delay (ideal)
                  0.00    0.00    0.00 ^ u_pcu.g_pe[7].u_pe.psum_q[0]$_SDFFE_PN0P_/CK (DFF_X1)
     1    1.55    0.01    0.08    0.08 v u_pcu.g_pe[7].u_pe.psum_q[0]$_SDFFE_PN0P_/Q (DFF_X1)
                                         u_pcu.g_pe[7].u_pe.aligned[0] (net)
                  0.01    0.00    0.08 v _54090_/A (INV_X1)
     1    1.66    0.01    0.01    0.09 ^ _54090_/ZN (INV_X1)
                                         _27827_ (net)
                  0.01    0.00    0.09 ^ _54091_/B1 (OAI21_X1)
     1    1.06    0.01    0.01    0.10 v _54091_/ZN (OAI21_X1)
                                         _00137_ (net)
                  0.01    0.00    0.10 v u_pcu.g_pe[7].u_pe.psum_q[0]$_SDFFE_PN0P_/D (DFF_X1)
                                  0.10   data arrival time

                  0.00    0.00    0.00   clock core_clock (rise edge)
                          0.00    0.00   clock network delay (ideal)
                          0.00    0.00   clock reconvergence pessimism
                                  0.00 ^ u_pcu.g_pe[7].u_pe.psum_q[0]$_SDFFE_PN0P_/CK (DFF_X1)
                          0.00    0.00   library hold time
                                  0.00   data required time
-----------------------------------------------------------------------------
                                  0.00   data required time
                                 -0.10   data arrival time
-----------------------------------------------------------------------------
                                  0.10   slack (MET)



==========================================================================
Post synthesis report_checks -path_delay max
--------------------------------------------------------------------------
Startpoint: wr_fp16_i[126] (input port clocked by core_clock)
Endpoint: cvt_blk_o[100] (output port clocked by core_clock)
Path Group: core_clock
Path Type: max

Fanout     Cap    Slew   Delay    Time   Description
-----------------------------------------------------------------------------
                  0.00    0.00    0.00   clock core_clock (rise edge)
                          0.00    0.00   clock network delay (ideal)
                          0.80    0.80 ^ input external delay
     2    4.27    0.00    0.00    0.80 ^ wr_fp16_i[126] (in)
                                         wr_fp16_i[126] (net)
                  0.00    0.00    0.80 ^ _70182_/A (INV_X1)
     2    3.02    0.00    0.01    0.81 v _70182_/ZN (INV_X1)
                                         _06916_ (net)
                  0.00    0.00    0.81 v _70183_/A3 (NAND3_X1)
     1    1.70    0.01    0.02    0.82 ^ _70183_/ZN (NAND3_X1)
                                         _06917_ (net)
                  0.01    0.00    0.82 ^ _70184_/A (INV_X1)
     4    5.37    0.01    0.01    0.84 v _70184_/ZN (INV_X1)
                                         _06918_ (net)
                  0.01    0.00    0.84 v _70185_/A1 (OR2_X1)
     2    2.32    0.01    0.05    0.88 v _70185_/ZN (OR2_X1)
                                         _06919_ (net)
                  0.01    0.00    0.88 v _70186_/A1 (NAND2_X1)
     3    5.45    0.02    0.02    0.91 ^ _70186_/ZN (NAND2_X1)
                                         _06920_ (net)
                  0.02    0.00    0.91 ^ _70188_/A1 (NAND2_X1)
     1    1.52    0.01    0.01    0.92 v _70188_/ZN (NAND2_X1)
                                         _06922_ (net)
                  0.01    0.00    0.92 v _70189_/A (OAI21_X1)
     2    3.83    0.03    0.03    0.95 ^ _70189_/ZN (OAI21_X1)
                                         _06923_ (net)
                  0.03    0.00    0.95 ^ _70191_/A1 (NAND2_X1)
     1    1.52    0.01    0.02    0.96 v _70191_/ZN (NAND2_X1)
                                         _06925_ (net)
                  0.01    0.00    0.96 v _70192_/A (OAI21_X1)
     2    3.83    0.03    0.03    0.99 ^ _70192_/ZN (OAI21_X1)
                                         _06926_ (net)
                  0.03    0.00    0.99 ^ _70194_/A1 (NAND2_X1)
     1    1.52    0.01    0.02    1.00 v _70194_/ZN (NAND2_X1)
                                         _06928_ (net)
                  0.01    0.00    1.00 v _70195_/A (OAI21_X1)
     2    3.83    0.03    0.03    1.03 ^ _70195_/ZN (OAI21_X1)
                                         _06929_ (net)
                  0.03    0.00    1.03 ^ _70197_/A1 (NAND2_X1)
     1    1.53    0.01    0.02    1.05 v _70197_/ZN (NAND2_X1)
                                         _06931_ (net)
                  0.01    0.00    1.05 v _70199_/A1 (NAND2_X1)
     2    3.31    0.01    0.02    1.07 ^ _70199_/ZN (NAND2_X1)
                                         _06933_ (net)
                  0.01    0.00    1.07 ^ _70200_/A1 (NOR2_X1)
     4    5.53    0.01    0.02    1.08 v _70200_/ZN (NOR2_X1)
                                         _06934_ (net)
                  0.01    0.00    1.08 v _56682_/A (INV_X1)
     5    7.33    0.02    0.03    1.11 ^ _56682_/ZN (INV_X1)
                                         _30387_ (net)
                  0.02    0.00    1.11 ^ _56685_/A1 (NAND3_X1)
     1    2.70    0.01    0.02    1.13 v _56685_/ZN (NAND3_X1)
                                         _30390_ (net)
                  0.01    0.00    1.13 v _56690_/A1 (NOR2_X2)
     4    6.54    0.02    0.03    1.17 ^ _56690_/ZN (NOR2_X2)
                                         _30395_ (net)
                  0.02    0.00    1.17 ^ _56692_/A1 (NAND3_X1)
     1    1.53    0.01    0.02    1.19 v _56692_/ZN (NAND3_X1)
                                         _30397_ (net)
                  0.01    0.00    1.19 v _56693_/A1 (NAND2_X1)
     6    9.87    0.03    0.04    1.22 ^ _56693_/ZN (NAND2_X1)
                                         _30398_ (net)
                  0.03    0.00    1.22 ^ _56694_/A (BUF_X2)
    10   15.63    0.02    0.04    1.26 ^ _56694_/Z (BUF_X2)
                                         _30399_ (net)
                  0.02    0.00    1.26 ^ _56716_/B2 (OAI21_X1)
     2    2.35    0.01    0.02    1.29 v _56716_/ZN (OAI21_X1)
                                         _30421_ (net)
                  0.01    0.00    1.29 v _56717_/A1 (OR2_X1)
     1    1.52    0.01    0.05    1.33 v _56717_/ZN (OR2_X1)
                                         _30422_ (net)
                  0.01    0.00    1.33 v _56720_/A (OAI21_X1)
     2    2.52    0.02    0.02    1.35 ^ _56720_/ZN (OAI21_X1)
                                         _30425_ (net)
                  0.02    0.00    1.35 ^ _56721_/B2 (OAI21_X1)
     2    2.44    0.01    0.02    1.37 v _56721_/ZN (OAI21_X1)
                                         _30426_ (net)
                  0.01    0.00    1.37 v _56724_/B (MUX2_X1)
     2    2.96    0.01    0.06    1.44 v _56724_/Z (MUX2_X1)
                                         _30429_ (net)
                  0.01    0.00    1.44 v _56747_/A1 (NOR2_X1)
     3    4.12    0.03    0.04    1.47 ^ _56747_/ZN (NOR2_X1)
                                         _30452_ (net)
                  0.03    0.00    1.47 ^ _56760_/A1 (NAND2_X1)
     3    4.44    0.01    0.02    1.50 v _56760_/ZN (NAND2_X1)
                                         _30465_ (net)
                  0.01    0.00    1.50 v _56772_/A1 (NOR2_X1)
     3    4.89    0.03    0.04    1.54 ^ _56772_/ZN (NOR2_X1)
                                         _30477_ (net)
                  0.03    0.00    1.54 ^ _56781_/A1 (NAND2_X1)
     3    3.84    0.01    0.02    1.56 v _56781_/ZN (NAND2_X1)
                                         _30486_ (net)
                  0.01    0.00    1.56 v _56784_/A1 (NOR2_X1)
     3    4.89    0.03    0.04    1.61 ^ _56784_/ZN (NOR2_X1)
                                         _30489_ (net)
                  0.03    0.00    1.61 ^ _56788_/A1 (NAND2_X1)
     2    2.96    0.01    0.02    1.63 v _56788_/ZN (NAND2_X1)
                                         _30493_ (net)
                  0.01    0.00    1.63 v _56790_/A1 (NOR2_X1)
     4    6.99    0.04    0.05    1.68 ^ _56790_/ZN (NOR2_X1)
                                         _30495_ (net)
                  0.04    0.00    1.68 ^ _56793_/A1 (NAND3_X1)
     1    2.18    0.02    0.03    1.71 v _56793_/ZN (NAND3_X1)
                                         _30498_ (net)
                  0.02    0.00    1.71 v _56795_/A (XOR2_X1)
     1    1.53    0.01    0.05    1.76 v _56795_/Z (XOR2_X1)
                                         _30500_ (net)
                  0.01    0.00    1.76 v _56797_/A1 (NAND2_X1)
     1    0.00    0.01    0.01    1.77 ^ _56797_/ZN (NAND2_X1)
                                         cvt_blk_o[100] (net)
                  0.01    0.00    1.77 ^ cvt_blk_o[100] (out)
                                  1.77   data arrival time

                  0.00    4.00    4.00   clock core_clock (rise edge)
                          0.00    4.00   clock network delay (ideal)
                          0.00    4.00   clock reconvergence pessimism
                         -0.80    3.20   output external delay
                                  3.20   data required time
-----------------------------------------------------------------------------
                                  3.20   data required time
                                 -1.77   data arrival time
-----------------------------------------------------------------------------
                                  1.43   slack (MET)



==========================================================================
Post synthesis report_checks -unconstrained
--------------------------------------------------------------------------
Startpoint: wr_fp16_i[126] (input port clocked by core_clock)
Endpoint: cvt_blk_o[100] (output port clocked by core_clock)
Path Group: core_clock
Path Type: max

Fanout     Cap    Slew   Delay    Time   Description
-----------------------------------------------------------------------------
                  0.00    0.00    0.00   clock core_clock (rise edge)
                          0.00    0.00   clock network delay (ideal)
                          0.80    0.80 ^ input external delay
     2    4.27    0.00    0.00    0.80 ^ wr_fp16_i[126] (in)
                                         wr_fp16_i[126] (net)
                  0.00    0.00    0.80 ^ _70182_/A (INV_X1)
     2    3.02    0.00    0.01    0.81 v _70182_/ZN (INV_X1)
                                         _06916_ (net)
                  0.00    0.00    0.81 v _70183_/A3 (NAND3_X1)
     1    1.70    0.01    0.02    0.82 ^ _70183_/ZN (NAND3_X1)
                                         _06917_ (net)
                  0.01    0.00    0.82 ^ _70184_/A (INV_X1)
     4    5.37    0.01    0.01    0.84 v _70184_/ZN (INV_X1)
                                         _06918_ (net)
                  0.01    0.00    0.84 v _70185_/A1 (OR2_X1)
     2    2.32    0.01    0.05    0.88 v _70185_/ZN (OR2_X1)
                                         _06919_ (net)
                  0.01    0.00    0.88 v _70186_/A1 (NAND2_X1)
     3    5.45    0.02    0.02    0.91 ^ _70186_/ZN (NAND2_X1)
                                         _06920_ (net)
                  0.02    0.00    0.91 ^ _70188_/A1 (NAND2_X1)
     1    1.52    0.01    0.01    0.92 v _70188_/ZN (NAND2_X1)
                                         _06922_ (net)
                  0.01    0.00    0.92 v _70189_/A (OAI21_X1)
     2    3.83    0.03    0.03    0.95 ^ _70189_/ZN (OAI21_X1)
                                         _06923_ (net)
                  0.03    0.00    0.95 ^ _70191_/A1 (NAND2_X1)
     1    1.52    0.01    0.02    0.96 v _70191_/ZN (NAND2_X1)
                                         _06925_ (net)
                  0.01    0.00    0.96 v _70192_/A (OAI21_X1)
     2    3.83    0.03    0.03    0.99 ^ _70192_/ZN (OAI21_X1)
                                         _06926_ (net)
                  0.03    0.00    0.99 ^ _70194_/A1 (NAND2_X1)
     1    1.52    0.01    0.02    1.00 v _70194_/ZN (NAND2_X1)
                                         _06928_ (net)
                  0.01    0.00    1.00 v _70195_/A (OAI21_X1)
     2    3.83    0.03    0.03    1.03 ^ _70195_/ZN (OAI21_X1)
                                         _06929_ (net)
                  0.03    0.00    1.03 ^ _70197_/A1 (NAND2_X1)
     1    1.53    0.01    0.02    1.05 v _70197_/ZN (NAND2_X1)
                                         _06931_ (net)
                  0.01    0.00    1.05 v _70199_/A1 (NAND2_X1)
     2    3.31    0.01    0.02    1.07 ^ _70199_/ZN (NAND2_X1)
                                         _06933_ (net)
                  0.01    0.00    1.07 ^ _70200_/A1 (NOR2_X1)
     4    5.53    0.01    0.02    1.08 v _70200_/ZN (NOR2_X1)
                                         _06934_ (net)
                  0.01    0.00    1.08 v _56682_/A (INV_X1)
     5    7.33    0.02    0.03    1.11 ^ _56682_/ZN (INV_X1)
                                         _30387_ (net)
                  0.02    0.00    1.11 ^ _56685_/A1 (NAND3_X1)
     1    2.70    0.01    0.02    1.13 v _56685_/ZN (NAND3_X1)
                                         _30390_ (net)
                  0.01    0.00    1.13 v _56690_/A1 (NOR2_X2)
     4    6.54    0.02    0.03    1.17 ^ _56690_/ZN (NOR2_X2)
                                         _30395_ (net)
                  0.02    0.00    1.17 ^ _56692_/A1 (NAND3_X1)
     1    1.53    0.01    0.02    1.19 v _56692_/ZN (NAND3_X1)
                                         _30397_ (net)
                  0.01    0.00    1.19 v _56693_/A1 (NAND2_X1)
     6    9.87    0.03    0.04    1.22 ^ _56693_/ZN (NAND2_X1)
                                         _30398_ (net)
                  0.03    0.00    1.22 ^ _56694_/A (BUF_X2)
    10   15.63    0.02    0.04    1.26 ^ _56694_/Z (BUF_X2)
                                         _30399_ (net)
                  0.02    0.00    1.26 ^ _56716_/B2 (OAI21_X1)
     2    2.35    0.01    0.02    1.29 v _56716_/ZN (OAI21_X1)
                                         _30421_ (net)
                  0.01    0.00    1.29 v _56717_/A1 (OR2_X1)
     1    1.52    0.01    0.05    1.33 v _56717_/ZN (OR2_X1)
                                         _30422_ (net)
                  0.01    0.00    1.33 v _56720_/A (OAI21_X1)
     2    2.52    0.02    0.02    1.35 ^ _56720_/ZN (OAI21_X1)
                                         _30425_ (net)
                  0.02    0.00    1.35 ^ _56721_/B2 (OAI21_X1)
     2    2.44    0.01    0.02    1.37 v _56721_/ZN (OAI21_X1)
                                         _30426_ (net)
                  0.01    0.00    1.37 v _56724_/B (MUX2_X1)
     2    2.96    0.01    0.06    1.44 v _56724_/Z (MUX2_X1)
                                         _30429_ (net)
                  0.01    0.00    1.44 v _56747_/A1 (NOR2_X1)
     3    4.12    0.03    0.04    1.47 ^ _56747_/ZN (NOR2_X1)
                                         _30452_ (net)
                  0.03    0.00    1.47 ^ _56760_/A1 (NAND2_X1)
     3    4.44    0.01    0.02    1.50 v _56760_/ZN (NAND2_X1)
                                         _30465_ (net)
                  0.01    0.00    1.50 v _56772_/A1 (NOR2_X1)
     3    4.89    0.03    0.04    1.54 ^ _56772_/ZN (NOR2_X1)
                                         _30477_ (net)
                  0.03    0.00    1.54 ^ _56781_/A1 (NAND2_X1)
     3    3.84    0.01    0.02    1.56 v _56781_/ZN (NAND2_X1)
                                         _30486_ (net)
                  0.01    0.00    1.56 v _56784_/A1 (NOR2_X1)
     3    4.89    0.03    0.04    1.61 ^ _56784_/ZN (NOR2_X1)
                                         _30489_ (net)
                  0.03    0.00    1.61 ^ _56788_/A1 (NAND2_X1)
     2    2.96    0.01    0.02    1.63 v _56788_/ZN (NAND2_X1)
                                         _30493_ (net)
                  0.01    0.00    1.63 v _56790_/A1 (NOR2_X1)
     4    6.99    0.04    0.05    1.68 ^ _56790_/ZN (NOR2_X1)
                                         _30495_ (net)
                  0.04    0.00    1.68 ^ _56793_/A1 (NAND3_X1)
     1    2.18    0.02    0.03    1.71 v _56793_/ZN (NAND3_X1)
                                         _30498_ (net)
                  0.02    0.00    1.71 v _56795_/A (XOR2_X1)
     1    1.53    0.01    0.05    1.76 v _56795_/Z (XOR2_X1)
                                         _30500_ (net)
                  0.01    0.00    1.76 v _56797_/A1 (NAND2_X1)
     1    0.00    0.01    0.01    1.77 ^ _56797_/ZN (NAND2_X1)
                                         cvt_blk_o[100] (net)
                  0.01    0.00    1.77 ^ cvt_blk_o[100] (out)
                                  1.77   data arrival time

                  0.00    4.00    4.00   clock core_clock (rise edge)
                          0.00    4.00   clock network delay (ideal)
                          0.00    4.00   clock reconvergence pessimism
                         -0.80    3.20   output external delay
                                  3.20   data required time
-----------------------------------------------------------------------------
                                  3.20   data required time
                                 -1.77   data arrival time
-----------------------------------------------------------------------------
                                  1.43   slack (MET)



==========================================================================
Post synthesis report_power
--------------------------------------------------------------------------
Group                  Internal  Switching    Leakage      Total
                          Power      Power      Power      Power (Watts)
----------------------------------------------------------------
Sequential             4.97e-03   2.01e-04   1.68e-04   5.34e-03   3.1%
Combinational          7.70e-02   8.71e-02   9.67e-04   1.65e-01  96.9%
Clock                  0.00e+00   0.00e+00   0.00e+00   0.00e+00   0.0%
Macro                  0.00e+00   0.00e+00   0.00e+00   0.00e+00   0.0%
Pad                    0.00e+00   0.00e+00   0.00e+00   0.00e+00   0.0%
----------------------------------------------------------------
Total                  8.20e-02   8.73e-02   1.13e-03   1.70e-01 100.0%
                          48.1%      51.2%       0.7%
