
==========================================================================
Post synthesis report_tns
--------------------------------------------------------------------------
tns -419.07

==========================================================================
Post synthesis report_wns
--------------------------------------------------------------------------
wns -0.30

==========================================================================
Post synthesis report_worst_slack
--------------------------------------------------------------------------
worst slack -0.30

==========================================================================
Post synthesis report_checks -path_delay min
--------------------------------------------------------------------------
Startpoint: i_add_a[447] (input port clocked by core_clock)
Endpoint: o_sum[447] (output port clocked by core_clock)
Path Group: core_clock
Path Type: min

Fanout     Cap    Slew   Delay    Time   Description
-----------------------------------------------------------------------------
                  0.00    0.00    0.00   clock core_clock (rise edge)
                          0.00    0.00   clock network delay (ideal)
                          0.40    0.40 ^ input external delay
     4    5.88    0.00    0.00    0.40 ^ i_add_a[447] (in)
                                         i_add_a[447] (net)
                  0.00    0.00    0.40 ^ _201039_/A (INV_X1)
     2    2.86    0.00    0.01    0.41 v _201039_/ZN (INV_X1)
                                         _105360_ (net)
                  0.00    0.00    0.41 v _201045_/B1 (AOI21_X1)
     1    0.00    0.01    0.01    0.42 ^ _201045_/ZN (AOI21_X1)
                                         o_sum[447] (net)
                  0.01    0.00    0.42 ^ o_sum[447] (out)
                                  0.42   data arrival time

                  0.00    0.00    0.00   clock core_clock (rise edge)
                          0.00    0.00   clock network delay (ideal)
                          0.00    0.00   clock reconvergence pessimism
                         -0.40   -0.40   output external delay
                                 -0.40   data required time
-----------------------------------------------------------------------------
                                 -0.40   data required time
                                 -0.42   data arrival time
-----------------------------------------------------------------------------
                                  0.82   slack (MET)



==========================================================================
Post synthesis report_checks -path_delay max
--------------------------------------------------------------------------
Startpoint: i_weight_zp[1] (input port clocked by core_clock)
Endpoint: o_product[350] (output port clocked by core_clock)
Path Group: core_clock
Path Type: max

Fanout     Cap    Slew   Delay    Time   Description
-----------------------------------------------------------------------------
                  0.00    0.00    0.00   clock core_clock (rise edge)
                          0.00    0.00   clock network delay (ideal)
                          0.40    0.40 v input external delay
     1    3.00    0.00    0.00    0.40 v i_weight_zp[1] (in)
                                         i_weight_zp[1] (net)
                  0.00    0.00    0.40 v _119275_/A (BUF_X4)
     2   21.99    0.01    0.03    0.43 v _119275_/Z (BUF_X4)
                                         _069373_ (net)
                  0.01    0.00    0.43 v _119276_/A (BUF_X16)
    10   68.27    0.01    0.03    0.46 v _119276_/Z (BUF_X16)
                                         _069384_ (net)
                  0.01    0.00    0.46 v _121216_/A (BUF_X32)
    10   44.59    0.01    0.02    0.48 v _121216_/Z (BUF_X32)
                                         _090400_ (net)
                  0.01    0.00    0.48 v _121217_/A (BUF_X16)
    10   54.12    0.01    0.03    0.51 v _121217_/Z (BUF_X16)
                                         _090411_ (net)
                  0.01    0.00    0.51 v _123015_/A (BUF_X32)
    10   39.75    0.01    0.02    0.53 v _123015_/Z (BUF_X32)
                                         _109886_ (net)
                  0.01    0.00    0.53 v _135557_/A (XNOR2_X2)
     2    7.74    0.01    0.04    0.57 v _135557_/ZN (XNOR2_X2)
                                         _037728_ (net)
                  0.01    0.00    0.57 v _135559_/B1 (AOI21_X4)
     2    5.36    0.02    0.03    0.60 ^ _135559_/ZN (AOI21_X4)
                                         _037730_ (net)
                  0.02    0.00    0.60 ^ _135571_/A (XNOR2_X1)
     2    6.43    0.04    0.05    0.65 ^ _135571_/ZN (XNOR2_X1)
                                         _037742_ (net)
                  0.04    0.00    0.65 ^ _135586_/A1 (NAND3_X1)
     2    3.06    0.02    0.03    0.68 v _135586_/ZN (NAND3_X1)
                                         _037757_ (net)
                  0.02    0.00    0.68 v _135587_/A1 (NAND2_X1)
     1    4.00    0.01    0.03    0.71 ^ _135587_/ZN (NAND2_X1)
                                         _037758_ (net)
                  0.01    0.00    0.71 ^ _135591_/A (XNOR2_X2)
     3    6.63    0.03    0.04    0.75 ^ _135591_/ZN (XNOR2_X2)
                                         _037762_ (net)
                  0.03    0.00    0.75 ^ _135592_/A (INV_X2)
     7   10.57    0.01    0.02    0.77 v _135592_/ZN (INV_X2)
                                         _037763_ (net)
                  0.01    0.00    0.77 v _135679_/A2 (NAND2_X1)
     2    4.22    0.02    0.02    0.79 ^ _135679_/ZN (NAND2_X1)
                                         _037850_ (net)
                  0.02    0.00    0.79 ^ _135680_/B (XNOR2_X1)
     2    3.95    0.03    0.05    0.84 ^ _135680_/ZN (XNOR2_X1)
                                         _037851_ (net)
                  0.03    0.00    0.84 ^ _135682_/A (XNOR2_X1)
     1    1.70    0.02    0.04    0.88 ^ _135682_/ZN (XNOR2_X1)
                                         _037853_ (net)
                  0.02    0.00    0.88 ^ _135683_/A (INV_X1)
     2    3.54    0.01    0.01    0.89 v _135683_/ZN (INV_X1)
                                         _037854_ (net)
                  0.01    0.00    0.89 v _135692_/A (XNOR2_X1)
     2    3.95    0.03    0.04    0.93 ^ _135692_/ZN (XNOR2_X1)
                                         _037863_ (net)
                  0.03    0.00    0.93 ^ _135694_/A (XNOR2_X1)
     1    1.70    0.02    0.04    0.97 ^ _135694_/ZN (XNOR2_X1)
                                         _037865_ (net)
                  0.02    0.00    0.97 ^ _135695_/A (INV_X1)
     2    5.33    0.01    0.02    0.99 v _135695_/ZN (INV_X1)
                                         _037866_ (net)
                  0.01    0.00    0.99 v _135704_/A (XNOR2_X2)
     3    5.05    0.02    0.04    1.03 v _135704_/ZN (XNOR2_X2)
                                         _037875_ (net)
                  0.02    0.00    1.03 v _135716_/B1 (OAI21_X1)
     2    3.83    0.03    0.04    1.07 ^ _135716_/ZN (OAI21_X1)
                                         _037887_ (net)
                  0.03    0.00    1.07 ^ _135731_/A1 (NAND2_X1)
     1    1.53    0.01    0.02    1.08 v _135731_/ZN (NAND2_X1)
                                         _037902_ (net)
                  0.01    0.00    1.08 v _135732_/A1 (NAND2_X1)
     3    5.47    0.02    0.02    1.11 ^ _135732_/ZN (NAND2_X1)
                                         _037903_ (net)
                  0.02    0.00    1.11 ^ _135751_/A1 (NAND2_X1)
     1    1.53    0.01    0.01    1.12 v _135751_/ZN (NAND2_X1)
                                         _037922_ (net)
                  0.01    0.00    1.12 v _135752_/A1 (NAND2_X1)
     3    5.48    0.02    0.02    1.15 ^ _135752_/ZN (NAND2_X1)
                                         _037923_ (net)
                  0.02    0.00    1.15 ^ _135753_/A1 (NAND2_X1)
     1    1.45    0.01    0.01    1.16 v _135753_/ZN (NAND2_X1)
                                         _037924_ (net)
                  0.01    0.00    1.16 v _135755_/B1 (AOI21_X1)
     1    2.23    0.02    0.03    1.19 ^ _135755_/ZN (AOI21_X1)
                                         _037926_ (net)
                  0.02    0.00    1.19 ^ _135757_/A (XNOR2_X1)
     2    3.44    0.03    0.05    1.24 ^ _135757_/ZN (XNOR2_X1)
                                         _037928_ (net)
                  0.03    0.00    1.24 ^ _135791_/A (BUF_X2)
    10   16.53    0.02    0.04    1.28 ^ _135791_/Z (BUF_X2)
                                         _037962_ (net)
                  0.02    0.00    1.28 ^ _135797_/A1 (NAND3_X1)
     2    4.20    0.02    0.03    1.31 v _135797_/ZN (NAND3_X1)
                                         _037968_ (net)
                  0.02    0.00    1.31 v _136039_/A1 (NOR2_X2)
     7   11.29    0.03    0.05    1.35 ^ _136039_/ZN (NOR2_X2)
                                         _038210_ (net)
                  0.03    0.00    1.35 ^ _136040_/A (INV_X1)
     3    4.36    0.01    0.02    1.37 v _136040_/ZN (INV_X1)
                                         _038211_ (net)
                  0.01    0.00    1.37 v _136045_/A1 (NAND2_X1)
     4    5.73    0.02    0.03    1.40 ^ _136045_/ZN (NAND2_X1)
                                         _038216_ (net)
                  0.02    0.00    1.40 ^ _136053_/A (INV_X1)
     6    9.03    0.01    0.02    1.42 v _136053_/ZN (INV_X1)
                                         _038224_ (net)
                  0.01    0.00    1.42 v _136054_/B1 (AOI22_X1)
     2    3.22    0.03    0.05    1.47 ^ _136054_/ZN (AOI22_X1)
                                         _038225_ (net)
                  0.03    0.00    1.47 ^ _136070_/A2 (NAND4_X1)
     2    3.47    0.02    0.04    1.51 v _136070_/ZN (NAND4_X1)
                                         _038241_ (net)
                  0.02    0.00    1.51 v _136080_/A1 (NOR2_X2)
     5    7.97    0.03    0.04    1.55 ^ _136080_/ZN (NOR2_X2)
                                         _038251_ (net)
                  0.03    0.00    1.55 ^ _136363_/A1 (NAND4_X1)
     4    4.64    0.03    0.04    1.59 v _136363_/ZN (NAND4_X1)
                                         _038526_ (net)
                  0.03    0.00    1.59 v _136373_/A1 (OR3_X1)
     4    6.60    0.02    0.08    1.68 v _136373_/ZN (OR3_X1)
                                         _038534_ (net)
                  0.02    0.00    1.68 v _136390_/A1 (NOR2_X1)
     1    2.23    0.02    0.03    1.71 ^ _136390_/ZN (NOR2_X1)
                                         _038549_ (net)
                  0.02    0.00    1.71 ^ _136391_/A (XNOR2_X1)
     3    4.99    0.03    0.05    1.76 ^ _136391_/ZN (XNOR2_X1)
                                         _038550_ (net)
                  0.03    0.00    1.76 ^ _136393_/A (INV_X1)
     2    2.90    0.01    0.01    1.77 v _136393_/ZN (INV_X1)
                                         _038552_ (net)
                  0.01    0.00    1.77 v _136411_/A1 (NOR3_X1)
     2    3.19    0.04    0.05    1.82 ^ _136411_/ZN (NOR3_X1)
                                         _038568_ (net)
                  0.04    0.00    1.82 ^ _136413_/A1 (NAND2_X1)
     2    3.09    0.01    0.02    1.84 v _136413_/ZN (NAND2_X1)
                                         _038570_ (net)
                  0.01    0.00    1.84 v _136431_/A1 (NAND2_X1)
     1    1.59    0.01    0.02    1.86 ^ _136431_/ZN (NAND2_X1)
                                         _038586_ (net)
                  0.01    0.00    1.86 ^ _136433_/A1 (NAND3_X1)
     1    1.56    0.01    0.02    1.87 v _136433_/ZN (NAND3_X1)
                                         _038588_ (net)
                  0.01    0.00    1.87 v _136434_/A1 (NAND3_X1)
     1    1.60    0.01    0.02    1.89 ^ _136434_/ZN (NAND3_X1)
                                         _038589_ (net)
                  0.01    0.00    1.89 ^ _136435_/A1 (NAND2_X1)
     1    0.00    0.01    0.01    1.90 v _136435_/ZN (NAND2_X1)
                                         o_product[350] (net)
                  0.01    0.00    1.90 v o_product[350] (out)
                                  1.90   data arrival time

                  0.00    2.00    2.00   clock core_clock (rise edge)
                          0.00    2.00   clock network delay (ideal)
                          0.00    2.00   clock reconvergence pessimism
                         -0.40    1.60   output external delay
                                  1.60   data required time
-----------------------------------------------------------------------------
                                  1.60   data required time
                                 -1.90   data arrival time
-----------------------------------------------------------------------------
                                 -0.30   slack (VIOLATED)



==========================================================================
Post synthesis report_checks -unconstrained
--------------------------------------------------------------------------
Startpoint: i_weight_zp[1] (input port clocked by core_clock)
Endpoint: o_product[350] (output port clocked by core_clock)
Path Group: core_clock
Path Type: max

Fanout     Cap    Slew   Delay    Time   Description
-----------------------------------------------------------------------------
                  0.00    0.00    0.00   clock core_clock (rise edge)
                          0.00    0.00   clock network delay (ideal)
                          0.40    0.40 v input external delay
     1    3.00    0.00    0.00    0.40 v i_weight_zp[1] (in)
                                         i_weight_zp[1] (net)
                  0.00    0.00    0.40 v _119275_/A (BUF_X4)
     2   21.99    0.01    0.03    0.43 v _119275_/Z (BUF_X4)
                                         _069373_ (net)
                  0.01    0.00    0.43 v _119276_/A (BUF_X16)
    10   68.27    0.01    0.03    0.46 v _119276_/Z (BUF_X16)
                                         _069384_ (net)
                  0.01    0.00    0.46 v _121216_/A (BUF_X32)
    10   44.59    0.01    0.02    0.48 v _121216_/Z (BUF_X32)
                                         _090400_ (net)
                  0.01    0.00    0.48 v _121217_/A (BUF_X16)
    10   54.12    0.01    0.03    0.51 v _121217_/Z (BUF_X16)
                                         _090411_ (net)
                  0.01    0.00    0.51 v _123015_/A (BUF_X32)
    10   39.75    0.01    0.02    0.53 v _123015_/Z (BUF_X32)
                                         _109886_ (net)
                  0.01    0.00    0.53 v _135557_/A (XNOR2_X2)
     2    7.74    0.01    0.04    0.57 v _135557_/ZN (XNOR2_X2)
                                         _037728_ (net)
                  0.01    0.00    0.57 v _135559_/B1 (AOI21_X4)
     2    5.36    0.02    0.03    0.60 ^ _135559_/ZN (AOI21_X4)
                                         _037730_ (net)
                  0.02    0.00    0.60 ^ _135571_/A (XNOR2_X1)
     2    6.43    0.04    0.05    0.65 ^ _135571_/ZN (XNOR2_X1)
                                         _037742_ (net)
                  0.04    0.00    0.65 ^ _135586_/A1 (NAND3_X1)
     2    3.06    0.02    0.03    0.68 v _135586_/ZN (NAND3_X1)
                                         _037757_ (net)
                  0.02    0.00    0.68 v _135587_/A1 (NAND2_X1)
     1    4.00    0.01    0.03    0.71 ^ _135587_/ZN (NAND2_X1)
                                         _037758_ (net)
                  0.01    0.00    0.71 ^ _135591_/A (XNOR2_X2)
     3    6.63    0.03    0.04    0.75 ^ _135591_/ZN (XNOR2_X2)
                                         _037762_ (net)
                  0.03    0.00    0.75 ^ _135592_/A (INV_X2)
     7   10.57    0.01    0.02    0.77 v _135592_/ZN (INV_X2)
                                         _037763_ (net)
                  0.01    0.00    0.77 v _135679_/A2 (NAND2_X1)
     2    4.22    0.02    0.02    0.79 ^ _135679_/ZN (NAND2_X1)
                                         _037850_ (net)
                  0.02    0.00    0.79 ^ _135680_/B (XNOR2_X1)
     2    3.95    0.03    0.05    0.84 ^ _135680_/ZN (XNOR2_X1)
                                         _037851_ (net)
                  0.03    0.00    0.84 ^ _135682_/A (XNOR2_X1)
     1    1.70    0.02    0.04    0.88 ^ _135682_/ZN (XNOR2_X1)
                                         _037853_ (net)
                  0.02    0.00    0.88 ^ _135683_/A (INV_X1)
     2    3.54    0.01    0.01    0.89 v _135683_/ZN (INV_X1)
                                         _037854_ (net)
                  0.01    0.00    0.89 v _135692_/A (XNOR2_X1)
     2    3.95    0.03    0.04    0.93 ^ _135692_/ZN (XNOR2_X1)
                                         _037863_ (net)
                  0.03    0.00    0.93 ^ _135694_/A (XNOR2_X1)
     1    1.70    0.02    0.04    0.97 ^ _135694_/ZN (XNOR2_X1)
                                         _037865_ (net)
                  0.02    0.00    0.97 ^ _135695_/A (INV_X1)
     2    5.33    0.01    0.02    0.99 v _135695_/ZN (INV_X1)
                                         _037866_ (net)
                  0.01    0.00    0.99 v _135704_/A (XNOR2_X2)
     3    5.05    0.02    0.04    1.03 v _135704_/ZN (XNOR2_X2)
                                         _037875_ (net)
                  0.02    0.00    1.03 v _135716_/B1 (OAI21_X1)
     2    3.83    0.03    0.04    1.07 ^ _135716_/ZN (OAI21_X1)
                                         _037887_ (net)
                  0.03    0.00    1.07 ^ _135731_/A1 (NAND2_X1)
     1    1.53    0.01    0.02    1.08 v _135731_/ZN (NAND2_X1)
                                         _037902_ (net)
                  0.01    0.00    1.08 v _135732_/A1 (NAND2_X1)
     3    5.47    0.02    0.02    1.11 ^ _135732_/ZN (NAND2_X1)
                                         _037903_ (net)
                  0.02    0.00    1.11 ^ _135751_/A1 (NAND2_X1)
     1    1.53    0.01    0.01    1.12 v _135751_/ZN (NAND2_X1)
                                         _037922_ (net)
                  0.01    0.00    1.12 v _135752_/A1 (NAND2_X1)
     3    5.48    0.02    0.02    1.15 ^ _135752_/ZN (NAND2_X1)
                                         _037923_ (net)
                  0.02    0.00    1.15 ^ _135753_/A1 (NAND2_X1)
     1    1.45    0.01    0.01    1.16 v _135753_/ZN (NAND2_X1)
                                         _037924_ (net)
                  0.01    0.00    1.16 v _135755_/B1 (AOI21_X1)
     1    2.23    0.02    0.03    1.19 ^ _135755_/ZN (AOI21_X1)
                                         _037926_ (net)
                  0.02    0.00    1.19 ^ _135757_/A (XNOR2_X1)
     2    3.44    0.03    0.05    1.24 ^ _135757_/ZN (XNOR2_X1)
                                         _037928_ (net)
                  0.03    0.00    1.24 ^ _135791_/A (BUF_X2)
    10   16.53    0.02    0.04    1.28 ^ _135791_/Z (BUF_X2)
                                         _037962_ (net)
                  0.02    0.00    1.28 ^ _135797_/A1 (NAND3_X1)
     2    4.20    0.02    0.03    1.31 v _135797_/ZN (NAND3_X1)
                                         _037968_ (net)
                  0.02    0.00    1.31 v _136039_/A1 (NOR2_X2)
     7   11.29    0.03    0.05    1.35 ^ _136039_/ZN (NOR2_X2)
                                         _038210_ (net)
                  0.03    0.00    1.35 ^ _136040_/A (INV_X1)
     3    4.36    0.01    0.02    1.37 v _136040_/ZN (INV_X1)
                                         _038211_ (net)
                  0.01    0.00    1.37 v _136045_/A1 (NAND2_X1)
     4    5.73    0.02    0.03    1.40 ^ _136045_/ZN (NAND2_X1)
                                         _038216_ (net)
                  0.02    0.00    1.40 ^ _136053_/A (INV_X1)
     6    9.03    0.01    0.02    1.42 v _136053_/ZN (INV_X1)
                                         _038224_ (net)
                  0.01    0.00    1.42 v _136054_/B1 (AOI22_X1)
     2    3.22    0.03    0.05    1.47 ^ _136054_/ZN (AOI22_X1)
                                         _038225_ (net)
                  0.03    0.00    1.47 ^ _136070_/A2 (NAND4_X1)
     2    3.47    0.02    0.04    1.51 v _136070_/ZN (NAND4_X1)
                                         _038241_ (net)
                  0.02    0.00    1.51 v _136080_/A1 (NOR2_X2)
     5    7.97    0.03    0.04    1.55 ^ _136080_/ZN (NOR2_X2)
                                         _038251_ (net)
                  0.03    0.00    1.55 ^ _136363_/A1 (NAND4_X1)
     4    4.64    0.03    0.04    1.59 v _136363_/ZN (NAND4_X1)
                                         _038526_ (net)
                  0.03    0.00    1.59 v _136373_/A1 (OR3_X1)
     4    6.60    0.02    0.08    1.68 v _136373_/ZN (OR3_X1)
                                         _038534_ (net)
                  0.02    0.00    1.68 v _136390_/A1 (NOR2_X1)
     1    2.23    0.02    0.03    1.71 ^ _136390_/ZN (NOR2_X1)
                                         _038549_ (net)
                  0.02    0.00    1.71 ^ _136391_/A (XNOR2_X1)
     3    4.99    0.03    0.05    1.76 ^ _136391_/ZN (XNOR2_X1)
                                         _038550_ (net)
                  0.03    0.00    1.76 ^ _136393_/A (INV_X1)
     2    2.90    0.01    0.01    1.77 v _136393_/ZN (INV_X1)
                                         _038552_ (net)
                  0.01    0.00    1.77 v _136411_/A1 (NOR3_X1)
     2    3.19    0.04    0.05    1.82 ^ _136411_/ZN (NOR3_X1)
                                         _038568_ (net)
                  0.04    0.00    1.82 ^ _136413_/A1 (NAND2_X1)
     2    3.09    0.01    0.02    1.84 v _136413_/ZN (NAND2_X1)
                                         _038570_ (net)
                  0.01    0.00    1.84 v _136431_/A1 (NAND2_X1)
     1    1.59    0.01    0.02    1.86 ^ _136431_/ZN (NAND2_X1)
                                         _038586_ (net)
                  0.01    0.00    1.86 ^ _136433_/A1 (NAND3_X1)
     1    1.56    0.01    0.02    1.87 v _136433_/ZN (NAND3_X1)
                                         _038588_ (net)
                  0.01    0.00    1.87 v _136434_/A1 (NAND3_X1)
     1    1.60    0.01    0.02    1.89 ^ _136434_/ZN (NAND3_X1)
                                         _038589_ (net)
                  0.01    0.00    1.89 ^ _136435_/A1 (NAND2_X1)
     1    0.00    0.01    0.01    1.90 v _136435_/ZN (NAND2_X1)
                                         o_product[350] (net)
                  0.01    0.00    1.90 v o_product[350] (out)
                                  1.90   data arrival time

                  0.00    2.00    2.00   clock core_clock (rise edge)
                          0.00    2.00   clock network delay (ideal)
                          0.00    2.00   clock reconvergence pessimism
                         -0.40    1.60   output external delay
                                  1.60   data required time
-----------------------------------------------------------------------------
                                  1.60   data required time
                                 -1.90   data arrival time
-----------------------------------------------------------------------------
                                 -0.30   slack (VIOLATED)



==========================================================================
Post synthesis report_power
--------------------------------------------------------------------------
Group                  Internal  Switching    Leakage      Total
                          Power      Power      Power      Power (Watts)
----------------------------------------------------------------
Sequential             0.00e+00   0.00e+00   0.00e+00   0.00e+00   0.0%
Combinational          1.11e-01   1.33e-01   2.98e-03   2.47e-01 100.0%
Clock                  0.00e+00   0.00e+00   0.00e+00   0.00e+00   0.0%
Macro                  0.00e+00   0.00e+00   0.00e+00   0.00e+00   0.0%
Pad                    0.00e+00   0.00e+00   0.00e+00   0.00e+00   0.0%
----------------------------------------------------------------
Total                  1.11e-01   1.33e-01   2.98e-03   2.47e-01 100.0%
                          44.9%      53.9%       1.2%
