
==========================================================================
Post synthesis report_tns
--------------------------------------------------------------------------
tns 0.00

==========================================================================
Post synthesis report_wns
--------------------------------------------------------------------------
wns 0.00

==========================================================================
Post synthesis report_worst_slack
--------------------------------------------------------------------------
worst slack 0.88

==========================================================================
Post synthesis report_checks -path_delay min
--------------------------------------------------------------------------
Startpoint: u_pcu.u_acc.entry[0][159]$_SDFFCE_PN0P_
            (rising edge-triggered flip-flop clocked by core_clock)
Endpoint: u_pcu.u_acc.entry[0][159]$_SDFFCE_PN0P_
          (rising edge-triggered flip-flop clocked by core_clock)
Path Group: core_clock
Path Type: min

Fanout     Cap    Slew   Delay    Time   Description
-----------------------------------------------------------------------------
                  0.00    0.00    0.00   clock core_clock (rise edge)
                          0.00    0.00   clock network delay (ideal)
                  0.00    0.00    0.00 ^ u_pcu.u_acc.entry[0][159]$_SDFFCE_PN0P_/CK (DFF_X1)
     3    4.51    0.01    0.08    0.08 v u_pcu.u_acc.entry[0][159]$_SDFFCE_PN0P_/Q (DFF_X1)
                                         u_pcu.u_acc.entry[0][151] (net)
                  0.01    0.00    0.08 v _26827_/A (INV_X1)
     1    1.66    0.01    0.01    0.10 ^ _26827_/ZN (INV_X1)
                                         _19921_ (net)
                  0.01    0.00    0.10 ^ _26828_/B1 (OAI21_X1)
     1    1.06    0.01    0.01    0.11 v _26828_/ZN (OAI21_X1)
                                         _00618_ (net)
                  0.01    0.00    0.11 v u_pcu.u_acc.entry[0][159]$_SDFFCE_PN0P_/D (DFF_X1)
                                  0.11   data arrival time

                  0.00    0.00    0.00   clock core_clock (rise edge)
                          0.00    0.00   clock network delay (ideal)
                          0.00    0.00   clock reconvergence pessimism
                                  0.00 ^ u_pcu.u_acc.entry[0][159]$_SDFFCE_PN0P_/CK (DFF_X1)
                          0.00    0.00   library hold time
                                  0.00   data required time
-----------------------------------------------------------------------------
                                  0.00   data required time
                                 -0.11   data arrival time
-----------------------------------------------------------------------------
                                  0.11   slack (MET)



==========================================================================
Post synthesis report_checks -path_delay max
--------------------------------------------------------------------------
Startpoint: a_q4_i[2] (input port clocked by core_clock)
Endpoint: u_pcu.g_row[0].g_pe[11].u_pe.psum_q[8]$_SDFFE_PN0P_
          (rising edge-triggered flip-flop clocked by core_clock)
Path Group: core_clock
Path Type: max

Fanout     Cap    Slew   Delay    Time   Description
-----------------------------------------------------------------------------
                  0.00    0.00    0.00   clock core_clock (rise edge)
                          0.00    0.00   clock network delay (ideal)
                          0.40    0.40 ^ input external delay
     1    6.59    0.00    0.00    0.40 ^ a_q4_i[2] (in)
                                         a_q4_i[2] (net)
                  0.00    0.00    0.40 ^ _36020_/A (BUF_X8)
     4   45.22    0.02    0.03    0.43 ^ _36020_/Z (BUF_X8)
                                         _06210_ (net)
                  0.02    0.00    0.43 ^ _36021_/A (BUF_X16)
    10   34.14    0.01    0.03    0.45 ^ _36021_/Z (BUF_X16)
                                         _06211_ (net)
                  0.01    0.00    0.45 ^ _36395_/A (BUF_X16)
    10   19.61    0.01    0.02    0.47 ^ _36395_/Z (BUF_X16)
                                         _06582_ (net)
                  0.01    0.00    0.47 ^ _37554_/A1 (NAND2_X1)
     1    1.52    0.01    0.01    0.48 v _37554_/ZN (NAND2_X1)
                                         _07722_ (net)
                  0.01    0.00    0.48 v _37556_/A (OAI21_X1)
     1    1.70    0.02    0.02    0.50 ^ _37556_/ZN (OAI21_X1)
                                         _07724_ (net)
                  0.02    0.00    0.50 ^ _37557_/A (INV_X1)
     1    2.70    0.01    0.01    0.52 v _37557_/ZN (INV_X1)
                                         _07725_ (net)
                  0.01    0.00    0.52 v _37560_/A1 (NOR2_X2)
     3    5.55    0.02    0.03    0.54 ^ _37560_/ZN (NOR2_X2)
                                         _07728_ (net)
                  0.02    0.00    0.54 ^ _37563_/A (XNOR2_X1)
     1    4.00    0.03    0.05    0.59 ^ _37563_/ZN (XNOR2_X1)
                                         _07731_ (net)
                  0.03    0.00    0.59 ^ _37565_/A (XNOR2_X2)
     2    7.25    0.03    0.05    0.64 ^ _37565_/ZN (XNOR2_X2)
                                         _07733_ (net)
                  0.03    0.00    0.64 ^ _37567_/A (XNOR2_X2)
     3    5.86    0.02    0.04    0.68 ^ _37567_/ZN (XNOR2_X2)
                                         _07735_ (net)
                  0.02    0.00    0.68 ^ _37685_/A2 (NAND2_X1)
     3    4.65    0.01    0.02    0.71 v _37685_/ZN (NAND2_X1)
                                         _07852_ (net)
                  0.01    0.00    0.71 v _37701_/A1 (NAND2_X1)
     1    1.60    0.01    0.02    0.72 ^ _37701_/ZN (NAND2_X1)
                                         _07868_ (net)
                  0.01    0.00    0.72 ^ _37703_/A1 (NAND2_X1)
     2    3.10    0.01    0.02    0.74 v _37703_/ZN (NAND2_X1)
                                         _07870_ (net)
                  0.01    0.00    0.74 v _37704_/A2 (OR2_X2)
     2    4.46    0.01    0.05    0.79 v _37704_/ZN (OR2_X2)
                                         _07871_ (net)
                  0.01    0.00    0.79 v _37706_/A1 (NAND2_X2)
     1    2.23    0.01    0.01    0.80 ^ _37706_/ZN (NAND2_X2)
                                         _07873_ (net)
                  0.01    0.00    0.80 ^ _37724_/A (XNOR2_X1)
     2    3.30    0.03    0.04    0.84 ^ _37724_/ZN (XNOR2_X1)
                                         _07891_ (net)
                  0.03    0.00    0.84 ^ _37725_/A (INV_X1)
     1    2.93    0.01    0.01    0.85 v _37725_/ZN (INV_X1)
                                         _07892_ (net)
                  0.01    0.00    0.85 v _37728_/A1 (NAND2_X2)
     3    4.85    0.01    0.02    0.87 ^ _37728_/ZN (NAND2_X2)
                                         _07895_ (net)
                  0.01    0.00    0.87 ^ _37731_/A1 (NAND2_X1)
     1    1.53    0.01    0.01    0.88 v _37731_/ZN (NAND2_X1)
                                         _07898_ (net)
                  0.01    0.00    0.88 v _37753_/A1 (NAND2_X1)
     2    4.67    0.02    0.02    0.90 ^ _37753_/ZN (NAND2_X1)
                                         _07920_ (net)
                  0.02    0.00    0.90 ^ _37756_/A1 (NAND2_X2)
     2    5.63    0.01    0.02    0.92 v _37756_/ZN (NAND2_X2)
                                         _07923_ (net)
                  0.01    0.00    0.92 v _37757_/A1 (NAND2_X2)
     4    9.87    0.02    0.02    0.94 ^ _37757_/ZN (NAND2_X2)
                                         _07924_ (net)
                  0.02    0.00    0.94 ^ _37758_/A2 (NAND2_X2)
     3    6.07    0.01    0.02    0.96 v _37758_/ZN (NAND2_X2)
                                         _07925_ (net)
                  0.01    0.00    0.96 v _37883_/A2 (NOR2_X1)
     1    1.62    0.02    0.03    0.99 ^ _37883_/ZN (NOR2_X1)
                                         _08047_ (net)
                  0.02    0.00    0.99 ^ _37885_/A2 (NAND3_X1)
     2    3.03    0.01    0.03    1.02 v _37885_/ZN (NAND3_X1)
                                         _08049_ (net)
                  0.01    0.00    1.02 v _37886_/A2 (NAND2_X1)
     1    1.60    0.01    0.02    1.04 ^ _37886_/ZN (NAND2_X1)
                                         _08050_ (net)
                  0.01    0.00    1.04 ^ _37897_/A1 (NAND2_X1)
     1    1.53    0.01    0.01    1.05 v _37897_/ZN (NAND2_X1)
                                         _08061_ (net)
                  0.01    0.00    1.05 v _37899_/A1 (NAND2_X1)
     1    3.13    0.01    0.02    1.07 ^ _37899_/ZN (NAND2_X1)
                                         _08063_ (net)
                  0.01    0.00    1.07 ^ _37900_/B1 (AOI21_X2)
     1    1.06    0.01    0.01    1.08 v _37900_/ZN (AOI21_X2)
                                         _00177_ (net)
                  0.01    0.00    1.08 v u_pcu.g_row[0].g_pe[11].u_pe.psum_q[8]$_SDFFE_PN0P_/D (DFF_X1)
                                  1.08   data arrival time

                  0.00    2.00    2.00   clock core_clock (rise edge)
                          0.00    2.00   clock network delay (ideal)
                          0.00    2.00   clock reconvergence pessimism
                                  2.00 ^ u_pcu.g_row[0].g_pe[11].u_pe.psum_q[8]$_SDFFE_PN0P_/CK (DFF_X1)
                         -0.04    1.96   library setup time
                                  1.96   data required time
-----------------------------------------------------------------------------
                                  1.96   data required time
                                 -1.08   data arrival time
-----------------------------------------------------------------------------
                                  0.88   slack (MET)



==========================================================================
Post synthesis report_checks -unconstrained
--------------------------------------------------------------------------
Startpoint: a_q4_i[2] (input port clocked by core_clock)
Endpoint: u_pcu.g_row[0].g_pe[11].u_pe.psum_q[8]$_SDFFE_PN0P_
          (rising edge-triggered flip-flop clocked by core_clock)
Path Group: core_clock
Path Type: max

Fanout     Cap    Slew   Delay    Time   Description
-----------------------------------------------------------------------------
                  0.00    0.00    0.00   clock core_clock (rise edge)
                          0.00    0.00   clock network delay (ideal)
                          0.40    0.40 ^ input external delay
     1    6.59    0.00    0.00    0.40 ^ a_q4_i[2] (in)
                                         a_q4_i[2] (net)
                  0.00    0.00    0.40 ^ _36020_/A (BUF_X8)
     4   45.22    0.02    0.03    0.43 ^ _36020_/Z (BUF_X8)
                                         _06210_ (net)
                  0.02    0.00    0.43 ^ _36021_/A (BUF_X16)
    10   34.14    0.01    0.03    0.45 ^ _36021_/Z (BUF_X16)
                                         _06211_ (net)
                  0.01    0.00    0.45 ^ _36395_/A (BUF_X16)
    10   19.61    0.01    0.02    0.47 ^ _36395_/Z (BUF_X16)
                                         _06582_ (net)
                  0.01    0.00    0.47 ^ _37554_/A1 (NAND2_X1)
     1    1.52    0.01    0.01    0.48 v _37554_/ZN (NAND2_X1)
                                         _07722_ (net)
                  0.01    0.00    0.48 v _37556_/A (OAI21_X1)
     1    1.70    0.02    0.02    0.50 ^ _37556_/ZN (OAI21_X1)
                                         _07724_ (net)
                  0.02    0.00    0.50 ^ _37557_/A (INV_X1)
     1    2.70    0.01    0.01    0.52 v _37557_/ZN (INV_X1)
                                         _07725_ (net)
                  0.01    0.00    0.52 v _37560_/A1 (NOR2_X2)
     3    5.55    0.02    0.03    0.54 ^ _37560_/ZN (NOR2_X2)
                                         _07728_ (net)
                  0.02    0.00    0.54 ^ _37563_/A (XNOR2_X1)
     1    4.00    0.03    0.05    0.59 ^ _37563_/ZN (XNOR2_X1)
                                         _07731_ (net)
                  0.03    0.00    0.59 ^ _37565_/A (XNOR2_X2)
     2    7.25    0.03    0.05    0.64 ^ _37565_/ZN (XNOR2_X2)
                                         _07733_ (net)
                  0.03    0.00    0.64 ^ _37567_/A (XNOR2_X2)
     3    5.86    0.02    0.04    0.68 ^ _37567_/ZN (XNOR2_X2)
                                         _07735_ (net)
                  0.02    0.00    0.68 ^ _37685_/A2 (NAND2_X1)
     3    4.65    0.01    0.02    0.71 v _37685_/ZN (NAND2_X1)
                                         _07852_ (net)
                  0.01    0.00    0.71 v _37701_/A1 (NAND2_X1)
     1    1.60    0.01    0.02    0.72 ^ _37701_/ZN (NAND2_X1)
                                         _07868_ (net)
                  0.01    0.00    0.72 ^ _37703_/A1 (NAND2_X1)
     2    3.10    0.01    0.02    0.74 v _37703_/ZN (NAND2_X1)
                                         _07870_ (net)
                  0.01    0.00    0.74 v _37704_/A2 (OR2_X2)
     2    4.46    0.01    0.05    0.79 v _37704_/ZN (OR2_X2)
                                         _07871_ (net)
                  0.01    0.00    0.79 v _37706_/A1 (NAND2_X2)
     1    2.23    0.01    0.01    0.80 ^ _37706_/ZN (NAND2_X2)
                                         _07873_ (net)
                  0.01    0.00    0.80 ^ _37724_/A (XNOR2_X1)
     2    3.30    0.03    0.04    0.84 ^ _37724_/ZN (XNOR2_X1)
                                         _07891_ (net)
                  0.03    0.00    0.84 ^ _37725_/A (INV_X1)
     1    2.93    0.01    0.01    0.85 v _37725_/ZN (INV_X1)
                                         _07892_ (net)
                  0.01    0.00    0.85 v _37728_/A1 (NAND2_X2)
     3    4.85    0.01    0.02    0.87 ^ _37728_/ZN (NAND2_X2)
                                         _07895_ (net)
                  0.01    0.00    0.87 ^ _37731_/A1 (NAND2_X1)
     1    1.53    0.01    0.01    0.88 v _37731_/ZN (NAND2_X1)
                                         _07898_ (net)
                  0.01    0.00    0.88 v _37753_/A1 (NAND2_X1)
     2    4.67    0.02    0.02    0.90 ^ _37753_/ZN (NAND2_X1)
                                         _07920_ (net)
                  0.02    0.00    0.90 ^ _37756_/A1 (NAND2_X2)
     2    5.63    0.01    0.02    0.92 v _37756_/ZN (NAND2_X2)
                                         _07923_ (net)
                  0.01    0.00    0.92 v _37757_/A1 (NAND2_X2)
     4    9.87    0.02    0.02    0.94 ^ _37757_/ZN (NAND2_X2)
                                         _07924_ (net)
                  0.02    0.00    0.94 ^ _37758_/A2 (NAND2_X2)
     3    6.07    0.01    0.02    0.96 v _37758_/ZN (NAND2_X2)
                                         _07925_ (net)
                  0.01    0.00    0.96 v _37883_/A2 (NOR2_X1)
     1    1.62    0.02    0.03    0.99 ^ _37883_/ZN (NOR2_X1)
                                         _08047_ (net)
                  0.02    0.00    0.99 ^ _37885_/A2 (NAND3_X1)
     2    3.03    0.01    0.03    1.02 v _37885_/ZN (NAND3_X1)
                                         _08049_ (net)
                  0.01    0.00    1.02 v _37886_/A2 (NAND2_X1)
     1    1.60    0.01    0.02    1.04 ^ _37886_/ZN (NAND2_X1)
                                         _08050_ (net)
                  0.01    0.00    1.04 ^ _37897_/A1 (NAND2_X1)
     1    1.53    0.01    0.01    1.05 v _37897_/ZN (NAND2_X1)
                                         _08061_ (net)
                  0.01    0.00    1.05 v _37899_/A1 (NAND2_X1)
     1    3.13    0.01    0.02    1.07 ^ _37899_/ZN (NAND2_X1)
                                         _08063_ (net)
                  0.01    0.00    1.07 ^ _37900_/B1 (AOI21_X2)
     1    1.06    0.01    0.01    1.08 v _37900_/ZN (AOI21_X2)
                                         _00177_ (net)
                  0.01    0.00    1.08 v u_pcu.g_row[0].g_pe[11].u_pe.psum_q[8]$_SDFFE_PN0P_/D (DFF_X1)
                                  1.08   data arrival time

                  0.00    2.00    2.00   clock core_clock (rise edge)
                          0.00    2.00   clock network delay (ideal)
                          0.00    2.00   clock reconvergence pessimism
                                  2.00 ^ u_pcu.g_row[0].g_pe[11].u_pe.psum_q[8]$_SDFFE_PN0P_/CK (DFF_X1)
                         -0.04    1.96   library setup time
                                  1.96   data required time
-----------------------------------------------------------------------------
                                  1.96   data required time
                                 -1.08   data arrival time
-----------------------------------------------------------------------------
                                  0.88   slack (MET)



==========================================================================
Post synthesis report_power
--------------------------------------------------------------------------
Group                  Internal  Switching    Leakage      Total
                          Power      Power      Power      Power (Watts)
----------------------------------------------------------------
Sequential             6.93e-03   2.57e-04   1.51e-04   7.33e-03  41.6%
Combinational          4.74e-03   4.92e-03   6.15e-04   1.03e-02  58.4%
Clock                  0.00e+00   0.00e+00   0.00e+00   0.00e+00   0.0%
Macro                  0.00e+00   0.00e+00   0.00e+00   0.00e+00   0.0%
Pad                    0.00e+00   0.00e+00   0.00e+00   0.00e+00   0.0%
----------------------------------------------------------------
Total                  1.17e-02   5.18e-03   7.65e-04   1.76e-02 100.0%
                          66.2%      29.4%       4.3%
