
==========================================================================
Post synthesis report_tns
--------------------------------------------------------------------------
tns 0.00

==========================================================================
Post synthesis report_wns
--------------------------------------------------------------------------
wns 0.00

==========================================================================
Post synthesis report_worst_slack
--------------------------------------------------------------------------
worst slack 1.11

==========================================================================
Post synthesis report_checks -path_delay min
--------------------------------------------------------------------------
Startpoint: u_pcu.sticky_q[0]$_SDFF_PP0_
            (rising edge-triggered flip-flop clocked by core_clock)
Endpoint: u_pcu.sticky_q[0]$_SDFF_PP0_
          (rising edge-triggered flip-flop clocked by core_clock)
Path Group: core_clock
Path Type: min

Fanout     Cap    Slew   Delay    Time   Description
-----------------------------------------------------------------------------
                  0.00    0.00    0.00   clock core_clock (rise edge)
                          0.00    0.00   clock network delay (ideal)
                  0.00    0.00    0.00 ^ u_pcu.sticky_q[0]$_SDFF_PP0_/CK (DFF_X1)
     2    1.55    0.01    0.08    0.08 v u_pcu.sticky_q[0]$_SDFF_PP0_/Q (DFF_X1)
                                         status_sticky_o[0] (net)
                  0.01    0.00    0.08 v _34697_/A (INV_X1)
     1    1.68    0.01    0.01    0.09 ^ _34697_/ZN (INV_X1)
                                         _01899_ (net)
                  0.01    0.00    0.09 ^ _34698_/B2 (AOI21_X1)
     1    1.06    0.01    0.01    0.10 v _34698_/ZN (AOI21_X1)
                                         _00256_ (net)
                  0.01    0.00    0.10 v u_pcu.sticky_q[0]$_SDFF_PP0_/D (DFF_X1)
                                  0.10   data arrival time

                  0.00    0.00    0.00   clock core_clock (rise edge)
                          0.00    0.00   clock network delay (ideal)
                          0.00    0.00   clock reconvergence pessimism
                                  0.00 ^ u_pcu.sticky_q[0]$_SDFF_PP0_/CK (DFF_X1)
                          0.00    0.00   library hold time
                                  0.00   data required time
-----------------------------------------------------------------------------
                                  0.00   data required time
                                 -0.10   data arrival time
-----------------------------------------------------------------------------
                                  0.10   slack (MET)



==========================================================================
Post synthesis report_checks -path_delay max
--------------------------------------------------------------------------
Startpoint: wr_fp16_i[173] (input port clocked by core_clock)
Endpoint: cvt_blk_o[127] (output port clocked by core_clock)
Path Group: core_clock
Path Type: max

Fanout     Cap    Slew   Delay    Time   Description
-----------------------------------------------------------------------------
                  0.00    0.00    0.00   clock core_clock (rise edge)
                          0.00    0.00   clock network delay (ideal)
                          0.80    0.80 v input external delay
     1    1.59    0.00    0.00    0.80 v wr_fp16_i[173] (in)
                                         wr_fp16_i[173] (net)
                  0.00    0.00    0.80 v _48904_/A (BUF_X2)
     5    7.59    0.01    0.03    0.83 v _48904_/Z (BUF_X2)
                                         _15960_ (net)
                  0.01    0.00    0.83 v _48905_/A2 (NOR2_X1)
     1    3.29    0.02    0.04    0.86 ^ _48905_/ZN (NOR2_X1)
                                         _15961_ (net)
                  0.02    0.00    0.86 ^ _48908_/A2 (NAND3_X2)
     3    5.98    0.01    0.03    0.89 v _48908_/ZN (NAND3_X2)
                                         _15964_ (net)
                  0.01    0.00    0.89 v _48910_/A1 (NAND2_X2)
     3    6.58    0.01    0.02    0.91 ^ _48910_/ZN (NAND2_X2)
                                         _15966_ (net)
                  0.01    0.00    0.91 ^ _48911_/A (INV_X2)
     3    9.37    0.01    0.01    0.92 v _48911_/ZN (INV_X2)
                                         _15967_ (net)
                  0.01    0.00    0.92 v _48921_/A1 (NAND2_X1)
     2    6.03    0.02    0.02    0.95 ^ _48921_/ZN (NAND2_X1)
                                         _15977_ (net)
                  0.02    0.00    0.95 ^ _48941_/A1 (NAND2_X2)
     1    5.70    0.01    0.02    0.97 v _48941_/ZN (NAND2_X2)
                                         _15997_ (net)
                  0.01    0.00    0.97 v _48951_/A1 (NAND2_X4)
     7   13.11    0.01    0.02    0.99 ^ _48951_/ZN (NAND2_X4)
                                         _16007_ (net)
                  0.01    0.00    0.99 ^ _48952_/A2 (NAND2_X2)
     4    6.12    0.01    0.02    1.00 v _48952_/ZN (NAND2_X2)
                                         _16008_ (net)
                  0.01    0.00    1.00 v _48953_/A1 (NAND2_X1)
     1    3.05    0.01    0.02    1.02 ^ _48953_/ZN (NAND2_X1)
                                         _16009_ (net)
                  0.01    0.00    1.02 ^ _48955_/A1 (NAND2_X2)
     3    4.59    0.01    0.02    1.04 v _48955_/ZN (NAND2_X2)
                                         _16011_ (net)
                  0.01    0.00    1.04 v _49015_/A1 (NAND2_X1)
     1    3.29    0.01    0.02    1.06 ^ _49015_/ZN (NAND2_X1)
                                         _16071_ (net)
                  0.01    0.00    1.06 ^ _49016_/A2 (NAND3_X2)
     2    7.14    0.02    0.03    1.08 v _49016_/ZN (NAND3_X2)
                                         _16072_ (net)
                  0.02    0.00    1.08 v _49037_/A1 (NOR2_X4)
     2    6.03    0.01    0.03    1.11 ^ _49037_/ZN (NOR2_X4)
                                         _16093_ (net)
                  0.01    0.00    1.11 ^ _49051_/A1 (NAND3_X2)
     6   13.05    0.02    0.03    1.14 v _49051_/ZN (NAND3_X2)
                                         _16107_ (net)
                  0.02    0.00    1.14 v _49052_/A2 (NAND2_X4)
     5    8.00    0.01    0.02    1.17 ^ _49052_/ZN (NAND2_X4)
                                         _16108_ (net)
                  0.01    0.00    1.17 ^ _49067_/A1 (NAND2_X1)
     1    1.53    0.01    0.01    1.18 v _49067_/ZN (NAND2_X1)
                                         _16123_ (net)
                  0.01    0.00    1.18 v _49069_/A1 (NAND2_X1)
     3    6.71    0.02    0.03    1.21 ^ _49069_/ZN (NAND2_X1)
                                         _16125_ (net)
                  0.02    0.00    1.21 ^ _49070_/A2 (NOR2_X2)
     2    7.36    0.01    0.02    1.22 v _49070_/ZN (NOR2_X2)
                                         _16126_ (net)
                  0.01    0.00    1.22 v _49095_/A3 (NOR3_X4)
     2    9.30    0.03    0.06    1.28 ^ _49095_/ZN (NOR3_X4)
                                         _16151_ (net)
                  0.03    0.00    1.28 ^ _49108_/A1 (NAND2_X2)
     1    5.62    0.01    0.02    1.30 v _49108_/ZN (NAND2_X2)
                                         _16164_ (net)
                  0.01    0.00    1.30 v _49109_/A2 (NAND2_X4)
     4   14.89    0.01    0.02    1.32 ^ _49109_/ZN (NAND2_X4)
                                         _16165_ (net)
                  0.01    0.00    1.32 ^ _49112_/A1 (NAND2_X4)
     5   14.50    0.01    0.02    1.34 v _49112_/ZN (NAND2_X4)
                                         _16168_ (net)
                  0.01    0.00    1.34 v _49154_/A1 (OR2_X2)
     2    4.41    0.01    0.04    1.39 v _49154_/ZN (OR2_X2)
                                         _16210_ (net)
                  0.01    0.00    1.39 v _49156_/A1 (NAND2_X2)
     2    5.05    0.01    0.02    1.40 ^ _49156_/ZN (NAND2_X2)
                                         _16212_ (net)
                  0.01    0.00    1.40 ^ _49161_/A1 (NAND2_X1)
     1    2.93    0.01    0.02    1.42 v _49161_/ZN (NAND2_X1)
                                         _16217_ (net)
                  0.01    0.00    1.42 v _49163_/A1 (NAND2_X2)
     1    6.77    0.01    0.02    1.44 ^ _49163_/ZN (NAND2_X2)
                                         _16219_ (net)
                  0.01    0.00    1.44 ^ _49165_/A1 (NOR2_X4)
     2    9.70    0.01    0.01    1.45 v _49165_/ZN (NOR2_X4)
                                         _16221_ (net)
                  0.01    0.00    1.45 v _49166_/A2 (NAND2_X2)
     1    6.20    0.01    0.02    1.47 ^ _49166_/ZN (NAND2_X2)
                                         _16222_ (net)
                  0.01    0.00    1.47 ^ _49167_/A2 (NAND2_X4)
     7   19.17    0.01    0.02    1.49 v _49167_/ZN (NAND2_X4)
                                         _16223_ (net)
                  0.01    0.00    1.49 v _49171_/A1 (NAND2_X4)
     6   32.83    0.02    0.03    1.52 ^ _49171_/ZN (NAND2_X4)
                                         _16227_ (net)
                  0.02    0.00    1.52 ^ _49184_/A1 (NAND2_X4)
     8   16.63    0.01    0.02    1.55 v _49184_/ZN (NAND2_X4)
                                         _16240_ (net)
                  0.01    0.00    1.55 v _49197_/A1 (NAND2_X4)
     5   24.14    0.02    0.03    1.57 ^ _49197_/ZN (NAND2_X4)
                                         _16253_ (net)
                  0.02    0.00    1.57 ^ _49198_/A (BUF_X16)
    10   46.29    0.01    0.03    1.60 ^ _49198_/Z (BUF_X16)
                                         _16254_ (net)
                  0.01    0.00    1.60 ^ _50101_/A (BUF_X32)
    10   21.06    0.01    0.02    1.62 ^ _50101_/Z (BUF_X32)
                                         _17131_ (net)
                  0.01    0.00    1.62 ^ _50102_/A1 (NOR2_X1)
     2    2.95    0.01    0.01    1.63 v _50102_/ZN (NOR2_X1)
                                         _17132_ (net)
                  0.01    0.00    1.63 v _50119_/A (AOI21_X1)
     2    3.29    0.03    0.05    1.68 ^ _50119_/ZN (AOI21_X1)
                                         _17149_ (net)
                  0.03    0.00    1.68 ^ _50120_/A2 (NAND2_X1)
     1    2.93    0.01    0.02    1.70 v _50120_/ZN (NAND2_X1)
                                         _17150_ (net)
                  0.01    0.00    1.70 v _50121_/A1 (NAND2_X2)
     1    5.95    0.01    0.02    1.72 ^ _50121_/ZN (NAND2_X2)
                                         _17151_ (net)
                  0.01    0.00    1.72 ^ _50124_/A1 (NAND2_X4)
     3   13.62    0.01    0.02    1.73 v _50124_/ZN (NAND2_X4)
                                         _17154_ (net)
                  0.01    0.00    1.73 v _50125_/B2 (AOI21_X4)
     4   14.15    0.03    0.04    1.77 ^ _50125_/ZN (AOI21_X4)
                                         _17155_ (net)
                  0.03    0.00    1.77 ^ _50132_/A1 (NAND3_X2)
     3    8.89    0.02    0.03    1.81 v _50132_/ZN (NAND3_X2)
                                         _17162_ (net)
                  0.02    0.00    1.81 v _50133_/A (BUF_X8)
    10   29.02    0.01    0.03    1.84 v _50133_/Z (BUF_X8)
                                         _17163_ (net)
                  0.01    0.00    1.84 v _50200_/A1 (NAND2_X2)
     2    3.19    0.01    0.01    1.86 ^ _50200_/ZN (NAND2_X2)
                                         _17230_ (net)
                  0.01    0.00    1.86 ^ _50202_/A1 (NAND2_X1)
     1    2.93    0.01    0.02    1.87 v _50202_/ZN (NAND2_X1)
                                         _17232_ (net)
                  0.01    0.00    1.87 v _50203_/A1 (NAND2_X2)
     1    3.05    0.01    0.01    1.89 ^ _50203_/ZN (NAND2_X2)
                                         _17233_ (net)
                  0.01    0.00    1.89 ^ _50206_/A1 (NAND2_X2)
     2    4.39    0.01    0.01    1.90 v _50206_/ZN (NAND2_X2)
                                         _17236_ (net)
                  0.01    0.00    1.90 v _50207_/A1 (NAND2_X2)
     1    3.05    0.01    0.01    1.91 ^ _50207_/ZN (NAND2_X2)
                                         _17237_ (net)
                  0.01    0.00    1.91 ^ _50209_/A1 (NAND2_X2)
     3    5.69    0.01    0.02    1.93 v _50209_/ZN (NAND2_X2)
                                         _17239_ (net)
                  0.01    0.00    1.93 v _50276_/A1 (NOR2_X2)
     1    2.98    0.01    0.02    1.95 ^ _50276_/ZN (NOR2_X2)
                                         _17306_ (net)
                  0.01    0.00    1.95 ^ _50277_/A1 (NAND3_X2)
     3   13.49    0.02    0.04    1.98 v _50277_/ZN (NAND3_X2)
                                         _17307_ (net)
                  0.02    0.00    1.98 v _50281_/A1 (NOR2_X4)
     2   10.61    0.02    0.03    2.02 ^ _50281_/ZN (NOR2_X4)
                                         _17311_ (net)
                  0.02    0.00    2.02 ^ _50310_/A2 (NAND2_X2)
     2    2.94    0.01    0.02    2.04 v _50310_/ZN (NAND2_X2)
                                         _17334_ (net)
                  0.01    0.00    2.04 v _50311_/A1 (OR2_X2)
     1    2.93    0.01    0.04    2.08 v _50311_/ZN (OR2_X2)
                                         _17335_ (net)
                  0.01    0.00    2.08 v _50313_/A1 (NAND3_X2)
     1    0.00    0.01    0.01    2.09 ^ _50313_/ZN (NAND3_X2)
                                         cvt_blk_o[127] (net)
                  0.01    0.00    2.09 ^ cvt_blk_o[127] (out)
                                  2.09   data arrival time

                  0.00    4.00    4.00   clock core_clock (rise edge)
                          0.00    4.00   clock network delay (ideal)
                          0.00    4.00   clock reconvergence pessimism
                         -0.80    3.20   output external delay
                                  3.20   data required time
-----------------------------------------------------------------------------
                                  3.20   data required time
                                 -2.09   data arrival time
-----------------------------------------------------------------------------
                                  1.11   slack (MET)



==========================================================================
Post synthesis report_checks -unconstrained
--------------------------------------------------------------------------
Startpoint: wr_fp16_i[173] (input port clocked by core_clock)
Endpoint: cvt_blk_o[127] (output port clocked by core_clock)
Path Group: core_clock
Path Type: max

Fanout     Cap    Slew   Delay    Time   Description
-----------------------------------------------------------------------------
                  0.00    0.00    0.00   clock core_clock (rise edge)
                          0.00    0.00   clock network delay (ideal)
                          0.80    0.80 v input external delay
     1    1.59    0.00    0.00    0.80 v wr_fp16_i[173] (in)
                                         wr_fp16_i[173] (net)
                  0.00    0.00    0.80 v _48904_/A (BUF_X2)
     5    7.59    0.01    0.03    0.83 v _48904_/Z (BUF_X2)
                                         _15960_ (net)
                  0.01    0.00    0.83 v _48905_/A2 (NOR2_X1)
     1    3.29    0.02    0.04    0.86 ^ _48905_/ZN (NOR2_X1)
                                         _15961_ (net)
                  0.02    0.00    0.86 ^ _48908_/A2 (NAND3_X2)
     3    5.98    0.01    0.03    0.89 v _48908_/ZN (NAND3_X2)
                                         _15964_ (net)
                  0.01    0.00    0.89 v _48910_/A1 (NAND2_X2)
     3    6.58    0.01    0.02    0.91 ^ _48910_/ZN (NAND2_X2)
                                         _15966_ (net)
                  0.01    0.00    0.91 ^ _48911_/A (INV_X2)
     3    9.37    0.01    0.01    0.92 v _48911_/ZN (INV_X2)
                                         _15967_ (net)
                  0.01    0.00    0.92 v _48921_/A1 (NAND2_X1)
     2    6.03    0.02    0.02    0.95 ^ _48921_/ZN (NAND2_X1)
                                         _15977_ (net)
                  0.02    0.00    0.95 ^ _48941_/A1 (NAND2_X2)
     1    5.70    0.01    0.02    0.97 v _48941_/ZN (NAND2_X2)
                                         _15997_ (net)
                  0.01    0.00    0.97 v _48951_/A1 (NAND2_X4)
     7   13.11    0.01    0.02    0.99 ^ _48951_/ZN (NAND2_X4)
                                         _16007_ (net)
                  0.01    0.00    0.99 ^ _48952_/A2 (NAND2_X2)
     4    6.12    0.01    0.02    1.00 v _48952_/ZN (NAND2_X2)
                                         _16008_ (net)
                  0.01    0.00    1.00 v _48953_/A1 (NAND2_X1)
     1    3.05    0.01    0.02    1.02 ^ _48953_/ZN (NAND2_X1)
                                         _16009_ (net)
                  0.01    0.00    1.02 ^ _48955_/A1 (NAND2_X2)
     3    4.59    0.01    0.02    1.04 v _48955_/ZN (NAND2_X2)
                                         _16011_ (net)
                  0.01    0.00    1.04 v _49015_/A1 (NAND2_X1)
     1    3.29    0.01    0.02    1.06 ^ _49015_/ZN (NAND2_X1)
                                         _16071_ (net)
                  0.01    0.00    1.06 ^ _49016_/A2 (NAND3_X2)
     2    7.14    0.02    0.03    1.08 v _49016_/ZN (NAND3_X2)
                                         _16072_ (net)
                  0.02    0.00    1.08 v _49037_/A1 (NOR2_X4)
     2    6.03    0.01    0.03    1.11 ^ _49037_/ZN (NOR2_X4)
                                         _16093_ (net)
                  0.01    0.00    1.11 ^ _49051_/A1 (NAND3_X2)
     6   13.05    0.02    0.03    1.14 v _49051_/ZN (NAND3_X2)
                                         _16107_ (net)
                  0.02    0.00    1.14 v _49052_/A2 (NAND2_X4)
     5    8.00    0.01    0.02    1.17 ^ _49052_/ZN (NAND2_X4)
                                         _16108_ (net)
                  0.01    0.00    1.17 ^ _49067_/A1 (NAND2_X1)
     1    1.53    0.01    0.01    1.18 v _49067_/ZN (NAND2_X1)
                                         _16123_ (net)
                  0.01    0.00    1.18 v _49069_/A1 (NAND2_X1)
     3    6.71    0.02    0.03    1.21 ^ _49069_/ZN (NAND2_X1)
                                         _16125_ (net)
                  0.02    0.00    1.21 ^ _49070_/A2 (NOR2_X2)
     2    7.36    0.01    0.02    1.22 v _49070_/ZN (NOR2_X2)
                                         _16126_ (net)
                  0.01    0.00    1.22 v _49095_/A3 (NOR3_X4)
     2    9.30    0.03    0.06    1.28 ^ _49095_/ZN (NOR3_X4)
                                         _16151_ (net)
                  0.03    0.00    1.28 ^ _49108_/A1 (NAND2_X2)
     1    5.62    0.01    0.02    1.30 v _49108_/ZN (NAND2_X2)
                                         _16164_ (net)
                  0.01    0.00    1.30 v _49109_/A2 (NAND2_X4)
     4   14.89    0.01    0.02    1.32 ^ _49109_/ZN (NAND2_X4)
                                         _16165_ (net)
                  0.01    0.00    1.32 ^ _49112_/A1 (NAND2_X4)
     5   14.50    0.01    0.02    1.34 v _49112_/ZN (NAND2_X4)
                                         _16168_ (net)
                  0.01    0.00    1.34 v _49154_/A1 (OR2_X2)
     2    4.41    0.01    0.04    1.39 v _49154_/ZN (OR2_X2)
                                         _16210_ (net)
                  0.01    0.00    1.39 v _49156_/A1 (NAND2_X2)
     2    5.05    0.01    0.02    1.40 ^ _49156_/ZN (NAND2_X2)
                                         _16212_ (net)
                  0.01    0.00    1.40 ^ _49161_/A1 (NAND2_X1)
     1    2.93    0.01    0.02    1.42 v _49161_/ZN (NAND2_X1)
                                         _16217_ (net)
                  0.01    0.00    1.42 v _49163_/A1 (NAND2_X2)
     1    6.77    0.01    0.02    1.44 ^ _49163_/ZN (NAND2_X2)
                                         _16219_ (net)
                  0.01    0.00    1.44 ^ _49165_/A1 (NOR2_X4)
     2    9.70    0.01    0.01    1.45 v _49165_/ZN (NOR2_X4)
                                         _16221_ (net)
                  0.01    0.00    1.45 v _49166_/A2 (NAND2_X2)
     1    6.20    0.01    0.02    1.47 ^ _49166_/ZN (NAND2_X2)
                                         _16222_ (net)
                  0.01    0.00    1.47 ^ _49167_/A2 (NAND2_X4)
     7   19.17    0.01    0.02    1.49 v _49167_/ZN (NAND2_X4)
                                         _16223_ (net)
                  0.01    0.00    1.49 v _49171_/A1 (NAND2_X4)
     6   32.83    0.02    0.03    1.52 ^ _49171_/ZN (NAND2_X4)
                                         _16227_ (net)
                  0.02    0.00    1.52 ^ _49184_/A1 (NAND2_X4)
     8   16.63    0.01    0.02    1.55 v _49184_/ZN (NAND2_X4)
                                         _16240_ (net)
                  0.01    0.00    1.55 v _49197_/A1 (NAND2_X4)
     5   24.14    0.02    0.03    1.57 ^ _49197_/ZN (NAND2_X4)
                                         _16253_ (net)
                  0.02    0.00    1.57 ^ _49198_/A (BUF_X16)
    10   46.29    0.01    0.03    1.60 ^ _49198_/Z (BUF_X16)
                                         _16254_ (net)
                  0.01    0.00    1.60 ^ _50101_/A (BUF_X32)
    10   21.06    0.01    0.02    1.62 ^ _50101_/Z (BUF_X32)
                                         _17131_ (net)
                  0.01    0.00    1.62 ^ _50102_/A1 (NOR2_X1)
     2    2.95    0.01    0.01    1.63 v _50102_/ZN (NOR2_X1)
                                         _17132_ (net)
                  0.01    0.00    1.63 v _50119_/A (AOI21_X1)
     2    3.29    0.03    0.05    1.68 ^ _50119_/ZN (AOI21_X1)
                                         _17149_ (net)
                  0.03    0.00    1.68 ^ _50120_/A2 (NAND2_X1)
     1    2.93    0.01    0.02    1.70 v _50120_/ZN (NAND2_X1)
                                         _17150_ (net)
                  0.01    0.00    1.70 v _50121_/A1 (NAND2_X2)
     1    5.95    0.01    0.02    1.72 ^ _50121_/ZN (NAND2_X2)
                                         _17151_ (net)
                  0.01    0.00    1.72 ^ _50124_/A1 (NAND2_X4)
     3   13.62    0.01    0.02    1.73 v _50124_/ZN (NAND2_X4)
                                         _17154_ (net)
                  0.01    0.00    1.73 v _50125_/B2 (AOI21_X4)
     4   14.15    0.03    0.04    1.77 ^ _50125_/ZN (AOI21_X4)
                                         _17155_ (net)
                  0.03    0.00    1.77 ^ _50132_/A1 (NAND3_X2)
     3    8.89    0.02    0.03    1.81 v _50132_/ZN (NAND3_X2)
                                         _17162_ (net)
                  0.02    0.00    1.81 v _50133_/A (BUF_X8)
    10   29.02    0.01    0.03    1.84 v _50133_/Z (BUF_X8)
                                         _17163_ (net)
                  0.01    0.00    1.84 v _50200_/A1 (NAND2_X2)
     2    3.19    0.01    0.01    1.86 ^ _50200_/ZN (NAND2_X2)
                                         _17230_ (net)
                  0.01    0.00    1.86 ^ _50202_/A1 (NAND2_X1)
     1    2.93    0.01    0.02    1.87 v _50202_/ZN (NAND2_X1)
                                         _17232_ (net)
                  0.01    0.00    1.87 v _50203_/A1 (NAND2_X2)
     1    3.05    0.01    0.01    1.89 ^ _50203_/ZN (NAND2_X2)
                                         _17233_ (net)
                  0.01    0.00    1.89 ^ _50206_/A1 (NAND2_X2)
     2    4.39    0.01    0.01    1.90 v _50206_/ZN (NAND2_X2)
                                         _17236_ (net)
                  0.01    0.00    1.90 v _50207_/A1 (NAND2_X2)
     1    3.05    0.01    0.01    1.91 ^ _50207_/ZN (NAND2_X2)
                                         _17237_ (net)
                  0.01    0.00    1.91 ^ _50209_/A1 (NAND2_X2)
     3    5.69    0.01    0.02    1.93 v _50209_/ZN (NAND2_X2)
                                         _17239_ (net)
                  0.01    0.00    1.93 v _50276_/A1 (NOR2_X2)
     1    2.98    0.01    0.02    1.95 ^ _50276_/ZN (NOR2_X2)
                                         _17306_ (net)
                  0.01    0.00    1.95 ^ _50277_/A1 (NAND3_X2)
     3   13.49    0.02    0.04    1.98 v _50277_/ZN (NAND3_X2)
                                         _17307_ (net)
                  0.02    0.00    1.98 v _50281_/A1 (NOR2_X4)
     2   10.61    0.02    0.03    2.02 ^ _50281_/ZN (NOR2_X4)
                                         _17311_ (net)
                  0.02    0.00    2.02 ^ _50310_/A2 (NAND2_X2)
     2    2.94    0.01    0.02    2.04 v _50310_/ZN (NAND2_X2)
                                         _17334_ (net)
                  0.01    0.00    2.04 v _50311_/A1 (OR2_X2)
     1    2.93    0.01    0.04    2.08 v _50311_/ZN (OR2_X2)
                                         _17335_ (net)
                  0.01    0.00    2.08 v _50313_/A1 (NAND3_X2)
     1    0.00    0.01    0.01    2.09 ^ _50313_/ZN (NAND3_X2)
                                         cvt_blk_o[127] (net)
                  0.01    0.00    2.09 ^ cvt_blk_o[127] (out)
                                  2.09   data arrival time

                  0.00    4.00    4.00   clock core_clock (rise edge)
                          0.00    4.00   clock network delay (ideal)
                          0.00    4.00   clock reconvergence pessimism
                         -0.80    3.20   output external delay
                                  3.20   data required time
-----------------------------------------------------------------------------
                                  3.20   data required time
                                 -2.09   data arrival time
-----------------------------------------------------------------------------
                                  1.11   slack (MET)



==========================================================================
Post synthesis report_power
--------------------------------------------------------------------------
Group                  Internal  Switching    Leakage      Total
                          Power      Power      Power      Power (Watts)
----------------------------------------------------------------
Sequential             3.29e-03   2.53e-04   8.95e-05   3.63e-03   2.1%
Combinational          8.57e-02   8.22e-02   7.18e-04   1.69e-01  97.9%
Clock                  0.00e+00   0.00e+00   0.00e+00   0.00e+00   0.0%
Macro                  0.00e+00   0.00e+00   0.00e+00   0.00e+00   0.0%
Pad                    0.00e+00   0.00e+00   0.00e+00   0.00e+00   0.0%
----------------------------------------------------------------
Total                  8.90e-02   8.24e-02   8.07e-04   1.72e-01 100.0%
                          51.7%      47.9%       0.5%
