
==========================================================================
Post synthesis report_tns
--------------------------------------------------------------------------
tns 0.00

==========================================================================
Post synthesis report_wns
--------------------------------------------------------------------------
wns 0.00

==========================================================================
Post synthesis report_worst_slack
--------------------------------------------------------------------------
worst slack 0.87

==========================================================================
Post synthesis report_checks -path_delay min
--------------------------------------------------------------------------
Startpoint: u_pcu.u_acc.entry[0][212]$_SDFFCE_PN0P_
            (rising edge-triggered flip-flop clocked by core_clock)
Endpoint: u_pcu.u_acc.entry[0][212]$_SDFFCE_PN0P_
          (rising edge-triggered flip-flop clocked by core_clock)
Path Group: core_clock
Path Type: min

Fanout     Cap    Slew   Delay    Time   Description
-----------------------------------------------------------------------------
                  0.00    0.00    0.00   clock core_clock (rise edge)
                          0.00    0.00   clock network delay (ideal)
                  0.00    0.00    0.00 ^ u_pcu.u_acc.entry[0][212]$_SDFFCE_PN0P_/CK (DFF_X1)
     3    4.46    0.01    0.08    0.08 v u_pcu.u_acc.entry[0][212]$_SDFFCE_PN0P_/Q (DFF_X1)
                                         u_pcu.u_acc.entry[0][212] (net)
                  0.01    0.00    0.08 v _52692_/A (INV_X1)
     1    1.66    0.01    0.01    0.10 ^ _52692_/ZN (INV_X1)
                                         _05834_ (net)
                  0.01    0.00    0.10 ^ _52693_/B1 (OAI21_X1)
     1    1.06    0.01    0.01    0.11 v _52693_/ZN (OAI21_X1)
                                         _01006_ (net)
                  0.01    0.00    0.11 v u_pcu.u_acc.entry[0][212]$_SDFFCE_PN0P_/D (DFF_X1)
                                  0.11   data arrival time

                  0.00    0.00    0.00   clock core_clock (rise edge)
                          0.00    0.00   clock network delay (ideal)
                          0.00    0.00   clock reconvergence pessimism
                                  0.00 ^ u_pcu.u_acc.entry[0][212]$_SDFFCE_PN0P_/CK (DFF_X1)
                          0.00    0.00   library hold time
                                  0.00   data required time
-----------------------------------------------------------------------------
                                  0.00   data required time
                                 -0.11   data arrival time
-----------------------------------------------------------------------------
                                  0.11   slack (MET)



==========================================================================
Post synthesis report_checks -path_delay max
--------------------------------------------------------------------------
Startpoint: a_q4_i[3] (input port clocked by core_clock)
Endpoint: u_pcu.g_row[0].g_pe[15].u_pe.psum_q[9]$_SDFFE_PN0P_
          (rising edge-triggered flip-flop clocked by core_clock)
Path Group: core_clock
Path Type: max

Fanout     Cap    Slew   Delay    Time   Description
-----------------------------------------------------------------------------
                  0.00    0.00    0.00   clock core_clock (rise edge)
                          0.00    0.00   clock network delay (ideal)
                          0.40    0.40 v input external delay
     1    3.00    0.00    0.00    0.40 v a_q4_i[3] (in)
                                         a_q4_i[3] (net)
                  0.00    0.00    0.40 v _70583_/A (BUF_X4)
     4   19.89    0.01    0.03    0.43 v _70583_/Z (BUF_X4)
                                         _20765_ (net)
                  0.01    0.00    0.43 v _70584_/A (BUF_X16)
    10   42.62    0.01    0.03    0.45 v _70584_/Z (BUF_X16)
                                         _20766_ (net)
                  0.01    0.00    0.45 v _72121_/A (BUF_X16)
    10   29.49    0.01    0.02    0.48 v _72121_/Z (BUF_X16)
                                         _22282_ (net)
                  0.01    0.00    0.48 v _74576_/A1 (NAND2_X2)
     2    4.89    0.01    0.01    0.49 ^ _74576_/ZN (NAND2_X2)
                                         _24698_ (net)
                  0.01    0.00    0.49 ^ _74580_/A1 (NAND2_X1)
     3    4.45    0.01    0.02    0.51 v _74580_/ZN (NAND2_X1)
                                         _24702_ (net)
                  0.01    0.00    0.51 v _74738_/B2 (AOI21_X1)
     2    3.30    0.03    0.04    0.55 ^ _74738_/ZN (AOI21_X1)
                                         _24859_ (net)
                  0.03    0.00    0.55 ^ _74739_/A (INV_X1)
     1    1.53    0.01    0.01    0.56 v _74739_/ZN (INV_X1)
                                         _24860_ (net)
                  0.01    0.00    0.56 v _74747_/A1 (NAND2_X1)
     2    3.27    0.01    0.02    0.58 ^ _74747_/ZN (NAND2_X1)
                                         _24868_ (net)
                  0.01    0.00    0.58 ^ _74749_/A1 (NAND2_X1)
     2    2.94    0.01    0.02    0.60 v _74749_/ZN (NAND2_X1)
                                         _24870_ (net)
                  0.01    0.00    0.60 v _74751_/A1 (OR2_X2)
     1    2.93    0.01    0.04    0.64 v _74751_/ZN (OR2_X2)
                                         _24872_ (net)
                  0.01    0.00    0.64 v _74753_/A1 (NAND2_X2)
     2    4.89    0.01    0.02    0.66 ^ _74753_/ZN (NAND2_X2)
                                         _24874_ (net)
                  0.01    0.00    0.66 ^ _74755_/A1 (NOR2_X2)
     2    4.45    0.01    0.01    0.66 v _74755_/ZN (NOR2_X2)
                                         _24876_ (net)
                  0.01    0.00    0.66 v _74890_/A2 (NAND2_X1)
     3    4.91    0.02    0.03    0.69 ^ _74890_/ZN (NAND2_X1)
                                         _25010_ (net)
                  0.02    0.00    0.69 ^ _74977_/A2 (NAND3_X1)
     1    6.34    0.02    0.04    0.73 v _74977_/ZN (NAND3_X1)
                                         _25096_ (net)
                  0.02    0.00    0.73 v _74978_/A2 (NOR2_X4)
     3    6.17    0.02    0.03    0.76 ^ _74978_/ZN (NOR2_X4)
                                         _25097_ (net)
                  0.02    0.00    0.76 ^ _75038_/A (XNOR2_X1)
     1    1.60    0.02    0.04    0.80 ^ _75038_/ZN (XNOR2_X1)
                                         _25156_ (net)
                  0.02    0.00    0.80 ^ _75039_/A1 (NAND2_X1)
     3    3.78    0.01    0.02    0.82 v _75039_/ZN (NAND2_X1)
                                         _25157_ (net)
                  0.01    0.00    0.82 v _75078_/A1 (OR2_X1)
     2    2.94    0.01    0.05    0.87 v _75078_/ZN (OR2_X1)
                                         _25195_ (net)
                  0.01    0.00    0.87 v _75080_/A1 (NAND2_X1)
     1    2.23    0.01    0.02    0.88 ^ _75080_/ZN (NAND2_X1)
                                         _25197_ (net)
                  0.01    0.00    0.88 ^ _75081_/A (XNOR2_X1)
     2    3.36    0.03    0.04    0.93 ^ _75081_/ZN (XNOR2_X1)
                                         _25198_ (net)
                  0.03    0.00    0.93 ^ _75082_/A2 (OR2_X2)
     1    3.05    0.01    0.03    0.96 ^ _75082_/ZN (OR2_X2)
                                         _25199_ (net)
                  0.01    0.00    0.96 ^ _75084_/A1 (NAND2_X2)
     4    7.72    0.01    0.02    0.97 v _75084_/ZN (NAND2_X2)
                                         _25201_ (net)
                  0.01    0.00    0.97 v _75102_/A2 (NOR2_X2)
     2    3.28    0.02    0.03    1.00 ^ _75102_/ZN (NOR2_X2)
                                         _25218_ (net)
                  0.02    0.00    1.00 ^ _75105_/A1 (NAND2_X1)
     1    0.79    0.01    0.01    1.01 v _75105_/ZN (NAND2_X1)
                                         _25221_ (net)
                  0.01    0.00    1.01 v _75106_/A1 (OR2_X1)
     1    1.53    0.01    0.04    1.06 v _75106_/ZN (OR2_X1)
                                         _25222_ (net)
                  0.01    0.00    1.06 v _75110_/A2 (NAND3_X1)
     1    3.13    0.01    0.02    1.08 ^ _75110_/ZN (NAND3_X1)
                                         _25226_ (net)
                  0.01    0.00    1.08 ^ _75112_/B1 (AOI21_X2)
     1    1.06    0.01    0.01    1.09 v _75112_/ZN (AOI21_X2)
                                         _00378_ (net)
                  0.01    0.00    1.09 v u_pcu.g_row[0].g_pe[15].u_pe.psum_q[9]$_SDFFE_PN0P_/D (DFF_X1)
                                  1.09   data arrival time

                  0.00    2.00    2.00   clock core_clock (rise edge)
                          0.00    2.00   clock network delay (ideal)
                          0.00    2.00   clock reconvergence pessimism
                                  2.00 ^ u_pcu.g_row[0].g_pe[15].u_pe.psum_q[9]$_SDFFE_PN0P_/CK (DFF_X1)
                         -0.04    1.96   library setup time
                                  1.96   data required time
-----------------------------------------------------------------------------
                                  1.96   data required time
                                 -1.09   data arrival time
-----------------------------------------------------------------------------
                                  0.87   slack (MET)



==========================================================================
Post synthesis report_checks -unconstrained
--------------------------------------------------------------------------
Startpoint: a_q4_i[3] (input port clocked by core_clock)
Endpoint: u_pcu.g_row[0].g_pe[15].u_pe.psum_q[9]$_SDFFE_PN0P_
          (rising edge-triggered flip-flop clocked by core_clock)
Path Group: core_clock
Path Type: max

Fanout     Cap    Slew   Delay    Time   Description
-----------------------------------------------------------------------------
                  0.00    0.00    0.00   clock core_clock (rise edge)
                          0.00    0.00   clock network delay (ideal)
                          0.40    0.40 v input external delay
     1    3.00    0.00    0.00    0.40 v a_q4_i[3] (in)
                                         a_q4_i[3] (net)
                  0.00    0.00    0.40 v _70583_/A (BUF_X4)
     4   19.89    0.01    0.03    0.43 v _70583_/Z (BUF_X4)
                                         _20765_ (net)
                  0.01    0.00    0.43 v _70584_/A (BUF_X16)
    10   42.62    0.01    0.03    0.45 v _70584_/Z (BUF_X16)
                                         _20766_ (net)
                  0.01    0.00    0.45 v _72121_/A (BUF_X16)
    10   29.49    0.01    0.02    0.48 v _72121_/Z (BUF_X16)
                                         _22282_ (net)
                  0.01    0.00    0.48 v _74576_/A1 (NAND2_X2)
     2    4.89    0.01    0.01    0.49 ^ _74576_/ZN (NAND2_X2)
                                         _24698_ (net)
                  0.01    0.00    0.49 ^ _74580_/A1 (NAND2_X1)
     3    4.45    0.01    0.02    0.51 v _74580_/ZN (NAND2_X1)
                                         _24702_ (net)
                  0.01    0.00    0.51 v _74738_/B2 (AOI21_X1)
     2    3.30    0.03    0.04    0.55 ^ _74738_/ZN (AOI21_X1)
                                         _24859_ (net)
                  0.03    0.00    0.55 ^ _74739_/A (INV_X1)
     1    1.53    0.01    0.01    0.56 v _74739_/ZN (INV_X1)
                                         _24860_ (net)
                  0.01    0.00    0.56 v _74747_/A1 (NAND2_X1)
     2    3.27    0.01    0.02    0.58 ^ _74747_/ZN (NAND2_X1)
                                         _24868_ (net)
                  0.01    0.00    0.58 ^ _74749_/A1 (NAND2_X1)
     2    2.94    0.01    0.02    0.60 v _74749_/ZN (NAND2_X1)
                                         _24870_ (net)
                  0.01    0.00    0.60 v _74751_/A1 (OR2_X2)
     1    2.93    0.01    0.04    0.64 v _74751_/ZN (OR2_X2)
                                         _24872_ (net)
                  0.01    0.00    0.64 v _74753_/A1 (NAND2_X2)
     2    4.89    0.01    0.02    0.66 ^ _74753_/ZN (NAND2_X2)
                                         _24874_ (net)
                  0.01    0.00    0.66 ^ _74755_/A1 (NOR2_X2)
     2    4.45    0.01    0.01    0.66 v _74755_/ZN (NOR2_X2)
                                         _24876_ (net)
                  0.01    0.00    0.66 v _74890_/A2 (NAND2_X1)
     3    4.91    0.02    0.03    0.69 ^ _74890_/ZN (NAND2_X1)
                                         _25010_ (net)
                  0.02    0.00    0.69 ^ _74977_/A2 (NAND3_X1)
     1    6.34    0.02    0.04    0.73 v _74977_/ZN (NAND3_X1)
                                         _25096_ (net)
                  0.02    0.00    0.73 v _74978_/A2 (NOR2_X4)
     3    6.17    0.02    0.03    0.76 ^ _74978_/ZN (NOR2_X4)
                                         _25097_ (net)
                  0.02    0.00    0.76 ^ _75038_/A (XNOR2_X1)
     1    1.60    0.02    0.04    0.80 ^ _75038_/ZN (XNOR2_X1)
                                         _25156_ (net)
                  0.02    0.00    0.80 ^ _75039_/A1 (NAND2_X1)
     3    3.78    0.01    0.02    0.82 v _75039_/ZN (NAND2_X1)
                                         _25157_ (net)
                  0.01    0.00    0.82 v _75078_/A1 (OR2_X1)
     2    2.94    0.01    0.05    0.87 v _75078_/ZN (OR2_X1)
                                         _25195_ (net)
                  0.01    0.00    0.87 v _75080_/A1 (NAND2_X1)
     1    2.23    0.01    0.02    0.88 ^ _75080_/ZN (NAND2_X1)
                                         _25197_ (net)
                  0.01    0.00    0.88 ^ _75081_/A (XNOR2_X1)
     2    3.36    0.03    0.04    0.93 ^ _75081_/ZN (XNOR2_X1)
                                         _25198_ (net)
                  0.03    0.00    0.93 ^ _75082_/A2 (OR2_X2)
     1    3.05    0.01    0.03    0.96 ^ _75082_/ZN (OR2_X2)
                                         _25199_ (net)
                  0.01    0.00    0.96 ^ _75084_/A1 (NAND2_X2)
     4    7.72    0.01    0.02    0.97 v _75084_/ZN (NAND2_X2)
                                         _25201_ (net)
                  0.01    0.00    0.97 v _75102_/A2 (NOR2_X2)
     2    3.28    0.02    0.03    1.00 ^ _75102_/ZN (NOR2_X2)
                                         _25218_ (net)
                  0.02    0.00    1.00 ^ _75105_/A1 (NAND2_X1)
     1    0.79    0.01    0.01    1.01 v _75105_/ZN (NAND2_X1)
                                         _25221_ (net)
                  0.01    0.00    1.01 v _75106_/A1 (OR2_X1)
     1    1.53    0.01    0.04    1.06 v _75106_/ZN (OR2_X1)
                                         _25222_ (net)
                  0.01    0.00    1.06 v _75110_/A2 (NAND3_X1)
     1    3.13    0.01    0.02    1.08 ^ _75110_/ZN (NAND3_X1)
                                         _25226_ (net)
                  0.01    0.00    1.08 ^ _75112_/B1 (AOI21_X2)
     1    1.06    0.01    0.01    1.09 v _75112_/ZN (AOI21_X2)
                                         _00378_ (net)
                  0.01    0.00    1.09 v u_pcu.g_row[0].g_pe[15].u_pe.psum_q[9]$_SDFFE_PN0P_/D (DFF_X1)
                                  1.09   data arrival time

                  0.00    2.00    2.00   clock core_clock (rise edge)
                          0.00    2.00   clock network delay (ideal)
                          0.00    2.00   clock reconvergence pessimism
                                  2.00 ^ u_pcu.g_row[0].g_pe[15].u_pe.psum_q[9]$_SDFFE_PN0P_/CK (DFF_X1)
                         -0.04    1.96   library setup time
                                  1.96   data required time
-----------------------------------------------------------------------------
                                  1.96   data required time
                                 -1.09   data arrival time
-----------------------------------------------------------------------------
                                  0.87   slack (MET)



==========================================================================
Post synthesis report_power
--------------------------------------------------------------------------
Group                  Internal  Switching    Leakage      Total
                          Power      Power      Power      Power (Watts)
----------------------------------------------------------------
Sequential             1.31e-02   4.20e-04   2.80e-04   1.38e-02  41.5%
Combinational          8.94e-03   9.32e-03   1.18e-03   1.94e-02  58.5%
Clock                  0.00e+00   0.00e+00   0.00e+00   0.00e+00   0.0%
Macro                  0.00e+00   0.00e+00   0.00e+00   0.00e+00   0.0%
Pad                    0.00e+00   0.00e+00   0.00e+00   0.00e+00   0.0%
----------------------------------------------------------------
Total                  2.20e-02   9.74e-03   1.46e-03   3.32e-02 100.0%
                          66.3%      29.3%       4.4%
