
==========================================================================
Post synthesis report_tns
--------------------------------------------------------------------------
tns 0.00

==========================================================================
Post synthesis report_wns
--------------------------------------------------------------------------
wns 0.00

==========================================================================
Post synthesis report_worst_slack
--------------------------------------------------------------------------
worst slack 1.18

==========================================================================
Post synthesis report_checks -path_delay min
--------------------------------------------------------------------------
Startpoint: fp16_i[127] (input port clocked by core_clock)
Endpoint: blk_o[103] (output port clocked by core_clock)
Path Group: core_clock
Path Type: min

Fanout     Cap    Slew   Delay    Time   Description
-----------------------------------------------------------------------------
                  0.00    0.00    0.00   clock core_clock (rise edge)
                          0.00    0.00   clock network delay (ideal)
                          0.80    0.80 ^ input external delay
     1    0.97    0.00    0.00    0.80 ^ fp16_i[127] (in)
                                         fp16_i[127] (net)
                  0.00    0.00    0.80 ^ _9686_/A (BUF_X1)
     1    0.00    0.00    0.01    0.81 ^ _9686_/Z (BUF_X1)
                                         blk_o[103] (net)
                  0.00    0.00    0.81 ^ blk_o[103] (out)
                                  0.81   data arrival time

                  0.00    0.00    0.00   clock core_clock (rise edge)
                          0.00    0.00   clock network delay (ideal)
                          0.00    0.00   clock reconvergence pessimism
                         -0.80   -0.80   output external delay
                                 -0.80   data required time
-----------------------------------------------------------------------------
                                 -0.80   data required time
                                 -0.81   data arrival time
-----------------------------------------------------------------------------
                                  1.61   slack (MET)



==========================================================================
Post synthesis report_checks -path_delay max
--------------------------------------------------------------------------
Startpoint: fp16_i[142] (input port clocked by core_clock)
Endpoint: blk_o[97] (output port clocked by core_clock)
Path Group: core_clock
Path Type: max

Fanout     Cap    Slew   Delay    Time   Description
-----------------------------------------------------------------------------
                  0.00    0.00    0.00   clock core_clock (rise edge)
                          0.00    0.00   clock network delay (ideal)
                          0.80    0.80 v input external delay
     1    1.59    0.00    0.00    0.80 v fp16_i[142] (in)
                                         fp16_i[142] (net)
                  0.00    0.00    0.80 v _5276_/A (BUF_X2)
     5    7.44    0.01    0.03    0.83 v _5276_/Z (BUF_X2)
                                         _4714_ (net)
                  0.01    0.00    0.83 v _5337_/A (INV_X1)
     1    1.60    0.01    0.01    0.84 ^ _5337_/ZN (INV_X1)
                                         _0035_ (net)
                  0.01    0.00    0.84 ^ _5338_/A1 (NAND2_X1)
     2    2.46    0.01    0.01    0.85 v _5338_/ZN (NAND2_X1)
                                         _0036_ (net)
                  0.01    0.00    0.85 v _5339_/A2 (AND2_X1)
     1    1.53    0.01    0.03    0.88 v _5339_/ZN (AND2_X1)
                                         _0037_ (net)
                  0.01    0.00    0.88 v _5342_/A1 (NAND2_X1)
     2    4.99    0.02    0.02    0.90 ^ _5342_/ZN (NAND2_X1)
                                         _0040_ (net)
                  0.02    0.00    0.90 ^ _5360_/A (INV_X1)
     1    2.73    0.01    0.01    0.91 v _5360_/ZN (INV_X1)
                                         _0058_ (net)
                  0.01    0.00    0.91 v _5364_/B1 (AOI21_X2)
     3    6.70    0.03    0.03    0.95 ^ _5364_/ZN (AOI21_X2)
                                         _0062_ (net)
                  0.03    0.00    0.95 ^ _5365_/A2 (NAND2_X2)
     5    8.98    0.01    0.02    0.97 v _5365_/ZN (NAND2_X2)
                                         _0063_ (net)
                  0.01    0.00    0.97 v _5366_/A1 (NAND2_X1)
     1    3.05    0.01    0.02    0.99 ^ _5366_/ZN (NAND2_X1)
                                         _0064_ (net)
                  0.01    0.00    0.99 ^ _5368_/A1 (NAND2_X2)
     3    6.17    0.01    0.02    1.01 v _5368_/ZN (NAND2_X2)
                                         _0066_ (net)
                  0.01    0.00    1.01 v _5369_/A2 (NAND2_X1)
     2    4.72    0.02    0.02    1.03 ^ _5369_/ZN (NAND2_X1)
                                         _0067_ (net)
                  0.02    0.00    1.03 ^ _5394_/A1 (NAND2_X2)
     2    6.53    0.01    0.02    1.05 v _5394_/ZN (NAND2_X2)
                                         _0092_ (net)
                  0.01    0.00    1.05 v _5408_/A1 (NOR3_X4)
     2    4.95    0.02    0.03    1.08 ^ _5408_/ZN (NOR3_X4)
                                         _0106_ (net)
                  0.02    0.00    1.08 ^ _5409_/A2 (NAND2_X1)
     1    3.14    0.01    0.02    1.10 v _5409_/ZN (NAND2_X1)
                                         _0107_ (net)
                  0.01    0.00    1.10 v _5410_/A2 (NAND2_X2)
     4   10.73    0.02    0.03    1.13 ^ _5410_/ZN (NAND2_X2)
                                         _0108_ (net)
                  0.02    0.00    1.13 ^ _5416_/A1 (NAND3_X1)
     1    3.14    0.01    0.02    1.15 v _5416_/ZN (NAND3_X1)
                                         _0114_ (net)
                  0.01    0.00    1.15 v _5417_/A2 (NAND2_X2)
     3    6.54    0.01    0.02    1.18 ^ _5417_/ZN (NAND2_X2)
                                         _0115_ (net)
                  0.01    0.00    1.18 ^ _5432_/A (INV_X2)
     2    2.99    0.00    0.01    1.18 v _5432_/ZN (INV_X2)
                                         _0130_ (net)
                  0.00    0.00    1.18 v _5433_/A2 (NAND2_X1)
     1    2.98    0.01    0.02    1.20 ^ _5433_/ZN (NAND2_X1)
                                         _0131_ (net)
                  0.01    0.00    1.20 ^ _5435_/A1 (NAND3_X2)
     2    4.25    0.01    0.02    1.22 v _5435_/ZN (NAND3_X2)
                                         _0133_ (net)
                  0.01    0.00    1.22 v _5470_/A1 (NOR2_X2)
     2    6.74    0.02    0.03    1.26 ^ _5470_/ZN (NOR2_X2)
                                         _0168_ (net)
                  0.02    0.00    1.26 ^ _5474_/A2 (NAND3_X2)
     6   13.22    0.02    0.04    1.30 v _5474_/ZN (NAND3_X2)
                                         _0172_ (net)
                  0.02    0.00    1.30 v _5475_/A2 (NAND2_X4)
     5    9.45    0.01    0.03    1.32 ^ _5475_/ZN (NAND2_X4)
                                         _0173_ (net)
                  0.01    0.00    1.32 ^ _5527_/A1 (NAND2_X1)
     1    2.93    0.01    0.02    1.34 v _5527_/ZN (NAND2_X1)
                                         _0225_ (net)
                  0.01    0.00    1.34 v _5529_/A1 (NAND2_X2)
     2    9.45    0.02    0.02    1.36 ^ _5529_/ZN (NAND2_X2)
                                         _0227_ (net)
                  0.02    0.00    1.36 ^ _5530_/A (INV_X2)
     2    3.54    0.01    0.01    1.37 v _5530_/ZN (INV_X2)
                                         _0228_ (net)
                  0.01    0.00    1.37 v _5538_/A (XNOR2_X1)
     1    2.70    0.01    0.04    1.41 v _5538_/ZN (XNOR2_X1)
                                         _0236_ (net)
                  0.01    0.00    1.41 v _5539_/A1 (NOR2_X2)
     1    6.25    0.02    0.03    1.44 ^ _5539_/ZN (NOR2_X2)
                                         _0237_ (net)
                  0.02    0.00    1.44 ^ _5543_/A1 (NAND3_X4)
     7   18.04    0.02    0.03    1.47 v _5543_/ZN (NAND3_X4)
                                         _0241_ (net)
                  0.02    0.00    1.47 v _5544_/A2 (NAND2_X4)
     6   35.73    0.03    0.04    1.51 ^ _5544_/ZN (NAND2_X4)
                                         _0242_ (net)
                  0.03    0.00    1.51 ^ _5550_/A1 (NAND2_X4)
     1    5.70    0.01    0.02    1.52 v _5550_/ZN (NAND2_X4)
                                         _0248_ (net)
                  0.01    0.00    1.52 v _5552_/A1 (NAND2_X4)
     5   47.06    0.03    0.04    1.56 ^ _5552_/ZN (NAND2_X4)
                                         _0250_ (net)
                  0.03    0.00    1.56 ^ _5553_/A (BUF_X16)
    10   39.90    0.01    0.03    1.59 ^ _5553_/Z (BUF_X16)
                                         _0251_ (net)
                  0.01    0.00    1.59 ^ _5759_/A1 (NOR2_X4)
     3    5.90    0.01    0.01    1.60 v _5759_/ZN (NOR2_X4)
                                         _0455_ (net)
                  0.01    0.00    1.60 v _5760_/B2 (AOI21_X1)
     2    3.29    0.03    0.04    1.64 ^ _5760_/ZN (AOI21_X1)
                                         _0456_ (net)
                  0.03    0.00    1.64 ^ _5767_/A2 (NAND3_X1)
     1    3.14    0.02    0.03    1.67 v _5767_/ZN (NAND3_X1)
                                         _0463_ (net)
                  0.02    0.00    1.67 v _5768_/A2 (NAND2_X2)
     2    6.70    0.01    0.02    1.69 ^ _5768_/ZN (NAND2_X2)
                                         _0464_ (net)
                  0.01    0.00    1.69 ^ _5769_/A (INV_X2)
     1    5.70    0.01    0.01    1.70 v _5769_/ZN (INV_X2)
                                         _0465_ (net)
                  0.01    0.00    1.70 v _5781_/A1 (NAND2_X4)
     2   12.84    0.01    0.02    1.72 ^ _5781_/ZN (NAND2_X4)
                                         _0477_ (net)
                  0.01    0.00    1.72 ^ _5782_/A (BUF_X8)
    10   19.94    0.01    0.02    1.75 ^ _5782_/Z (BUF_X8)
                                         _0478_ (net)
                  0.01    0.00    1.75 ^ _5793_/A1 (NAND3_X4)
     4   10.42    0.02    0.02    1.77 v _5793_/ZN (NAND3_X4)
                                         _0489_ (net)
                  0.02    0.00    1.77 v _5815_/A (BUF_X8)
    10   33.31    0.01    0.03    1.80 v _5815_/Z (BUF_X8)
                                         _0511_ (net)
                  0.01    0.00    1.80 v _5817_/A1 (NAND2_X2)
     2    5.21    0.01    0.02    1.82 ^ _5817_/ZN (NAND2_X2)
                                         _0513_ (net)
                  0.01    0.00    1.82 ^ _5818_/A3 (NAND3_X1)
     2    3.12    0.01    0.03    1.84 v _5818_/ZN (NAND3_X1)
                                         _0514_ (net)
                  0.01    0.00    1.84 v _5824_/A1 (NAND3_X1)
     1    1.60    0.01    0.02    1.86 ^ _5824_/ZN (NAND3_X1)
                                         _0520_ (net)
                  0.01    0.00    1.86 ^ _5837_/A1 (NAND2_X1)
     3    5.73    0.01    0.02    1.88 v _5837_/ZN (NAND2_X1)
                                         _0533_ (net)
                  0.01    0.00    1.88 v _5930_/A1 (NAND2_X1)
     1    3.05    0.01    0.02    1.90 ^ _5930_/ZN (NAND2_X1)
                                         _0625_ (net)
                  0.01    0.00    1.90 ^ _5932_/A1 (NAND2_X2)
     1    6.34    0.01    0.02    1.92 v _5932_/ZN (NAND2_X2)
                                         _0627_ (net)
                  0.01    0.00    1.92 v _5933_/A2 (NOR2_X4)
     5    7.49    0.02    0.03    1.95 ^ _5933_/ZN (NOR2_X4)
                                         _0628_ (net)
                  0.02    0.00    1.95 ^ _5936_/A1 (AND2_X1)
     2    3.18    0.01    0.04    1.99 ^ _5936_/ZN (AND2_X1)
                                         _0631_ (net)
                  0.01    0.00    1.99 ^ _9652_/A1 (NAND3_X1)
     1    1.53    0.01    0.02    2.00 v _9652_/ZN (NAND3_X1)
                                         _4255_ (net)
                  0.01    0.00    2.00 v _9655_/A1 (NAND2_X1)
     1    1.70    0.01    0.02    2.02 ^ _9655_/ZN (NAND2_X1)
                                         _4258_ (net)
                  0.01    0.00    2.02 ^ _9656_/A (INV_X1)
     1    0.00    0.00    0.00    2.02 v _9656_/ZN (INV_X1)
                                         blk_o[97] (net)
                  0.00    0.00    2.02 v blk_o[97] (out)
                                  2.02   data arrival time

                  0.00    4.00    4.00   clock core_clock (rise edge)
                          0.00    4.00   clock network delay (ideal)
                          0.00    4.00   clock reconvergence pessimism
                         -0.80    3.20   output external delay
                                  3.20   data required time
-----------------------------------------------------------------------------
                                  3.20   data required time
                                 -2.02   data arrival time
-----------------------------------------------------------------------------
                                  1.18   slack (MET)



==========================================================================
Post synthesis report_checks -unconstrained
--------------------------------------------------------------------------
Startpoint: fp16_i[142] (input port clocked by core_clock)
Endpoint: blk_o[97] (output port clocked by core_clock)
Path Group: core_clock
Path Type: max

Fanout     Cap    Slew   Delay    Time   Description
-----------------------------------------------------------------------------
                  0.00    0.00    0.00   clock core_clock (rise edge)
                          0.00    0.00   clock network delay (ideal)
                          0.80    0.80 v input external delay
     1    1.59    0.00    0.00    0.80 v fp16_i[142] (in)
                                         fp16_i[142] (net)
                  0.00    0.00    0.80 v _5276_/A (BUF_X2)
     5    7.44    0.01    0.03    0.83 v _5276_/Z (BUF_X2)
                                         _4714_ (net)
                  0.01    0.00    0.83 v _5337_/A (INV_X1)
     1    1.60    0.01    0.01    0.84 ^ _5337_/ZN (INV_X1)
                                         _0035_ (net)
                  0.01    0.00    0.84 ^ _5338_/A1 (NAND2_X1)
     2    2.46    0.01    0.01    0.85 v _5338_/ZN (NAND2_X1)
                                         _0036_ (net)
                  0.01    0.00    0.85 v _5339_/A2 (AND2_X1)
     1    1.53    0.01    0.03    0.88 v _5339_/ZN (AND2_X1)
                                         _0037_ (net)
                  0.01    0.00    0.88 v _5342_/A1 (NAND2_X1)
     2    4.99    0.02    0.02    0.90 ^ _5342_/ZN (NAND2_X1)
                                         _0040_ (net)
                  0.02    0.00    0.90 ^ _5360_/A (INV_X1)
     1    2.73    0.01    0.01    0.91 v _5360_/ZN (INV_X1)
                                         _0058_ (net)
                  0.01    0.00    0.91 v _5364_/B1 (AOI21_X2)
     3    6.70    0.03    0.03    0.95 ^ _5364_/ZN (AOI21_X2)
                                         _0062_ (net)
                  0.03    0.00    0.95 ^ _5365_/A2 (NAND2_X2)
     5    8.98    0.01    0.02    0.97 v _5365_/ZN (NAND2_X2)
                                         _0063_ (net)
                  0.01    0.00    0.97 v _5366_/A1 (NAND2_X1)
     1    3.05    0.01    0.02    0.99 ^ _5366_/ZN (NAND2_X1)
                                         _0064_ (net)
                  0.01    0.00    0.99 ^ _5368_/A1 (NAND2_X2)
     3    6.17    0.01    0.02    1.01 v _5368_/ZN (NAND2_X2)
                                         _0066_ (net)
                  0.01    0.00    1.01 v _5369_/A2 (NAND2_X1)
     2    4.72    0.02    0.02    1.03 ^ _5369_/ZN (NAND2_X1)
                                         _0067_ (net)
                  0.02    0.00    1.03 ^ _5394_/A1 (NAND2_X2)
     2    6.53    0.01    0.02    1.05 v _5394_/ZN (NAND2_X2)
                                         _0092_ (net)
                  0.01    0.00    1.05 v _5408_/A1 (NOR3_X4)
     2    4.95    0.02    0.03    1.08 ^ _5408_/ZN (NOR3_X4)
                                         _0106_ (net)
                  0.02    0.00    1.08 ^ _5409_/A2 (NAND2_X1)
     1    3.14    0.01    0.02    1.10 v _5409_/ZN (NAND2_X1)
                                         _0107_ (net)
                  0.01    0.00    1.10 v _5410_/A2 (NAND2_X2)
     4   10.73    0.02    0.03    1.13 ^ _5410_/ZN (NAND2_X2)
                                         _0108_ (net)
                  0.02    0.00    1.13 ^ _5416_/A1 (NAND3_X1)
     1    3.14    0.01    0.02    1.15 v _5416_/ZN (NAND3_X1)
                                         _0114_ (net)
                  0.01    0.00    1.15 v _5417_/A2 (NAND2_X2)
     3    6.54    0.01    0.02    1.18 ^ _5417_/ZN (NAND2_X2)
                                         _0115_ (net)
                  0.01    0.00    1.18 ^ _5432_/A (INV_X2)
     2    2.99    0.00    0.01    1.18 v _5432_/ZN (INV_X2)
                                         _0130_ (net)
                  0.00    0.00    1.18 v _5433_/A2 (NAND2_X1)
     1    2.98    0.01    0.02    1.20 ^ _5433_/ZN (NAND2_X1)
                                         _0131_ (net)
                  0.01    0.00    1.20 ^ _5435_/A1 (NAND3_X2)
     2    4.25    0.01    0.02    1.22 v _5435_/ZN (NAND3_X2)
                                         _0133_ (net)
                  0.01    0.00    1.22 v _5470_/A1 (NOR2_X2)
     2    6.74    0.02    0.03    1.26 ^ _5470_/ZN (NOR2_X2)
                                         _0168_ (net)
                  0.02    0.00    1.26 ^ _5474_/A2 (NAND3_X2)
     6   13.22    0.02    0.04    1.30 v _5474_/ZN (NAND3_X2)
                                         _0172_ (net)
                  0.02    0.00    1.30 v _5475_/A2 (NAND2_X4)
     5    9.45    0.01    0.03    1.32 ^ _5475_/ZN (NAND2_X4)
                                         _0173_ (net)
                  0.01    0.00    1.32 ^ _5527_/A1 (NAND2_X1)
     1    2.93    0.01    0.02    1.34 v _5527_/ZN (NAND2_X1)
                                         _0225_ (net)
                  0.01    0.00    1.34 v _5529_/A1 (NAND2_X2)
     2    9.45    0.02    0.02    1.36 ^ _5529_/ZN (NAND2_X2)
                                         _0227_ (net)
                  0.02    0.00    1.36 ^ _5530_/A (INV_X2)
     2    3.54    0.01    0.01    1.37 v _5530_/ZN (INV_X2)
                                         _0228_ (net)
                  0.01    0.00    1.37 v _5538_/A (XNOR2_X1)
     1    2.70    0.01    0.04    1.41 v _5538_/ZN (XNOR2_X1)
                                         _0236_ (net)
                  0.01    0.00    1.41 v _5539_/A1 (NOR2_X2)
     1    6.25    0.02    0.03    1.44 ^ _5539_/ZN (NOR2_X2)
                                         _0237_ (net)
                  0.02    0.00    1.44 ^ _5543_/A1 (NAND3_X4)
     7   18.04    0.02    0.03    1.47 v _5543_/ZN (NAND3_X4)
                                         _0241_ (net)
                  0.02    0.00    1.47 v _5544_/A2 (NAND2_X4)
     6   35.73    0.03    0.04    1.51 ^ _5544_/ZN (NAND2_X4)
                                         _0242_ (net)
                  0.03    0.00    1.51 ^ _5550_/A1 (NAND2_X4)
     1    5.70    0.01    0.02    1.52 v _5550_/ZN (NAND2_X4)
                                         _0248_ (net)
                  0.01    0.00    1.52 v _5552_/A1 (NAND2_X4)
     5   47.06    0.03    0.04    1.56 ^ _5552_/ZN (NAND2_X4)
                                         _0250_ (net)
                  0.03    0.00    1.56 ^ _5553_/A (BUF_X16)
    10   39.90    0.01    0.03    1.59 ^ _5553_/Z (BUF_X16)
                                         _0251_ (net)
                  0.01    0.00    1.59 ^ _5759_/A1 (NOR2_X4)
     3    5.90    0.01    0.01    1.60 v _5759_/ZN (NOR2_X4)
                                         _0455_ (net)
                  0.01    0.00    1.60 v _5760_/B2 (AOI21_X1)
     2    3.29    0.03    0.04    1.64 ^ _5760_/ZN (AOI21_X1)
                                         _0456_ (net)
                  0.03    0.00    1.64 ^ _5767_/A2 (NAND3_X1)
     1    3.14    0.02    0.03    1.67 v _5767_/ZN (NAND3_X1)
                                         _0463_ (net)
                  0.02    0.00    1.67 v _5768_/A2 (NAND2_X2)
     2    6.70    0.01    0.02    1.69 ^ _5768_/ZN (NAND2_X2)
                                         _0464_ (net)
                  0.01    0.00    1.69 ^ _5769_/A (INV_X2)
     1    5.70    0.01    0.01    1.70 v _5769_/ZN (INV_X2)
                                         _0465_ (net)
                  0.01    0.00    1.70 v _5781_/A1 (NAND2_X4)
     2   12.84    0.01    0.02    1.72 ^ _5781_/ZN (NAND2_X4)
                                         _0477_ (net)
                  0.01    0.00    1.72 ^ _5782_/A (BUF_X8)
    10   19.94    0.01    0.02    1.75 ^ _5782_/Z (BUF_X8)
                                         _0478_ (net)
                  0.01    0.00    1.75 ^ _5793_/A1 (NAND3_X4)
     4   10.42    0.02    0.02    1.77 v _5793_/ZN (NAND3_X4)
                                         _0489_ (net)
                  0.02    0.00    1.77 v _5815_/A (BUF_X8)
    10   33.31    0.01    0.03    1.80 v _5815_/Z (BUF_X8)
                                         _0511_ (net)
                  0.01    0.00    1.80 v _5817_/A1 (NAND2_X2)
     2    5.21    0.01    0.02    1.82 ^ _5817_/ZN (NAND2_X2)
                                         _0513_ (net)
                  0.01    0.00    1.82 ^ _5818_/A3 (NAND3_X1)
     2    3.12    0.01    0.03    1.84 v _5818_/ZN (NAND3_X1)
                                         _0514_ (net)
                  0.01    0.00    1.84 v _5824_/A1 (NAND3_X1)
     1    1.60    0.01    0.02    1.86 ^ _5824_/ZN (NAND3_X1)
                                         _0520_ (net)
                  0.01    0.00    1.86 ^ _5837_/A1 (NAND2_X1)
     3    5.73    0.01    0.02    1.88 v _5837_/ZN (NAND2_X1)
                                         _0533_ (net)
                  0.01    0.00    1.88 v _5930_/A1 (NAND2_X1)
     1    3.05    0.01    0.02    1.90 ^ _5930_/ZN (NAND2_X1)
                                         _0625_ (net)
                  0.01    0.00    1.90 ^ _5932_/A1 (NAND2_X2)
     1    6.34    0.01    0.02    1.92 v _5932_/ZN (NAND2_X2)
                                         _0627_ (net)
                  0.01    0.00    1.92 v _5933_/A2 (NOR2_X4)
     5    7.49    0.02    0.03    1.95 ^ _5933_/ZN (NOR2_X4)
                                         _0628_ (net)
                  0.02    0.00    1.95 ^ _5936_/A1 (AND2_X1)
     2    3.18    0.01    0.04    1.99 ^ _5936_/ZN (AND2_X1)
                                         _0631_ (net)
                  0.01    0.00    1.99 ^ _9652_/A1 (NAND3_X1)
     1    1.53    0.01    0.02    2.00 v _9652_/ZN (NAND3_X1)
                                         _4255_ (net)
                  0.01    0.00    2.00 v _9655_/A1 (NAND2_X1)
     1    1.70    0.01    0.02    2.02 ^ _9655_/ZN (NAND2_X1)
                                         _4258_ (net)
                  0.01    0.00    2.02 ^ _9656_/A (INV_X1)
     1    0.00    0.00    0.00    2.02 v _9656_/ZN (INV_X1)
                                         blk_o[97] (net)
                  0.00    0.00    2.02 v blk_o[97] (out)
                                  2.02   data arrival time

                  0.00    4.00    4.00   clock core_clock (rise edge)
                          0.00    4.00   clock network delay (ideal)
                          0.00    4.00   clock reconvergence pessimism
                         -0.80    3.20   output external delay
                                  3.20   data required time
-----------------------------------------------------------------------------
                                  3.20   data required time
                                 -2.02   data arrival time
-----------------------------------------------------------------------------
                                  1.18   slack (MET)



==========================================================================
Post synthesis report_power
--------------------------------------------------------------------------
Group                  Internal  Switching    Leakage      Total
                          Power      Power      Power      Power (Watts)
----------------------------------------------------------------
Sequential             0.00e+00   0.00e+00   0.00e+00   0.00e+00   0.0%
Combinational          1.14e-02   1.34e-02   1.34e-04   2.49e-02 100.0%
Clock                  0.00e+00   0.00e+00   0.00e+00   0.00e+00   0.0%
Macro                  0.00e+00   0.00e+00   0.00e+00   0.00e+00   0.0%
Pad                    0.00e+00   0.00e+00   0.00e+00   0.00e+00   0.0%
----------------------------------------------------------------
Total                  1.14e-02   1.34e-02   1.34e-04   2.49e-02 100.0%
                          45.6%      53.9%       0.5%
