
==========================================================================
Post synthesis report_tns
--------------------------------------------------------------------------
tns 0.00

==========================================================================
Post synthesis report_wns
--------------------------------------------------------------------------
wns 0.00

==========================================================================
Post synthesis report_worst_slack
--------------------------------------------------------------------------
worst slack 0.15

==========================================================================
Post synthesis report_checks -path_delay min
--------------------------------------------------------------------------
Startpoint: u_pcu.u_mul.fp32_o[31]$_SDFF_PP0_
            (rising edge-triggered flip-flop clocked by core_clock)
Endpoint: u_pcu.u_minmax.max_key_q[31]$_SDFFE_PN0P_
          (rising edge-triggered flip-flop clocked by core_clock)
Path Group: core_clock
Path Type: min

Fanout     Cap    Slew   Delay    Time   Description
-----------------------------------------------------------------------------
                  0.00    0.00    0.00   clock core_clock (rise edge)
                          0.00    0.00   clock network delay (ideal)
                  0.00    0.00    0.00 ^ u_pcu.u_mul.fp32_o[31]$_SDFF_PP0_/CK (DFF_X1)
     1    1.70    0.01    0.06    0.06 ^ u_pcu.u_mul.fp32_o[31]$_SDFF_PP0_/QN (DFF_X1)
                                         u_pcu.u_minmax.key[31] (net)
                  0.01    0.00    0.06 ^ _49403_/A (INV_X1)
     2    2.89    0.01    0.01    0.07 v _49403_/ZN (INV_X1)
                                         _13498_ (net)
                  0.01    0.00    0.07 v _49404_/B1 (AOI21_X1)
     1    1.14    0.01    0.02    0.09 ^ _49404_/ZN (AOI21_X1)
                                         _00369_ (net)
                  0.01    0.00    0.09 ^ u_pcu.u_minmax.max_key_q[31]$_SDFFE_PN0P_/D (DFF_X1)
                                  0.09   data arrival time

                  0.00    0.00    0.00   clock core_clock (rise edge)
                          0.00    0.00   clock network delay (ideal)
                          0.00    0.00   clock reconvergence pessimism
                                  0.00 ^ u_pcu.u_minmax.max_key_q[31]$_SDFFE_PN0P_/CK (DFF_X1)
                          0.01    0.01   library hold time
                                  0.01   data required time
-----------------------------------------------------------------------------
                                  0.01   data required time
                                 -0.09   data arrival time
-----------------------------------------------------------------------------
                                  0.09   slack (MET)



==========================================================================
Post synthesis report_checks -path_delay max
--------------------------------------------------------------------------
Startpoint: drain_entry_i[0] (input port clocked by core_clock)
Endpoint: u_pcu.u_mul.s0_exact_product_q[40]$_SDFFE_PN0P_
          (rising edge-triggered flip-flop clocked by core_clock)
Path Group: core_clock
Path Type: max

Fanout     Cap    Slew   Delay    Time   Description
-----------------------------------------------------------------------------
                  0.00    0.00    0.00   clock core_clock (rise edge)
                          0.00    0.00   clock network delay (ideal)
                          0.40    0.40 v input external delay
     1    5.62    0.00    0.00    0.40 v drain_entry_i[0] (in)
                                         drain_entry_i[0] (net)
                  0.00    0.00    0.40 v _32255_/A2 (NAND2_X4)
     1   12.41    0.01    0.02    0.42 ^ _32255_/ZN (NAND2_X4)
                                         _26141_ (net)
                  0.01    0.00    0.42 ^ _32256_/A (BUF_X16)
    10   33.26    0.01    0.02    0.44 ^ _32256_/Z (BUF_X16)
                                         _26142_ (net)
                  0.01    0.00    0.44 ^ _32259_/A1 (NAND2_X4)
     3   27.61    0.02    0.02    0.46 v _32259_/ZN (NAND2_X4)
                                         _26145_ (net)
                  0.02    0.00    0.46 v _32260_/A (INV_X8)
     4   78.23    0.02    0.04    0.50 ^ _32260_/ZN (INV_X8)
                                         _26146_ (net)
                  0.02    0.00    0.50 ^ _32344_/A (BUF_X32)
    10  252.75    0.02    0.04    0.54 ^ _32344_/Z (BUF_X32)
                                         _26225_ (net)
                  0.02    0.00    0.54 ^ _32472_/A (BUF_X32)
    10   86.75    0.01    0.03    0.57 ^ _32472_/Z (BUF_X32)
                                         _26342_ (net)
                  0.01    0.00    0.57 ^ _32473_/A (BUF_X32)
    10   17.44    0.01    0.02    0.59 ^ _32473_/Z (BUF_X32)
                                         _26343_ (net)
                  0.01    0.00    0.59 ^ _35774_/A1 (NAND2_X1)
     1    1.56    0.01    0.01    0.60 v _35774_/ZN (NAND2_X1)
                                         _29301_ (net)
                  0.01    0.00    0.60 v _35777_/A1 (NAND3_X1)
     2    3.19    0.02    0.02    0.62 ^ _35777_/ZN (NAND3_X1)
                                         _29304_ (net)
                  0.02    0.00    0.62 ^ _46537_/A1 (NAND3_X1)
     1    1.53    0.01    0.02    0.64 v _46537_/ZN (NAND3_X1)
                                         _10742_ (net)
                  0.01    0.00    0.64 v _46538_/A1 (NAND2_X1)
     1    1.71    0.01    0.02    0.65 ^ _46538_/ZN (NAND2_X1)
                                         _10743_ (net)
                  0.01    0.00    0.65 ^ _46540_/A1 (NOR2_X1)
     1    1.53    0.01    0.01    0.66 v _46540_/ZN (NOR2_X1)
                                         _10745_ (net)
                  0.01    0.00    0.66 v _46544_/A1 (NAND2_X1)
     1    2.98    0.01    0.02    0.68 ^ _46544_/ZN (NAND2_X1)
                                         _10749_ (net)
                  0.01    0.00    0.68 ^ _46553_/A1 (NAND3_X2)
     3    9.14    0.02    0.03    0.71 v _46553_/ZN (NAND3_X2)
                                         _10758_ (net)
                  0.02    0.00    0.71 v _46571_/A1 (NAND3_X4)
     4   13.08    0.02    0.03    0.73 ^ _46571_/ZN (NAND3_X4)
                                         _10776_ (net)
                  0.02    0.00    0.73 ^ _46572_/A2 (NAND2_X1)
     1    2.93    0.01    0.02    0.75 v _46572_/ZN (NAND2_X1)
                                         _10777_ (net)
                  0.01    0.00    0.75 v _46576_/A1 (NAND2_X2)
     2    9.45    0.02    0.02    0.77 ^ _46576_/ZN (NAND2_X2)
                                         _10781_ (net)
                  0.02    0.00    0.77 ^ _49949_/A (INV_X2)
     1    3.14    0.01    0.01    0.78 v _49949_/ZN (INV_X2)
                                         _13923_ (net)
                  0.01    0.00    0.78 v _49950_/A2 (NAND2_X2)
     1    3.05    0.01    0.01    0.80 ^ _49950_/ZN (NAND2_X2)
                                         _13924_ (net)
                  0.01    0.00    0.80 ^ _49951_/A1 (NAND2_X2)
     2    7.23    0.01    0.02    0.81 v _49951_/ZN (NAND2_X2)
                                         _13925_ (net)
                  0.01    0.00    0.81 v _49952_/A (INV_X4)
     1    5.95    0.01    0.01    0.83 ^ _49952_/ZN (INV_X4)
                                         _13926_ (net)
                  0.01    0.00    0.83 ^ _49955_/A1 (NAND2_X4)
     3    6.83    0.01    0.01    0.84 v _49955_/ZN (NAND2_X4)
                                         _13929_ (net)
                  0.01    0.00    0.84 v _49957_/A (XNOR2_X2)
     8   25.07    0.07    0.08    0.92 ^ _49957_/ZN (XNOR2_X2)
                                         _13931_ (net)
                  0.07    0.00    0.92 ^ _50596_/A1 (NAND4_X1)
     1    3.18    0.03    0.05    0.97 v _50596_/ZN (NAND4_X1)
                                         _14569_ (net)
                  0.03    0.00    0.97 v _50597_/A2 (NOR2_X2)
     2    4.69    0.02    0.04    1.00 ^ _50597_/ZN (NOR2_X2)
                                         _14570_ (net)
                  0.02    0.00    1.00 ^ _50598_/A1 (NAND2_X2)
     3    4.64    0.01    0.02    1.02 v _50598_/ZN (NAND2_X2)
                                         _14571_ (net)
                  0.01    0.00    1.02 v _50599_/A1 (NAND2_X1)
     1    1.60    0.01    0.01    1.04 ^ _50599_/ZN (NAND2_X1)
                                         _14572_ (net)
                  0.01    0.00    1.04 ^ _50611_/A1 (NAND2_X1)
     1    2.93    0.01    0.02    1.05 v _50611_/ZN (NAND2_X1)
                                         _14584_ (net)
                  0.01    0.00    1.05 v _50616_/A1 (NAND2_X2)
     2    8.18    0.01    0.02    1.07 ^ _50616_/ZN (NAND2_X2)
                                         _14589_ (net)
                  0.01    0.00    1.07 ^ _50617_/A (BUF_X8)
    10   16.14    0.01    0.02    1.10 ^ _50617_/Z (BUF_X8)
                                         _14590_ (net)
                  0.01    0.00    1.10 ^ _50998_/A1 (NAND2_X1)
     2    3.02    0.01    0.01    1.11 v _50998_/ZN (NAND2_X1)
                                         _14968_ (net)
                  0.01    0.00    1.11 v _51000_/A (XNOR2_X1)
     2    2.32    0.01    0.04    1.15 v _51000_/ZN (XNOR2_X1)
                                         _14970_ (net)
                  0.01    0.00    1.15 v _51003_/A1 (OR2_X1)
     2    4.46    0.01    0.05    1.20 v _51003_/ZN (OR2_X1)
                                         _14973_ (net)
                  0.01    0.00    1.20 v _51005_/A1 (NAND2_X2)
     2    5.70    0.01    0.02    1.22 ^ _51005_/ZN (NAND2_X2)
                                         _14975_ (net)
                  0.01    0.00    1.22 ^ _51007_/A (XNOR2_X2)
     2    4.80    0.02    0.04    1.26 ^ _51007_/ZN (XNOR2_X2)
                                         _14977_ (net)
                  0.02    0.00    1.26 ^ _51012_/A1 (NAND2_X2)
     2    4.67    0.01    0.02    1.28 v _51012_/ZN (NAND2_X2)
                                         _14982_ (net)
                  0.01    0.00    1.28 v _51155_/A1 (NAND2_X1)
     2    5.60    0.02    0.02    1.30 ^ _51155_/ZN (NAND2_X1)
                                         _15124_ (net)
                  0.02    0.00    1.30 ^ _51158_/A (XNOR2_X2)
     2    3.18    0.02    0.04    1.34 ^ _51158_/ZN (XNOR2_X2)
                                         _15127_ (net)
                  0.02    0.00    1.34 ^ _51178_/A (XNOR2_X1)
     2    4.92    0.03    0.05    1.39 ^ _51178_/ZN (XNOR2_X1)
                                         _15147_ (net)
                  0.03    0.00    1.39 ^ _51180_/A (INV_X2)
     2    8.54    0.01    0.02    1.41 v _51180_/ZN (INV_X2)
                                         _15149_ (net)
                  0.01    0.00    1.41 v _51181_/A1 (NAND3_X2)
     2    3.25    0.01    0.02    1.43 ^ _51181_/ZN (NAND3_X2)
                                         _15150_ (net)
                  0.01    0.00    1.43 ^ _51183_/A1 (NAND2_X1)
     1    1.53    0.01    0.01    1.44 v _51183_/ZN (NAND2_X1)
                                         _15152_ (net)
                  0.01    0.00    1.44 v _51185_/A1 (NAND2_X1)
     2    4.95    0.02    0.02    1.46 ^ _51185_/ZN (NAND2_X1)
                                         _15154_ (net)
                  0.02    0.00    1.46 ^ _51192_/A2 (NAND3_X2)
     3    4.52    0.01    0.02    1.48 v _51192_/ZN (NAND3_X2)
                                         _15161_ (net)
                  0.01    0.00    1.48 v _51208_/A1 (NAND2_X1)
     2    4.68    0.02    0.02    1.51 ^ _51208_/ZN (NAND2_X1)
                                         _15176_ (net)
                  0.02    0.00    1.51 ^ _51330_/A (INV_X1)
     1    2.93    0.01    0.01    1.52 v _51330_/ZN (INV_X1)
                                         _15298_ (net)
                  0.01    0.00    1.52 v _51332_/A1 (NAND2_X2)
     2    7.90    0.01    0.02    1.54 ^ _51332_/ZN (NAND2_X2)
                                         _15300_ (net)
                  0.01    0.00    1.54 ^ _51333_/A2 (NAND2_X4)
     3   10.70    0.01    0.02    1.56 v _51333_/ZN (NAND2_X4)
                                         _15301_ (net)
                  0.01    0.00    1.56 v _51473_/A1 (NOR2_X2)
     3    6.76    0.02    0.03    1.59 ^ _51473_/ZN (NOR2_X2)
                                         _15439_ (net)
                  0.02    0.00    1.59 ^ _51474_/A1 (AND2_X2)
     1    3.45    0.01    0.03    1.62 ^ _51474_/ZN (AND2_X2)
                                         _15440_ (net)
                  0.01    0.00    1.62 ^ _51475_/A2 (NAND2_X2)
     1    5.70    0.01    0.02    1.64 v _51475_/ZN (NAND2_X2)
                                         _15441_ (net)
                  0.01    0.00    1.64 v _51479_/A1 (NAND2_X4)
     4    8.47    0.01    0.02    1.66 ^ _51479_/ZN (NAND2_X4)
                                         _15445_ (net)
                  0.01    0.00    1.66 ^ _53662_/A1 (NAND3_X1)
     1    5.62    0.02    0.03    1.69 v _53662_/ZN (NAND3_X1)
                                         _17610_ (net)
                  0.02    0.00    1.69 v _53663_/A2 (NAND2_X4)
     2    8.19    0.01    0.02    1.71 ^ _53663_/ZN (NAND2_X4)
                                         _17611_ (net)
                  0.01    0.00    1.71 ^ _53771_/A1 (NAND2_X4)
     1    5.70    0.01    0.01    1.72 v _53771_/ZN (NAND2_X4)
                                         _17717_ (net)
                  0.01    0.00    1.72 v _53774_/A1 (NAND2_X4)
     3    8.34    0.01    0.02    1.74 ^ _53774_/ZN (NAND2_X4)
                                         _17720_ (net)
                  0.01    0.00    1.74 ^ _53924_/A1 (NAND2_X2)
     2    3.09    0.01    0.01    1.75 v _53924_/ZN (NAND2_X2)
                                         _17865_ (net)
                  0.01    0.00    1.75 v _53929_/A1 (NAND2_X1)
     1    1.60    0.01    0.01    1.76 ^ _53929_/ZN (NAND2_X1)
                                         _17870_ (net)
                  0.01    0.00    1.76 ^ _53943_/A1 (NAND2_X1)
     1    1.53    0.01    0.01    1.78 v _53943_/ZN (NAND2_X1)
                                         _17884_ (net)
                  0.01    0.00    1.78 v _53945_/A1 (NAND2_X1)
     1    3.13    0.01    0.02    1.79 ^ _53945_/ZN (NAND2_X1)
                                         _17886_ (net)
                  0.01    0.00    1.79 ^ _53946_/B1 (AOI21_X2)
     1    1.06    0.01    0.01    1.80 v _53946_/ZN (AOI21_X2)
                                         _00549_ (net)
                  0.01    0.00    1.80 v u_pcu.u_mul.s0_exact_product_q[40]$_SDFFE_PN0P_/D (DFF_X1)
                                  1.80   data arrival time

                  0.00    2.00    2.00   clock core_clock (rise edge)
                          0.00    2.00   clock network delay (ideal)
                          0.00    2.00   clock reconvergence pessimism
                                  2.00 ^ u_pcu.u_mul.s0_exact_product_q[40]$_SDFFE_PN0P_/CK (DFF_X1)
                         -0.04    1.96   library setup time
                                  1.96   data required time
-----------------------------------------------------------------------------
                                  1.96   data required time
                                 -1.80   data arrival time
-----------------------------------------------------------------------------
                                  0.15   slack (MET)



==========================================================================
Post synthesis report_checks -unconstrained
--------------------------------------------------------------------------
Startpoint: drain_entry_i[0] (input port clocked by core_clock)
Endpoint: u_pcu.u_mul.s0_exact_product_q[40]$_SDFFE_PN0P_
          (rising edge-triggered flip-flop clocked by core_clock)
Path Group: core_clock
Path Type: max

Fanout     Cap    Slew   Delay    Time   Description
-----------------------------------------------------------------------------
                  0.00    0.00    0.00   clock core_clock (rise edge)
                          0.00    0.00   clock network delay (ideal)
                          0.40    0.40 v input external delay
     1    5.62    0.00    0.00    0.40 v drain_entry_i[0] (in)
                                         drain_entry_i[0] (net)
                  0.00    0.00    0.40 v _32255_/A2 (NAND2_X4)
     1   12.41    0.01    0.02    0.42 ^ _32255_/ZN (NAND2_X4)
                                         _26141_ (net)
                  0.01    0.00    0.42 ^ _32256_/A (BUF_X16)
    10   33.26    0.01    0.02    0.44 ^ _32256_/Z (BUF_X16)
                                         _26142_ (net)
                  0.01    0.00    0.44 ^ _32259_/A1 (NAND2_X4)
     3   27.61    0.02    0.02    0.46 v _32259_/ZN (NAND2_X4)
                                         _26145_ (net)
                  0.02    0.00    0.46 v _32260_/A (INV_X8)
     4   78.23    0.02    0.04    0.50 ^ _32260_/ZN (INV_X8)
                                         _26146_ (net)
                  0.02    0.00    0.50 ^ _32344_/A (BUF_X32)
    10  252.75    0.02    0.04    0.54 ^ _32344_/Z (BUF_X32)
                                         _26225_ (net)
                  0.02    0.00    0.54 ^ _32472_/A (BUF_X32)
    10   86.75    0.01    0.03    0.57 ^ _32472_/Z (BUF_X32)
                                         _26342_ (net)
                  0.01    0.00    0.57 ^ _32473_/A (BUF_X32)
    10   17.44    0.01    0.02    0.59 ^ _32473_/Z (BUF_X32)
                                         _26343_ (net)
                  0.01    0.00    0.59 ^ _35774_/A1 (NAND2_X1)
     1    1.56    0.01    0.01    0.60 v _35774_/ZN (NAND2_X1)
                                         _29301_ (net)
                  0.01    0.00    0.60 v _35777_/A1 (NAND3_X1)
     2    3.19    0.02    0.02    0.62 ^ _35777_/ZN (NAND3_X1)
                                         _29304_ (net)
                  0.02    0.00    0.62 ^ _46537_/A1 (NAND3_X1)
     1    1.53    0.01    0.02    0.64 v _46537_/ZN (NAND3_X1)
                                         _10742_ (net)
                  0.01    0.00    0.64 v _46538_/A1 (NAND2_X1)
     1    1.71    0.01    0.02    0.65 ^ _46538_/ZN (NAND2_X1)
                                         _10743_ (net)
                  0.01    0.00    0.65 ^ _46540_/A1 (NOR2_X1)
     1    1.53    0.01    0.01    0.66 v _46540_/ZN (NOR2_X1)
                                         _10745_ (net)
                  0.01    0.00    0.66 v _46544_/A1 (NAND2_X1)
     1    2.98    0.01    0.02    0.68 ^ _46544_/ZN (NAND2_X1)
                                         _10749_ (net)
                  0.01    0.00    0.68 ^ _46553_/A1 (NAND3_X2)
     3    9.14    0.02    0.03    0.71 v _46553_/ZN (NAND3_X2)
                                         _10758_ (net)
                  0.02    0.00    0.71 v _46571_/A1 (NAND3_X4)
     4   13.08    0.02    0.03    0.73 ^ _46571_/ZN (NAND3_X4)
                                         _10776_ (net)
                  0.02    0.00    0.73 ^ _46572_/A2 (NAND2_X1)
     1    2.93    0.01    0.02    0.75 v _46572_/ZN (NAND2_X1)
                                         _10777_ (net)
                  0.01    0.00    0.75 v _46576_/A1 (NAND2_X2)
     2    9.45    0.02    0.02    0.77 ^ _46576_/ZN (NAND2_X2)
                                         _10781_ (net)
                  0.02    0.00    0.77 ^ _49949_/A (INV_X2)
     1    3.14    0.01    0.01    0.78 v _49949_/ZN (INV_X2)
                                         _13923_ (net)
                  0.01    0.00    0.78 v _49950_/A2 (NAND2_X2)
     1    3.05    0.01    0.01    0.80 ^ _49950_/ZN (NAND2_X2)
                                         _13924_ (net)
                  0.01    0.00    0.80 ^ _49951_/A1 (NAND2_X2)
     2    7.23    0.01    0.02    0.81 v _49951_/ZN (NAND2_X2)
                                         _13925_ (net)
                  0.01    0.00    0.81 v _49952_/A (INV_X4)
     1    5.95    0.01    0.01    0.83 ^ _49952_/ZN (INV_X4)
                                         _13926_ (net)
                  0.01    0.00    0.83 ^ _49955_/A1 (NAND2_X4)
     3    6.83    0.01    0.01    0.84 v _49955_/ZN (NAND2_X4)
                                         _13929_ (net)
                  0.01    0.00    0.84 v _49957_/A (XNOR2_X2)
     8   25.07    0.07    0.08    0.92 ^ _49957_/ZN (XNOR2_X2)
                                         _13931_ (net)
                  0.07    0.00    0.92 ^ _50596_/A1 (NAND4_X1)
     1    3.18    0.03    0.05    0.97 v _50596_/ZN (NAND4_X1)
                                         _14569_ (net)
                  0.03    0.00    0.97 v _50597_/A2 (NOR2_X2)
     2    4.69    0.02    0.04    1.00 ^ _50597_/ZN (NOR2_X2)
                                         _14570_ (net)
                  0.02    0.00    1.00 ^ _50598_/A1 (NAND2_X2)
     3    4.64    0.01    0.02    1.02 v _50598_/ZN (NAND2_X2)
                                         _14571_ (net)
                  0.01    0.00    1.02 v _50599_/A1 (NAND2_X1)
     1    1.60    0.01    0.01    1.04 ^ _50599_/ZN (NAND2_X1)
                                         _14572_ (net)
                  0.01    0.00    1.04 ^ _50611_/A1 (NAND2_X1)
     1    2.93    0.01    0.02    1.05 v _50611_/ZN (NAND2_X1)
                                         _14584_ (net)
                  0.01    0.00    1.05 v _50616_/A1 (NAND2_X2)
     2    8.18    0.01    0.02    1.07 ^ _50616_/ZN (NAND2_X2)
                                         _14589_ (net)
                  0.01    0.00    1.07 ^ _50617_/A (BUF_X8)
    10   16.14    0.01    0.02    1.10 ^ _50617_/Z (BUF_X8)
                                         _14590_ (net)
                  0.01    0.00    1.10 ^ _50998_/A1 (NAND2_X1)
     2    3.02    0.01    0.01    1.11 v _50998_/ZN (NAND2_X1)
                                         _14968_ (net)
                  0.01    0.00    1.11 v _51000_/A (XNOR2_X1)
     2    2.32    0.01    0.04    1.15 v _51000_/ZN (XNOR2_X1)
                                         _14970_ (net)
                  0.01    0.00    1.15 v _51003_/A1 (OR2_X1)
     2    4.46    0.01    0.05    1.20 v _51003_/ZN (OR2_X1)
                                         _14973_ (net)
                  0.01    0.00    1.20 v _51005_/A1 (NAND2_X2)
     2    5.70    0.01    0.02    1.22 ^ _51005_/ZN (NAND2_X2)
                                         _14975_ (net)
                  0.01    0.00    1.22 ^ _51007_/A (XNOR2_X2)
     2    4.80    0.02    0.04    1.26 ^ _51007_/ZN (XNOR2_X2)
                                         _14977_ (net)
                  0.02    0.00    1.26 ^ _51012_/A1 (NAND2_X2)
     2    4.67    0.01    0.02    1.28 v _51012_/ZN (NAND2_X2)
                                         _14982_ (net)
                  0.01    0.00    1.28 v _51155_/A1 (NAND2_X1)
     2    5.60    0.02    0.02    1.30 ^ _51155_/ZN (NAND2_X1)
                                         _15124_ (net)
                  0.02    0.00    1.30 ^ _51158_/A (XNOR2_X2)
     2    3.18    0.02    0.04    1.34 ^ _51158_/ZN (XNOR2_X2)
                                         _15127_ (net)
                  0.02    0.00    1.34 ^ _51178_/A (XNOR2_X1)
     2    4.92    0.03    0.05    1.39 ^ _51178_/ZN (XNOR2_X1)
                                         _15147_ (net)
                  0.03    0.00    1.39 ^ _51180_/A (INV_X2)
     2    8.54    0.01    0.02    1.41 v _51180_/ZN (INV_X2)
                                         _15149_ (net)
                  0.01    0.00    1.41 v _51181_/A1 (NAND3_X2)
     2    3.25    0.01    0.02    1.43 ^ _51181_/ZN (NAND3_X2)
                                         _15150_ (net)
                  0.01    0.00    1.43 ^ _51183_/A1 (NAND2_X1)
     1    1.53    0.01    0.01    1.44 v _51183_/ZN (NAND2_X1)
                                         _15152_ (net)
                  0.01    0.00    1.44 v _51185_/A1 (NAND2_X1)
     2    4.95    0.02    0.02    1.46 ^ _51185_/ZN (NAND2_X1)
                                         _15154_ (net)
                  0.02    0.00    1.46 ^ _51192_/A2 (NAND3_X2)
     3    4.52    0.01    0.02    1.48 v _51192_/ZN (NAND3_X2)
                                         _15161_ (net)
                  0.01    0.00    1.48 v _51208_/A1 (NAND2_X1)
     2    4.68    0.02    0.02    1.51 ^ _51208_/ZN (NAND2_X1)
                                         _15176_ (net)
                  0.02    0.00    1.51 ^ _51330_/A (INV_X1)
     1    2.93    0.01    0.01    1.52 v _51330_/ZN (INV_X1)
                                         _15298_ (net)
                  0.01    0.00    1.52 v _51332_/A1 (NAND2_X2)
     2    7.90    0.01    0.02    1.54 ^ _51332_/ZN (NAND2_X2)
                                         _15300_ (net)
                  0.01    0.00    1.54 ^ _51333_/A2 (NAND2_X4)
     3   10.70    0.01    0.02    1.56 v _51333_/ZN (NAND2_X4)
                                         _15301_ (net)
                  0.01    0.00    1.56 v _51473_/A1 (NOR2_X2)
     3    6.76    0.02    0.03    1.59 ^ _51473_/ZN (NOR2_X2)
                                         _15439_ (net)
                  0.02    0.00    1.59 ^ _51474_/A1 (AND2_X2)
     1    3.45    0.01    0.03    1.62 ^ _51474_/ZN (AND2_X2)
                                         _15440_ (net)
                  0.01    0.00    1.62 ^ _51475_/A2 (NAND2_X2)
     1    5.70    0.01    0.02    1.64 v _51475_/ZN (NAND2_X2)
                                         _15441_ (net)
                  0.01    0.00    1.64 v _51479_/A1 (NAND2_X4)
     4    8.47    0.01    0.02    1.66 ^ _51479_/ZN (NAND2_X4)
                                         _15445_ (net)
                  0.01    0.00    1.66 ^ _53662_/A1 (NAND3_X1)
     1    5.62    0.02    0.03    1.69 v _53662_/ZN (NAND3_X1)
                                         _17610_ (net)
                  0.02    0.00    1.69 v _53663_/A2 (NAND2_X4)
     2    8.19    0.01    0.02    1.71 ^ _53663_/ZN (NAND2_X4)
                                         _17611_ (net)
                  0.01    0.00    1.71 ^ _53771_/A1 (NAND2_X4)
     1    5.70    0.01    0.01    1.72 v _53771_/ZN (NAND2_X4)
                                         _17717_ (net)
                  0.01    0.00    1.72 v _53774_/A1 (NAND2_X4)
     3    8.34    0.01    0.02    1.74 ^ _53774_/ZN (NAND2_X4)
                                         _17720_ (net)
                  0.01    0.00    1.74 ^ _53924_/A1 (NAND2_X2)
     2    3.09    0.01    0.01    1.75 v _53924_/ZN (NAND2_X2)
                                         _17865_ (net)
                  0.01    0.00    1.75 v _53929_/A1 (NAND2_X1)
     1    1.60    0.01    0.01    1.76 ^ _53929_/ZN (NAND2_X1)
                                         _17870_ (net)
                  0.01    0.00    1.76 ^ _53943_/A1 (NAND2_X1)
     1    1.53    0.01    0.01    1.78 v _53943_/ZN (NAND2_X1)
                                         _17884_ (net)
                  0.01    0.00    1.78 v _53945_/A1 (NAND2_X1)
     1    3.13    0.01    0.02    1.79 ^ _53945_/ZN (NAND2_X1)
                                         _17886_ (net)
                  0.01    0.00    1.79 ^ _53946_/B1 (AOI21_X2)
     1    1.06    0.01    0.01    1.80 v _53946_/ZN (AOI21_X2)
                                         _00549_ (net)
                  0.01    0.00    1.80 v u_pcu.u_mul.s0_exact_product_q[40]$_SDFFE_PN0P_/D (DFF_X1)
                                  1.80   data arrival time

                  0.00    2.00    2.00   clock core_clock (rise edge)
                          0.00    2.00   clock network delay (ideal)
                          0.00    2.00   clock reconvergence pessimism
                                  2.00 ^ u_pcu.u_mul.s0_exact_product_q[40]$_SDFFE_PN0P_/CK (DFF_X1)
                         -0.04    1.96   library setup time
                                  1.96   data required time
-----------------------------------------------------------------------------
                                  1.96   data required time
                                 -1.80   data arrival time
-----------------------------------------------------------------------------
                                  0.15   slack (MET)



==========================================================================
Post synthesis report_power
--------------------------------------------------------------------------
Group                  Internal  Switching    Leakage      Total
                          Power      Power      Power      Power (Watts)
----------------------------------------------------------------
Sequential             8.33e-03   4.11e-04   1.74e-04   8.92e-03  18.6%
Combinational          1.86e-02   1.97e-02   7.66e-04   3.91e-02  81.4%
Clock                  0.00e+00   0.00e+00   0.00e+00   0.00e+00   0.0%
Macro                  0.00e+00   0.00e+00   0.00e+00   0.00e+00   0.0%
Pad                    0.00e+00   0.00e+00   0.00e+00   0.00e+00   0.0%
----------------------------------------------------------------
Total                  2.69e-02   2.01e-02   9.39e-04   4.80e-02 100.0%
                          56.1%      41.9%       2.0%
