
==========================================================================
Post synthesis report_tns
--------------------------------------------------------------------------
tns 0.00

==========================================================================
Post synthesis report_wns
--------------------------------------------------------------------------
wns 0.00

==========================================================================
Post synthesis report_worst_slack
--------------------------------------------------------------------------
worst slack 0.02

==========================================================================
Post synthesis report_checks -path_delay min
--------------------------------------------------------------------------
Startpoint: g_lane[0].u_mac.s0_act_q[15]$_SDFF_PN0_
            (rising edge-triggered flip-flop clocked by core_clock)
Endpoint: g_lane[0].u_mac.s1_product_q[15]$_SDFF_PN0_
          (rising edge-triggered flip-flop clocked by core_clock)
Path Group: core_clock
Path Type: min

Fanout     Cap    Slew   Delay    Time   Description
-----------------------------------------------------------------------------
                  0.00    0.00    0.00   clock core_clock (rise edge)
                          0.00    0.00   clock network delay (ideal)
                  0.00    0.00    0.00 ^ g_lane[0].u_mac.s0_act_q[15]$_SDFF_PN0_/CK (DFF_X1)
     2    3.01    0.01    0.08    0.08 v g_lane[0].u_mac.s0_act_q[15]$_SDFF_PN0_/Q (DFF_X1)
                                         g_lane[0].u_mac.s0_act_q[15] (net)
                  0.01    0.00    0.08 v _103895_/B1 (AOI21_X1)
     1    1.14    0.01    0.02    0.10 ^ _103895_/ZN (AOI21_X1)
                                         _000947_ (net)
                  0.01    0.00    0.10 ^ g_lane[0].u_mac.s1_product_q[15]$_SDFF_PN0_/D (DFF_X1)
                                  0.10   data arrival time

                  0.00    0.00    0.00   clock core_clock (rise edge)
                          0.00    0.00   clock network delay (ideal)
                          0.00    0.00   clock reconvergence pessimism
                                  0.00 ^ g_lane[0].u_mac.s1_product_q[15]$_SDFF_PN0_/CK (DFF_X1)
                          0.01    0.01   library hold time
                                  0.01   data required time
-----------------------------------------------------------------------------
                                  0.01   data required time
                                 -0.10   data arrival time
-----------------------------------------------------------------------------
                                  0.10   slack (MET)



==========================================================================
Post synthesis report_checks -path_delay max
--------------------------------------------------------------------------
Startpoint: g_lane[25].u_mac.s2_widened_q[28]$_SDFF_PN0_
            (rising edge-triggered flip-flop clocked by core_clock)
Endpoint: g_lane[25].u_mac.acc_q[12]$_SDFFE_PN0P_
          (rising edge-triggered flip-flop clocked by core_clock)
Path Group: core_clock
Path Type: max

Fanout     Cap    Slew   Delay    Time   Description
-----------------------------------------------------------------------------
                  0.00    0.00    0.00   clock core_clock (rise edge)
                          0.00    0.00   clock network delay (ideal)
                  0.00    0.00    0.00 ^ g_lane[25].u_mac.s2_widened_q[28]$_SDFF_PN0_/CK (DFF_X1)
     1    3.40    0.01    0.09    0.09 ^ g_lane[25].u_mac.s2_widened_q[28]$_SDFF_PN0_/Q (DFF_X1)
                                         g_lane[25].u_mac.s2_widened_q[28] (net)
                  0.01    0.00    0.09 ^ _140455_/A (BUF_X4)
     4    9.75    0.01    0.02    0.11 ^ _140455_/Z (BUF_X4)
                                         _050824_ (net)
                  0.01    0.00    0.11 ^ _140457_/A (INV_X2)
     3    4.48    0.00    0.01    0.12 v _140457_/ZN (INV_X2)
                                         _050826_ (net)
                  0.00    0.00    0.12 v _140458_/A1 (NAND2_X1)
     2    5.13    0.02    0.02    0.14 ^ _140458_/ZN (NAND2_X1)
                                         _050827_ (net)
                  0.02    0.00    0.14 ^ _140459_/A2 (NAND2_X2)
     4   10.14    0.01    0.02    0.16 v _140459_/ZN (NAND2_X2)
                                         _050828_ (net)
                  0.01    0.00    0.16 v _140465_/A1 (NOR2_X2)
     3    6.74    0.02    0.03    0.20 ^ _140465_/ZN (NOR2_X2)
                                         _050834_ (net)
                  0.02    0.00    0.20 ^ _140466_/A2 (NAND2_X2)
     2   11.47    0.01    0.03    0.22 v _140466_/ZN (NAND2_X2)
                                         _050835_ (net)
                  0.01    0.00    0.22 v _140487_/A1 (NOR4_X4)
     1    2.98    0.03    0.04    0.26 ^ _140487_/ZN (NOR4_X4)
                                         _050856_ (net)
                  0.03    0.00    0.26 ^ _140516_/A1 (NAND3_X2)
     3    8.82    0.02    0.03    0.30 v _140516_/ZN (NAND3_X2)
                                         _050885_ (net)
                  0.02    0.00    0.30 v _140530_/A1 (NAND2_X4)
     3   14.44    0.01    0.02    0.32 ^ _140530_/ZN (NAND2_X4)
                                         _050899_ (net)
                  0.01    0.00    0.32 ^ _140533_/A (BUF_X8)
    10   55.48    0.02    0.04    0.36 ^ _140533_/Z (BUF_X8)
                                         _050902_ (net)
                  0.02    0.00    0.36 ^ _140547_/A1 (NAND2_X4)
     1    5.70    0.01    0.01    0.37 v _140547_/ZN (NAND2_X4)
                                         _050916_ (net)
                  0.01    0.00    0.37 v _140550_/A1 (NAND2_X4)
     3    9.21    0.01    0.02    0.39 ^ _140550_/ZN (NAND2_X4)
                                         _050919_ (net)
                  0.01    0.00    0.39 ^ _140570_/A1 (NAND2_X4)
     2    3.06    0.01    0.01    0.40 v _140570_/ZN (NAND2_X4)
                                         _050939_ (net)
                  0.01    0.00    0.40 v _140572_/A1 (NAND2_X1)
     2    6.03    0.02    0.02    0.42 ^ _140572_/ZN (NAND2_X1)
                                         _050941_ (net)
                  0.02    0.00    0.42 ^ _140574_/A1 (NAND2_X2)
     3    6.02    0.01    0.02    0.44 v _140574_/ZN (NAND2_X2)
                                         _050943_ (net)
                  0.01    0.00    0.44 v _140575_/A1 (NAND2_X2)
     1    5.95    0.01    0.02    0.46 ^ _140575_/ZN (NAND2_X2)
                                         _050944_ (net)
                  0.01    0.00    0.46 ^ _140577_/A1 (NAND2_X4)
     4   16.86    0.01    0.02    0.48 v _140577_/ZN (NAND2_X4)
                                         _050946_ (net)
                  0.01    0.00    0.48 v _140614_/A (BUF_X4)
    10   22.66    0.01    0.03    0.51 v _140614_/Z (BUF_X4)
                                         _050983_ (net)
                  0.01    0.00    0.51 v _140696_/A (BUF_X8)
    10   14.40    0.01    0.03    0.54 v _140696_/Z (BUF_X8)
                                         _051065_ (net)
                  0.01    0.00    0.54 v _140978_/A2 (OR2_X1)
     1    5.62    0.01    0.06    0.59 v _140978_/ZN (OR2_X1)
                                         _051347_ (net)
                  0.01    0.00    0.59 v _140981_/A (OAI21_X4)
     2    7.95    0.02    0.02    0.62 ^ _140981_/ZN (OAI21_X4)
                                         _051350_ (net)
                  0.02    0.00    0.62 ^ _140982_/A1 (NAND2_X1)
     2    4.87    0.01    0.02    0.64 v _140982_/ZN (NAND2_X1)
                                         _051351_ (net)
                  0.01    0.00    0.64 v _140983_/B2 (OAI21_X2)
     2    7.55    0.03    0.04    0.68 ^ _140983_/ZN (OAI21_X2)
                                         _051352_ (net)
                  0.03    0.00    0.68 ^ _140984_/A1 (NAND2_X4)
     2    9.50    0.01    0.02    0.70 v _140984_/ZN (NAND2_X4)
                                         _051353_ (net)
                  0.01    0.00    0.70 v _140987_/A (XNOR2_X2)
     3    5.77    0.02    0.04    0.74 v _140987_/ZN (XNOR2_X2)
                                         _051356_ (net)
                  0.02    0.00    0.74 v _141047_/A (INV_X1)
     3    6.38    0.02    0.03    0.77 ^ _141047_/ZN (INV_X1)
                                         _051416_ (net)
                  0.02    0.00    0.77 ^ _141051_/A1 (NAND2_X2)
     2    3.10    0.01    0.01    0.79 v _141051_/ZN (NAND2_X2)
                                         _051420_ (net)
                  0.01    0.00    0.79 v _141165_/A3 (NOR3_X1)
     2    3.19    0.04    0.06    0.85 ^ _141165_/ZN (NOR3_X1)
                                         _051534_ (net)
                  0.04    0.00    0.85 ^ _141166_/A1 (NAND2_X1)
     1    3.14    0.01    0.02    0.87 v _141166_/ZN (NAND2_X1)
                                         _051535_ (net)
                  0.01    0.00    0.87 v _141167_/A2 (NAND2_X2)
     2    5.29    0.01    0.02    0.89 ^ _141167_/ZN (NAND2_X2)
                                         _051536_ (net)
                  0.01    0.00    0.89 ^ _141203_/A1 (NAND2_X2)
     1    2.93    0.01    0.01    0.91 v _141203_/ZN (NAND2_X2)
                                         _051572_ (net)
                  0.01    0.00    0.91 v _141205_/A1 (NAND2_X2)
     2    5.48    0.01    0.02    0.92 ^ _141205_/ZN (NAND2_X2)
                                         _051574_ (net)
                  0.01    0.00    0.92 ^ _141234_/A (INV_X2)
     2    5.40    0.01    0.01    0.93 v _141234_/ZN (INV_X2)
                                         _051603_ (net)
                  0.01    0.00    0.93 v _141238_/B1 (OAI21_X2)
     1    4.00    0.02    0.03    0.96 ^ _141238_/ZN (OAI21_X2)
                                         _051607_ (net)
                  0.02    0.00    0.96 ^ _141249_/A (XNOR2_X2)
     3    5.03    0.02    0.04    1.00 ^ _141249_/ZN (XNOR2_X2)
                                         _051618_ (net)
                  0.02    0.00    1.00 ^ _141539_/A (INV_X1)
     3    5.70    0.01    0.02    1.02 v _141539_/ZN (INV_X1)
                                         _051908_ (net)
                  0.01    0.00    1.02 v _141540_/A1 (NOR2_X2)
     2    3.32    0.02    0.02    1.04 ^ _141540_/ZN (NOR2_X2)
                                         _051909_ (net)
                  0.02    0.00    1.04 ^ _141565_/A1 (AND2_X2)
     3    6.73    0.01    0.04    1.08 ^ _141565_/ZN (AND2_X2)
                                         _051934_ (net)
                  0.01    0.00    1.08 ^ _141612_/A2 (NAND2_X2)
     1    6.34    0.01    0.02    1.10 v _141612_/ZN (NAND2_X2)
                                         _051981_ (net)
                  0.01    0.00    1.10 v _141613_/A2 (NOR2_X4)
     1    6.20    0.01    0.03    1.12 ^ _141613_/ZN (NOR2_X4)
                                         _051982_ (net)
                  0.01    0.00    1.12 ^ _141614_/A2 (NAND2_X4)
     3    8.56    0.01    0.02    1.14 v _141614_/ZN (NAND2_X4)
                                         _051983_ (net)
                  0.01    0.00    1.14 v _141619_/A (INV_X4)
     3   10.11    0.01    0.01    1.16 ^ _141619_/ZN (INV_X4)
                                         _051988_ (net)
                  0.01    0.00    1.16 ^ _141620_/A1 (NOR2_X4)
     1    3.18    0.01    0.01    1.16 v _141620_/ZN (NOR2_X4)
                                         _051989_ (net)
                  0.01    0.00    1.16 v _141621_/A2 (NOR2_X2)
     2    4.13    0.02    0.03    1.19 ^ _141621_/ZN (NOR2_X2)
                                         _051990_ (net)
                  0.02    0.00    1.19 ^ _141622_/A (INV_X2)
     1    6.34    0.01    0.01    1.21 v _141622_/ZN (INV_X2)
                                         _051991_ (net)
                  0.01    0.00    1.21 v _141623_/A2 (NOR2_X4)
     2    4.86    0.01    0.02    1.23 ^ _141623_/ZN (NOR2_X4)
                                         _051992_ (net)
                  0.01    0.00    1.23 ^ _141631_/A1 (AND2_X4)
     1    3.56    0.01    0.03    1.26 ^ _141631_/ZN (AND2_X4)
                                         _052000_ (net)
                  0.01    0.00    1.26 ^ _141632_/A3 (NAND3_X2)
     3   11.81    0.02    0.03    1.29 v _141632_/ZN (NAND3_X2)
                                         _052001_ (net)
                  0.02    0.00    1.29 v _141633_/A2 (NAND2_X4)
     6   24.42    0.02    0.03    1.33 ^ _141633_/ZN (NAND2_X4)
                                         _052002_ (net)
                  0.02    0.00    1.33 ^ _141639_/A1 (NAND2_X4)
     4   10.38    0.01    0.02    1.34 v _141639_/ZN (NAND2_X4)
                                         _052008_ (net)
                  0.01    0.00    1.34 v _141641_/A1 (NAND2_X4)
    10   26.86    0.02    0.03    1.37 ^ _141641_/ZN (NAND2_X4)
                                         _052010_ (net)
                  0.02    0.00    1.37 ^ _141688_/A1 (NAND2_X2)
     1    2.93    0.01    0.02    1.39 v _141688_/ZN (NAND2_X2)
                                         _052057_ (net)
                  0.01    0.00    1.39 v _141691_/A1 (NAND2_X2)
     3    6.24    0.01    0.02    1.40 ^ _141691_/ZN (NAND2_X2)
                                         _052060_ (net)
                  0.01    0.00    1.40 ^ _141692_/A1 (NAND3_X1)
     2    2.32    0.01    0.02    1.42 v _141692_/ZN (NAND3_X1)
                                         _052061_ (net)
                  0.01    0.00    1.42 v _142071_/A1 (OR2_X1)
     2    4.23    0.01    0.05    1.48 v _142071_/ZN (OR2_X1)
                                         _052440_ (net)
                  0.01    0.00    1.48 v _142147_/B1 (OAI21_X2)
     3    6.78    0.03    0.04    1.51 ^ _142147_/ZN (OAI21_X2)
                                         _052516_ (net)
                  0.03    0.00    1.51 ^ _142148_/A2 (NAND2_X2)
     2    7.83    0.01    0.02    1.54 v _142148_/ZN (NAND2_X2)
                                         _052517_ (net)
                  0.01    0.00    1.54 v _142149_/A (INV_X4)
     2    7.61    0.01    0.02    1.55 ^ _142149_/ZN (INV_X4)
                                         _052518_ (net)
                  0.01    0.00    1.55 ^ _142155_/A1 (NAND2_X4)
     3    9.18    0.01    0.01    1.56 v _142155_/ZN (NAND2_X4)
                                         _052524_ (net)
                  0.01    0.00    1.56 v _142168_/A1 (NOR2_X4)
     4   11.53    0.02    0.03    1.60 ^ _142168_/ZN (NOR2_X4)
                                         _052537_ (net)
                  0.02    0.00    1.60 ^ _142182_/A1 (NAND2_X4)
     5   13.48    0.01    0.02    1.62 v _142182_/ZN (NAND2_X4)
                                         _052551_ (net)
                  0.01    0.00    1.62 v _142193_/A1 (NOR2_X4)
    10   18.36    0.03    0.04    1.65 ^ _142193_/ZN (NOR2_X4)
                                         _052562_ (net)
                  0.03    0.00    1.65 ^ _142194_/A3 (NAND3_X2)
    10   18.14    0.03    0.05    1.70 v _142194_/ZN (NAND3_X2)
                                         _052563_ (net)
                  0.03    0.00    1.70 v _142263_/A (INV_X2)
     2    4.72    0.01    0.02    1.73 ^ _142263_/ZN (INV_X2)
                                         _052632_ (net)
                  0.01    0.00    1.73 ^ _142319_/A1 (NAND2_X2)
     1    2.93    0.01    0.01    1.74 v _142319_/ZN (NAND2_X2)
                                         _052688_ (net)
                  0.01    0.00    1.74 v _142321_/A1 (NAND2_X2)
     2    4.93    0.01    0.02    1.75 ^ _142321_/ZN (NAND2_X2)
                                         _052690_ (net)
                  0.01    0.00    1.75 ^ _142322_/A (INV_X2)
     1    1.56    0.00    0.01    1.76 v _142322_/ZN (INV_X2)
                                         _052691_ (net)
                  0.00    0.00    1.76 v _142323_/A2 (NOR2_X1)
     1    5.95    0.04    0.05    1.81 ^ _142323_/ZN (NOR2_X1)
                                         _052692_ (net)
                  0.04    0.00    1.81 ^ _142364_/A1 (NAND2_X4)
     8   13.97    0.01    0.02    1.83 v _142364_/ZN (NAND2_X4)
                                         _052733_ (net)
                  0.01    0.00    1.83 v _142403_/A1 (AND2_X4)
     1    5.81    0.01    0.03    1.86 v _142403_/ZN (AND2_X4)
                                         _052772_ (net)
                  0.01    0.00    1.86 v _142404_/A (BUF_X8)
     7   15.18    0.01    0.02    1.89 v _142404_/Z (BUF_X8)
                                         _052773_ (net)
                  0.01    0.00    1.89 v _142405_/A (BUF_X8)
    10   32.51    0.01    0.03    1.91 v _142405_/Z (BUF_X8)
                                         _052774_ (net)
                  0.01    0.00    1.91 v _142472_/A1 (NAND3_X2)
     1    3.13    0.01    0.02    1.93 ^ _142472_/ZN (NAND3_X2)
                                         _052838_ (net)
                  0.01    0.00    1.93 ^ _142474_/B1 (AOI21_X2)
     1    1.06    0.01    0.01    1.94 v _142474_/ZN (AOI21_X2)
                                         _002334_ (net)
                  0.01    0.00    1.94 v g_lane[25].u_mac.acc_q[12]$_SDFFE_PN0P_/D (DFF_X1)
                                  1.94   data arrival time

                  0.00    2.00    2.00   clock core_clock (rise edge)
                          0.00    2.00   clock network delay (ideal)
                          0.00    2.00   clock reconvergence pessimism
                                  2.00 ^ g_lane[25].u_mac.acc_q[12]$_SDFFE_PN0P_/CK (DFF_X1)
                         -0.04    1.96   library setup time
                                  1.96   data required time
-----------------------------------------------------------------------------
                                  1.96   data required time
                                 -1.94   data arrival time
-----------------------------------------------------------------------------
                                  0.02   slack (MET)



==========================================================================
Post synthesis report_checks -unconstrained
--------------------------------------------------------------------------
Startpoint: g_lane[25].u_mac.s2_widened_q[28]$_SDFF_PN0_
            (rising edge-triggered flip-flop clocked by core_clock)
Endpoint: g_lane[25].u_mac.acc_q[12]$_SDFFE_PN0P_
          (rising edge-triggered flip-flop clocked by core_clock)
Path Group: core_clock
Path Type: max

Fanout     Cap    Slew   Delay    Time   Description
-----------------------------------------------------------------------------
                  0.00    0.00    0.00   clock core_clock (rise edge)
                          0.00    0.00   clock network delay (ideal)
                  0.00    0.00    0.00 ^ g_lane[25].u_mac.s2_widened_q[28]$_SDFF_PN0_/CK (DFF_X1)
     1    3.40    0.01    0.09    0.09 ^ g_lane[25].u_mac.s2_widened_q[28]$_SDFF_PN0_/Q (DFF_X1)
                                         g_lane[25].u_mac.s2_widened_q[28] (net)
                  0.01    0.00    0.09 ^ _140455_/A (BUF_X4)
     4    9.75    0.01    0.02    0.11 ^ _140455_/Z (BUF_X4)
                                         _050824_ (net)
                  0.01    0.00    0.11 ^ _140457_/A (INV_X2)
     3    4.48    0.00    0.01    0.12 v _140457_/ZN (INV_X2)
                                         _050826_ (net)
                  0.00    0.00    0.12 v _140458_/A1 (NAND2_X1)
     2    5.13    0.02    0.02    0.14 ^ _140458_/ZN (NAND2_X1)
                                         _050827_ (net)
                  0.02    0.00    0.14 ^ _140459_/A2 (NAND2_X2)
     4   10.14    0.01    0.02    0.16 v _140459_/ZN (NAND2_X2)
                                         _050828_ (net)
                  0.01    0.00    0.16 v _140465_/A1 (NOR2_X2)
     3    6.74    0.02    0.03    0.20 ^ _140465_/ZN (NOR2_X2)
                                         _050834_ (net)
                  0.02    0.00    0.20 ^ _140466_/A2 (NAND2_X2)
     2   11.47    0.01    0.03    0.22 v _140466_/ZN (NAND2_X2)
                                         _050835_ (net)
                  0.01    0.00    0.22 v _140487_/A1 (NOR4_X4)
     1    2.98    0.03    0.04    0.26 ^ _140487_/ZN (NOR4_X4)
                                         _050856_ (net)
                  0.03    0.00    0.26 ^ _140516_/A1 (NAND3_X2)
     3    8.82    0.02    0.03    0.30 v _140516_/ZN (NAND3_X2)
                                         _050885_ (net)
                  0.02    0.00    0.30 v _140530_/A1 (NAND2_X4)
     3   14.44    0.01    0.02    0.32 ^ _140530_/ZN (NAND2_X4)
                                         _050899_ (net)
                  0.01    0.00    0.32 ^ _140533_/A (BUF_X8)
    10   55.48    0.02    0.04    0.36 ^ _140533_/Z (BUF_X8)
                                         _050902_ (net)
                  0.02    0.00    0.36 ^ _140547_/A1 (NAND2_X4)
     1    5.70    0.01    0.01    0.37 v _140547_/ZN (NAND2_X4)
                                         _050916_ (net)
                  0.01    0.00    0.37 v _140550_/A1 (NAND2_X4)
     3    9.21    0.01    0.02    0.39 ^ _140550_/ZN (NAND2_X4)
                                         _050919_ (net)
                  0.01    0.00    0.39 ^ _140570_/A1 (NAND2_X4)
     2    3.06    0.01    0.01    0.40 v _140570_/ZN (NAND2_X4)
                                         _050939_ (net)
                  0.01    0.00    0.40 v _140572_/A1 (NAND2_X1)
     2    6.03    0.02    0.02    0.42 ^ _140572_/ZN (NAND2_X1)
                                         _050941_ (net)
                  0.02    0.00    0.42 ^ _140574_/A1 (NAND2_X2)
     3    6.02    0.01    0.02    0.44 v _140574_/ZN (NAND2_X2)
                                         _050943_ (net)
                  0.01    0.00    0.44 v _140575_/A1 (NAND2_X2)
     1    5.95    0.01    0.02    0.46 ^ _140575_/ZN (NAND2_X2)
                                         _050944_ (net)
                  0.01    0.00    0.46 ^ _140577_/A1 (NAND2_X4)
     4   16.86    0.01    0.02    0.48 v _140577_/ZN (NAND2_X4)
                                         _050946_ (net)
                  0.01    0.00    0.48 v _140614_/A (BUF_X4)
    10   22.66    0.01    0.03    0.51 v _140614_/Z (BUF_X4)
                                         _050983_ (net)
                  0.01    0.00    0.51 v _140696_/A (BUF_X8)
    10   14.40    0.01    0.03    0.54 v _140696_/Z (BUF_X8)
                                         _051065_ (net)
                  0.01    0.00    0.54 v _140978_/A2 (OR2_X1)
     1    5.62    0.01    0.06    0.59 v _140978_/ZN (OR2_X1)
                                         _051347_ (net)
                  0.01    0.00    0.59 v _140981_/A (OAI21_X4)
     2    7.95    0.02    0.02    0.62 ^ _140981_/ZN (OAI21_X4)
                                         _051350_ (net)
                  0.02    0.00    0.62 ^ _140982_/A1 (NAND2_X1)
     2    4.87    0.01    0.02    0.64 v _140982_/ZN (NAND2_X1)
                                         _051351_ (net)
                  0.01    0.00    0.64 v _140983_/B2 (OAI21_X2)
     2    7.55    0.03    0.04    0.68 ^ _140983_/ZN (OAI21_X2)
                                         _051352_ (net)
                  0.03    0.00    0.68 ^ _140984_/A1 (NAND2_X4)
     2    9.50    0.01    0.02    0.70 v _140984_/ZN (NAND2_X4)
                                         _051353_ (net)
                  0.01    0.00    0.70 v _140987_/A (XNOR2_X2)
     3    5.77    0.02    0.04    0.74 v _140987_/ZN (XNOR2_X2)
                                         _051356_ (net)
                  0.02    0.00    0.74 v _141047_/A (INV_X1)
     3    6.38    0.02    0.03    0.77 ^ _141047_/ZN (INV_X1)
                                         _051416_ (net)
                  0.02    0.00    0.77 ^ _141051_/A1 (NAND2_X2)
     2    3.10    0.01    0.01    0.79 v _141051_/ZN (NAND2_X2)
                                         _051420_ (net)
                  0.01    0.00    0.79 v _141165_/A3 (NOR3_X1)
     2    3.19    0.04    0.06    0.85 ^ _141165_/ZN (NOR3_X1)
                                         _051534_ (net)
                  0.04    0.00    0.85 ^ _141166_/A1 (NAND2_X1)
     1    3.14    0.01    0.02    0.87 v _141166_/ZN (NAND2_X1)
                                         _051535_ (net)
                  0.01    0.00    0.87 v _141167_/A2 (NAND2_X2)
     2    5.29    0.01    0.02    0.89 ^ _141167_/ZN (NAND2_X2)
                                         _051536_ (net)
                  0.01    0.00    0.89 ^ _141203_/A1 (NAND2_X2)
     1    2.93    0.01    0.01    0.91 v _141203_/ZN (NAND2_X2)
                                         _051572_ (net)
                  0.01    0.00    0.91 v _141205_/A1 (NAND2_X2)
     2    5.48    0.01    0.02    0.92 ^ _141205_/ZN (NAND2_X2)
                                         _051574_ (net)
                  0.01    0.00    0.92 ^ _141234_/A (INV_X2)
     2    5.40    0.01    0.01    0.93 v _141234_/ZN (INV_X2)
                                         _051603_ (net)
                  0.01    0.00    0.93 v _141238_/B1 (OAI21_X2)
     1    4.00    0.02    0.03    0.96 ^ _141238_/ZN (OAI21_X2)
                                         _051607_ (net)
                  0.02    0.00    0.96 ^ _141249_/A (XNOR2_X2)
     3    5.03    0.02    0.04    1.00 ^ _141249_/ZN (XNOR2_X2)
                                         _051618_ (net)
                  0.02    0.00    1.00 ^ _141539_/A (INV_X1)
     3    5.70    0.01    0.02    1.02 v _141539_/ZN (INV_X1)
                                         _051908_ (net)
                  0.01    0.00    1.02 v _141540_/A1 (NOR2_X2)
     2    3.32    0.02    0.02    1.04 ^ _141540_/ZN (NOR2_X2)
                                         _051909_ (net)
                  0.02    0.00    1.04 ^ _141565_/A1 (AND2_X2)
     3    6.73    0.01    0.04    1.08 ^ _141565_/ZN (AND2_X2)
                                         _051934_ (net)
                  0.01    0.00    1.08 ^ _141612_/A2 (NAND2_X2)
     1    6.34    0.01    0.02    1.10 v _141612_/ZN (NAND2_X2)
                                         _051981_ (net)
                  0.01    0.00    1.10 v _141613_/A2 (NOR2_X4)
     1    6.20    0.01    0.03    1.12 ^ _141613_/ZN (NOR2_X4)
                                         _051982_ (net)
                  0.01    0.00    1.12 ^ _141614_/A2 (NAND2_X4)
     3    8.56    0.01    0.02    1.14 v _141614_/ZN (NAND2_X4)
                                         _051983_ (net)
                  0.01    0.00    1.14 v _141619_/A (INV_X4)
     3   10.11    0.01    0.01    1.16 ^ _141619_/ZN (INV_X4)
                                         _051988_ (net)
                  0.01    0.00    1.16 ^ _141620_/A1 (NOR2_X4)
     1    3.18    0.01    0.01    1.16 v _141620_/ZN (NOR2_X4)
                                         _051989_ (net)
                  0.01    0.00    1.16 v _141621_/A2 (NOR2_X2)
     2    4.13    0.02    0.03    1.19 ^ _141621_/ZN (NOR2_X2)
                                         _051990_ (net)
                  0.02    0.00    1.19 ^ _141622_/A (INV_X2)
     1    6.34    0.01    0.01    1.21 v _141622_/ZN (INV_X2)
                                         _051991_ (net)
                  0.01    0.00    1.21 v _141623_/A2 (NOR2_X4)
     2    4.86    0.01    0.02    1.23 ^ _141623_/ZN (NOR2_X4)
                                         _051992_ (net)
                  0.01    0.00    1.23 ^ _141631_/A1 (AND2_X4)
     1    3.56    0.01    0.03    1.26 ^ _141631_/ZN (AND2_X4)
                                         _052000_ (net)
                  0.01    0.00    1.26 ^ _141632_/A3 (NAND3_X2)
     3   11.81    0.02    0.03    1.29 v _141632_/ZN (NAND3_X2)
                                         _052001_ (net)
                  0.02    0.00    1.29 v _141633_/A2 (NAND2_X4)
     6   24.42    0.02    0.03    1.33 ^ _141633_/ZN (NAND2_X4)
                                         _052002_ (net)
                  0.02    0.00    1.33 ^ _141639_/A1 (NAND2_X4)
     4   10.38    0.01    0.02    1.34 v _141639_/ZN (NAND2_X4)
                                         _052008_ (net)
                  0.01    0.00    1.34 v _141641_/A1 (NAND2_X4)
    10   26.86    0.02    0.03    1.37 ^ _141641_/ZN (NAND2_X4)
                                         _052010_ (net)
                  0.02    0.00    1.37 ^ _141688_/A1 (NAND2_X2)
     1    2.93    0.01    0.02    1.39 v _141688_/ZN (NAND2_X2)
                                         _052057_ (net)
                  0.01    0.00    1.39 v _141691_/A1 (NAND2_X2)
     3    6.24    0.01    0.02    1.40 ^ _141691_/ZN (NAND2_X2)
                                         _052060_ (net)
                  0.01    0.00    1.40 ^ _141692_/A1 (NAND3_X1)
     2    2.32    0.01    0.02    1.42 v _141692_/ZN (NAND3_X1)
                                         _052061_ (net)
                  0.01    0.00    1.42 v _142071_/A1 (OR2_X1)
     2    4.23    0.01    0.05    1.48 v _142071_/ZN (OR2_X1)
                                         _052440_ (net)
                  0.01    0.00    1.48 v _142147_/B1 (OAI21_X2)
     3    6.78    0.03    0.04    1.51 ^ _142147_/ZN (OAI21_X2)
                                         _052516_ (net)
                  0.03    0.00    1.51 ^ _142148_/A2 (NAND2_X2)
     2    7.83    0.01    0.02    1.54 v _142148_/ZN (NAND2_X2)
                                         _052517_ (net)
                  0.01    0.00    1.54 v _142149_/A (INV_X4)
     2    7.61    0.01    0.02    1.55 ^ _142149_/ZN (INV_X4)
                                         _052518_ (net)
                  0.01    0.00    1.55 ^ _142155_/A1 (NAND2_X4)
     3    9.18    0.01    0.01    1.56 v _142155_/ZN (NAND2_X4)
                                         _052524_ (net)
                  0.01    0.00    1.56 v _142168_/A1 (NOR2_X4)
     4   11.53    0.02    0.03    1.60 ^ _142168_/ZN (NOR2_X4)
                                         _052537_ (net)
                  0.02    0.00    1.60 ^ _142182_/A1 (NAND2_X4)
     5   13.48    0.01    0.02    1.62 v _142182_/ZN (NAND2_X4)
                                         _052551_ (net)
                  0.01    0.00    1.62 v _142193_/A1 (NOR2_X4)
    10   18.36    0.03    0.04    1.65 ^ _142193_/ZN (NOR2_X4)
                                         _052562_ (net)
                  0.03    0.00    1.65 ^ _142194_/A3 (NAND3_X2)
    10   18.14    0.03    0.05    1.70 v _142194_/ZN (NAND3_X2)
                                         _052563_ (net)
                  0.03    0.00    1.70 v _142263_/A (INV_X2)
     2    4.72    0.01    0.02    1.73 ^ _142263_/ZN (INV_X2)
                                         _052632_ (net)
                  0.01    0.00    1.73 ^ _142319_/A1 (NAND2_X2)
     1    2.93    0.01    0.01    1.74 v _142319_/ZN (NAND2_X2)
                                         _052688_ (net)
                  0.01    0.00    1.74 v _142321_/A1 (NAND2_X2)
     2    4.93    0.01    0.02    1.75 ^ _142321_/ZN (NAND2_X2)
                                         _052690_ (net)
                  0.01    0.00    1.75 ^ _142322_/A (INV_X2)
     1    1.56    0.00    0.01    1.76 v _142322_/ZN (INV_X2)
                                         _052691_ (net)
                  0.00    0.00    1.76 v _142323_/A2 (NOR2_X1)
     1    5.95    0.04    0.05    1.81 ^ _142323_/ZN (NOR2_X1)
                                         _052692_ (net)
                  0.04    0.00    1.81 ^ _142364_/A1 (NAND2_X4)
     8   13.97    0.01    0.02    1.83 v _142364_/ZN (NAND2_X4)
                                         _052733_ (net)
                  0.01    0.00    1.83 v _142403_/A1 (AND2_X4)
     1    5.81    0.01    0.03    1.86 v _142403_/ZN (AND2_X4)
                                         _052772_ (net)
                  0.01    0.00    1.86 v _142404_/A (BUF_X8)
     7   15.18    0.01    0.02    1.89 v _142404_/Z (BUF_X8)
                                         _052773_ (net)
                  0.01    0.00    1.89 v _142405_/A (BUF_X8)
    10   32.51    0.01    0.03    1.91 v _142405_/Z (BUF_X8)
                                         _052774_ (net)
                  0.01    0.00    1.91 v _142472_/A1 (NAND3_X2)
     1    3.13    0.01    0.02    1.93 ^ _142472_/ZN (NAND3_X2)
                                         _052838_ (net)
                  0.01    0.00    1.93 ^ _142474_/B1 (AOI21_X2)
     1    1.06    0.01    0.01    1.94 v _142474_/ZN (AOI21_X2)
                                         _002334_ (net)
                  0.01    0.00    1.94 v g_lane[25].u_mac.acc_q[12]$_SDFFE_PN0P_/D (DFF_X1)
                                  1.94   data arrival time

                  0.00    2.00    2.00   clock core_clock (rise edge)
                          0.00    2.00   clock network delay (ideal)
                          0.00    2.00   clock reconvergence pessimism
                                  2.00 ^ g_lane[25].u_mac.acc_q[12]$_SDFFE_PN0P_/CK (DFF_X1)
                         -0.04    1.96   library setup time
                                  1.96   data required time
-----------------------------------------------------------------------------
                                  1.96   data required time
                                 -1.94   data arrival time
-----------------------------------------------------------------------------
                                  0.02   slack (MET)



==========================================================================
Post synthesis report_power
--------------------------------------------------------------------------
Group                  Internal  Switching    Leakage      Total
                          Power      Power      Power      Power (Watts)
----------------------------------------------------------------
Sequential             1.12e-02   7.54e-04   2.09e-04   1.22e-02   2.8%
Combinational          2.03e-01   2.23e-01   2.34e-03   4.28e-01  97.2%
Clock                  0.00e+00   0.00e+00   0.00e+00   0.00e+00   0.0%
Macro                  0.00e+00   0.00e+00   0.00e+00   0.00e+00   0.0%
Pad                    0.00e+00   0.00e+00   0.00e+00   0.00e+00   0.0%
----------------------------------------------------------------
Total                  2.14e-01   2.24e-01   2.55e-03   4.40e-01 100.0%
                          48.6%      50.8%       0.6%
