
==========================================================================
Post synthesis report_tns
--------------------------------------------------------------------------
tns 0.00

==========================================================================
Post synthesis report_wns
--------------------------------------------------------------------------
wns 0.00

==========================================================================
Post synthesis report_worst_slack
--------------------------------------------------------------------------
worst slack 0.80

==========================================================================
Post synthesis report_checks -path_delay min
--------------------------------------------------------------------------
Startpoint: u_pcu.g_pe[7].u_pe.s1_product_q[3][21]$_SDFF_PN0_
            (rising edge-triggered flip-flop clocked by core_clock)
Endpoint: u_pcu.g_pe[7].u_pe.s2_sum_q[26]$_SDFF_PN0_
          (rising edge-triggered flip-flop clocked by core_clock)
Path Group: core_clock
Path Type: min

Fanout     Cap    Slew   Delay    Time   Description
-----------------------------------------------------------------------------
                  0.00    0.00    0.00   clock core_clock (rise edge)
                          0.00    0.00   clock network delay (ideal)
                  0.00    0.00    0.00 ^ u_pcu.g_pe[7].u_pe.s1_product_q[3][21]$_SDFF_PN0_/CK (DFF_X1)
     3    4.92    0.02    0.07    0.07 ^ u_pcu.g_pe[7].u_pe.s1_product_q[3][21]$_SDFF_PN0_/QN (DFF_X1)
                                         _00007_ (net)
                  0.02    0.00    0.07 ^ _61502_/B1 (AOI21_X1)
     1    1.06    0.01    0.01    0.09 v _61502_/ZN (AOI21_X1)
                                         _01565_ (net)
                  0.01    0.00    0.09 v u_pcu.g_pe[7].u_pe.s2_sum_q[26]$_SDFF_PN0_/D (DFF_X1)
                                  0.09   data arrival time

                  0.00    0.00    0.00   clock core_clock (rise edge)
                          0.00    0.00   clock network delay (ideal)
                          0.00    0.00   clock reconvergence pessimism
                                  0.00 ^ u_pcu.g_pe[7].u_pe.s2_sum_q[26]$_SDFF_PN0_/CK (DFF_X1)
                          0.00    0.00   library hold time
                                  0.00   data required time
-----------------------------------------------------------------------------
                                  0.00   data required time
                                 -0.09   data arrival time
-----------------------------------------------------------------------------
                                  0.08   slack (MET)



==========================================================================
Post synthesis report_checks -path_delay max
--------------------------------------------------------------------------
Startpoint: i_act[42] (input port clocked by core_clock)
Endpoint: o_saturate (output port clocked by core_clock)
Path Group: core_clock
Path Type: max

Fanout     Cap    Slew   Delay    Time   Description
-----------------------------------------------------------------------------
                  0.00    0.00    0.00   clock core_clock (rise edge)
                          0.00    0.00   clock network delay (ideal)
                          0.40    0.40 ^ input external delay
     3    8.14    0.00    0.00    0.40 ^ i_act[42] (in)
                                         i_act[42] (net)
                  0.00    0.00    0.40 ^ _32930_/A (INV_X1)
     3    8.73    0.01    0.01    0.41 v _32930_/ZN (INV_X1)
                                         _27371_ (net)
                  0.01    0.00    0.41 v _32962_/A3 (NOR3_X4)
     2    5.72    0.03    0.05    0.46 ^ _32962_/ZN (NOR3_X4)
                                         _27403_ (net)
                  0.03    0.00    0.46 ^ _32980_/A (XNOR2_X2)
     2    8.95    0.03    0.05    0.51 ^ _32980_/ZN (XNOR2_X2)
                                         _27421_ (net)
                  0.03    0.00    0.51 ^ _32981_/A1 (NAND2_X4)
     3   10.05    0.01    0.02    0.53 v _32981_/ZN (NAND2_X4)
                                         _27422_ (net)
                  0.01    0.00    0.53 v _32998_/A1 (NOR2_X4)
     3    6.23    0.01    0.02    0.56 ^ _32998_/ZN (NOR2_X4)
                                         _27439_ (net)
                  0.01    0.00    0.56 ^ _33002_/A1 (NAND2_X2)
     3    5.99    0.01    0.02    0.57 v _33002_/ZN (NAND2_X2)
                                         _27443_ (net)
                  0.01    0.00    0.57 v _33007_/A1 (NAND2_X1)
     2    3.19    0.01    0.02    0.59 ^ _33007_/ZN (NAND2_X1)
                                         _27448_ (net)
                  0.01    0.00    0.59 ^ _33009_/A1 (NAND2_X1)
     1    2.93    0.01    0.02    0.61 v _33009_/ZN (NAND2_X1)
                                         _27450_ (net)
                  0.01    0.00    0.61 v _33010_/A1 (NAND2_X2)
     3    4.93    0.01    0.02    0.62 ^ _33010_/ZN (NAND2_X2)
                                         _27451_ (net)
                  0.01    0.00    0.62 ^ _33012_/A1 (NAND2_X1)
     3    5.75    0.01    0.02    0.65 v _33012_/ZN (NAND2_X1)
                                         _27453_ (net)
                  0.01    0.00    0.65 v _33019_/A1 (NOR2_X2)
     1    3.45    0.02    0.03    0.67 ^ _33019_/ZN (NOR2_X2)
                                         _27460_ (net)
                  0.02    0.00    0.67 ^ _33020_/A2 (NAND2_X2)
     2    4.49    0.01    0.02    0.69 v _33020_/ZN (NAND2_X2)
                                         _27461_ (net)
                  0.01    0.00    0.69 v _33025_/A1 (NAND2_X2)
     1    3.05    0.01    0.01    0.70 ^ _33025_/ZN (NAND2_X2)
                                         _27466_ (net)
                  0.01    0.00    0.70 ^ _33033_/A1 (NAND2_X2)
     2    7.23    0.01    0.02    0.72 v _33033_/ZN (NAND2_X2)
                                         _27474_ (net)
                  0.01    0.00    0.72 v _33037_/A1 (NAND2_X4)
     2    9.24    0.01    0.02    0.74 ^ _33037_/ZN (NAND2_X4)
                                         _27478_ (net)
                  0.01    0.00    0.74 ^ _33038_/A1 (NAND2_X4)
     2   12.36    0.01    0.02    0.75 v _33038_/ZN (NAND2_X4)
                                         _27479_ (net)
                  0.01    0.00    0.75 v _33115_/A1 (NAND3_X1)
     2    7.72    0.03    0.03    0.78 ^ _33115_/ZN (NAND3_X1)
                                         _27556_ (net)
                  0.03    0.00    0.78 ^ _61528_/A1 (NAND4_X1)
     1    0.00    0.01    0.02    0.80 v _61528_/ZN (NAND4_X1)
                                         o_saturate (net)
                  0.01    0.00    0.80 v o_saturate (out)
                                  0.80   data arrival time

                  0.00    2.00    2.00   clock core_clock (rise edge)
                          0.00    2.00   clock network delay (ideal)
                          0.00    2.00   clock reconvergence pessimism
                         -0.40    1.60   output external delay
                                  1.60   data required time
-----------------------------------------------------------------------------
                                  1.60   data required time
                                 -0.80   data arrival time
-----------------------------------------------------------------------------
                                  0.80   slack (MET)



==========================================================================
Post synthesis report_checks -unconstrained
--------------------------------------------------------------------------
Startpoint: i_act[42] (input port clocked by core_clock)
Endpoint: o_saturate (output port clocked by core_clock)
Path Group: core_clock
Path Type: max

Fanout     Cap    Slew   Delay    Time   Description
-----------------------------------------------------------------------------
                  0.00    0.00    0.00   clock core_clock (rise edge)
                          0.00    0.00   clock network delay (ideal)
                          0.40    0.40 ^ input external delay
     3    8.14    0.00    0.00    0.40 ^ i_act[42] (in)
                                         i_act[42] (net)
                  0.00    0.00    0.40 ^ _32930_/A (INV_X1)
     3    8.73    0.01    0.01    0.41 v _32930_/ZN (INV_X1)
                                         _27371_ (net)
                  0.01    0.00    0.41 v _32962_/A3 (NOR3_X4)
     2    5.72    0.03    0.05    0.46 ^ _32962_/ZN (NOR3_X4)
                                         _27403_ (net)
                  0.03    0.00    0.46 ^ _32980_/A (XNOR2_X2)
     2    8.95    0.03    0.05    0.51 ^ _32980_/ZN (XNOR2_X2)
                                         _27421_ (net)
                  0.03    0.00    0.51 ^ _32981_/A1 (NAND2_X4)
     3   10.05    0.01    0.02    0.53 v _32981_/ZN (NAND2_X4)
                                         _27422_ (net)
                  0.01    0.00    0.53 v _32998_/A1 (NOR2_X4)
     3    6.23    0.01    0.02    0.56 ^ _32998_/ZN (NOR2_X4)
                                         _27439_ (net)
                  0.01    0.00    0.56 ^ _33002_/A1 (NAND2_X2)
     3    5.99    0.01    0.02    0.57 v _33002_/ZN (NAND2_X2)
                                         _27443_ (net)
                  0.01    0.00    0.57 v _33007_/A1 (NAND2_X1)
     2    3.19    0.01    0.02    0.59 ^ _33007_/ZN (NAND2_X1)
                                         _27448_ (net)
                  0.01    0.00    0.59 ^ _33009_/A1 (NAND2_X1)
     1    2.93    0.01    0.02    0.61 v _33009_/ZN (NAND2_X1)
                                         _27450_ (net)
                  0.01    0.00    0.61 v _33010_/A1 (NAND2_X2)
     3    4.93    0.01    0.02    0.62 ^ _33010_/ZN (NAND2_X2)
                                         _27451_ (net)
                  0.01    0.00    0.62 ^ _33012_/A1 (NAND2_X1)
     3    5.75    0.01    0.02    0.65 v _33012_/ZN (NAND2_X1)
                                         _27453_ (net)
                  0.01    0.00    0.65 v _33019_/A1 (NOR2_X2)
     1    3.45    0.02    0.03    0.67 ^ _33019_/ZN (NOR2_X2)
                                         _27460_ (net)
                  0.02    0.00    0.67 ^ _33020_/A2 (NAND2_X2)
     2    4.49    0.01    0.02    0.69 v _33020_/ZN (NAND2_X2)
                                         _27461_ (net)
                  0.01    0.00    0.69 v _33025_/A1 (NAND2_X2)
     1    3.05    0.01    0.01    0.70 ^ _33025_/ZN (NAND2_X2)
                                         _27466_ (net)
                  0.01    0.00    0.70 ^ _33033_/A1 (NAND2_X2)
     2    7.23    0.01    0.02    0.72 v _33033_/ZN (NAND2_X2)
                                         _27474_ (net)
                  0.01    0.00    0.72 v _33037_/A1 (NAND2_X4)
     2    9.24    0.01    0.02    0.74 ^ _33037_/ZN (NAND2_X4)
                                         _27478_ (net)
                  0.01    0.00    0.74 ^ _33038_/A1 (NAND2_X4)
     2   12.36    0.01    0.02    0.75 v _33038_/ZN (NAND2_X4)
                                         _27479_ (net)
                  0.01    0.00    0.75 v _33115_/A1 (NAND3_X1)
     2    7.72    0.03    0.03    0.78 ^ _33115_/ZN (NAND3_X1)
                                         _27556_ (net)
                  0.03    0.00    0.78 ^ _61528_/A1 (NAND4_X1)
     1    0.00    0.01    0.02    0.80 v _61528_/ZN (NAND4_X1)
                                         o_saturate (net)
                  0.01    0.00    0.80 v o_saturate (out)
                                  0.80   data arrival time

                  0.00    2.00    2.00   clock core_clock (rise edge)
                          0.00    2.00   clock network delay (ideal)
                          0.00    2.00   clock reconvergence pessimism
                         -0.40    1.60   output external delay
                                  1.60   data required time
-----------------------------------------------------------------------------
                                  1.60   data required time
                                 -0.80   data arrival time
-----------------------------------------------------------------------------
                                  0.80   slack (MET)



==========================================================================
Post synthesis report_power
--------------------------------------------------------------------------
Group                  Internal  Switching    Leakage      Total
                          Power      Power      Power      Power (Watts)
----------------------------------------------------------------
Sequential             7.04e-03   5.38e-04   1.22e-04   7.70e-03  24.6%
Combinational          1.12e-02   1.15e-02   8.50e-04   2.36e-02  75.4%
Clock                  0.00e+00   0.00e+00   0.00e+00   0.00e+00   0.0%
Macro                  0.00e+00   0.00e+00   0.00e+00   0.00e+00   0.0%
Pad                    0.00e+00   0.00e+00   0.00e+00   0.00e+00   0.0%
----------------------------------------------------------------
Total                  1.83e-02   1.21e-02   9.72e-04   3.13e-02 100.0%
                          58.3%      38.6%       3.1%
