
==========================================================================
Post synthesis report_tns
--------------------------------------------------------------------------
tns 0.00

==========================================================================
Post synthesis report_wns
--------------------------------------------------------------------------
wns 0.00

==========================================================================
Post synthesis report_worst_slack
--------------------------------------------------------------------------
worst slack 0.84

==========================================================================
Post synthesis report_checks -path_delay min
--------------------------------------------------------------------------
Startpoint: u_pcu.g_pe[0].u_pe.s1_product_q[3][24]$_SDFF_PN0_
            (rising edge-triggered flip-flop clocked by core_clock)
Endpoint: u_pcu.g_pe[0].u_pe.s2_sum_q[26]$_SDFF_PN0_
          (rising edge-triggered flip-flop clocked by core_clock)
Path Group: core_clock
Path Type: min

Fanout     Cap    Slew   Delay    Time   Description
-----------------------------------------------------------------------------
                  0.00    0.00    0.00   clock core_clock (rise edge)
                          0.00    0.00   clock network delay (ideal)
                  0.00    0.00    0.00 ^ u_pcu.g_pe[0].u_pe.s1_product_q[3][24]$_SDFF_PN0_/CK (DFF_X1)
     3    4.92    0.02    0.07    0.07 ^ u_pcu.g_pe[0].u_pe.s1_product_q[3][24]$_SDFF_PN0_/QN (DFF_X1)
                                         _00000_ (net)
                  0.02    0.00    0.07 ^ _45823_/B1 (AOI21_X1)
     1    1.06    0.01    0.01    0.09 v _45823_/ZN (AOI21_X1)
                                         _00286_ (net)
                  0.01    0.00    0.09 v u_pcu.g_pe[0].u_pe.s2_sum_q[26]$_SDFF_PN0_/D (DFF_X1)
                                  0.09   data arrival time

                  0.00    0.00    0.00   clock core_clock (rise edge)
                          0.00    0.00   clock network delay (ideal)
                          0.00    0.00   clock reconvergence pessimism
                                  0.00 ^ u_pcu.g_pe[0].u_pe.s2_sum_q[26]$_SDFF_PN0_/CK (DFF_X1)
                          0.00    0.00   library hold time
                                  0.00   data required time
-----------------------------------------------------------------------------
                                  0.00   data required time
                                 -0.09   data arrival time
-----------------------------------------------------------------------------
                                  0.08   slack (MET)



==========================================================================
Post synthesis report_checks -path_delay max
--------------------------------------------------------------------------
Startpoint: i_act[42] (input port clocked by core_clock)
Endpoint: o_saturate (output port clocked by core_clock)
Path Group: core_clock
Path Type: max

Fanout     Cap    Slew   Delay    Time   Description
-----------------------------------------------------------------------------
                  0.00    0.00    0.00   clock core_clock (rise edge)
                          0.00    0.00   clock network delay (ideal)
                          0.40    0.40 v input external delay
     1    3.00    0.00    0.00    0.40 v i_act[42] (in)
                                         i_act[42] (net)
                  0.00    0.00    0.40 v _41132_/A (BUF_X4)
     5   14.12    0.01    0.02    0.42 v _41132_/Z (BUF_X4)
                                         _33190_ (net)
                  0.01    0.00    0.42 v _41140_/A2 (NOR2_X4)
     3   10.52    0.02    0.03    0.46 ^ _41140_/ZN (NOR2_X4)
                                         _33198_ (net)
                  0.02    0.00    0.46 ^ _41142_/A1 (NAND2_X4)
     5   14.32    0.01    0.02    0.48 v _41142_/ZN (NAND2_X4)
                                         _33200_ (net)
                  0.01    0.00    0.48 v _41190_/C1 (OAI211_X4)
     9   19.31    0.04    0.05    0.52 ^ _41190_/ZN (OAI211_X4)
                                         _33248_ (net)
                  0.04    0.00    0.52 ^ _41191_/A (INV_X4)
     3   14.32    0.01    0.02    0.54 v _41191_/ZN (INV_X4)
                                         _33249_ (net)
                  0.01    0.00    0.54 v _41192_/A1 (NAND2_X4)
     3    6.32    0.01    0.02    0.55 ^ _41192_/ZN (NAND2_X4)
                                         _33250_ (net)
                  0.01    0.00    0.55 ^ _41194_/A1 (NAND2_X2)
     3   11.58    0.01    0.02    0.58 v _41194_/ZN (NAND2_X2)
                                         _33252_ (net)
                  0.01    0.00    0.58 v _41198_/A1 (NOR2_X4)
     3    4.97    0.01    0.02    0.60 ^ _41198_/ZN (NOR2_X4)
                                         _33256_ (net)
                  0.01    0.00    0.60 ^ _41199_/A (INV_X1)
     1    2.70    0.01    0.01    0.61 v _41199_/ZN (INV_X1)
                                         _33257_ (net)
                  0.01    0.00    0.61 v _41209_/A1 (NOR2_X2)
     1    3.45    0.02    0.02    0.63 ^ _41209_/ZN (NOR2_X2)
                                         _33267_ (net)
                  0.02    0.00    0.63 ^ _41210_/A2 (NAND2_X2)
     3    6.05    0.01    0.02    0.65 v _41210_/ZN (NAND2_X2)
                                         _33268_ (net)
                  0.01    0.00    0.65 v _41215_/A1 (NAND2_X2)
     1    5.95    0.01    0.02    0.67 ^ _41215_/ZN (NAND2_X2)
                                         _33273_ (net)
                  0.01    0.00    0.67 ^ _41221_/A1 (NAND2_X4)
     2    7.23    0.01    0.01    0.68 v _41221_/ZN (NAND2_X4)
                                         _33279_ (net)
                  0.01    0.00    0.68 v _41222_/A1 (NAND2_X4)
     9   30.98    0.02    0.03    0.71 ^ _41222_/ZN (NAND2_X4)
                                         _33280_ (net)
                  0.02    0.00    0.71 ^ _41326_/A (INV_X1)
     1    1.53    0.01    0.01    0.72 v _41326_/ZN (INV_X1)
                                         _33384_ (net)
                  0.01    0.00    0.72 v _41327_/A1 (NAND2_X1)
     2    5.05    0.02    0.02    0.74 ^ _41327_/ZN (NAND2_X1)
                                         _33385_ (net)
                  0.02    0.00    0.74 ^ _74739_/A2 (NAND4_X1)
     1    0.00    0.01    0.02    0.76 v _74739_/ZN (NAND4_X1)
                                         o_saturate (net)
                  0.01    0.00    0.76 v o_saturate (out)
                                  0.76   data arrival time

                  0.00    2.00    2.00   clock core_clock (rise edge)
                          0.00    2.00   clock network delay (ideal)
                          0.00    2.00   clock reconvergence pessimism
                         -0.40    1.60   output external delay
                                  1.60   data required time
-----------------------------------------------------------------------------
                                  1.60   data required time
                                 -0.76   data arrival time
-----------------------------------------------------------------------------
                                  0.84   slack (MET)



==========================================================================
Post synthesis report_checks -unconstrained
--------------------------------------------------------------------------
Startpoint: i_act[42] (input port clocked by core_clock)
Endpoint: o_saturate (output port clocked by core_clock)
Path Group: core_clock
Path Type: max

Fanout     Cap    Slew   Delay    Time   Description
-----------------------------------------------------------------------------
                  0.00    0.00    0.00   clock core_clock (rise edge)
                          0.00    0.00   clock network delay (ideal)
                          0.40    0.40 v input external delay
     1    3.00    0.00    0.00    0.40 v i_act[42] (in)
                                         i_act[42] (net)
                  0.00    0.00    0.40 v _41132_/A (BUF_X4)
     5   14.12    0.01    0.02    0.42 v _41132_/Z (BUF_X4)
                                         _33190_ (net)
                  0.01    0.00    0.42 v _41140_/A2 (NOR2_X4)
     3   10.52    0.02    0.03    0.46 ^ _41140_/ZN (NOR2_X4)
                                         _33198_ (net)
                  0.02    0.00    0.46 ^ _41142_/A1 (NAND2_X4)
     5   14.32    0.01    0.02    0.48 v _41142_/ZN (NAND2_X4)
                                         _33200_ (net)
                  0.01    0.00    0.48 v _41190_/C1 (OAI211_X4)
     9   19.31    0.04    0.05    0.52 ^ _41190_/ZN (OAI211_X4)
                                         _33248_ (net)
                  0.04    0.00    0.52 ^ _41191_/A (INV_X4)
     3   14.32    0.01    0.02    0.54 v _41191_/ZN (INV_X4)
                                         _33249_ (net)
                  0.01    0.00    0.54 v _41192_/A1 (NAND2_X4)
     3    6.32    0.01    0.02    0.55 ^ _41192_/ZN (NAND2_X4)
                                         _33250_ (net)
                  0.01    0.00    0.55 ^ _41194_/A1 (NAND2_X2)
     3   11.58    0.01    0.02    0.58 v _41194_/ZN (NAND2_X2)
                                         _33252_ (net)
                  0.01    0.00    0.58 v _41198_/A1 (NOR2_X4)
     3    4.97    0.01    0.02    0.60 ^ _41198_/ZN (NOR2_X4)
                                         _33256_ (net)
                  0.01    0.00    0.60 ^ _41199_/A (INV_X1)
     1    2.70    0.01    0.01    0.61 v _41199_/ZN (INV_X1)
                                         _33257_ (net)
                  0.01    0.00    0.61 v _41209_/A1 (NOR2_X2)
     1    3.45    0.02    0.02    0.63 ^ _41209_/ZN (NOR2_X2)
                                         _33267_ (net)
                  0.02    0.00    0.63 ^ _41210_/A2 (NAND2_X2)
     3    6.05    0.01    0.02    0.65 v _41210_/ZN (NAND2_X2)
                                         _33268_ (net)
                  0.01    0.00    0.65 v _41215_/A1 (NAND2_X2)
     1    5.95    0.01    0.02    0.67 ^ _41215_/ZN (NAND2_X2)
                                         _33273_ (net)
                  0.01    0.00    0.67 ^ _41221_/A1 (NAND2_X4)
     2    7.23    0.01    0.01    0.68 v _41221_/ZN (NAND2_X4)
                                         _33279_ (net)
                  0.01    0.00    0.68 v _41222_/A1 (NAND2_X4)
     9   30.98    0.02    0.03    0.71 ^ _41222_/ZN (NAND2_X4)
                                         _33280_ (net)
                  0.02    0.00    0.71 ^ _41326_/A (INV_X1)
     1    1.53    0.01    0.01    0.72 v _41326_/ZN (INV_X1)
                                         _33384_ (net)
                  0.01    0.00    0.72 v _41327_/A1 (NAND2_X1)
     2    5.05    0.02    0.02    0.74 ^ _41327_/ZN (NAND2_X1)
                                         _33385_ (net)
                  0.02    0.00    0.74 ^ _74739_/A2 (NAND4_X1)
     1    0.00    0.01    0.02    0.76 v _74739_/ZN (NAND4_X1)
                                         o_saturate (net)
                  0.01    0.00    0.76 v o_saturate (out)
                                  0.76   data arrival time

                  0.00    2.00    2.00   clock core_clock (rise edge)
                          0.00    2.00   clock network delay (ideal)
                          0.00    2.00   clock reconvergence pessimism
                         -0.40    1.60   output external delay
                                  1.60   data required time
-----------------------------------------------------------------------------
                                  1.60   data required time
                                 -0.76   data arrival time
-----------------------------------------------------------------------------
                                  0.84   slack (MET)



==========================================================================
Post synthesis report_power
--------------------------------------------------------------------------
Group                  Internal  Switching    Leakage      Total
                          Power      Power      Power      Power (Watts)
----------------------------------------------------------------
Sequential             8.10e-03   6.80e-04   1.34e-04   8.91e-03  22.6%
Combinational          1.45e-02   1.50e-02   1.01e-03   3.06e-02  77.4%
Clock                  0.00e+00   0.00e+00   0.00e+00   0.00e+00   0.0%
Macro                  0.00e+00   0.00e+00   0.00e+00   0.00e+00   0.0%
Pad                    0.00e+00   0.00e+00   0.00e+00   0.00e+00   0.0%
----------------------------------------------------------------
Total                  2.26e-02   1.57e-02   1.14e-03   3.95e-02 100.0%
                          57.3%      39.8%       2.9%
