
==========================================================================
Post synthesis report_tns
--------------------------------------------------------------------------
tns 0.00

==========================================================================
Post synthesis report_wns
--------------------------------------------------------------------------
wns 0.00

==========================================================================
Post synthesis report_worst_slack
--------------------------------------------------------------------------
worst slack 0.04

==========================================================================
Post synthesis report_checks -path_delay min
--------------------------------------------------------------------------
Startpoint: g_lane[0].u_mac.s0_act_q[15]$_SDFF_PN0_
            (rising edge-triggered flip-flop clocked by core_clock)
Endpoint: g_lane[0].u_mac.s1_product_q[15]$_SDFF_PN0_
          (rising edge-triggered flip-flop clocked by core_clock)
Path Group: core_clock
Path Type: min

Fanout     Cap    Slew   Delay    Time   Description
-----------------------------------------------------------------------------
                  0.00    0.00    0.00   clock core_clock (rise edge)
                          0.00    0.00   clock network delay (ideal)
                  0.00    0.00    0.00 ^ g_lane[0].u_mac.s0_act_q[15]$_SDFF_PN0_/CK (DFF_X1)
     2    3.01    0.01    0.08    0.08 v g_lane[0].u_mac.s0_act_q[15]$_SDFF_PN0_/Q (DFF_X1)
                                         g_lane[0].u_mac.s0_act_q[15] (net)
                  0.01    0.00    0.08 v _53143_/B1 (AOI21_X1)
     1    1.14    0.01    0.02    0.10 ^ _53143_/ZN (AOI21_X1)
                                         _00513_ (net)
                  0.01    0.00    0.10 ^ g_lane[0].u_mac.s1_product_q[15]$_SDFF_PN0_/D (DFF_X1)
                                  0.10   data arrival time

                  0.00    0.00    0.00   clock core_clock (rise edge)
                          0.00    0.00   clock network delay (ideal)
                          0.00    0.00   clock reconvergence pessimism
                                  0.00 ^ g_lane[0].u_mac.s1_product_q[15]$_SDFF_PN0_/CK (DFF_X1)
                          0.01    0.01   library hold time
                                  0.01   data required time
-----------------------------------------------------------------------------
                                  0.01   data required time
                                 -0.10   data arrival time
-----------------------------------------------------------------------------
                                  0.10   slack (MET)



==========================================================================
Post synthesis report_checks -path_delay max
--------------------------------------------------------------------------
Startpoint: g_lane[13].u_mac.acc_q[26]$_SDFFE_PN0P_
            (rising edge-triggered flip-flop clocked by core_clock)
Endpoint: g_lane[13].u_mac.acc_q[11]$_SDFFE_PN0P_
          (rising edge-triggered flip-flop clocked by core_clock)
Path Group: core_clock
Path Type: max

Fanout     Cap    Slew   Delay    Time   Description
-----------------------------------------------------------------------------
                  0.00    0.00    0.00   clock core_clock (rise edge)
                          0.00    0.00   clock network delay (ideal)
                  0.00    0.00    0.00 ^ g_lane[13].u_mac.acc_q[26]$_SDFFE_PN0P_/CK (DFF_X1)
     2    0.97    0.01    0.08    0.08 ^ g_lane[13].u_mac.acc_q[26]$_SDFFE_PN0P_/Q (DFF_X1)
                                         o_acc[442] (net)
                  0.01    0.00    0.08 ^ _60157_/A (BUF_X1)
     4    8.94    0.02    0.04    0.12 ^ _60157_/Z (BUF_X1)
                                         _10844_ (net)
                  0.02    0.00    0.12 ^ _60159_/A (XNOR2_X2)
     5    9.96    0.03    0.05    0.17 ^ _60159_/ZN (XNOR2_X2)
                                         _10846_ (net)
                  0.03    0.00    0.17 ^ _60163_/A1 (NAND2_X1)
     3    6.03    0.02    0.03    0.20 v _60163_/ZN (NAND2_X1)
                                         _10850_ (net)
                  0.02    0.00    0.20 v _60172_/A2 (NOR4_X2)
     1    1.59    0.03    0.06    0.26 ^ _60172_/ZN (NOR4_X2)
                                         _10859_ (net)
                  0.03    0.00    0.26 ^ _60201_/A1 (NAND3_X1)
     1    5.70    0.02    0.04    0.30 v _60201_/ZN (NAND3_X1)
                                         _10888_ (net)
                  0.02    0.00    0.30 v _60217_/A1 (NAND2_X4)
     8   21.16    0.02    0.03    0.33 ^ _60217_/ZN (NAND2_X4)
                                         _10904_ (net)
                  0.02    0.00    0.33 ^ _60223_/A (INV_X2)
     3    8.87    0.01    0.01    0.34 v _60223_/ZN (INV_X2)
                                         _10910_ (net)
                  0.01    0.00    0.34 v _60224_/A (BUF_X8)
    10   18.22    0.01    0.03    0.37 v _60224_/Z (BUF_X8)
                                         _10911_ (net)
                  0.01    0.00    0.37 v _60263_/A1 (NAND2_X1)
     1    1.60    0.01    0.01    0.38 ^ _60263_/ZN (NAND2_X1)
                                         _10950_ (net)
                  0.01    0.00    0.38 ^ _60265_/A1 (NAND2_X1)
     1    1.55    0.01    0.01    0.39 v _60265_/ZN (NAND2_X1)
                                         _10952_ (net)
                  0.01    0.00    0.39 v _60266_/A (INV_X1)
     2    5.07    0.01    0.02    0.41 ^ _60266_/ZN (INV_X1)
                                         _10953_ (net)
                  0.01    0.00    0.41 ^ _60267_/A2 (NAND2_X2)
     3    8.59    0.02    0.02    0.43 v _60267_/ZN (NAND2_X2)
                                         _10954_ (net)
                  0.02    0.00    0.43 v _60268_/A2 (NAND2_X4)
     4    7.84    0.01    0.02    0.46 ^ _60268_/ZN (NAND2_X4)
                                         _10955_ (net)
                  0.01    0.00    0.46 ^ _60306_/A1 (NAND2_X1)
     1    2.93    0.01    0.02    0.47 v _60306_/ZN (NAND2_X1)
                                         _10993_ (net)
                  0.01    0.00    0.47 v _60308_/A1 (NAND2_X2)
     2    8.01    0.01    0.02    0.49 ^ _60308_/ZN (NAND2_X2)
                                         _10995_ (net)
                  0.01    0.00    0.49 ^ _60398_/A (XNOR2_X2)
     7   18.06    0.05    0.06    0.55 ^ _60398_/ZN (XNOR2_X2)
                                         _11085_ (net)
                  0.05    0.00    0.55 ^ _60399_/A (BUF_X8)
    10   24.81    0.01    0.03    0.58 ^ _60399_/Z (BUF_X8)
                                         _11086_ (net)
                  0.01    0.00    0.58 ^ _60400_/A (BUF_X8)
    10   19.50    0.01    0.02    0.61 ^ _60400_/Z (BUF_X8)
                                         _11087_ (net)
                  0.01    0.00    0.61 ^ _60401_/A3 (NAND3_X2)
     1    1.53    0.01    0.02    0.62 v _60401_/ZN (NAND3_X2)
                                         _11088_ (net)
                  0.01    0.00    0.62 v _60455_/A1 (NAND2_X1)
     1    1.62    0.01    0.01    0.64 ^ _60455_/ZN (NAND2_X1)
                                         _11142_ (net)
                  0.01    0.00    0.64 ^ _60458_/A2 (NAND3_X1)
     1    1.41    0.01    0.02    0.66 v _60458_/ZN (NAND3_X1)
                                         _11145_ (net)
                  0.01    0.00    0.66 v _60480_/A1 (NOR2_X1)
     1    1.60    0.02    0.02    0.68 ^ _60480_/ZN (NOR2_X1)
                                         _11167_ (net)
                  0.02    0.00    0.68 ^ _60488_/A1 (NAND2_X1)
     1    1.41    0.01    0.01    0.69 v _60488_/ZN (NAND2_X1)
                                         _11175_ (net)
                  0.01    0.00    0.69 v _60500_/A1 (NOR2_X1)
     1    1.59    0.02    0.02    0.72 ^ _60500_/ZN (NOR2_X1)
                                         _11187_ (net)
                  0.02    0.00    0.72 ^ _60560_/A1 (NAND3_X1)
     2    7.05    0.02    0.04    0.75 v _60560_/ZN (NAND3_X1)
                                         _11247_ (net)
                  0.02    0.00    0.75 v _60583_/A1 (NOR2_X4)
     5   12.53    0.02    0.04    0.79 ^ _60583_/ZN (NOR2_X4)
                                         _11270_ (net)
                  0.02    0.00    0.79 ^ _60731_/A1 (NAND2_X4)
     4   10.14    0.01    0.02    0.81 v _60731_/ZN (NAND2_X4)
                                         _11418_ (net)
                  0.01    0.00    0.81 v _60732_/A1 (NOR2_X4)
     6   11.96    0.02    0.03    0.84 ^ _60732_/ZN (NOR2_X4)
                                         _11419_ (net)
                  0.02    0.00    0.84 ^ _60795_/A2 (NAND2_X2)
     2    2.99    0.01    0.02    0.85 v _60795_/ZN (NAND2_X2)
                                         _11482_ (net)
                  0.01    0.00    0.85 v _60796_/A2 (NAND2_X1)
     2    4.65    0.02    0.02    0.88 ^ _60796_/ZN (NAND2_X1)
                                         _11483_ (net)
                  0.02    0.00    0.88 ^ _60830_/A1 (NAND2_X2)
     1    2.93    0.01    0.01    0.89 v _60830_/ZN (NAND2_X2)
                                         _11517_ (net)
                  0.01    0.00    0.89 v _60833_/A1 (NAND2_X2)
     2    5.29    0.01    0.02    0.91 ^ _60833_/ZN (NAND2_X2)
                                         _11520_ (net)
                  0.01    0.00    0.91 ^ _60864_/A1 (NAND2_X2)
     1    2.93    0.01    0.01    0.92 v _60864_/ZN (NAND2_X2)
                                         _11551_ (net)
                  0.01    0.00    0.92 v _60866_/A1 (NAND2_X2)
     2    5.29    0.01    0.02    0.94 ^ _60866_/ZN (NAND2_X2)
                                         _11553_ (net)
                  0.01    0.00    0.94 ^ _60910_/A1 (NAND2_X2)
     1    2.93    0.01    0.01    0.95 v _60910_/ZN (NAND2_X2)
                                         _11597_ (net)
                  0.01    0.00    0.95 v _60912_/A1 (NAND2_X2)
     3    6.88    0.01    0.02    0.97 ^ _60912_/ZN (NAND2_X2)
                                         _11599_ (net)
                  0.01    0.00    0.97 ^ _60923_/A (XNOR2_X1)
     3    5.03    0.03    0.05    1.02 ^ _60923_/ZN (XNOR2_X1)
                                         _11610_ (net)
                  0.03    0.00    1.02 ^ _61180_/A (INV_X1)
     2    2.92    0.01    0.01    1.03 v _61180_/ZN (INV_X1)
                                         _11867_ (net)
                  0.01    0.00    1.03 v _61181_/A1 (NOR2_X1)
     3    4.08    0.03    0.04    1.07 ^ _61181_/ZN (NOR2_X1)
                                         _11868_ (net)
                  0.03    0.00    1.07 ^ _61214_/A1 (NAND2_X1)
     1    3.18    0.01    0.02    1.09 v _61214_/ZN (NAND2_X1)
                                         _11901_ (net)
                  0.01    0.00    1.09 v _61215_/A2 (NOR2_X2)
     2    3.25    0.02    0.03    1.12 ^ _61215_/ZN (NOR2_X2)
                                         _11902_ (net)
                  0.02    0.00    1.12 ^ _61217_/A1 (NAND2_X1)
     1    2.93    0.01    0.02    1.14 v _61217_/ZN (NAND2_X1)
                                         _11904_ (net)
                  0.01    0.00    1.14 v _61219_/A1 (NAND3_X2)
     3    5.66    0.01    0.02    1.15 ^ _61219_/ZN (NAND3_X2)
                                         _11906_ (net)
                  0.01    0.00    1.15 ^ _61225_/A1 (OR2_X1)
     2    3.26    0.01    0.03    1.18 ^ _61225_/ZN (OR2_X1)
                                         _11912_ (net)
                  0.01    0.00    1.18 ^ _61228_/A2 (NAND4_X1)
     2    4.11    0.02    0.04    1.22 v _61228_/ZN (NAND4_X1)
                                         _11915_ (net)
                  0.02    0.00    1.22 v _61284_/A1 (NOR2_X2)
     1    3.45    0.02    0.03    1.25 ^ _61284_/ZN (NOR2_X2)
                                         _11971_ (net)
                  0.02    0.00    1.25 ^ _61285_/A2 (NAND2_X2)
     1    5.61    0.01    0.02    1.27 v _61285_/ZN (NAND2_X2)
                                         _11972_ (net)
                  0.01    0.00    1.27 v _61288_/B1 (AOI21_X4)
     7   19.26    0.04    0.04    1.31 ^ _61288_/ZN (AOI21_X4)
                                         _11975_ (net)
                  0.04    0.00    1.31 ^ _61297_/A2 (NAND3_X2)
     3    8.67    0.02    0.04    1.35 v _61297_/ZN (NAND3_X2)
                                         _11984_ (net)
                  0.02    0.00    1.35 v _61298_/A2 (NAND2_X4)
     8   17.85    0.02    0.03    1.38 ^ _61298_/ZN (NAND2_X4)
                                         _11985_ (net)
                  0.02    0.00    1.38 ^ _61299_/A (BUF_X4)
    10   15.99    0.01    0.03    1.41 ^ _61299_/Z (BUF_X4)
                                         _11986_ (net)
                  0.01    0.00    1.41 ^ _61486_/A1 (NAND2_X1)
     2    3.03    0.01    0.02    1.42 v _61486_/ZN (NAND2_X1)
                                         _12173_ (net)
                  0.01    0.00    1.42 v _61487_/A2 (NAND2_X1)
     1    1.60    0.01    0.02    1.44 ^ _61487_/ZN (NAND2_X1)
                                         _12174_ (net)
                  0.01    0.00    1.44 ^ _61488_/A1 (NAND2_X1)
     2    3.09    0.01    0.02    1.46 v _61488_/ZN (NAND2_X1)
                                         _12175_ (net)
                  0.01    0.00    1.46 v _61652_/A1 (NAND3_X1)
     2    3.30    0.02    0.02    1.48 ^ _61652_/ZN (NAND3_X1)
                                         _12339_ (net)
                  0.02    0.00    1.48 ^ _61653_/A2 (NAND3_X1)
     1    1.56    0.01    0.02    1.50 v _61653_/ZN (NAND3_X1)
                                         _12340_ (net)
                  0.01    0.00    1.50 v _61658_/A1 (NAND3_X1)
     1    1.60    0.01    0.02    1.51 ^ _61658_/ZN (NAND3_X1)
                                         _12345_ (net)
                  0.01    0.00    1.51 ^ _61668_/A1 (NAND2_X1)
     5    8.60    0.02    0.03    1.54 v _61668_/ZN (NAND2_X1)
                                         _12355_ (net)
                  0.02    0.00    1.54 v _61669_/A2 (NOR2_X1)
     2    5.12    0.03    0.05    1.59 ^ _61669_/ZN (NOR2_X1)
                                         _12356_ (net)
                  0.03    0.00    1.59 ^ _61670_/A2 (NAND2_X2)
     2    4.73    0.01    0.02    1.61 v _61670_/ZN (NAND2_X2)
                                         _12357_ (net)
                  0.01    0.00    1.61 v _61671_/A2 (NOR2_X2)
     4   10.82    0.03    0.05    1.66 ^ _61671_/ZN (NOR2_X2)
                                         _12358_ (net)
                  0.03    0.00    1.66 ^ _61822_/A1 (NAND3_X4)
     5   10.53    0.02    0.03    1.69 v _61822_/ZN (NAND3_X4)
                                         _12509_ (net)
                  0.02    0.00    1.69 v _61871_/A (BUF_X4)
    10   15.14    0.01    0.03    1.72 v _61871_/Z (BUF_X4)
                                         _12558_ (net)
                  0.01    0.00    1.72 v _62031_/A1 (NAND2_X1)
     2    3.26    0.01    0.02    1.74 ^ _62031_/ZN (NAND2_X1)
                                         _12718_ (net)
                  0.01    0.00    1.74 ^ _62033_/A2 (NAND3_X1)
     1    1.41    0.01    0.02    1.76 v _62033_/ZN (NAND3_X1)
                                         _12720_ (net)
                  0.01    0.00    1.76 v _62034_/A1 (NOR2_X1)
     1    6.20    0.04    0.05    1.80 ^ _62034_/ZN (NOR2_X1)
                                         _12721_ (net)
                  0.04    0.00    1.80 ^ _62035_/A2 (NAND2_X4)
     8   17.26    0.02    0.03    1.83 v _62035_/ZN (NAND2_X4)
                                         _12722_ (net)
                  0.02    0.00    1.83 v _62072_/A2 (NAND3_X4)
     5   12.44    0.02    0.03    1.86 ^ _62072_/ZN (NAND3_X4)
                                         _12759_ (net)
                  0.02    0.00    1.86 ^ _62080_/A (INV_X4)
     3   14.06    0.01    0.01    1.87 v _62080_/ZN (INV_X4)
                                         _12766_ (net)
                  0.01    0.00    1.87 v _62081_/A (BUF_X16)
    10   51.44    0.01    0.03    1.90 v _62081_/Z (BUF_X16)
                                         _12767_ (net)
                  0.01    0.00    1.90 v _62091_/A1 (NAND2_X2)
     1    3.13    0.01    0.01    1.91 ^ _62091_/ZN (NAND2_X2)
                                         _12776_ (net)
                  0.01    0.00    1.91 ^ _62093_/B1 (AOI21_X2)
     1    1.06    0.02    0.01    1.92 v _62093_/ZN (AOI21_X2)
                                         _00793_ (net)
                  0.02    0.00    1.92 v g_lane[13].u_mac.acc_q[11]$_SDFFE_PN0P_/D (DFF_X1)
                                  1.92   data arrival time

                  0.00    2.00    2.00   clock core_clock (rise edge)
                          0.00    2.00   clock network delay (ideal)
                          0.00    2.00   clock reconvergence pessimism
                                  2.00 ^ g_lane[13].u_mac.acc_q[11]$_SDFFE_PN0P_/CK (DFF_X1)
                         -0.04    1.96   library setup time
                                  1.96   data required time
-----------------------------------------------------------------------------
                                  1.96   data required time
                                 -1.92   data arrival time
-----------------------------------------------------------------------------
                                  0.04   slack (MET)



==========================================================================
Post synthesis report_checks -unconstrained
--------------------------------------------------------------------------
Startpoint: g_lane[13].u_mac.acc_q[26]$_SDFFE_PN0P_
            (rising edge-triggered flip-flop clocked by core_clock)
Endpoint: g_lane[13].u_mac.acc_q[11]$_SDFFE_PN0P_
          (rising edge-triggered flip-flop clocked by core_clock)
Path Group: core_clock
Path Type: max

Fanout     Cap    Slew   Delay    Time   Description
-----------------------------------------------------------------------------
                  0.00    0.00    0.00   clock core_clock (rise edge)
                          0.00    0.00   clock network delay (ideal)
                  0.00    0.00    0.00 ^ g_lane[13].u_mac.acc_q[26]$_SDFFE_PN0P_/CK (DFF_X1)
     2    0.97    0.01    0.08    0.08 ^ g_lane[13].u_mac.acc_q[26]$_SDFFE_PN0P_/Q (DFF_X1)
                                         o_acc[442] (net)
                  0.01    0.00    0.08 ^ _60157_/A (BUF_X1)
     4    8.94    0.02    0.04    0.12 ^ _60157_/Z (BUF_X1)
                                         _10844_ (net)
                  0.02    0.00    0.12 ^ _60159_/A (XNOR2_X2)
     5    9.96    0.03    0.05    0.17 ^ _60159_/ZN (XNOR2_X2)
                                         _10846_ (net)
                  0.03    0.00    0.17 ^ _60163_/A1 (NAND2_X1)
     3    6.03    0.02    0.03    0.20 v _60163_/ZN (NAND2_X1)
                                         _10850_ (net)
                  0.02    0.00    0.20 v _60172_/A2 (NOR4_X2)
     1    1.59    0.03    0.06    0.26 ^ _60172_/ZN (NOR4_X2)
                                         _10859_ (net)
                  0.03    0.00    0.26 ^ _60201_/A1 (NAND3_X1)
     1    5.70    0.02    0.04    0.30 v _60201_/ZN (NAND3_X1)
                                         _10888_ (net)
                  0.02    0.00    0.30 v _60217_/A1 (NAND2_X4)
     8   21.16    0.02    0.03    0.33 ^ _60217_/ZN (NAND2_X4)
                                         _10904_ (net)
                  0.02    0.00    0.33 ^ _60223_/A (INV_X2)
     3    8.87    0.01    0.01    0.34 v _60223_/ZN (INV_X2)
                                         _10910_ (net)
                  0.01    0.00    0.34 v _60224_/A (BUF_X8)
    10   18.22    0.01    0.03    0.37 v _60224_/Z (BUF_X8)
                                         _10911_ (net)
                  0.01    0.00    0.37 v _60263_/A1 (NAND2_X1)
     1    1.60    0.01    0.01    0.38 ^ _60263_/ZN (NAND2_X1)
                                         _10950_ (net)
                  0.01    0.00    0.38 ^ _60265_/A1 (NAND2_X1)
     1    1.55    0.01    0.01    0.39 v _60265_/ZN (NAND2_X1)
                                         _10952_ (net)
                  0.01    0.00    0.39 v _60266_/A (INV_X1)
     2    5.07    0.01    0.02    0.41 ^ _60266_/ZN (INV_X1)
                                         _10953_ (net)
                  0.01    0.00    0.41 ^ _60267_/A2 (NAND2_X2)
     3    8.59    0.02    0.02    0.43 v _60267_/ZN (NAND2_X2)
                                         _10954_ (net)
                  0.02    0.00    0.43 v _60268_/A2 (NAND2_X4)
     4    7.84    0.01    0.02    0.46 ^ _60268_/ZN (NAND2_X4)
                                         _10955_ (net)
                  0.01    0.00    0.46 ^ _60306_/A1 (NAND2_X1)
     1    2.93    0.01    0.02    0.47 v _60306_/ZN (NAND2_X1)
                                         _10993_ (net)
                  0.01    0.00    0.47 v _60308_/A1 (NAND2_X2)
     2    8.01    0.01    0.02    0.49 ^ _60308_/ZN (NAND2_X2)
                                         _10995_ (net)
                  0.01    0.00    0.49 ^ _60398_/A (XNOR2_X2)
     7   18.06    0.05    0.06    0.55 ^ _60398_/ZN (XNOR2_X2)
                                         _11085_ (net)
                  0.05    0.00    0.55 ^ _60399_/A (BUF_X8)
    10   24.81    0.01    0.03    0.58 ^ _60399_/Z (BUF_X8)
                                         _11086_ (net)
                  0.01    0.00    0.58 ^ _60400_/A (BUF_X8)
    10   19.50    0.01    0.02    0.61 ^ _60400_/Z (BUF_X8)
                                         _11087_ (net)
                  0.01    0.00    0.61 ^ _60401_/A3 (NAND3_X2)
     1    1.53    0.01    0.02    0.62 v _60401_/ZN (NAND3_X2)
                                         _11088_ (net)
                  0.01    0.00    0.62 v _60455_/A1 (NAND2_X1)
     1    1.62    0.01    0.01    0.64 ^ _60455_/ZN (NAND2_X1)
                                         _11142_ (net)
                  0.01    0.00    0.64 ^ _60458_/A2 (NAND3_X1)
     1    1.41    0.01    0.02    0.66 v _60458_/ZN (NAND3_X1)
                                         _11145_ (net)
                  0.01    0.00    0.66 v _60480_/A1 (NOR2_X1)
     1    1.60    0.02    0.02    0.68 ^ _60480_/ZN (NOR2_X1)
                                         _11167_ (net)
                  0.02    0.00    0.68 ^ _60488_/A1 (NAND2_X1)
     1    1.41    0.01    0.01    0.69 v _60488_/ZN (NAND2_X1)
                                         _11175_ (net)
                  0.01    0.00    0.69 v _60500_/A1 (NOR2_X1)
     1    1.59    0.02    0.02    0.72 ^ _60500_/ZN (NOR2_X1)
                                         _11187_ (net)
                  0.02    0.00    0.72 ^ _60560_/A1 (NAND3_X1)
     2    7.05    0.02    0.04    0.75 v _60560_/ZN (NAND3_X1)
                                         _11247_ (net)
                  0.02    0.00    0.75 v _60583_/A1 (NOR2_X4)
     5   12.53    0.02    0.04    0.79 ^ _60583_/ZN (NOR2_X4)
                                         _11270_ (net)
                  0.02    0.00    0.79 ^ _60731_/A1 (NAND2_X4)
     4   10.14    0.01    0.02    0.81 v _60731_/ZN (NAND2_X4)
                                         _11418_ (net)
                  0.01    0.00    0.81 v _60732_/A1 (NOR2_X4)
     6   11.96    0.02    0.03    0.84 ^ _60732_/ZN (NOR2_X4)
                                         _11419_ (net)
                  0.02    0.00    0.84 ^ _60795_/A2 (NAND2_X2)
     2    2.99    0.01    0.02    0.85 v _60795_/ZN (NAND2_X2)
                                         _11482_ (net)
                  0.01    0.00    0.85 v _60796_/A2 (NAND2_X1)
     2    4.65    0.02    0.02    0.88 ^ _60796_/ZN (NAND2_X1)
                                         _11483_ (net)
                  0.02    0.00    0.88 ^ _60830_/A1 (NAND2_X2)
     1    2.93    0.01    0.01    0.89 v _60830_/ZN (NAND2_X2)
                                         _11517_ (net)
                  0.01    0.00    0.89 v _60833_/A1 (NAND2_X2)
     2    5.29    0.01    0.02    0.91 ^ _60833_/ZN (NAND2_X2)
                                         _11520_ (net)
                  0.01    0.00    0.91 ^ _60864_/A1 (NAND2_X2)
     1    2.93    0.01    0.01    0.92 v _60864_/ZN (NAND2_X2)
                                         _11551_ (net)
                  0.01    0.00    0.92 v _60866_/A1 (NAND2_X2)
     2    5.29    0.01    0.02    0.94 ^ _60866_/ZN (NAND2_X2)
                                         _11553_ (net)
                  0.01    0.00    0.94 ^ _60910_/A1 (NAND2_X2)
     1    2.93    0.01    0.01    0.95 v _60910_/ZN (NAND2_X2)
                                         _11597_ (net)
                  0.01    0.00    0.95 v _60912_/A1 (NAND2_X2)
     3    6.88    0.01    0.02    0.97 ^ _60912_/ZN (NAND2_X2)
                                         _11599_ (net)
                  0.01    0.00    0.97 ^ _60923_/A (XNOR2_X1)
     3    5.03    0.03    0.05    1.02 ^ _60923_/ZN (XNOR2_X1)
                                         _11610_ (net)
                  0.03    0.00    1.02 ^ _61180_/A (INV_X1)
     2    2.92    0.01    0.01    1.03 v _61180_/ZN (INV_X1)
                                         _11867_ (net)
                  0.01    0.00    1.03 v _61181_/A1 (NOR2_X1)
     3    4.08    0.03    0.04    1.07 ^ _61181_/ZN (NOR2_X1)
                                         _11868_ (net)
                  0.03    0.00    1.07 ^ _61214_/A1 (NAND2_X1)
     1    3.18    0.01    0.02    1.09 v _61214_/ZN (NAND2_X1)
                                         _11901_ (net)
                  0.01    0.00    1.09 v _61215_/A2 (NOR2_X2)
     2    3.25    0.02    0.03    1.12 ^ _61215_/ZN (NOR2_X2)
                                         _11902_ (net)
                  0.02    0.00    1.12 ^ _61217_/A1 (NAND2_X1)
     1    2.93    0.01    0.02    1.14 v _61217_/ZN (NAND2_X1)
                                         _11904_ (net)
                  0.01    0.00    1.14 v _61219_/A1 (NAND3_X2)
     3    5.66    0.01    0.02    1.15 ^ _61219_/ZN (NAND3_X2)
                                         _11906_ (net)
                  0.01    0.00    1.15 ^ _61225_/A1 (OR2_X1)
     2    3.26    0.01    0.03    1.18 ^ _61225_/ZN (OR2_X1)
                                         _11912_ (net)
                  0.01    0.00    1.18 ^ _61228_/A2 (NAND4_X1)
     2    4.11    0.02    0.04    1.22 v _61228_/ZN (NAND4_X1)
                                         _11915_ (net)
                  0.02    0.00    1.22 v _61284_/A1 (NOR2_X2)
     1    3.45    0.02    0.03    1.25 ^ _61284_/ZN (NOR2_X2)
                                         _11971_ (net)
                  0.02    0.00    1.25 ^ _61285_/A2 (NAND2_X2)
     1    5.61    0.01    0.02    1.27 v _61285_/ZN (NAND2_X2)
                                         _11972_ (net)
                  0.01    0.00    1.27 v _61288_/B1 (AOI21_X4)
     7   19.26    0.04    0.04    1.31 ^ _61288_/ZN (AOI21_X4)
                                         _11975_ (net)
                  0.04    0.00    1.31 ^ _61297_/A2 (NAND3_X2)
     3    8.67    0.02    0.04    1.35 v _61297_/ZN (NAND3_X2)
                                         _11984_ (net)
                  0.02    0.00    1.35 v _61298_/A2 (NAND2_X4)
     8   17.85    0.02    0.03    1.38 ^ _61298_/ZN (NAND2_X4)
                                         _11985_ (net)
                  0.02    0.00    1.38 ^ _61299_/A (BUF_X4)
    10   15.99    0.01    0.03    1.41 ^ _61299_/Z (BUF_X4)
                                         _11986_ (net)
                  0.01    0.00    1.41 ^ _61486_/A1 (NAND2_X1)
     2    3.03    0.01    0.02    1.42 v _61486_/ZN (NAND2_X1)
                                         _12173_ (net)
                  0.01    0.00    1.42 v _61487_/A2 (NAND2_X1)
     1    1.60    0.01    0.02    1.44 ^ _61487_/ZN (NAND2_X1)
                                         _12174_ (net)
                  0.01    0.00    1.44 ^ _61488_/A1 (NAND2_X1)
     2    3.09    0.01    0.02    1.46 v _61488_/ZN (NAND2_X1)
                                         _12175_ (net)
                  0.01    0.00    1.46 v _61652_/A1 (NAND3_X1)
     2    3.30    0.02    0.02    1.48 ^ _61652_/ZN (NAND3_X1)
                                         _12339_ (net)
                  0.02    0.00    1.48 ^ _61653_/A2 (NAND3_X1)
     1    1.56    0.01    0.02    1.50 v _61653_/ZN (NAND3_X1)
                                         _12340_ (net)
                  0.01    0.00    1.50 v _61658_/A1 (NAND3_X1)
     1    1.60    0.01    0.02    1.51 ^ _61658_/ZN (NAND3_X1)
                                         _12345_ (net)
                  0.01    0.00    1.51 ^ _61668_/A1 (NAND2_X1)
     5    8.60    0.02    0.03    1.54 v _61668_/ZN (NAND2_X1)
                                         _12355_ (net)
                  0.02    0.00    1.54 v _61669_/A2 (NOR2_X1)
     2    5.12    0.03    0.05    1.59 ^ _61669_/ZN (NOR2_X1)
                                         _12356_ (net)
                  0.03    0.00    1.59 ^ _61670_/A2 (NAND2_X2)
     2    4.73    0.01    0.02    1.61 v _61670_/ZN (NAND2_X2)
                                         _12357_ (net)
                  0.01    0.00    1.61 v _61671_/A2 (NOR2_X2)
     4   10.82    0.03    0.05    1.66 ^ _61671_/ZN (NOR2_X2)
                                         _12358_ (net)
                  0.03    0.00    1.66 ^ _61822_/A1 (NAND3_X4)
     5   10.53    0.02    0.03    1.69 v _61822_/ZN (NAND3_X4)
                                         _12509_ (net)
                  0.02    0.00    1.69 v _61871_/A (BUF_X4)
    10   15.14    0.01    0.03    1.72 v _61871_/Z (BUF_X4)
                                         _12558_ (net)
                  0.01    0.00    1.72 v _62031_/A1 (NAND2_X1)
     2    3.26    0.01    0.02    1.74 ^ _62031_/ZN (NAND2_X1)
                                         _12718_ (net)
                  0.01    0.00    1.74 ^ _62033_/A2 (NAND3_X1)
     1    1.41    0.01    0.02    1.76 v _62033_/ZN (NAND3_X1)
                                         _12720_ (net)
                  0.01    0.00    1.76 v _62034_/A1 (NOR2_X1)
     1    6.20    0.04    0.05    1.80 ^ _62034_/ZN (NOR2_X1)
                                         _12721_ (net)
                  0.04    0.00    1.80 ^ _62035_/A2 (NAND2_X4)
     8   17.26    0.02    0.03    1.83 v _62035_/ZN (NAND2_X4)
                                         _12722_ (net)
                  0.02    0.00    1.83 v _62072_/A2 (NAND3_X4)
     5   12.44    0.02    0.03    1.86 ^ _62072_/ZN (NAND3_X4)
                                         _12759_ (net)
                  0.02    0.00    1.86 ^ _62080_/A (INV_X4)
     3   14.06    0.01    0.01    1.87 v _62080_/ZN (INV_X4)
                                         _12766_ (net)
                  0.01    0.00    1.87 v _62081_/A (BUF_X16)
    10   51.44    0.01    0.03    1.90 v _62081_/Z (BUF_X16)
                                         _12767_ (net)
                  0.01    0.00    1.90 v _62091_/A1 (NAND2_X2)
     1    3.13    0.01    0.01    1.91 ^ _62091_/ZN (NAND2_X2)
                                         _12776_ (net)
                  0.01    0.00    1.91 ^ _62093_/B1 (AOI21_X2)
     1    1.06    0.02    0.01    1.92 v _62093_/ZN (AOI21_X2)
                                         _00793_ (net)
                  0.02    0.00    1.92 v g_lane[13].u_mac.acc_q[11]$_SDFFE_PN0P_/D (DFF_X1)
                                  1.92   data arrival time

                  0.00    2.00    2.00   clock core_clock (rise edge)
                          0.00    2.00   clock network delay (ideal)
                          0.00    2.00   clock reconvergence pessimism
                                  2.00 ^ g_lane[13].u_mac.acc_q[11]$_SDFFE_PN0P_/CK (DFF_X1)
                         -0.04    1.96   library setup time
                                  1.96   data required time
-----------------------------------------------------------------------------
                                  1.96   data required time
                                 -1.92   data arrival time
-----------------------------------------------------------------------------
                                  0.04   slack (MET)



==========================================================================
Post synthesis report_power
--------------------------------------------------------------------------
Group                  Internal  Switching    Leakage      Total
                          Power      Power      Power      Power (Watts)
----------------------------------------------------------------
Sequential             5.64e-03   3.63e-04   1.05e-04   6.11e-03   3.0%
Combinational          9.41e-02   1.06e-01   1.07e-03   2.01e-01  97.0%
Clock                  0.00e+00   0.00e+00   0.00e+00   0.00e+00   0.0%
Macro                  0.00e+00   0.00e+00   0.00e+00   0.00e+00   0.0%
Pad                    0.00e+00   0.00e+00   0.00e+00   0.00e+00   0.0%
----------------------------------------------------------------
Total                  9.98e-02   1.06e-01   1.18e-03   2.07e-01 100.0%
                          48.2%      51.2%       0.6%
