
==========================================================================
Post synthesis report_tns
--------------------------------------------------------------------------
tns 0.00

==========================================================================
Post synthesis report_wns
--------------------------------------------------------------------------
wns 0.00

==========================================================================
Post synthesis report_worst_slack
--------------------------------------------------------------------------
worst slack 0.85

==========================================================================
Post synthesis report_checks -path_delay min
--------------------------------------------------------------------------
Startpoint: u_pcu.ovf_sticky_q$_SDFF_PN0_
            (rising edge-triggered flip-flop clocked by core_clock)
Endpoint: u_pcu.ovf_sticky_q$_SDFF_PN0_
          (rising edge-triggered flip-flop clocked by core_clock)
Path Group: core_clock
Path Type: min

Fanout     Cap    Slew   Delay    Time   Description
-----------------------------------------------------------------------------
                  0.00    0.00    0.00   clock core_clock (rise edge)
                          0.00    0.00   clock network delay (ideal)
                  0.00    0.00    0.00 ^ u_pcu.ovf_sticky_q$_SDFF_PN0_/CK (DFF_X1)
     2    1.49    0.01    0.08    0.08 v u_pcu.ovf_sticky_q$_SDFF_PN0_/Q (DFF_X1)
                                         ovf_sticky_o (net)
                  0.01    0.00    0.08 v _74748_/A3 (NAND3_X1)
     1    1.66    0.01    0.02    0.10 ^ _74748_/ZN (NAND3_X1)
                                         _35334_ (net)
                  0.01    0.00    0.10 ^ _74749_/A2 (NAND2_X1)
     1    1.06    0.01    0.01    0.11 v _74749_/ZN (NAND2_X1)
                                         _03083_ (net)
                  0.01    0.00    0.11 v u_pcu.ovf_sticky_q$_SDFF_PN0_/D (DFF_X1)
                                  0.11   data arrival time

                  0.00    0.00    0.00   clock core_clock (rise edge)
                          0.00    0.00   clock network delay (ideal)
                          0.00    0.00   clock reconvergence pessimism
                                  0.00 ^ u_pcu.ovf_sticky_q$_SDFF_PN0_/CK (DFF_X1)
                          0.00    0.00   library hold time
                                  0.00   data required time
-----------------------------------------------------------------------------
                                  0.00   data required time
                                 -0.11   data arrival time
-----------------------------------------------------------------------------
                                  0.11   slack (MET)



==========================================================================
Post synthesis report_checks -path_delay max
--------------------------------------------------------------------------
Startpoint: a_q4_i[6] (input port clocked by core_clock)
Endpoint: u_pcu.g_row[0].g_pe[7].u_pe.psum_q[8]$_SDFFE_PN0P_
          (rising edge-triggered flip-flop clocked by core_clock)
Path Group: core_clock
Path Type: max

Fanout     Cap    Slew   Delay    Time   Description
-----------------------------------------------------------------------------
                  0.00    0.00    0.00   clock core_clock (rise edge)
                          0.00    0.00   clock network delay (ideal)
                          0.40    0.40 ^ input external delay
     1    6.59    0.00    0.00    0.40 ^ a_q4_i[6] (in)
                                         a_q4_i[6] (net)
                  0.00    0.00    0.40 ^ _53452_/A (BUF_X8)
     5   49.72    0.02    0.03    0.43 ^ _53452_/Z (BUF_X8)
                                         _14868_ (net)
                  0.02    0.00    0.43 ^ _53531_/A (BUF_X32)
    10  108.73    0.01    0.03    0.46 ^ _53531_/Z (BUF_X32)
                                         _14946_ (net)
                  0.01    0.00    0.46 ^ _53532_/A (BUF_X32)
    10   92.59    0.01    0.03    0.49 ^ _53532_/Z (BUF_X32)
                                         _14947_ (net)
                  0.01    0.00    0.49 ^ _71669_/A1 (NAND2_X4)
     2    4.73    0.01    0.01    0.50 v _71669_/ZN (NAND2_X4)
                                         _32793_ (net)
                  0.01    0.00    0.50 v _71670_/A2 (OR2_X4)
     2    4.45    0.01    0.04    0.54 v _71670_/ZN (OR2_X4)
                                         _32794_ (net)
                  0.01    0.00    0.54 v _71672_/A1 (NAND2_X2)
     1    4.00    0.01    0.01    0.56 ^ _71672_/ZN (NAND2_X2)
                                         _32796_ (net)
                  0.01    0.00    0.56 ^ _71674_/A (XNOR2_X2)
     2    5.28    0.02    0.04    0.59 ^ _71674_/ZN (XNOR2_X2)
                                         _32798_ (net)
                  0.02    0.00    0.59 ^ _71676_/A (XOR2_X2)
     2    6.80    0.03    0.06    0.65 ^ _71676_/Z (XOR2_X2)
                                         _32800_ (net)
                  0.03    0.00    0.65 ^ _71677_/A2 (NAND2_X2)
     1    2.94    0.01    0.02    0.67 v _71677_/ZN (NAND2_X2)
                                         _32801_ (net)
                  0.01    0.00    0.67 v _71678_/A (INV_X2)
     3   12.44    0.02    0.02    0.69 ^ _71678_/ZN (INV_X2)
                                         _32802_ (net)
                  0.02    0.00    0.69 ^ _71821_/A (XNOR2_X2)
     2    4.68    0.02    0.04    0.74 ^ _71821_/ZN (XNOR2_X2)
                                         _32944_ (net)
                  0.02    0.00    0.74 ^ _71824_/A1 (NAND3_X2)
     3    7.45    0.02    0.03    0.76 v _71824_/ZN (NAND3_X2)
                                         _32947_ (net)
                  0.02    0.00    0.76 v _71901_/A1 (OR2_X4)
     3   10.37    0.01    0.05    0.81 v _71901_/ZN (OR2_X4)
                                         _33023_ (net)
                  0.01    0.00    0.81 v _71902_/A2 (NAND2_X2)
     2    5.12    0.01    0.02    0.83 ^ _71902_/ZN (NAND2_X2)
                                         _33024_ (net)
                  0.01    0.00    0.83 ^ _71904_/A2 (NAND2_X1)
     3    6.13    0.01    0.02    0.85 v _71904_/ZN (NAND2_X1)
                                         _33026_ (net)
                  0.01    0.00    0.85 v _71905_/A2 (NAND2_X1)
     1    1.60    0.01    0.02    0.87 ^ _71905_/ZN (NAND2_X1)
                                         _33027_ (net)
                  0.01    0.00    0.87 ^ _71914_/A1 (NAND2_X1)
     1    2.93    0.01    0.02    0.89 v _71914_/ZN (NAND2_X1)
                                         _33036_ (net)
                  0.01    0.00    0.89 v _71917_/A1 (NAND2_X2)
     3    6.92    0.01    0.02    0.91 ^ _71917_/ZN (NAND2_X2)
                                         _33039_ (net)
                  0.01    0.00    0.91 ^ _71937_/A2 (NAND2_X1)
     1    2.93    0.01    0.02    0.93 v _71937_/ZN (NAND2_X1)
                                         _33058_ (net)
                  0.01    0.00    0.93 v _71938_/A1 (NAND2_X2)
     2    5.15    0.01    0.02    0.94 ^ _71938_/ZN (NAND2_X2)
                                         _33059_ (net)
                  0.01    0.00    0.94 ^ _71939_/A (INV_X1)
     1    2.93    0.01    0.01    0.95 v _71939_/ZN (INV_X1)
                                         _33060_ (net)
                  0.01    0.00    0.95 v _71964_/A1 (NAND3_X2)
     3    6.30    0.02    0.02    0.97 ^ _71964_/ZN (NAND3_X2)
                                         _33085_ (net)
                  0.02    0.00    0.97 ^ _71967_/A1 (NAND2_X2)
     3    6.14    0.01    0.02    0.99 v _71967_/ZN (NAND2_X2)
                                         _33088_ (net)
                  0.01    0.00    0.99 v _71977_/A2 (NOR2_X2)
     2    5.13    0.02    0.03    1.02 ^ _71977_/ZN (NOR2_X2)
                                         _33097_ (net)
                  0.02    0.00    1.02 ^ _71981_/A3 (NAND3_X1)
     2    3.03    0.01    0.03    1.05 v _71981_/ZN (NAND3_X1)
                                         _33101_ (net)
                  0.01    0.00    1.05 v _71982_/A2 (NAND2_X1)
     1    1.60    0.01    0.02    1.07 ^ _71982_/ZN (NAND2_X1)
                                         _33102_ (net)
                  0.01    0.00    1.07 ^ _71993_/A1 (NAND2_X1)
     1    1.53    0.01    0.01    1.08 v _71993_/ZN (NAND2_X1)
                                         _33113_ (net)
                  0.01    0.00    1.08 v _71995_/A1 (NAND2_X1)
     1    3.13    0.01    0.02    1.10 ^ _71995_/ZN (NAND2_X1)
                                         _33115_ (net)
                  0.01    0.00    1.10 ^ _71996_/B1 (AOI21_X2)
     1    1.06    0.01    0.01    1.11 v _71996_/ZN (AOI21_X2)
                                         _02548_ (net)
                  0.01    0.00    1.11 v u_pcu.g_row[0].g_pe[7].u_pe.psum_q[8]$_SDFFE_PN0P_/D (DFF_X1)
                                  1.11   data arrival time

                  0.00    2.00    2.00   clock core_clock (rise edge)
                          0.00    2.00   clock network delay (ideal)
                          0.00    2.00   clock reconvergence pessimism
                                  2.00 ^ u_pcu.g_row[0].g_pe[7].u_pe.psum_q[8]$_SDFFE_PN0P_/CK (DFF_X1)
                         -0.04    1.96   library setup time
                                  1.96   data required time
-----------------------------------------------------------------------------
                                  1.96   data required time
                                 -1.11   data arrival time
-----------------------------------------------------------------------------
                                  0.85   slack (MET)



==========================================================================
Post synthesis report_checks -unconstrained
--------------------------------------------------------------------------
Startpoint: a_q4_i[6] (input port clocked by core_clock)
Endpoint: u_pcu.g_row[0].g_pe[7].u_pe.psum_q[8]$_SDFFE_PN0P_
          (rising edge-triggered flip-flop clocked by core_clock)
Path Group: core_clock
Path Type: max

Fanout     Cap    Slew   Delay    Time   Description
-----------------------------------------------------------------------------
                  0.00    0.00    0.00   clock core_clock (rise edge)
                          0.00    0.00   clock network delay (ideal)
                          0.40    0.40 ^ input external delay
     1    6.59    0.00    0.00    0.40 ^ a_q4_i[6] (in)
                                         a_q4_i[6] (net)
                  0.00    0.00    0.40 ^ _53452_/A (BUF_X8)
     5   49.72    0.02    0.03    0.43 ^ _53452_/Z (BUF_X8)
                                         _14868_ (net)
                  0.02    0.00    0.43 ^ _53531_/A (BUF_X32)
    10  108.73    0.01    0.03    0.46 ^ _53531_/Z (BUF_X32)
                                         _14946_ (net)
                  0.01    0.00    0.46 ^ _53532_/A (BUF_X32)
    10   92.59    0.01    0.03    0.49 ^ _53532_/Z (BUF_X32)
                                         _14947_ (net)
                  0.01    0.00    0.49 ^ _71669_/A1 (NAND2_X4)
     2    4.73    0.01    0.01    0.50 v _71669_/ZN (NAND2_X4)
                                         _32793_ (net)
                  0.01    0.00    0.50 v _71670_/A2 (OR2_X4)
     2    4.45    0.01    0.04    0.54 v _71670_/ZN (OR2_X4)
                                         _32794_ (net)
                  0.01    0.00    0.54 v _71672_/A1 (NAND2_X2)
     1    4.00    0.01    0.01    0.56 ^ _71672_/ZN (NAND2_X2)
                                         _32796_ (net)
                  0.01    0.00    0.56 ^ _71674_/A (XNOR2_X2)
     2    5.28    0.02    0.04    0.59 ^ _71674_/ZN (XNOR2_X2)
                                         _32798_ (net)
                  0.02    0.00    0.59 ^ _71676_/A (XOR2_X2)
     2    6.80    0.03    0.06    0.65 ^ _71676_/Z (XOR2_X2)
                                         _32800_ (net)
                  0.03    0.00    0.65 ^ _71677_/A2 (NAND2_X2)
     1    2.94    0.01    0.02    0.67 v _71677_/ZN (NAND2_X2)
                                         _32801_ (net)
                  0.01    0.00    0.67 v _71678_/A (INV_X2)
     3   12.44    0.02    0.02    0.69 ^ _71678_/ZN (INV_X2)
                                         _32802_ (net)
                  0.02    0.00    0.69 ^ _71821_/A (XNOR2_X2)
     2    4.68    0.02    0.04    0.74 ^ _71821_/ZN (XNOR2_X2)
                                         _32944_ (net)
                  0.02    0.00    0.74 ^ _71824_/A1 (NAND3_X2)
     3    7.45    0.02    0.03    0.76 v _71824_/ZN (NAND3_X2)
                                         _32947_ (net)
                  0.02    0.00    0.76 v _71901_/A1 (OR2_X4)
     3   10.37    0.01    0.05    0.81 v _71901_/ZN (OR2_X4)
                                         _33023_ (net)
                  0.01    0.00    0.81 v _71902_/A2 (NAND2_X2)
     2    5.12    0.01    0.02    0.83 ^ _71902_/ZN (NAND2_X2)
                                         _33024_ (net)
                  0.01    0.00    0.83 ^ _71904_/A2 (NAND2_X1)
     3    6.13    0.01    0.02    0.85 v _71904_/ZN (NAND2_X1)
                                         _33026_ (net)
                  0.01    0.00    0.85 v _71905_/A2 (NAND2_X1)
     1    1.60    0.01    0.02    0.87 ^ _71905_/ZN (NAND2_X1)
                                         _33027_ (net)
                  0.01    0.00    0.87 ^ _71914_/A1 (NAND2_X1)
     1    2.93    0.01    0.02    0.89 v _71914_/ZN (NAND2_X1)
                                         _33036_ (net)
                  0.01    0.00    0.89 v _71917_/A1 (NAND2_X2)
     3    6.92    0.01    0.02    0.91 ^ _71917_/ZN (NAND2_X2)
                                         _33039_ (net)
                  0.01    0.00    0.91 ^ _71937_/A2 (NAND2_X1)
     1    2.93    0.01    0.02    0.93 v _71937_/ZN (NAND2_X1)
                                         _33058_ (net)
                  0.01    0.00    0.93 v _71938_/A1 (NAND2_X2)
     2    5.15    0.01    0.02    0.94 ^ _71938_/ZN (NAND2_X2)
                                         _33059_ (net)
                  0.01    0.00    0.94 ^ _71939_/A (INV_X1)
     1    2.93    0.01    0.01    0.95 v _71939_/ZN (INV_X1)
                                         _33060_ (net)
                  0.01    0.00    0.95 v _71964_/A1 (NAND3_X2)
     3    6.30    0.02    0.02    0.97 ^ _71964_/ZN (NAND3_X2)
                                         _33085_ (net)
                  0.02    0.00    0.97 ^ _71967_/A1 (NAND2_X2)
     3    6.14    0.01    0.02    0.99 v _71967_/ZN (NAND2_X2)
                                         _33088_ (net)
                  0.01    0.00    0.99 v _71977_/A2 (NOR2_X2)
     2    5.13    0.02    0.03    1.02 ^ _71977_/ZN (NOR2_X2)
                                         _33097_ (net)
                  0.02    0.00    1.02 ^ _71981_/A3 (NAND3_X1)
     2    3.03    0.01    0.03    1.05 v _71981_/ZN (NAND3_X1)
                                         _33101_ (net)
                  0.01    0.00    1.05 v _71982_/A2 (NAND2_X1)
     1    1.60    0.01    0.02    1.07 ^ _71982_/ZN (NAND2_X1)
                                         _33102_ (net)
                  0.01    0.00    1.07 ^ _71993_/A1 (NAND2_X1)
     1    1.53    0.01    0.01    1.08 v _71993_/ZN (NAND2_X1)
                                         _33113_ (net)
                  0.01    0.00    1.08 v _71995_/A1 (NAND2_X1)
     1    3.13    0.01    0.02    1.10 ^ _71995_/ZN (NAND2_X1)
                                         _33115_ (net)
                  0.01    0.00    1.10 ^ _71996_/B1 (AOI21_X2)
     1    1.06    0.01    0.01    1.11 v _71996_/ZN (AOI21_X2)
                                         _02548_ (net)
                  0.01    0.00    1.11 v u_pcu.g_row[0].g_pe[7].u_pe.psum_q[8]$_SDFFE_PN0P_/D (DFF_X1)
                                  1.11   data arrival time

                  0.00    2.00    2.00   clock core_clock (rise edge)
                          0.00    2.00   clock network delay (ideal)
                          0.00    2.00   clock reconvergence pessimism
                                  2.00 ^ u_pcu.g_row[0].g_pe[7].u_pe.psum_q[8]$_SDFFE_PN0P_/CK (DFF_X1)
                         -0.04    1.96   library setup time
                                  1.96   data required time
-----------------------------------------------------------------------------
                                  1.96   data required time
                                 -1.11   data arrival time
-----------------------------------------------------------------------------
                                  0.85   slack (MET)



==========================================================================
Post synthesis report_power
--------------------------------------------------------------------------
Group                  Internal  Switching    Leakage      Total
                          Power      Power      Power      Power (Watts)
----------------------------------------------------------------
Sequential             1.02e-02   4.06e-04   2.23e-04   1.09e-02  36.0%
Combinational          9.10e-03   9.20e-03   1.02e-03   1.93e-02  64.0%
Clock                  0.00e+00   0.00e+00   0.00e+00   0.00e+00   0.0%
Macro                  0.00e+00   0.00e+00   0.00e+00   0.00e+00   0.0%
Pad                    0.00e+00   0.00e+00   0.00e+00   0.00e+00   0.0%
----------------------------------------------------------------
Total                  1.93e-02   9.60e-03   1.24e-03   3.02e-02 100.0%
                          64.1%      31.8%       4.1%
