
==========================================================================
Post synthesis report_tns
--------------------------------------------------------------------------
tns 0.00

==========================================================================
Post synthesis report_wns
--------------------------------------------------------------------------
wns 0.00

==========================================================================
Post synthesis report_worst_slack
--------------------------------------------------------------------------
worst slack 0.16

==========================================================================
Post synthesis report_checks -path_delay min
--------------------------------------------------------------------------
Startpoint: u_pcu.u_mul.fp32_o[31]$_SDFF_PP0_
            (rising edge-triggered flip-flop clocked by core_clock)
Endpoint: u_pcu.u_minmax.max_key_q[31]$_SDFFE_PN0P_
          (rising edge-triggered flip-flop clocked by core_clock)
Path Group: core_clock
Path Type: min

Fanout     Cap    Slew   Delay    Time   Description
-----------------------------------------------------------------------------
                  0.00    0.00    0.00   clock core_clock (rise edge)
                          0.00    0.00   clock network delay (ideal)
                  0.00    0.00    0.00 ^ u_pcu.u_mul.fp32_o[31]$_SDFF_PP0_/CK (DFF_X1)
     1    1.70    0.01    0.06    0.06 ^ u_pcu.u_mul.fp32_o[31]$_SDFF_PP0_/QN (DFF_X1)
                                         u_pcu.u_minmax.key[31] (net)
                  0.01    0.00    0.06 ^ _083471_/A (INV_X1)
     2    2.89    0.01    0.01    0.07 v _083471_/ZN (INV_X1)
                                         _029743_ (net)
                  0.01    0.00    0.07 v _083472_/B1 (AOI21_X1)
     1    1.14    0.01    0.02    0.09 ^ _083472_/ZN (AOI21_X1)
                                         _000454_ (net)
                  0.01    0.00    0.09 ^ u_pcu.u_minmax.max_key_q[31]$_SDFFE_PN0P_/D (DFF_X1)
                                  0.09   data arrival time

                  0.00    0.00    0.00   clock core_clock (rise edge)
                          0.00    0.00   clock network delay (ideal)
                          0.00    0.00   clock reconvergence pessimism
                                  0.00 ^ u_pcu.u_minmax.max_key_q[31]$_SDFFE_PN0P_/CK (DFF_X1)
                          0.01    0.01   library hold time
                                  0.01   data required time
-----------------------------------------------------------------------------
                                  0.01   data required time
                                 -0.09   data arrival time
-----------------------------------------------------------------------------
                                  0.09   slack (MET)



==========================================================================
Post synthesis report_checks -path_delay max
--------------------------------------------------------------------------
Startpoint: drain_entry_i[0] (input port clocked by core_clock)
Endpoint: u_pcu.u_mul.s0_exact_product_q[39]$_SDFFE_PN0P_
          (rising edge-triggered flip-flop clocked by core_clock)
Path Group: core_clock
Path Type: max

Fanout     Cap    Slew   Delay    Time   Description
-----------------------------------------------------------------------------
                  0.00    0.00    0.00   clock core_clock (rise edge)
                          0.00    0.00   clock network delay (ideal)
                          0.40    0.40 ^ input external delay
     1    6.20    0.00    0.00    0.40 ^ drain_entry_i[0] (in)
                                         drain_entry_i[0] (net)
                  0.00    0.00    0.40 ^ _054359_/A2 (NAND2_X4)
     1    5.81    0.01    0.01    0.41 v _054359_/ZN (NAND2_X4)
                                         _004555_ (net)
                  0.01    0.00    0.41 v _054360_/A (BUF_X8)
     7   19.48    0.01    0.03    0.44 v _054360_/Z (BUF_X8)
                                         _004556_ (net)
                  0.01    0.00    0.44 v _054363_/A1 (NAND2_X4)
     1   12.41    0.01    0.02    0.45 ^ _054363_/ZN (NAND2_X4)
                                         _004559_ (net)
                  0.01    0.00    0.45 ^ _054364_/A (BUF_X16)
     5   71.69    0.01    0.03    0.48 ^ _054364_/Z (BUF_X16)
                                         _004560_ (net)
                  0.01    0.00    0.48 ^ _054365_/A (INV_X16)
     2   29.38    0.01    0.01    0.49 v _054365_/ZN (INV_X16)
                                         _004561_ (net)
                  0.01    0.00    0.49 v _054380_/A (BUF_X32)
    10   96.79    0.01    0.03    0.52 v _054380_/Z (BUF_X32)
                                         _004576_ (net)
                  0.01    0.00    0.52 v _054389_/A (BUF_X16)
    10   28.13    0.01    0.02    0.54 v _054389_/Z (BUF_X16)
                                         _004584_ (net)
                  0.01    0.00    0.54 v _054572_/A1 (NAND2_X1)
     1    1.59    0.01    0.01    0.56 ^ _054572_/ZN (NAND2_X1)
                                         _004752_ (net)
                  0.01    0.00    0.56 ^ _054574_/A1 (NAND3_X1)
     1    0.89    0.01    0.01    0.57 v _054574_/ZN (NAND3_X1)
                                         _004754_ (net)
                  0.01    0.00    0.57 v _054575_/A2 (AND2_X1)
    10    8.45    0.01    0.04    0.61 v _054575_/ZN (AND2_X1)
                                         drain_data_o[543] (net)
                  0.01    0.00    0.61 v _079518_/B1 (AOI21_X1)
     1    1.60    0.02    0.03    0.64 ^ _079518_/ZN (AOI21_X1)
                                         _025859_ (net)
                  0.02    0.00    0.64 ^ _079520_/A1 (NAND2_X1)
     1    1.53    0.01    0.02    0.65 v _079520_/ZN (NAND2_X1)
                                         _025861_ (net)
                  0.01    0.00    0.65 v _079524_/A1 (NAND2_X1)
     1    1.66    0.01    0.01    0.67 ^ _079524_/ZN (NAND2_X1)
                                         _025865_ (net)
                  0.01    0.00    0.67 ^ _079525_/A2 (NAND2_X1)
     1    6.16    0.02    0.02    0.69 v _079525_/ZN (NAND2_X1)
                                         _025866_ (net)
                  0.02    0.00    0.69 v _079541_/A1 (NAND3_X4)
     7   15.93    0.02    0.03    0.72 ^ _079541_/ZN (NAND3_X4)
                                         _025882_ (net)
                  0.02    0.00    0.72 ^ _079542_/A2 (NAND2_X4)
     4   10.40    0.01    0.02    0.74 v _079542_/ZN (NAND2_X4)
                                         _025883_ (net)
                  0.01    0.00    0.74 v _079543_/A (BUF_X8)
    10   22.69    0.01    0.03    0.76 v _079543_/Z (BUF_X8)
                                         _025884_ (net)
                  0.01    0.00    0.76 v _081353_/A1 (NAND2_X4)
     3    6.32    0.01    0.01    0.78 ^ _081353_/ZN (NAND2_X4)
                                         _027694_ (net)
                  0.01    0.00    0.78 ^ _081356_/A1 (NAND2_X2)
     3    6.23    0.01    0.02    0.79 v _081356_/ZN (NAND2_X2)
                                         _027697_ (net)
                  0.01    0.00    0.79 v _086657_/A2 (NOR2_X2)
     3    4.26    0.02    0.03    0.82 ^ _086657_/ZN (NOR2_X2)
                                         _032791_ (net)
                  0.02    0.00    0.82 ^ _086658_/A1 (AND2_X1)
     3    4.17    0.01    0.04    0.86 ^ _086658_/ZN (AND2_X1)
                                         _032792_ (net)
                  0.01    0.00    0.86 ^ _086659_/A1 (AND2_X1)
     2    2.58    0.01    0.03    0.90 ^ _086659_/ZN (AND2_X1)
                                         _032793_ (net)
                  0.01    0.00    0.90 ^ _086669_/A1 (AND2_X1)
     1    1.66    0.01    0.03    0.93 ^ _086669_/ZN (AND2_X1)
                                         _032803_ (net)
                  0.01    0.00    0.93 ^ _086670_/A2 (NAND2_X1)
     2    3.03    0.01    0.02    0.94 v _086670_/ZN (NAND2_X1)
                                         _032804_ (net)
                  0.01    0.00    0.94 v _086673_/A2 (NAND3_X1)
     1    3.45    0.02    0.02    0.97 ^ _086673_/ZN (NAND3_X1)
                                         _032807_ (net)
                  0.02    0.00    0.97 ^ _086674_/A2 (NAND2_X2)
     4   11.05    0.01    0.02    0.99 v _086674_/ZN (NAND2_X2)
                                         _032808_ (net)
                  0.01    0.00    0.99 v _086791_/A2 (NOR2_X2)
     2    3.20    0.02    0.03    1.02 ^ _086791_/ZN (NOR2_X2)
                                         _032924_ (net)
                  0.02    0.00    1.02 ^ _086792_/A1 (NAND2_X1)
     2    4.25    0.01    0.02    1.04 v _086792_/ZN (NAND2_X1)
                                         _032925_ (net)
                  0.01    0.00    1.04 v _086794_/A1 (NOR2_X2)
     1    6.25    0.02    0.03    1.07 ^ _086794_/ZN (NOR2_X2)
                                         _032927_ (net)
                  0.02    0.00    1.07 ^ _086797_/A1 (NAND3_X4)
     3   11.55    0.02    0.03    1.10 v _086797_/ZN (NAND3_X4)
                                         _032930_ (net)
                  0.02    0.00    1.10 v _086798_/A1 (NAND2_X4)
     4   10.68    0.01    0.02    1.12 ^ _086798_/ZN (NAND2_X4)
                                         _032931_ (net)
                  0.01    0.00    1.12 ^ _087127_/A1 (NAND3_X2)
     1    3.14    0.01    0.02    1.14 v _087127_/ZN (NAND3_X2)
                                         _033258_ (net)
                  0.01    0.00    1.14 v _087128_/A2 (NAND2_X2)
     2    8.18    0.01    0.02    1.16 ^ _087128_/ZN (NAND2_X2)
                                         _033259_ (net)
                  0.01    0.00    1.16 ^ _087129_/A (BUF_X8)
    10   34.30    0.01    0.03    1.19 ^ _087129_/Z (BUF_X8)
                                         _033260_ (net)
                  0.01    0.00    1.19 ^ _087480_/A1 (NAND2_X2)
     2    4.34    0.01    0.02    1.21 v _087480_/ZN (NAND2_X2)
                                         _033607_ (net)
                  0.01    0.00    1.21 v _087481_/A1 (NAND2_X2)
     3    6.63    0.01    0.02    1.23 ^ _087481_/ZN (NAND2_X2)
                                         _033608_ (net)
                  0.01    0.00    1.23 ^ _087482_/A2 (NAND2_X1)
     1    1.53    0.01    0.01    1.24 v _087482_/ZN (NAND2_X1)
                                         _033609_ (net)
                  0.01    0.00    1.24 v _087485_/A1 (NAND2_X1)
     2    4.58    0.02    0.02    1.26 ^ _087485_/ZN (NAND2_X1)
                                         _033612_ (net)
                  0.02    0.00    1.26 ^ _087487_/A1 (NAND2_X1)
     1    1.53    0.01    0.01    1.28 v _087487_/ZN (NAND2_X1)
                                         _033614_ (net)
                  0.01    0.00    1.28 v _087493_/A1 (NAND2_X1)
     1    1.60    0.01    0.01    1.29 ^ _087493_/ZN (NAND2_X1)
                                         _033620_ (net)
                  0.01    0.00    1.29 ^ _087496_/A1 (NAND2_X1)
     2    3.05    0.01    0.02    1.30 v _087496_/ZN (NAND2_X1)
                                         _033623_ (net)
                  0.01    0.00    1.30 v _087498_/A (INV_X1)
     2    3.32    0.01    0.02    1.32 ^ _087498_/ZN (INV_X1)
                                         _033625_ (net)
                  0.01    0.00    1.32 ^ _087499_/A2 (NAND2_X1)
     3    4.51    0.01    0.02    1.34 v _087499_/ZN (NAND2_X1)
                                         _033626_ (net)
                  0.01    0.00    1.34 v _087500_/A2 (NAND2_X1)
     1    1.60    0.01    0.02    1.36 ^ _087500_/ZN (NAND2_X1)
                                         _033627_ (net)
                  0.01    0.00    1.36 ^ _087526_/A1 (NAND2_X1)
     1    1.53    0.01    0.01    1.37 v _087526_/ZN (NAND2_X1)
                                         _033653_ (net)
                  0.01    0.00    1.37 v _087529_/A1 (NAND2_X1)
     2    3.36    0.01    0.02    1.39 ^ _087529_/ZN (NAND2_X1)
                                         _033656_ (net)
                  0.01    0.00    1.39 ^ _087531_/A (INV_X1)
     2    4.34    0.01    0.01    1.40 v _087531_/ZN (INV_X1)
                                         _033658_ (net)
                  0.01    0.00    1.40 v _087534_/A1 (NAND2_X2)
     3    6.47    0.01    0.02    1.42 ^ _087534_/ZN (NAND2_X2)
                                         _033661_ (net)
                  0.01    0.00    1.42 ^ _087535_/A2 (NAND2_X1)
     1    1.53    0.01    0.01    1.43 v _087535_/ZN (NAND2_X1)
                                         _033662_ (net)
                  0.01    0.00    1.43 v _087547_/A1 (NAND2_X1)
     1    1.60    0.01    0.01    1.45 ^ _087547_/ZN (NAND2_X1)
                                         _033674_ (net)
                  0.01    0.00    1.45 ^ _087550_/A1 (NAND2_X1)
     2    3.05    0.01    0.02    1.46 v _087550_/ZN (NAND2_X1)
                                         _033677_ (net)
                  0.01    0.00    1.46 v _087557_/A2 (NAND2_X1)
     3    4.99    0.02    0.02    1.49 ^ _087557_/ZN (NAND2_X1)
                                         _033684_ (net)
                  0.02    0.00    1.49 ^ _087593_/A (INV_X1)
     1    1.46    0.01    0.01    1.50 v _087593_/ZN (INV_X1)
                                         _033719_ (net)
                  0.01    0.00    1.50 v _087594_/B1 (OAI21_X1)
     2    5.67    0.04    0.05    1.54 ^ _087594_/ZN (OAI21_X1)
                                         _033720_ (net)
                  0.04    0.00    1.54 ^ _087678_/A (XNOR2_X2)
     3    5.79    0.02    0.05    1.59 ^ _087678_/ZN (XNOR2_X2)
                                         _033804_ (net)
                  0.02    0.00    1.59 ^ _087783_/A1 (NAND2_X1)
     2    2.98    0.01    0.02    1.61 v _087783_/ZN (NAND2_X1)
                                         _033907_ (net)
                  0.01    0.00    1.61 v _087923_/A1 (NOR2_X1)
     2    3.27    0.02    0.03    1.64 ^ _087923_/ZN (NOR2_X1)
                                         _034045_ (net)
                  0.02    0.00    1.64 ^ _087924_/A1 (NAND3_X1)
     2    2.96    0.02    0.03    1.67 v _087924_/ZN (NAND3_X1)
                                         _034046_ (net)
                  0.02    0.00    1.67 v _087925_/A1 (NOR2_X1)
     1    1.60    0.02    0.03    1.69 ^ _087925_/ZN (NOR2_X1)
                                         _034047_ (net)
                  0.02    0.00    1.69 ^ _087926_/A1 (NAND2_X1)
     1    2.93    0.01    0.02    1.71 v _087926_/ZN (NAND2_X1)
                                         _034048_ (net)
                  0.01    0.00    1.71 v _087937_/A1 (NAND3_X2)
     3    5.42    0.01    0.02    1.73 ^ _087937_/ZN (NAND3_X2)
                                         _034059_ (net)
                  0.01    0.00    1.73 ^ _088021_/A1 (NAND2_X1)
     2    3.09    0.01    0.02    1.75 v _088021_/ZN (NAND2_X1)
                                         _034141_ (net)
                  0.01    0.00    1.75 v _088024_/A1 (NAND2_X1)
     1    1.60    0.01    0.01    1.76 ^ _088024_/ZN (NAND2_X1)
                                         _034144_ (net)
                  0.01    0.00    1.76 ^ _088044_/A1 (NAND2_X1)
     1    1.53    0.01    0.01    1.77 v _088044_/ZN (NAND2_X1)
                                         _034164_ (net)
                  0.01    0.00    1.77 v _088046_/A1 (NAND2_X1)
     1    3.13    0.01    0.02    1.79 ^ _088046_/ZN (NAND2_X1)
                                         _034166_ (net)
                  0.01    0.00    1.79 ^ _088047_/B1 (AOI21_X2)
     1    1.06    0.01    0.01    1.80 v _088047_/ZN (AOI21_X2)
                                         _000632_ (net)
                  0.01    0.00    1.80 v u_pcu.u_mul.s0_exact_product_q[39]$_SDFFE_PN0P_/D (DFF_X1)
                                  1.80   data arrival time

                  0.00    2.00    2.00   clock core_clock (rise edge)
                          0.00    2.00   clock network delay (ideal)
                          0.00    2.00   clock reconvergence pessimism
                                  2.00 ^ u_pcu.u_mul.s0_exact_product_q[39]$_SDFFE_PN0P_/CK (DFF_X1)
                         -0.04    1.96   library setup time
                                  1.96   data required time
-----------------------------------------------------------------------------
                                  1.96   data required time
                                 -1.80   data arrival time
-----------------------------------------------------------------------------
                                  0.16   slack (MET)



==========================================================================
Post synthesis report_checks -unconstrained
--------------------------------------------------------------------------
Startpoint: drain_entry_i[0] (input port clocked by core_clock)
Endpoint: u_pcu.u_mul.s0_exact_product_q[39]$_SDFFE_PN0P_
          (rising edge-triggered flip-flop clocked by core_clock)
Path Group: core_clock
Path Type: max

Fanout     Cap    Slew   Delay    Time   Description
-----------------------------------------------------------------------------
                  0.00    0.00    0.00   clock core_clock (rise edge)
                          0.00    0.00   clock network delay (ideal)
                          0.40    0.40 ^ input external delay
     1    6.20    0.00    0.00    0.40 ^ drain_entry_i[0] (in)
                                         drain_entry_i[0] (net)
                  0.00    0.00    0.40 ^ _054359_/A2 (NAND2_X4)
     1    5.81    0.01    0.01    0.41 v _054359_/ZN (NAND2_X4)
                                         _004555_ (net)
                  0.01    0.00    0.41 v _054360_/A (BUF_X8)
     7   19.48    0.01    0.03    0.44 v _054360_/Z (BUF_X8)
                                         _004556_ (net)
                  0.01    0.00    0.44 v _054363_/A1 (NAND2_X4)
     1   12.41    0.01    0.02    0.45 ^ _054363_/ZN (NAND2_X4)
                                         _004559_ (net)
                  0.01    0.00    0.45 ^ _054364_/A (BUF_X16)
     5   71.69    0.01    0.03    0.48 ^ _054364_/Z (BUF_X16)
                                         _004560_ (net)
                  0.01    0.00    0.48 ^ _054365_/A (INV_X16)
     2   29.38    0.01    0.01    0.49 v _054365_/ZN (INV_X16)
                                         _004561_ (net)
                  0.01    0.00    0.49 v _054380_/A (BUF_X32)
    10   96.79    0.01    0.03    0.52 v _054380_/Z (BUF_X32)
                                         _004576_ (net)
                  0.01    0.00    0.52 v _054389_/A (BUF_X16)
    10   28.13    0.01    0.02    0.54 v _054389_/Z (BUF_X16)
                                         _004584_ (net)
                  0.01    0.00    0.54 v _054572_/A1 (NAND2_X1)
     1    1.59    0.01    0.01    0.56 ^ _054572_/ZN (NAND2_X1)
                                         _004752_ (net)
                  0.01    0.00    0.56 ^ _054574_/A1 (NAND3_X1)
     1    0.89    0.01    0.01    0.57 v _054574_/ZN (NAND3_X1)
                                         _004754_ (net)
                  0.01    0.00    0.57 v _054575_/A2 (AND2_X1)
    10    8.45    0.01    0.04    0.61 v _054575_/ZN (AND2_X1)
                                         drain_data_o[543] (net)
                  0.01    0.00    0.61 v _079518_/B1 (AOI21_X1)
     1    1.60    0.02    0.03    0.64 ^ _079518_/ZN (AOI21_X1)
                                         _025859_ (net)
                  0.02    0.00    0.64 ^ _079520_/A1 (NAND2_X1)
     1    1.53    0.01    0.02    0.65 v _079520_/ZN (NAND2_X1)
                                         _025861_ (net)
                  0.01    0.00    0.65 v _079524_/A1 (NAND2_X1)
     1    1.66    0.01    0.01    0.67 ^ _079524_/ZN (NAND2_X1)
                                         _025865_ (net)
                  0.01    0.00    0.67 ^ _079525_/A2 (NAND2_X1)
     1    6.16    0.02    0.02    0.69 v _079525_/ZN (NAND2_X1)
                                         _025866_ (net)
                  0.02    0.00    0.69 v _079541_/A1 (NAND3_X4)
     7   15.93    0.02    0.03    0.72 ^ _079541_/ZN (NAND3_X4)
                                         _025882_ (net)
                  0.02    0.00    0.72 ^ _079542_/A2 (NAND2_X4)
     4   10.40    0.01    0.02    0.74 v _079542_/ZN (NAND2_X4)
                                         _025883_ (net)
                  0.01    0.00    0.74 v _079543_/A (BUF_X8)
    10   22.69    0.01    0.03    0.76 v _079543_/Z (BUF_X8)
                                         _025884_ (net)
                  0.01    0.00    0.76 v _081353_/A1 (NAND2_X4)
     3    6.32    0.01    0.01    0.78 ^ _081353_/ZN (NAND2_X4)
                                         _027694_ (net)
                  0.01    0.00    0.78 ^ _081356_/A1 (NAND2_X2)
     3    6.23    0.01    0.02    0.79 v _081356_/ZN (NAND2_X2)
                                         _027697_ (net)
                  0.01    0.00    0.79 v _086657_/A2 (NOR2_X2)
     3    4.26    0.02    0.03    0.82 ^ _086657_/ZN (NOR2_X2)
                                         _032791_ (net)
                  0.02    0.00    0.82 ^ _086658_/A1 (AND2_X1)
     3    4.17    0.01    0.04    0.86 ^ _086658_/ZN (AND2_X1)
                                         _032792_ (net)
                  0.01    0.00    0.86 ^ _086659_/A1 (AND2_X1)
     2    2.58    0.01    0.03    0.90 ^ _086659_/ZN (AND2_X1)
                                         _032793_ (net)
                  0.01    0.00    0.90 ^ _086669_/A1 (AND2_X1)
     1    1.66    0.01    0.03    0.93 ^ _086669_/ZN (AND2_X1)
                                         _032803_ (net)
                  0.01    0.00    0.93 ^ _086670_/A2 (NAND2_X1)
     2    3.03    0.01    0.02    0.94 v _086670_/ZN (NAND2_X1)
                                         _032804_ (net)
                  0.01    0.00    0.94 v _086673_/A2 (NAND3_X1)
     1    3.45    0.02    0.02    0.97 ^ _086673_/ZN (NAND3_X1)
                                         _032807_ (net)
                  0.02    0.00    0.97 ^ _086674_/A2 (NAND2_X2)
     4   11.05    0.01    0.02    0.99 v _086674_/ZN (NAND2_X2)
                                         _032808_ (net)
                  0.01    0.00    0.99 v _086791_/A2 (NOR2_X2)
     2    3.20    0.02    0.03    1.02 ^ _086791_/ZN (NOR2_X2)
                                         _032924_ (net)
                  0.02    0.00    1.02 ^ _086792_/A1 (NAND2_X1)
     2    4.25    0.01    0.02    1.04 v _086792_/ZN (NAND2_X1)
                                         _032925_ (net)
                  0.01    0.00    1.04 v _086794_/A1 (NOR2_X2)
     1    6.25    0.02    0.03    1.07 ^ _086794_/ZN (NOR2_X2)
                                         _032927_ (net)
                  0.02    0.00    1.07 ^ _086797_/A1 (NAND3_X4)
     3   11.55    0.02    0.03    1.10 v _086797_/ZN (NAND3_X4)
                                         _032930_ (net)
                  0.02    0.00    1.10 v _086798_/A1 (NAND2_X4)
     4   10.68    0.01    0.02    1.12 ^ _086798_/ZN (NAND2_X4)
                                         _032931_ (net)
                  0.01    0.00    1.12 ^ _087127_/A1 (NAND3_X2)
     1    3.14    0.01    0.02    1.14 v _087127_/ZN (NAND3_X2)
                                         _033258_ (net)
                  0.01    0.00    1.14 v _087128_/A2 (NAND2_X2)
     2    8.18    0.01    0.02    1.16 ^ _087128_/ZN (NAND2_X2)
                                         _033259_ (net)
                  0.01    0.00    1.16 ^ _087129_/A (BUF_X8)
    10   34.30    0.01    0.03    1.19 ^ _087129_/Z (BUF_X8)
                                         _033260_ (net)
                  0.01    0.00    1.19 ^ _087480_/A1 (NAND2_X2)
     2    4.34    0.01    0.02    1.21 v _087480_/ZN (NAND2_X2)
                                         _033607_ (net)
                  0.01    0.00    1.21 v _087481_/A1 (NAND2_X2)
     3    6.63    0.01    0.02    1.23 ^ _087481_/ZN (NAND2_X2)
                                         _033608_ (net)
                  0.01    0.00    1.23 ^ _087482_/A2 (NAND2_X1)
     1    1.53    0.01    0.01    1.24 v _087482_/ZN (NAND2_X1)
                                         _033609_ (net)
                  0.01    0.00    1.24 v _087485_/A1 (NAND2_X1)
     2    4.58    0.02    0.02    1.26 ^ _087485_/ZN (NAND2_X1)
                                         _033612_ (net)
                  0.02    0.00    1.26 ^ _087487_/A1 (NAND2_X1)
     1    1.53    0.01    0.01    1.28 v _087487_/ZN (NAND2_X1)
                                         _033614_ (net)
                  0.01    0.00    1.28 v _087493_/A1 (NAND2_X1)
     1    1.60    0.01    0.01    1.29 ^ _087493_/ZN (NAND2_X1)
                                         _033620_ (net)
                  0.01    0.00    1.29 ^ _087496_/A1 (NAND2_X1)
     2    3.05    0.01    0.02    1.30 v _087496_/ZN (NAND2_X1)
                                         _033623_ (net)
                  0.01    0.00    1.30 v _087498_/A (INV_X1)
     2    3.32    0.01    0.02    1.32 ^ _087498_/ZN (INV_X1)
                                         _033625_ (net)
                  0.01    0.00    1.32 ^ _087499_/A2 (NAND2_X1)
     3    4.51    0.01    0.02    1.34 v _087499_/ZN (NAND2_X1)
                                         _033626_ (net)
                  0.01    0.00    1.34 v _087500_/A2 (NAND2_X1)
     1    1.60    0.01    0.02    1.36 ^ _087500_/ZN (NAND2_X1)
                                         _033627_ (net)
                  0.01    0.00    1.36 ^ _087526_/A1 (NAND2_X1)
     1    1.53    0.01    0.01    1.37 v _087526_/ZN (NAND2_X1)
                                         _033653_ (net)
                  0.01    0.00    1.37 v _087529_/A1 (NAND2_X1)
     2    3.36    0.01    0.02    1.39 ^ _087529_/ZN (NAND2_X1)
                                         _033656_ (net)
                  0.01    0.00    1.39 ^ _087531_/A (INV_X1)
     2    4.34    0.01    0.01    1.40 v _087531_/ZN (INV_X1)
                                         _033658_ (net)
                  0.01    0.00    1.40 v _087534_/A1 (NAND2_X2)
     3    6.47    0.01    0.02    1.42 ^ _087534_/ZN (NAND2_X2)
                                         _033661_ (net)
                  0.01    0.00    1.42 ^ _087535_/A2 (NAND2_X1)
     1    1.53    0.01    0.01    1.43 v _087535_/ZN (NAND2_X1)
                                         _033662_ (net)
                  0.01    0.00    1.43 v _087547_/A1 (NAND2_X1)
     1    1.60    0.01    0.01    1.45 ^ _087547_/ZN (NAND2_X1)
                                         _033674_ (net)
                  0.01    0.00    1.45 ^ _087550_/A1 (NAND2_X1)
     2    3.05    0.01    0.02    1.46 v _087550_/ZN (NAND2_X1)
                                         _033677_ (net)
                  0.01    0.00    1.46 v _087557_/A2 (NAND2_X1)
     3    4.99    0.02    0.02    1.49 ^ _087557_/ZN (NAND2_X1)
                                         _033684_ (net)
                  0.02    0.00    1.49 ^ _087593_/A (INV_X1)
     1    1.46    0.01    0.01    1.50 v _087593_/ZN (INV_X1)
                                         _033719_ (net)
                  0.01    0.00    1.50 v _087594_/B1 (OAI21_X1)
     2    5.67    0.04    0.05    1.54 ^ _087594_/ZN (OAI21_X1)
                                         _033720_ (net)
                  0.04    0.00    1.54 ^ _087678_/A (XNOR2_X2)
     3    5.79    0.02    0.05    1.59 ^ _087678_/ZN (XNOR2_X2)
                                         _033804_ (net)
                  0.02    0.00    1.59 ^ _087783_/A1 (NAND2_X1)
     2    2.98    0.01    0.02    1.61 v _087783_/ZN (NAND2_X1)
                                         _033907_ (net)
                  0.01    0.00    1.61 v _087923_/A1 (NOR2_X1)
     2    3.27    0.02    0.03    1.64 ^ _087923_/ZN (NOR2_X1)
                                         _034045_ (net)
                  0.02    0.00    1.64 ^ _087924_/A1 (NAND3_X1)
     2    2.96    0.02    0.03    1.67 v _087924_/ZN (NAND3_X1)
                                         _034046_ (net)
                  0.02    0.00    1.67 v _087925_/A1 (NOR2_X1)
     1    1.60    0.02    0.03    1.69 ^ _087925_/ZN (NOR2_X1)
                                         _034047_ (net)
                  0.02    0.00    1.69 ^ _087926_/A1 (NAND2_X1)
     1    2.93    0.01    0.02    1.71 v _087926_/ZN (NAND2_X1)
                                         _034048_ (net)
                  0.01    0.00    1.71 v _087937_/A1 (NAND3_X2)
     3    5.42    0.01    0.02    1.73 ^ _087937_/ZN (NAND3_X2)
                                         _034059_ (net)
                  0.01    0.00    1.73 ^ _088021_/A1 (NAND2_X1)
     2    3.09    0.01    0.02    1.75 v _088021_/ZN (NAND2_X1)
                                         _034141_ (net)
                  0.01    0.00    1.75 v _088024_/A1 (NAND2_X1)
     1    1.60    0.01    0.01    1.76 ^ _088024_/ZN (NAND2_X1)
                                         _034144_ (net)
                  0.01    0.00    1.76 ^ _088044_/A1 (NAND2_X1)
     1    1.53    0.01    0.01    1.77 v _088044_/ZN (NAND2_X1)
                                         _034164_ (net)
                  0.01    0.00    1.77 v _088046_/A1 (NAND2_X1)
     1    3.13    0.01    0.02    1.79 ^ _088046_/ZN (NAND2_X1)
                                         _034166_ (net)
                  0.01    0.00    1.79 ^ _088047_/B1 (AOI21_X2)
     1    1.06    0.01    0.01    1.80 v _088047_/ZN (AOI21_X2)
                                         _000632_ (net)
                  0.01    0.00    1.80 v u_pcu.u_mul.s0_exact_product_q[39]$_SDFFE_PN0P_/D (DFF_X1)
                                  1.80   data arrival time

                  0.00    2.00    2.00   clock core_clock (rise edge)
                          0.00    2.00   clock network delay (ideal)
                          0.00    2.00   clock reconvergence pessimism
                                  2.00 ^ u_pcu.u_mul.s0_exact_product_q[39]$_SDFFE_PN0P_/CK (DFF_X1)
                         -0.04    1.96   library setup time
                                  1.96   data required time
-----------------------------------------------------------------------------
                                  1.96   data required time
                                 -1.80   data arrival time
-----------------------------------------------------------------------------
                                  0.16   slack (MET)



==========================================================================
Post synthesis report_power
--------------------------------------------------------------------------
Group                  Internal  Switching    Leakage      Total
                          Power      Power      Power      Power (Watts)
----------------------------------------------------------------
Sequential             1.52e-02   6.94e-04   3.20e-04   1.62e-02  26.3%
Combinational          2.18e-02   2.23e-02   1.26e-03   4.53e-02  73.7%
Clock                  0.00e+00   0.00e+00   0.00e+00   0.00e+00   0.0%
Macro                  0.00e+00   0.00e+00   0.00e+00   0.00e+00   0.0%
Pad                    0.00e+00   0.00e+00   0.00e+00   0.00e+00   0.0%
----------------------------------------------------------------
Total                  3.70e-02   2.30e-02   1.58e-03   6.15e-02 100.0%
                          60.1%      37.3%       2.6%
