
==========================================================================
Post synthesis report_tns
--------------------------------------------------------------------------
tns 0.00

==========================================================================
Post synthesis report_wns
--------------------------------------------------------------------------
wns 0.00

==========================================================================
Post synthesis report_worst_slack
--------------------------------------------------------------------------
worst slack 1.10

==========================================================================
Post synthesis report_checks -path_delay min
--------------------------------------------------------------------------
Startpoint: u_pcu.sticky_q[0]$_SDFF_PP0_
            (rising edge-triggered flip-flop clocked by core_clock)
Endpoint: u_pcu.sticky_q[0]$_SDFF_PP0_
          (rising edge-triggered flip-flop clocked by core_clock)
Path Group: core_clock
Path Type: min

Fanout     Cap    Slew   Delay    Time   Description
-----------------------------------------------------------------------------
                  0.00    0.00    0.00   clock core_clock (rise edge)
                          0.00    0.00   clock network delay (ideal)
                  0.00    0.00    0.00 ^ u_pcu.sticky_q[0]$_SDFF_PP0_/CK (DFF_X1)
     2    1.55    0.01    0.08    0.08 v u_pcu.sticky_q[0]$_SDFF_PP0_/Q (DFF_X1)
                                         status_sticky_o[0] (net)
                  0.01    0.00    0.08 v _61241_/A (INV_X1)
     1    1.68    0.01    0.01    0.09 ^ _61241_/ZN (INV_X1)
                                         _19547_ (net)
                  0.01    0.00    0.09 ^ _61242_/B2 (AOI21_X1)
     1    1.06    0.01    0.01    0.10 v _61242_/ZN (AOI21_X1)
                                         _00257_ (net)
                  0.01    0.00    0.10 v u_pcu.sticky_q[0]$_SDFF_PP0_/D (DFF_X1)
                                  0.10   data arrival time

                  0.00    0.00    0.00   clock core_clock (rise edge)
                          0.00    0.00   clock network delay (ideal)
                          0.00    0.00   clock reconvergence pessimism
                                  0.00 ^ u_pcu.sticky_q[0]$_SDFF_PP0_/CK (DFF_X1)
                          0.00    0.00   library hold time
                                  0.00   data required time
-----------------------------------------------------------------------------
                                  0.00   data required time
                                 -0.10   data arrival time
-----------------------------------------------------------------------------
                                  0.10   slack (MET)



==========================================================================
Post synthesis report_checks -path_delay max
--------------------------------------------------------------------------
Startpoint: wr_fp16_i[253] (input port clocked by core_clock)
Endpoint: cvt_blk_o[50] (output port clocked by core_clock)
Path Group: core_clock
Path Type: max

Fanout     Cap    Slew   Delay    Time   Description
-----------------------------------------------------------------------------
                  0.00    0.00    0.00   clock core_clock (rise edge)
                          0.00    0.00   clock network delay (ideal)
                          0.80    0.80 v input external delay
     1    1.59    0.00    0.00    0.80 v wr_fp16_i[253] (in)
                                         wr_fp16_i[253] (net)
                  0.00    0.00    0.80 v _75335_/A (BUF_X2)
     4    6.98    0.01    0.02    0.82 v _75335_/Z (BUF_X2)
                                         _33491_ (net)
                  0.01    0.00    0.82 v _75336_/B (XNOR2_X1)
     1    1.41    0.01    0.04    0.86 v _75336_/ZN (XNOR2_X1)
                                         _33492_ (net)
                  0.01    0.00    0.86 v _75342_/A1 (NOR2_X1)
     2    4.83    0.03    0.04    0.90 ^ _75342_/ZN (NOR2_X1)
                                         _33498_ (net)
                  0.03    0.00    0.90 ^ _75343_/A (INV_X1)
     1    2.70    0.01    0.01    0.91 v _75343_/ZN (INV_X1)
                                         _33499_ (net)
                  0.01    0.00    0.91 v _75355_/A1 (NOR2_X2)
     1    6.25    0.02    0.03    0.94 ^ _75355_/ZN (NOR2_X2)
                                         _33511_ (net)
                  0.02    0.00    0.94 ^ _75366_/A1 (NAND3_X4)
     4    7.61    0.01    0.02    0.97 v _75366_/ZN (NAND3_X4)
                                         _33522_ (net)
                  0.01    0.00    0.97 v _75373_/A1 (NAND2_X2)
     4    6.40    0.01    0.02    0.99 ^ _75373_/ZN (NAND2_X2)
                                         _33529_ (net)
                  0.01    0.00    0.99 ^ _75399_/A1 (NAND2_X1)
     1    1.53    0.01    0.01    1.00 v _75399_/ZN (NAND2_X1)
                                         _33555_ (net)
                  0.01    0.00    1.00 v _75401_/A1 (NAND2_X1)
     3    5.03    0.02    0.02    1.02 ^ _75401_/ZN (NAND2_X1)
                                         _33557_ (net)
                  0.02    0.00    1.02 ^ _75404_/A (INV_X1)
     1    1.53    0.01    0.01    1.03 v _75404_/ZN (INV_X1)
                                         _33560_ (net)
                  0.01    0.00    1.03 v _75408_/A1 (NAND2_X1)
     2    4.64    0.02    0.02    1.05 ^ _75408_/ZN (NAND2_X1)
                                         _33564_ (net)
                  0.02    0.00    1.05 ^ _75417_/A1 (NAND3_X2)
     1    5.59    0.01    0.02    1.07 v _75417_/ZN (NAND3_X2)
                                         _33573_ (net)
                  0.01    0.00    1.07 v _75419_/A1 (NOR2_X4)
     2    9.30    0.02    0.03    1.10 ^ _75419_/ZN (NOR2_X4)
                                         _33575_ (net)
                  0.02    0.00    1.10 ^ _75420_/A1 (NAND2_X2)
     1    5.62    0.01    0.02    1.12 v _75420_/ZN (NAND2_X2)
                                         _33576_ (net)
                  0.01    0.00    1.12 v _75421_/A2 (NAND2_X4)
     5   12.32    0.01    0.02    1.14 ^ _75421_/ZN (NAND2_X4)
                                         _33577_ (net)
                  0.01    0.00    1.14 ^ _75424_/A1 (NAND2_X4)
     6    8.44    0.01    0.01    1.16 v _75424_/ZN (NAND2_X4)
                                         _33580_ (net)
                  0.01    0.00    1.16 v _75445_/A1 (NAND2_X1)
     1    3.05    0.01    0.02    1.17 ^ _75445_/ZN (NAND2_X1)
                                         _33601_ (net)
                  0.01    0.00    1.17 ^ _75447_/A1 (NAND2_X2)
     3    7.88    0.01    0.02    1.19 v _75447_/ZN (NAND2_X2)
                                         _33603_ (net)
                  0.01    0.00    1.19 v _75450_/A2 (OR2_X2)
     2    4.43    0.01    0.05    1.24 v _75450_/ZN (OR2_X2)
                                         _33606_ (net)
                  0.01    0.00    1.24 v _75472_/A1 (NAND2_X2)
     1    6.68    0.01    0.02    1.26 ^ _75472_/ZN (NAND2_X2)
                                         _33628_ (net)
                  0.01    0.00    1.26 ^ _75473_/A2 (NOR2_X4)
     2    6.24    0.01    0.01    1.27 v _75473_/ZN (NOR2_X4)
                                         _33629_ (net)
                  0.01    0.00    1.27 v _75477_/A2 (NAND3_X2)
     6   14.45    0.02    0.03    1.30 ^ _75477_/ZN (NAND3_X2)
                                         _33633_ (net)
                  0.02    0.00    1.30 ^ _75504_/A3 (NAND3_X1)
     1    5.62    0.02    0.04    1.34 v _75504_/ZN (NAND3_X1)
                                         _33660_ (net)
                  0.02    0.00    1.34 v _75505_/A2 (NAND2_X4)
     3   12.90    0.01    0.03    1.36 ^ _75505_/ZN (NAND2_X4)
                                         _33661_ (net)
                  0.01    0.00    1.36 ^ _75509_/A (INV_X2)
     2    6.29    0.01    0.01    1.37 v _75509_/ZN (INV_X2)
                                         _33665_ (net)
                  0.01    0.00    1.37 v _75510_/A2 (NAND2_X2)
     2    4.72    0.01    0.02    1.39 ^ _75510_/ZN (NAND2_X2)
                                         _33666_ (net)
                  0.01    0.00    1.39 ^ _75517_/A1 (NAND2_X2)
     2    9.04    0.01    0.02    1.41 v _75517_/ZN (NAND2_X2)
                                         _33673_ (net)
                  0.01    0.00    1.41 v _75528_/A1 (NOR2_X2)
     1    2.98    0.01    0.02    1.43 ^ _75528_/ZN (NOR2_X2)
                                         _33684_ (net)
                  0.01    0.00    1.43 ^ _75538_/A1 (NAND3_X2)
     1    5.62    0.01    0.02    1.46 v _75538_/ZN (NAND3_X2)
                                         _33694_ (net)
                  0.01    0.00    1.46 v _75539_/A2 (NAND2_X4)
     7   16.88    0.02    0.03    1.48 ^ _75539_/ZN (NAND2_X4)
                                         _33695_ (net)
                  0.02    0.00    1.48 ^ _75573_/A1 (NAND3_X2)
     6   13.26    0.02    0.03    1.52 v _75573_/ZN (NAND3_X2)
                                         _33729_ (net)
                  0.02    0.00    1.52 v _75574_/A2 (NAND2_X4)
     7   34.03    0.03    0.04    1.56 ^ _75574_/ZN (NAND2_X4)
                                         _33730_ (net)
                  0.03    0.00    1.56 ^ _75575_/A (BUF_X16)
    10   26.21    0.01    0.03    1.59 ^ _75575_/Z (BUF_X16)
                                         cvt_blk_o[178] (net)
                  0.01    0.00    1.59 ^ _78178_/A (XNOR2_X2)
     4    8.12    0.03    0.04    1.63 ^ _78178_/ZN (XNOR2_X2)
                                         _36227_ (net)
                  0.03    0.00    1.63 ^ _78184_/A2 (NAND3_X1)
     2    3.03    0.02    0.03    1.66 v _78184_/ZN (NAND3_X1)
                                         _36233_ (net)
                  0.02    0.00    1.66 v _78185_/A2 (NAND2_X1)
     2    3.20    0.01    0.02    1.68 ^ _78185_/ZN (NAND2_X1)
                                         _36234_ (net)
                  0.01    0.00    1.68 ^ _78191_/A1 (NAND2_X1)
     1    2.93    0.01    0.02    1.70 v _78191_/ZN (NAND2_X1)
                                         _36240_ (net)
                  0.01    0.00    1.70 v _78193_/A1 (NAND2_X2)
     3    6.47    0.01    0.02    1.72 ^ _78193_/ZN (NAND2_X2)
                                         _36242_ (net)
                  0.01    0.00    1.72 ^ _78213_/A1 (OR2_X1)
     1    3.40    0.01    0.03    1.74 ^ _78213_/ZN (OR2_X1)
                                         _36262_ (net)
                  0.01    0.00    1.74 ^ _78214_/A (BUF_X4)
     8   16.97    0.01    0.03    1.77 ^ _78214_/Z (BUF_X4)
                                         _36263_ (net)
                  0.01    0.00    1.77 ^ _78220_/A2 (NAND2_X2)
     3    6.95    0.01    0.02    1.79 v _78220_/ZN (NAND2_X2)
                                         _36269_ (net)
                  0.01    0.00    1.79 v _78223_/A1 (NOR2_X2)
     3   11.31    0.03    0.04    1.84 ^ _78223_/ZN (NOR2_X2)
                                         _36272_ (net)
                  0.03    0.00    1.84 ^ _78244_/A (BUF_X4)
    10   16.48    0.01    0.03    1.87 ^ _78244_/Z (BUF_X4)
                                         _36293_ (net)
                  0.01    0.00    1.87 ^ _78251_/A2 (NAND3_X1)
     2    3.12    0.01    0.03    1.89 v _78251_/ZN (NAND3_X1)
                                         _36300_ (net)
                  0.01    0.00    1.89 v _78305_/A1 (NAND3_X1)
     1    1.60    0.01    0.02    1.91 ^ _78305_/ZN (NAND3_X1)
                                         _36354_ (net)
                  0.01    0.00    1.91 ^ _78309_/A1 (NAND2_X1)
     2    4.26    0.01    0.02    1.93 v _78309_/ZN (NAND2_X1)
                                         _36358_ (net)
                  0.01    0.00    1.93 v _78358_/B1 (AOI21_X2)
     4    6.44    0.03    0.03    1.97 ^ _78358_/ZN (AOI21_X2)
                                         _36407_ (net)
                  0.03    0.00    1.97 ^ _78361_/A1 (NAND2_X1)
     2    2.96    0.01    0.02    1.99 v _78361_/ZN (NAND2_X1)
                                         _36410_ (net)
                  0.01    0.00    1.99 v _78365_/A1 (NOR2_X1)
     2    4.89    0.03    0.04    2.03 ^ _78365_/ZN (NOR2_X1)
                                         _36414_ (net)
                  0.03    0.00    2.03 ^ _78399_/A1 (NAND2_X1)
     2    2.94    0.01    0.02    2.05 v _78399_/ZN (NAND2_X1)
                                         _36441_ (net)
                  0.01    0.00    2.05 v _78400_/A1 (OR2_X2)
     1    1.56    0.01    0.04    2.09 v _78400_/ZN (OR2_X2)
                                         _36442_ (net)
                  0.01    0.00    2.09 v _78402_/A1 (NAND3_X1)
     1    0.00    0.01    0.01    2.10 ^ _78402_/ZN (NAND3_X1)
                                         cvt_blk_o[50] (net)
                  0.01    0.00    2.10 ^ cvt_blk_o[50] (out)
                                  2.10   data arrival time

                  0.00    4.00    4.00   clock core_clock (rise edge)
                          0.00    4.00   clock network delay (ideal)
                          0.00    4.00   clock reconvergence pessimism
                         -0.80    3.20   output external delay
                                  3.20   data required time
-----------------------------------------------------------------------------
                                  3.20   data required time
                                 -2.10   data arrival time
-----------------------------------------------------------------------------
                                  1.10   slack (MET)



==========================================================================
Post synthesis report_checks -unconstrained
--------------------------------------------------------------------------
Startpoint: wr_fp16_i[253] (input port clocked by core_clock)
Endpoint: cvt_blk_o[50] (output port clocked by core_clock)
Path Group: core_clock
Path Type: max

Fanout     Cap    Slew   Delay    Time   Description
-----------------------------------------------------------------------------
                  0.00    0.00    0.00   clock core_clock (rise edge)
                          0.00    0.00   clock network delay (ideal)
                          0.80    0.80 v input external delay
     1    1.59    0.00    0.00    0.80 v wr_fp16_i[253] (in)
                                         wr_fp16_i[253] (net)
                  0.00    0.00    0.80 v _75335_/A (BUF_X2)
     4    6.98    0.01    0.02    0.82 v _75335_/Z (BUF_X2)
                                         _33491_ (net)
                  0.01    0.00    0.82 v _75336_/B (XNOR2_X1)
     1    1.41    0.01    0.04    0.86 v _75336_/ZN (XNOR2_X1)
                                         _33492_ (net)
                  0.01    0.00    0.86 v _75342_/A1 (NOR2_X1)
     2    4.83    0.03    0.04    0.90 ^ _75342_/ZN (NOR2_X1)
                                         _33498_ (net)
                  0.03    0.00    0.90 ^ _75343_/A (INV_X1)
     1    2.70    0.01    0.01    0.91 v _75343_/ZN (INV_X1)
                                         _33499_ (net)
                  0.01    0.00    0.91 v _75355_/A1 (NOR2_X2)
     1    6.25    0.02    0.03    0.94 ^ _75355_/ZN (NOR2_X2)
                                         _33511_ (net)
                  0.02    0.00    0.94 ^ _75366_/A1 (NAND3_X4)
     4    7.61    0.01    0.02    0.97 v _75366_/ZN (NAND3_X4)
                                         _33522_ (net)
                  0.01    0.00    0.97 v _75373_/A1 (NAND2_X2)
     4    6.40    0.01    0.02    0.99 ^ _75373_/ZN (NAND2_X2)
                                         _33529_ (net)
                  0.01    0.00    0.99 ^ _75399_/A1 (NAND2_X1)
     1    1.53    0.01    0.01    1.00 v _75399_/ZN (NAND2_X1)
                                         _33555_ (net)
                  0.01    0.00    1.00 v _75401_/A1 (NAND2_X1)
     3    5.03    0.02    0.02    1.02 ^ _75401_/ZN (NAND2_X1)
                                         _33557_ (net)
                  0.02    0.00    1.02 ^ _75404_/A (INV_X1)
     1    1.53    0.01    0.01    1.03 v _75404_/ZN (INV_X1)
                                         _33560_ (net)
                  0.01    0.00    1.03 v _75408_/A1 (NAND2_X1)
     2    4.64    0.02    0.02    1.05 ^ _75408_/ZN (NAND2_X1)
                                         _33564_ (net)
                  0.02    0.00    1.05 ^ _75417_/A1 (NAND3_X2)
     1    5.59    0.01    0.02    1.07 v _75417_/ZN (NAND3_X2)
                                         _33573_ (net)
                  0.01    0.00    1.07 v _75419_/A1 (NOR2_X4)
     2    9.30    0.02    0.03    1.10 ^ _75419_/ZN (NOR2_X4)
                                         _33575_ (net)
                  0.02    0.00    1.10 ^ _75420_/A1 (NAND2_X2)
     1    5.62    0.01    0.02    1.12 v _75420_/ZN (NAND2_X2)
                                         _33576_ (net)
                  0.01    0.00    1.12 v _75421_/A2 (NAND2_X4)
     5   12.32    0.01    0.02    1.14 ^ _75421_/ZN (NAND2_X4)
                                         _33577_ (net)
                  0.01    0.00    1.14 ^ _75424_/A1 (NAND2_X4)
     6    8.44    0.01    0.01    1.16 v _75424_/ZN (NAND2_X4)
                                         _33580_ (net)
                  0.01    0.00    1.16 v _75445_/A1 (NAND2_X1)
     1    3.05    0.01    0.02    1.17 ^ _75445_/ZN (NAND2_X1)
                                         _33601_ (net)
                  0.01    0.00    1.17 ^ _75447_/A1 (NAND2_X2)
     3    7.88    0.01    0.02    1.19 v _75447_/ZN (NAND2_X2)
                                         _33603_ (net)
                  0.01    0.00    1.19 v _75450_/A2 (OR2_X2)
     2    4.43    0.01    0.05    1.24 v _75450_/ZN (OR2_X2)
                                         _33606_ (net)
                  0.01    0.00    1.24 v _75472_/A1 (NAND2_X2)
     1    6.68    0.01    0.02    1.26 ^ _75472_/ZN (NAND2_X2)
                                         _33628_ (net)
                  0.01    0.00    1.26 ^ _75473_/A2 (NOR2_X4)
     2    6.24    0.01    0.01    1.27 v _75473_/ZN (NOR2_X4)
                                         _33629_ (net)
                  0.01    0.00    1.27 v _75477_/A2 (NAND3_X2)
     6   14.45    0.02    0.03    1.30 ^ _75477_/ZN (NAND3_X2)
                                         _33633_ (net)
                  0.02    0.00    1.30 ^ _75504_/A3 (NAND3_X1)
     1    5.62    0.02    0.04    1.34 v _75504_/ZN (NAND3_X1)
                                         _33660_ (net)
                  0.02    0.00    1.34 v _75505_/A2 (NAND2_X4)
     3   12.90    0.01    0.03    1.36 ^ _75505_/ZN (NAND2_X4)
                                         _33661_ (net)
                  0.01    0.00    1.36 ^ _75509_/A (INV_X2)
     2    6.29    0.01    0.01    1.37 v _75509_/ZN (INV_X2)
                                         _33665_ (net)
                  0.01    0.00    1.37 v _75510_/A2 (NAND2_X2)
     2    4.72    0.01    0.02    1.39 ^ _75510_/ZN (NAND2_X2)
                                         _33666_ (net)
                  0.01    0.00    1.39 ^ _75517_/A1 (NAND2_X2)
     2    9.04    0.01    0.02    1.41 v _75517_/ZN (NAND2_X2)
                                         _33673_ (net)
                  0.01    0.00    1.41 v _75528_/A1 (NOR2_X2)
     1    2.98    0.01    0.02    1.43 ^ _75528_/ZN (NOR2_X2)
                                         _33684_ (net)
                  0.01    0.00    1.43 ^ _75538_/A1 (NAND3_X2)
     1    5.62    0.01    0.02    1.46 v _75538_/ZN (NAND3_X2)
                                         _33694_ (net)
                  0.01    0.00    1.46 v _75539_/A2 (NAND2_X4)
     7   16.88    0.02    0.03    1.48 ^ _75539_/ZN (NAND2_X4)
                                         _33695_ (net)
                  0.02    0.00    1.48 ^ _75573_/A1 (NAND3_X2)
     6   13.26    0.02    0.03    1.52 v _75573_/ZN (NAND3_X2)
                                         _33729_ (net)
                  0.02    0.00    1.52 v _75574_/A2 (NAND2_X4)
     7   34.03    0.03    0.04    1.56 ^ _75574_/ZN (NAND2_X4)
                                         _33730_ (net)
                  0.03    0.00    1.56 ^ _75575_/A (BUF_X16)
    10   26.21    0.01    0.03    1.59 ^ _75575_/Z (BUF_X16)
                                         cvt_blk_o[178] (net)
                  0.01    0.00    1.59 ^ _78178_/A (XNOR2_X2)
     4    8.12    0.03    0.04    1.63 ^ _78178_/ZN (XNOR2_X2)
                                         _36227_ (net)
                  0.03    0.00    1.63 ^ _78184_/A2 (NAND3_X1)
     2    3.03    0.02    0.03    1.66 v _78184_/ZN (NAND3_X1)
                                         _36233_ (net)
                  0.02    0.00    1.66 v _78185_/A2 (NAND2_X1)
     2    3.20    0.01    0.02    1.68 ^ _78185_/ZN (NAND2_X1)
                                         _36234_ (net)
                  0.01    0.00    1.68 ^ _78191_/A1 (NAND2_X1)
     1    2.93    0.01    0.02    1.70 v _78191_/ZN (NAND2_X1)
                                         _36240_ (net)
                  0.01    0.00    1.70 v _78193_/A1 (NAND2_X2)
     3    6.47    0.01    0.02    1.72 ^ _78193_/ZN (NAND2_X2)
                                         _36242_ (net)
                  0.01    0.00    1.72 ^ _78213_/A1 (OR2_X1)
     1    3.40    0.01    0.03    1.74 ^ _78213_/ZN (OR2_X1)
                                         _36262_ (net)
                  0.01    0.00    1.74 ^ _78214_/A (BUF_X4)
     8   16.97    0.01    0.03    1.77 ^ _78214_/Z (BUF_X4)
                                         _36263_ (net)
                  0.01    0.00    1.77 ^ _78220_/A2 (NAND2_X2)
     3    6.95    0.01    0.02    1.79 v _78220_/ZN (NAND2_X2)
                                         _36269_ (net)
                  0.01    0.00    1.79 v _78223_/A1 (NOR2_X2)
     3   11.31    0.03    0.04    1.84 ^ _78223_/ZN (NOR2_X2)
                                         _36272_ (net)
                  0.03    0.00    1.84 ^ _78244_/A (BUF_X4)
    10   16.48    0.01    0.03    1.87 ^ _78244_/Z (BUF_X4)
                                         _36293_ (net)
                  0.01    0.00    1.87 ^ _78251_/A2 (NAND3_X1)
     2    3.12    0.01    0.03    1.89 v _78251_/ZN (NAND3_X1)
                                         _36300_ (net)
                  0.01    0.00    1.89 v _78305_/A1 (NAND3_X1)
     1    1.60    0.01    0.02    1.91 ^ _78305_/ZN (NAND3_X1)
                                         _36354_ (net)
                  0.01    0.00    1.91 ^ _78309_/A1 (NAND2_X1)
     2    4.26    0.01    0.02    1.93 v _78309_/ZN (NAND2_X1)
                                         _36358_ (net)
                  0.01    0.00    1.93 v _78358_/B1 (AOI21_X2)
     4    6.44    0.03    0.03    1.97 ^ _78358_/ZN (AOI21_X2)
                                         _36407_ (net)
                  0.03    0.00    1.97 ^ _78361_/A1 (NAND2_X1)
     2    2.96    0.01    0.02    1.99 v _78361_/ZN (NAND2_X1)
                                         _36410_ (net)
                  0.01    0.00    1.99 v _78365_/A1 (NOR2_X1)
     2    4.89    0.03    0.04    2.03 ^ _78365_/ZN (NOR2_X1)
                                         _36414_ (net)
                  0.03    0.00    2.03 ^ _78399_/A1 (NAND2_X1)
     2    2.94    0.01    0.02    2.05 v _78399_/ZN (NAND2_X1)
                                         _36441_ (net)
                  0.01    0.00    2.05 v _78400_/A1 (OR2_X2)
     1    1.56    0.01    0.04    2.09 v _78400_/ZN (OR2_X2)
                                         _36442_ (net)
                  0.01    0.00    2.09 v _78402_/A1 (NAND3_X1)
     1    0.00    0.01    0.01    2.10 ^ _78402_/ZN (NAND3_X1)
                                         cvt_blk_o[50] (net)
                  0.01    0.00    2.10 ^ cvt_blk_o[50] (out)
                                  2.10   data arrival time

                  0.00    4.00    4.00   clock core_clock (rise edge)
                          0.00    4.00   clock network delay (ideal)
                          0.00    4.00   clock reconvergence pessimism
                         -0.80    3.20   output external delay
                                  3.20   data required time
-----------------------------------------------------------------------------
                                  3.20   data required time
                                 -2.10   data arrival time
-----------------------------------------------------------------------------
                                  1.10   slack (MET)



==========================================================================
Post synthesis report_power
--------------------------------------------------------------------------
Group                  Internal  Switching    Leakage      Total
                          Power      Power      Power      Power (Watts)
----------------------------------------------------------------
Sequential             9.32e-03   2.97e-04   3.24e-04   9.94e-03   5.6%
Combinational          8.35e-02   8.30e-02   1.04e-03   1.68e-01  94.4%
Clock                  0.00e+00   0.00e+00   0.00e+00   0.00e+00   0.0%
Macro                  0.00e+00   0.00e+00   0.00e+00   0.00e+00   0.0%
Pad                    0.00e+00   0.00e+00   0.00e+00   0.00e+00   0.0%
----------------------------------------------------------------
Total                  9.28e-02   8.33e-02   1.36e-03   1.77e-01 100.0%
                          52.3%      46.9%       0.8%
