
==========================================================================
Post synthesis report_tns
--------------------------------------------------------------------------
tns 0.00

==========================================================================
Post synthesis report_wns
--------------------------------------------------------------------------
wns 0.00

==========================================================================
Post synthesis report_worst_slack
--------------------------------------------------------------------------
worst slack 1.11

==========================================================================
Post synthesis report_checks -path_delay min
--------------------------------------------------------------------------
Startpoint: u_pcu.sticky_q[2]$_SDFF_PP0_
            (rising edge-triggered flip-flop clocked by core_clock)
Endpoint: u_pcu.sticky_q[2]$_SDFF_PP0_
          (rising edge-triggered flip-flop clocked by core_clock)
Path Group: core_clock
Path Type: min

Fanout     Cap    Slew   Delay    Time   Description
-----------------------------------------------------------------------------
                  0.00    0.00    0.00   clock core_clock (rise edge)
                          0.00    0.00   clock network delay (ideal)
                  0.00    0.00    0.00 ^ u_pcu.sticky_q[2]$_SDFF_PP0_/CK (DFF_X1)
     2    1.53    0.01    0.08    0.08 v u_pcu.sticky_q[2]$_SDFF_PP0_/Q (DFF_X1)
                                         status_sticky_o[2] (net)
                  0.01    0.00    0.08 v _096884_/A2 (NAND3_X1)
     1    1.70    0.01    0.02    0.10 ^ _096884_/ZN (NAND3_X1)
                                         _028346_ (net)
                  0.01    0.00    0.10 ^ _096885_/A (INV_X1)
     1    1.06    0.00    0.01    0.10 v _096885_/ZN (INV_X1)
                                         _000563_ (net)
                  0.00    0.00    0.10 v u_pcu.sticky_q[2]$_SDFF_PP0_/D (DFF_X1)
                                  0.10   data arrival time

                  0.00    0.00    0.00   clock core_clock (rise edge)
                          0.00    0.00   clock network delay (ideal)
                          0.00    0.00   clock reconvergence pessimism
                                  0.00 ^ u_pcu.sticky_q[2]$_SDFF_PP0_/CK (DFF_X1)
                          0.00    0.00   library hold time
                                  0.00   data required time
-----------------------------------------------------------------------------
                                  0.00   data required time
                                 -0.10   data arrival time
-----------------------------------------------------------------------------
                                  0.10   slack (MET)



==========================================================================
Post synthesis report_checks -path_delay max
--------------------------------------------------------------------------
Startpoint: wr_fp16_i[252] (input port clocked by core_clock)
Endpoint: cvt_blk_o[73] (output port clocked by core_clock)
Path Group: core_clock
Path Type: max

Fanout     Cap    Slew   Delay    Time   Description
-----------------------------------------------------------------------------
                  0.00    0.00    0.00   clock core_clock (rise edge)
                          0.00    0.00   clock network delay (ideal)
                          0.80    0.80 v input external delay
     1    3.00    0.00    0.00    0.80 v wr_fp16_i[252] (in)
                                         wr_fp16_i[252] (net)
                  0.00    0.00    0.80 v _128999_/A (BUF_X4)
     7   14.62    0.01    0.02    0.82 v _128999_/Z (BUF_X4)
                                         _060165_ (net)
                  0.01    0.00    0.82 v _129000_/A2 (NOR2_X1)
     1    3.29    0.02    0.04    0.86 ^ _129000_/ZN (NOR2_X1)
                                         _060166_ (net)
                  0.02    0.00    0.86 ^ _129002_/A2 (NAND3_X2)
     2    7.25    0.02    0.03    0.89 v _129002_/ZN (NAND3_X2)
                                         _060168_ (net)
                  0.02    0.00    0.89 v _129004_/A1 (NAND2_X4)
     4   14.80    0.01    0.02    0.91 ^ _129004_/ZN (NAND2_X4)
                                         _060170_ (net)
                  0.01    0.00    0.91 ^ _129030_/A (INV_X1)
     2    5.30    0.01    0.01    0.93 v _129030_/ZN (INV_X1)
                                         _060196_ (net)
                  0.01    0.00    0.93 v _129031_/A1 (NAND2_X2)
     1    3.48    0.01    0.01    0.94 ^ _129031_/ZN (NAND2_X2)
                                         _060197_ (net)
                  0.01    0.00    0.94 ^ _129032_/A3 (NAND4_X2)
     6   14.80    0.04    0.05    0.99 v _129032_/ZN (NAND4_X2)
                                         _060198_ (net)
                  0.04    0.00    0.99 v _129033_/A2 (NAND2_X4)
     5   13.81    0.02    0.03    1.03 ^ _129033_/ZN (NAND2_X4)
                                         _060199_ (net)
                  0.02    0.00    1.03 ^ _129101_/A1 (NAND2_X1)
     2    4.63    0.01    0.02    1.05 v _129101_/ZN (NAND2_X1)
                                         _060267_ (net)
                  0.01    0.00    1.05 v _129103_/A2 (NAND3_X2)
     2    3.20    0.01    0.02    1.07 ^ _129103_/ZN (NAND3_X2)
                                         _060269_ (net)
                  0.01    0.00    1.07 ^ _129125_/A1 (NAND2_X1)
     2    4.59    0.01    0.02    1.09 v _129125_/ZN (NAND2_X1)
                                         _060291_ (net)
                  0.01    0.00    1.09 v _129126_/A2 (NOR2_X2)
     1    1.59    0.01    0.02    1.12 ^ _129126_/ZN (NOR2_X2)
                                         _060292_ (net)
                  0.01    0.00    1.12 ^ _129136_/A1 (NAND3_X1)
     1    3.14    0.01    0.02    1.14 v _129136_/ZN (NAND3_X1)
                                         _060302_ (net)
                  0.01    0.00    1.14 v _129137_/A2 (NAND2_X2)
     4    7.82    0.01    0.02    1.16 ^ _129137_/ZN (NAND2_X2)
                                         _060303_ (net)
                  0.01    0.00    1.16 ^ _129145_/A1 (NAND2_X2)
     6   18.94    0.02    0.03    1.19 v _129145_/ZN (NAND2_X2)
                                         _060311_ (net)
                  0.02    0.00    1.19 v _129165_/A (INV_X4)
     2    7.55    0.01    0.02    1.21 ^ _129165_/ZN (INV_X4)
                                         _060331_ (net)
                  0.01    0.00    1.21 ^ _129166_/A1 (NAND2_X4)
     1    5.70    0.01    0.01    1.22 v _129166_/ZN (NAND2_X4)
                                         _060332_ (net)
                  0.01    0.00    1.22 v _129169_/A1 (NAND2_X4)
     3    9.55    0.01    0.01    1.24 ^ _129169_/ZN (NAND2_X4)
                                         _060335_ (net)
                  0.01    0.00    1.24 ^ _129176_/A1 (OR2_X2)
     2    4.72    0.01    0.02    1.26 ^ _129176_/ZN (OR2_X2)
                                         _060342_ (net)
                  0.01    0.00    1.26 ^ _129203_/A1 (NAND2_X2)
     1    6.34    0.01    0.02    1.28 v _129203_/ZN (NAND2_X2)
                                         _060369_ (net)
                  0.01    0.00    1.28 v _129204_/A2 (NOR2_X4)
     2    6.03    0.01    0.03    1.31 ^ _129204_/ZN (NOR2_X4)
                                         _060370_ (net)
                  0.01    0.00    1.31 ^ _129208_/A1 (NAND3_X2)
     5   11.73    0.02    0.03    1.34 v _129208_/ZN (NAND3_X2)
                                         _060374_ (net)
                  0.02    0.00    1.34 v _129209_/A2 (NAND2_X4)
     4   10.75    0.01    0.03    1.36 ^ _129209_/ZN (NAND2_X4)
                                         _060375_ (net)
                  0.01    0.00    1.36 ^ _129210_/A1 (NAND2_X1)
     1    2.93    0.01    0.02    1.38 v _129210_/ZN (NAND2_X1)
                                         _060376_ (net)
                  0.01    0.00    1.38 v _129212_/A1 (NAND2_X2)
     4   12.54    0.02    0.03    1.41 ^ _129212_/ZN (NAND2_X2)
                                         _060378_ (net)
                  0.02    0.00    1.41 ^ _129640_/A1 (NAND2_X4)
     2    3.03    0.01    0.01    1.42 v _129640_/ZN (NAND2_X4)
                                         _060806_ (net)
                  0.01    0.00    1.42 v _129641_/A1 (NAND2_X1)
     1    6.77    0.02    0.03    1.45 ^ _129641_/ZN (NAND2_X1)
                                         _060807_ (net)
                  0.02    0.00    1.45 ^ _129643_/A1 (NOR2_X4)
     2    6.05    0.01    0.01    1.46 v _129643_/ZN (NOR2_X4)
                                         _060809_ (net)
                  0.01    0.00    1.46 v _129644_/B2 (AOI21_X2)
     1    5.95    0.03    0.04    1.49 ^ _129644_/ZN (AOI21_X2)
                                         _060810_ (net)
                  0.03    0.00    1.49 ^ _129660_/A1 (NAND2_X4)
     7   15.07    0.01    0.02    1.52 v _129660_/ZN (NAND2_X4)
                                         _060826_ (net)
                  0.01    0.00    1.52 v _129669_/A1 (NAND2_X4)
     6   35.73    0.03    0.03    1.55 ^ _129669_/ZN (NAND2_X4)
                                         _060835_ (net)
                  0.03    0.00    1.55 ^ _129674_/A1 (NAND2_X4)
     2    7.26    0.01    0.02    1.57 v _129674_/ZN (NAND2_X4)
                                         _060840_ (net)
                  0.01    0.00    1.57 v _129862_/A1 (NAND2_X4)
     7   33.61    0.03    0.03    1.60 ^ _129862_/ZN (NAND2_X4)
                                         _061026_ (net)
                  0.03    0.00    1.60 ^ _130053_/A (BUF_X8)
    10   53.59    0.02    0.04    1.64 ^ _130053_/Z (BUF_X8)
                                         cvt_blk_o[209] (net)
                  0.02    0.00    1.64 ^ _132976_/A1 (NAND2_X4)
     4   10.28    0.01    0.02    1.65 v _132976_/ZN (NAND2_X4)
                                         _063982_ (net)
                  0.01    0.00    1.65 v _132978_/A1 (NAND2_X4)
     2    7.25    0.01    0.02    1.67 ^ _132978_/ZN (NAND2_X4)
                                         _063984_ (net)
                  0.01    0.00    1.67 ^ _133001_/A (XNOR2_X2)
     3   11.48    0.04    0.05    1.72 ^ _133001_/ZN (XNOR2_X2)
                                         _064007_ (net)
                  0.04    0.00    1.72 ^ _133002_/A (INV_X1)
     1    6.34    0.01    0.02    1.74 v _133002_/ZN (INV_X1)
                                         _064008_ (net)
                  0.01    0.00    1.74 v _133003_/A2 (NOR2_X4)
     1    6.20    0.01    0.03    1.77 ^ _133003_/ZN (NOR2_X4)
                                         _064009_ (net)
                  0.01    0.00    1.77 ^ _133004_/A2 (NAND2_X4)
     4   18.03    0.01    0.02    1.79 v _133004_/ZN (NAND2_X4)
                                         _064010_ (net)
                  0.01    0.00    1.79 v _133019_/A1 (AND2_X4)
     1    5.70    0.01    0.03    1.82 v _133019_/ZN (AND2_X4)
                                         _064025_ (net)
                  0.01    0.00    1.82 v _133020_/A1 (NAND2_X4)
     3   15.65    0.01    0.02    1.83 ^ _133020_/ZN (NAND2_X4)
                                         _064026_ (net)
                  0.01    0.00    1.83 ^ _133021_/A (BUF_X16)
    10   28.58    0.01    0.02    1.86 ^ _133021_/Z (BUF_X16)
                                         _064027_ (net)
                  0.01    0.00    1.86 ^ _133111_/A3 (NAND3_X1)
     2    3.09    0.01    0.02    1.88 v _133111_/ZN (NAND3_X1)
                                         _064117_ (net)
                  0.01    0.00    1.88 v _133113_/A1 (NAND3_X1)
     1    3.45    0.02    0.02    1.90 ^ _133113_/ZN (NAND3_X1)
                                         _064119_ (net)
                  0.02    0.00    1.90 ^ _133114_/A2 (NAND2_X2)
     2    2.99    0.01    0.01    1.92 v _133114_/ZN (NAND2_X2)
                                         _064120_ (net)
                  0.01    0.00    1.92 v _133137_/B1 (OAI21_X1)
     2    6.30    0.04    0.05    1.97 ^ _133137_/ZN (OAI21_X1)
                                         _064142_ (net)
                  0.04    0.00    1.97 ^ _133138_/A (INV_X2)
     2    8.71    0.01    0.02    1.99 v _133138_/ZN (INV_X2)
                                         _064143_ (net)
                  0.01    0.00    1.99 v _133141_/A2 (NOR2_X4)
     6   11.72    0.02    0.04    2.02 ^ _133141_/ZN (NOR2_X4)
                                         _064145_ (net)
                  0.02    0.00    2.02 ^ _133196_/A1 (NAND3_X2)
     1    2.13    0.01    0.02    2.04 v _133196_/ZN (NAND3_X2)
                                         _064193_ (net)
                  0.01    0.00    2.04 v _133198_/A (XNOR2_X1)
     1    2.94    0.01    0.04    2.08 v _133198_/ZN (XNOR2_X1)
                                         _064195_ (net)
                  0.01    0.00    2.08 v _133199_/A (INV_X2)
     1    0.00    0.00    0.01    2.09 ^ _133199_/ZN (INV_X2)
                                         cvt_blk_o[73] (net)
                  0.00    0.00    2.09 ^ cvt_blk_o[73] (out)
                                  2.09   data arrival time

                  0.00    4.00    4.00   clock core_clock (rise edge)
                          0.00    4.00   clock network delay (ideal)
                          0.00    4.00   clock reconvergence pessimism
                         -0.80    3.20   output external delay
                                  3.20   data required time
-----------------------------------------------------------------------------
                                  3.20   data required time
                                 -2.09   data arrival time
-----------------------------------------------------------------------------
                                  1.11   slack (MET)



==========================================================================
Post synthesis report_checks -unconstrained
--------------------------------------------------------------------------
Startpoint: wr_fp16_i[252] (input port clocked by core_clock)
Endpoint: cvt_blk_o[73] (output port clocked by core_clock)
Path Group: core_clock
Path Type: max

Fanout     Cap    Slew   Delay    Time   Description
-----------------------------------------------------------------------------
                  0.00    0.00    0.00   clock core_clock (rise edge)
                          0.00    0.00   clock network delay (ideal)
                          0.80    0.80 v input external delay
     1    3.00    0.00    0.00    0.80 v wr_fp16_i[252] (in)
                                         wr_fp16_i[252] (net)
                  0.00    0.00    0.80 v _128999_/A (BUF_X4)
     7   14.62    0.01    0.02    0.82 v _128999_/Z (BUF_X4)
                                         _060165_ (net)
                  0.01    0.00    0.82 v _129000_/A2 (NOR2_X1)
     1    3.29    0.02    0.04    0.86 ^ _129000_/ZN (NOR2_X1)
                                         _060166_ (net)
                  0.02    0.00    0.86 ^ _129002_/A2 (NAND3_X2)
     2    7.25    0.02    0.03    0.89 v _129002_/ZN (NAND3_X2)
                                         _060168_ (net)
                  0.02    0.00    0.89 v _129004_/A1 (NAND2_X4)
     4   14.80    0.01    0.02    0.91 ^ _129004_/ZN (NAND2_X4)
                                         _060170_ (net)
                  0.01    0.00    0.91 ^ _129030_/A (INV_X1)
     2    5.30    0.01    0.01    0.93 v _129030_/ZN (INV_X1)
                                         _060196_ (net)
                  0.01    0.00    0.93 v _129031_/A1 (NAND2_X2)
     1    3.48    0.01    0.01    0.94 ^ _129031_/ZN (NAND2_X2)
                                         _060197_ (net)
                  0.01    0.00    0.94 ^ _129032_/A3 (NAND4_X2)
     6   14.80    0.04    0.05    0.99 v _129032_/ZN (NAND4_X2)
                                         _060198_ (net)
                  0.04    0.00    0.99 v _129033_/A2 (NAND2_X4)
     5   13.81    0.02    0.03    1.03 ^ _129033_/ZN (NAND2_X4)
                                         _060199_ (net)
                  0.02    0.00    1.03 ^ _129101_/A1 (NAND2_X1)
     2    4.63    0.01    0.02    1.05 v _129101_/ZN (NAND2_X1)
                                         _060267_ (net)
                  0.01    0.00    1.05 v _129103_/A2 (NAND3_X2)
     2    3.20    0.01    0.02    1.07 ^ _129103_/ZN (NAND3_X2)
                                         _060269_ (net)
                  0.01    0.00    1.07 ^ _129125_/A1 (NAND2_X1)
     2    4.59    0.01    0.02    1.09 v _129125_/ZN (NAND2_X1)
                                         _060291_ (net)
                  0.01    0.00    1.09 v _129126_/A2 (NOR2_X2)
     1    1.59    0.01    0.02    1.12 ^ _129126_/ZN (NOR2_X2)
                                         _060292_ (net)
                  0.01    0.00    1.12 ^ _129136_/A1 (NAND3_X1)
     1    3.14    0.01    0.02    1.14 v _129136_/ZN (NAND3_X1)
                                         _060302_ (net)
                  0.01    0.00    1.14 v _129137_/A2 (NAND2_X2)
     4    7.82    0.01    0.02    1.16 ^ _129137_/ZN (NAND2_X2)
                                         _060303_ (net)
                  0.01    0.00    1.16 ^ _129145_/A1 (NAND2_X2)
     6   18.94    0.02    0.03    1.19 v _129145_/ZN (NAND2_X2)
                                         _060311_ (net)
                  0.02    0.00    1.19 v _129165_/A (INV_X4)
     2    7.55    0.01    0.02    1.21 ^ _129165_/ZN (INV_X4)
                                         _060331_ (net)
                  0.01    0.00    1.21 ^ _129166_/A1 (NAND2_X4)
     1    5.70    0.01    0.01    1.22 v _129166_/ZN (NAND2_X4)
                                         _060332_ (net)
                  0.01    0.00    1.22 v _129169_/A1 (NAND2_X4)
     3    9.55    0.01    0.01    1.24 ^ _129169_/ZN (NAND2_X4)
                                         _060335_ (net)
                  0.01    0.00    1.24 ^ _129176_/A1 (OR2_X2)
     2    4.72    0.01    0.02    1.26 ^ _129176_/ZN (OR2_X2)
                                         _060342_ (net)
                  0.01    0.00    1.26 ^ _129203_/A1 (NAND2_X2)
     1    6.34    0.01    0.02    1.28 v _129203_/ZN (NAND2_X2)
                                         _060369_ (net)
                  0.01    0.00    1.28 v _129204_/A2 (NOR2_X4)
     2    6.03    0.01    0.03    1.31 ^ _129204_/ZN (NOR2_X4)
                                         _060370_ (net)
                  0.01    0.00    1.31 ^ _129208_/A1 (NAND3_X2)
     5   11.73    0.02    0.03    1.34 v _129208_/ZN (NAND3_X2)
                                         _060374_ (net)
                  0.02    0.00    1.34 v _129209_/A2 (NAND2_X4)
     4   10.75    0.01    0.03    1.36 ^ _129209_/ZN (NAND2_X4)
                                         _060375_ (net)
                  0.01    0.00    1.36 ^ _129210_/A1 (NAND2_X1)
     1    2.93    0.01    0.02    1.38 v _129210_/ZN (NAND2_X1)
                                         _060376_ (net)
                  0.01    0.00    1.38 v _129212_/A1 (NAND2_X2)
     4   12.54    0.02    0.03    1.41 ^ _129212_/ZN (NAND2_X2)
                                         _060378_ (net)
                  0.02    0.00    1.41 ^ _129640_/A1 (NAND2_X4)
     2    3.03    0.01    0.01    1.42 v _129640_/ZN (NAND2_X4)
                                         _060806_ (net)
                  0.01    0.00    1.42 v _129641_/A1 (NAND2_X1)
     1    6.77    0.02    0.03    1.45 ^ _129641_/ZN (NAND2_X1)
                                         _060807_ (net)
                  0.02    0.00    1.45 ^ _129643_/A1 (NOR2_X4)
     2    6.05    0.01    0.01    1.46 v _129643_/ZN (NOR2_X4)
                                         _060809_ (net)
                  0.01    0.00    1.46 v _129644_/B2 (AOI21_X2)
     1    5.95    0.03    0.04    1.49 ^ _129644_/ZN (AOI21_X2)
                                         _060810_ (net)
                  0.03    0.00    1.49 ^ _129660_/A1 (NAND2_X4)
     7   15.07    0.01    0.02    1.52 v _129660_/ZN (NAND2_X4)
                                         _060826_ (net)
                  0.01    0.00    1.52 v _129669_/A1 (NAND2_X4)
     6   35.73    0.03    0.03    1.55 ^ _129669_/ZN (NAND2_X4)
                                         _060835_ (net)
                  0.03    0.00    1.55 ^ _129674_/A1 (NAND2_X4)
     2    7.26    0.01    0.02    1.57 v _129674_/ZN (NAND2_X4)
                                         _060840_ (net)
                  0.01    0.00    1.57 v _129862_/A1 (NAND2_X4)
     7   33.61    0.03    0.03    1.60 ^ _129862_/ZN (NAND2_X4)
                                         _061026_ (net)
                  0.03    0.00    1.60 ^ _130053_/A (BUF_X8)
    10   53.59    0.02    0.04    1.64 ^ _130053_/Z (BUF_X8)
                                         cvt_blk_o[209] (net)
                  0.02    0.00    1.64 ^ _132976_/A1 (NAND2_X4)
     4   10.28    0.01    0.02    1.65 v _132976_/ZN (NAND2_X4)
                                         _063982_ (net)
                  0.01    0.00    1.65 v _132978_/A1 (NAND2_X4)
     2    7.25    0.01    0.02    1.67 ^ _132978_/ZN (NAND2_X4)
                                         _063984_ (net)
                  0.01    0.00    1.67 ^ _133001_/A (XNOR2_X2)
     3   11.48    0.04    0.05    1.72 ^ _133001_/ZN (XNOR2_X2)
                                         _064007_ (net)
                  0.04    0.00    1.72 ^ _133002_/A (INV_X1)
     1    6.34    0.01    0.02    1.74 v _133002_/ZN (INV_X1)
                                         _064008_ (net)
                  0.01    0.00    1.74 v _133003_/A2 (NOR2_X4)
     1    6.20    0.01    0.03    1.77 ^ _133003_/ZN (NOR2_X4)
                                         _064009_ (net)
                  0.01    0.00    1.77 ^ _133004_/A2 (NAND2_X4)
     4   18.03    0.01    0.02    1.79 v _133004_/ZN (NAND2_X4)
                                         _064010_ (net)
                  0.01    0.00    1.79 v _133019_/A1 (AND2_X4)
     1    5.70    0.01    0.03    1.82 v _133019_/ZN (AND2_X4)
                                         _064025_ (net)
                  0.01    0.00    1.82 v _133020_/A1 (NAND2_X4)
     3   15.65    0.01    0.02    1.83 ^ _133020_/ZN (NAND2_X4)
                                         _064026_ (net)
                  0.01    0.00    1.83 ^ _133021_/A (BUF_X16)
    10   28.58    0.01    0.02    1.86 ^ _133021_/Z (BUF_X16)
                                         _064027_ (net)
                  0.01    0.00    1.86 ^ _133111_/A3 (NAND3_X1)
     2    3.09    0.01    0.02    1.88 v _133111_/ZN (NAND3_X1)
                                         _064117_ (net)
                  0.01    0.00    1.88 v _133113_/A1 (NAND3_X1)
     1    3.45    0.02    0.02    1.90 ^ _133113_/ZN (NAND3_X1)
                                         _064119_ (net)
                  0.02    0.00    1.90 ^ _133114_/A2 (NAND2_X2)
     2    2.99    0.01    0.01    1.92 v _133114_/ZN (NAND2_X2)
                                         _064120_ (net)
                  0.01    0.00    1.92 v _133137_/B1 (OAI21_X1)
     2    6.30    0.04    0.05    1.97 ^ _133137_/ZN (OAI21_X1)
                                         _064142_ (net)
                  0.04    0.00    1.97 ^ _133138_/A (INV_X2)
     2    8.71    0.01    0.02    1.99 v _133138_/ZN (INV_X2)
                                         _064143_ (net)
                  0.01    0.00    1.99 v _133141_/A2 (NOR2_X4)
     6   11.72    0.02    0.04    2.02 ^ _133141_/ZN (NOR2_X4)
                                         _064145_ (net)
                  0.02    0.00    2.02 ^ _133196_/A1 (NAND3_X2)
     1    2.13    0.01    0.02    2.04 v _133196_/ZN (NAND3_X2)
                                         _064193_ (net)
                  0.01    0.00    2.04 v _133198_/A (XNOR2_X1)
     1    2.94    0.01    0.04    2.08 v _133198_/ZN (XNOR2_X1)
                                         _064195_ (net)
                  0.01    0.00    2.08 v _133199_/A (INV_X2)
     1    0.00    0.00    0.01    2.09 ^ _133199_/ZN (INV_X2)
                                         cvt_blk_o[73] (net)
                  0.00    0.00    2.09 ^ cvt_blk_o[73] (out)
                                  2.09   data arrival time

                  0.00    4.00    4.00   clock core_clock (rise edge)
                          0.00    4.00   clock network delay (ideal)
                          0.00    4.00   clock reconvergence pessimism
                         -0.80    3.20   output external delay
                                  3.20   data required time
-----------------------------------------------------------------------------
                                  3.20   data required time
                                 -2.09   data arrival time
-----------------------------------------------------------------------------
                                  1.11   slack (MET)



==========================================================================
Post synthesis report_power
--------------------------------------------------------------------------
Group                  Internal  Switching    Leakage      Total
                          Power      Power      Power      Power (Watts)
----------------------------------------------------------------
Sequential             1.21e-02   6.98e-04   3.36e-04   1.32e-02   2.4%
Combinational          2.65e-01   2.61e-01   1.79e-03   5.28e-01  97.6%
Clock                  0.00e+00   0.00e+00   0.00e+00   0.00e+00   0.0%
Macro                  0.00e+00   0.00e+00   0.00e+00   0.00e+00   0.0%
Pad                    0.00e+00   0.00e+00   0.00e+00   0.00e+00   0.0%
----------------------------------------------------------------
Total                  2.77e-01   2.62e-01   2.13e-03   5.41e-01 100.0%
                          51.3%      48.3%       0.4%
