
==========================================================================
Post synthesis report_tns
--------------------------------------------------------------------------
tns 0.00

==========================================================================
Post synthesis report_wns
--------------------------------------------------------------------------
wns 0.00

==========================================================================
Post synthesis report_worst_slack
--------------------------------------------------------------------------
worst slack 0.89

==========================================================================
Post synthesis report_checks -path_delay min
--------------------------------------------------------------------------
Startpoint: u_pcu.u_acc.entry[0][159]$_SDFFCE_PN0P_
            (rising edge-triggered flip-flop clocked by core_clock)
Endpoint: u_pcu.u_acc.entry[0][159]$_SDFFCE_PN0P_
          (rising edge-triggered flip-flop clocked by core_clock)
Path Group: core_clock
Path Type: min

Fanout     Cap    Slew   Delay    Time   Description
-----------------------------------------------------------------------------
                  0.00    0.00    0.00   clock core_clock (rise edge)
                          0.00    0.00   clock network delay (ideal)
                  0.00    0.00    0.00 ^ u_pcu.u_acc.entry[0][159]$_SDFFCE_PN0P_/CK (DFF_X1)
     3    4.51    0.01    0.08    0.08 v u_pcu.u_acc.entry[0][159]$_SDFFCE_PN0P_/Q (DFF_X1)
                                         u_pcu.u_acc.entry[0][151] (net)
                  0.01    0.00    0.08 v _25876_/A (INV_X1)
     1    1.66    0.01    0.01    0.10 ^ _25876_/ZN (INV_X1)
                                         _18739_ (net)
                  0.01    0.00    0.10 ^ _25877_/B1 (OAI21_X1)
     1    1.06    0.01    0.01    0.11 v _25877_/ZN (OAI21_X1)
                                         _00362_ (net)
                  0.01    0.00    0.11 v u_pcu.u_acc.entry[0][159]$_SDFFCE_PN0P_/D (DFF_X1)
                                  0.11   data arrival time

                  0.00    0.00    0.00   clock core_clock (rise edge)
                          0.00    0.00   clock network delay (ideal)
                          0.00    0.00   clock reconvergence pessimism
                                  0.00 ^ u_pcu.u_acc.entry[0][159]$_SDFFCE_PN0P_/CK (DFF_X1)
                          0.00    0.00   library hold time
                                  0.00   data required time
-----------------------------------------------------------------------------
                                  0.00   data required time
                                 -0.11   data arrival time
-----------------------------------------------------------------------------
                                  0.11   slack (MET)



==========================================================================
Post synthesis report_checks -path_delay max
--------------------------------------------------------------------------
Startpoint: drain_entry_i[0] (input port clocked by core_clock)
Endpoint: drain_data_o[119] (output port clocked by core_clock)
Path Group: core_clock
Path Type: max

Fanout     Cap    Slew   Delay    Time   Description
-----------------------------------------------------------------------------
                  0.00    0.00    0.00   clock core_clock (rise edge)
                          0.00    0.00   clock network delay (ideal)
                          0.40    0.40 v input external delay
     1    0.88    0.00    0.00    0.40 v drain_entry_i[0] (in)
                                         drain_entry_i[0] (net)
                  0.00    0.00    0.40 v _45272_/A (BUF_X1)
     2    2.42    0.01    0.02    0.42 v _45272_/Z (BUF_X1)
                                         _15505_ (net)
                  0.01    0.00    0.42 v _45281_/A (INV_X1)
     5    4.87    0.01    0.02    0.44 ^ _45281_/ZN (INV_X1)
                                         _15514_ (net)
                  0.01    0.00    0.44 ^ _45295_/A (BUF_X1)
    10    9.75    0.03    0.04    0.49 ^ _45295_/Z (BUF_X1)
                                         _15527_ (net)
                  0.03    0.00    0.49 ^ _45325_/A (BUF_X1)
    10   16.40    0.04    0.06    0.55 ^ _45325_/Z (BUF_X1)
                                         _15553_ (net)
                  0.04    0.00    0.55 ^ _45326_/A (BUF_X1)
    10   17.14    0.04    0.07    0.62 ^ _45326_/Z (BUF_X1)
                                         _15554_ (net)
                  0.04    0.00    0.62 ^ _45425_/A1 (NOR2_X1)
     1    1.46    0.01    0.01    0.63 v _45425_/ZN (NOR2_X1)
                                         _15636_ (net)
                  0.01    0.00    0.63 v _45427_/B1 (OAI21_X1)
     9    7.80    0.05    0.06    0.69 ^ _45427_/ZN (OAI21_X1)
                                         drain_data_o[127] (net)
                  0.05    0.00    0.69 ^ _47476_/A (BUF_X1)
     1    0.00    0.01    0.03    0.71 ^ _47476_/Z (BUF_X1)
                                         drain_data_o[119] (net)
                  0.01    0.00    0.71 ^ drain_data_o[119] (out)
                                  0.71   data arrival time

                  0.00    2.00    2.00   clock core_clock (rise edge)
                          0.00    2.00   clock network delay (ideal)
                          0.00    2.00   clock reconvergence pessimism
                         -0.40    1.60   output external delay
                                  1.60   data required time
-----------------------------------------------------------------------------
                                  1.60   data required time
                                 -0.71   data arrival time
-----------------------------------------------------------------------------
                                  0.89   slack (MET)



==========================================================================
Post synthesis report_checks -unconstrained
--------------------------------------------------------------------------
Startpoint: drain_entry_i[0] (input port clocked by core_clock)
Endpoint: drain_data_o[119] (output port clocked by core_clock)
Path Group: core_clock
Path Type: max

Fanout     Cap    Slew   Delay    Time   Description
-----------------------------------------------------------------------------
                  0.00    0.00    0.00   clock core_clock (rise edge)
                          0.00    0.00   clock network delay (ideal)
                          0.40    0.40 v input external delay
     1    0.88    0.00    0.00    0.40 v drain_entry_i[0] (in)
                                         drain_entry_i[0] (net)
                  0.00    0.00    0.40 v _45272_/A (BUF_X1)
     2    2.42    0.01    0.02    0.42 v _45272_/Z (BUF_X1)
                                         _15505_ (net)
                  0.01    0.00    0.42 v _45281_/A (INV_X1)
     5    4.87    0.01    0.02    0.44 ^ _45281_/ZN (INV_X1)
                                         _15514_ (net)
                  0.01    0.00    0.44 ^ _45295_/A (BUF_X1)
    10    9.75    0.03    0.04    0.49 ^ _45295_/Z (BUF_X1)
                                         _15527_ (net)
                  0.03    0.00    0.49 ^ _45325_/A (BUF_X1)
    10   16.40    0.04    0.06    0.55 ^ _45325_/Z (BUF_X1)
                                         _15553_ (net)
                  0.04    0.00    0.55 ^ _45326_/A (BUF_X1)
    10   17.14    0.04    0.07    0.62 ^ _45326_/Z (BUF_X1)
                                         _15554_ (net)
                  0.04    0.00    0.62 ^ _45425_/A1 (NOR2_X1)
     1    1.46    0.01    0.01    0.63 v _45425_/ZN (NOR2_X1)
                                         _15636_ (net)
                  0.01    0.00    0.63 v _45427_/B1 (OAI21_X1)
     9    7.80    0.05    0.06    0.69 ^ _45427_/ZN (OAI21_X1)
                                         drain_data_o[127] (net)
                  0.05    0.00    0.69 ^ _47476_/A (BUF_X1)
     1    0.00    0.01    0.03    0.71 ^ _47476_/Z (BUF_X1)
                                         drain_data_o[119] (net)
                  0.01    0.00    0.71 ^ drain_data_o[119] (out)
                                  0.71   data arrival time

                  0.00    2.00    2.00   clock core_clock (rise edge)
                          0.00    2.00   clock network delay (ideal)
                          0.00    2.00   clock reconvergence pessimism
                         -0.40    1.60   output external delay
                                  1.60   data required time
-----------------------------------------------------------------------------
                                  1.60   data required time
                                 -0.71   data arrival time
-----------------------------------------------------------------------------
                                  0.89   slack (MET)



==========================================================================
Post synthesis report_power
--------------------------------------------------------------------------
Group                  Internal  Switching    Leakage      Total
                          Power      Power      Power      Power (Watts)
----------------------------------------------------------------
Sequential             6.31e-03   2.57e-04   1.30e-04   6.70e-03  32.7%
Combinational          6.47e-03   6.67e-03   6.29e-04   1.38e-02  67.3%
Clock                  0.00e+00   0.00e+00   0.00e+00   0.00e+00   0.0%
Macro                  0.00e+00   0.00e+00   0.00e+00   0.00e+00   0.0%
Pad                    0.00e+00   0.00e+00   0.00e+00   0.00e+00   0.0%
----------------------------------------------------------------
Total                  1.28e-02   6.93e-03   7.60e-04   2.05e-02 100.0%
                          62.5%      33.8%       3.7%
