
==========================================================================
Post synthesis report_tns
--------------------------------------------------------------------------
tns -31.98

==========================================================================
Post synthesis report_wns
--------------------------------------------------------------------------
wns -0.21

==========================================================================
Post synthesis report_worst_slack
--------------------------------------------------------------------------
worst slack -0.21

==========================================================================
Post synthesis report_checks -path_delay min
--------------------------------------------------------------------------
Startpoint: u_pcu.u_ctrl.pump_q[1]$_SDFFE_PP0P_
            (rising edge-triggered flip-flop clocked by core_clock)
Endpoint: u_pcu.u_ctrl.busy_q$_SDFF_PN0_
          (rising edge-triggered flip-flop clocked by core_clock)
Path Group: core_clock
Path Type: min

Fanout     Cap    Slew   Delay    Time   Description
-----------------------------------------------------------------------------
                  0.00    0.00    0.00   clock core_clock (rise edge)
                          0.00    0.00   clock network delay (ideal)
                  0.00    0.00    0.00 ^ u_pcu.u_ctrl.pump_q[1]$_SDFFE_PP0P_/CK (DFF_X1)
     2    3.00    0.01    0.08    0.08 v u_pcu.u_ctrl.pump_q[1]$_SDFFE_PP0P_/Q (DFF_X1)
                                         u_pcu.u_ctrl.pump_q[1] (net)
                  0.01    0.00    0.08 v _79355_/B1 (AOI21_X1)
     1    1.14    0.01    0.02    0.10 ^ _79355_/ZN (AOI21_X1)
                                         _02675_ (net)
                  0.01    0.00    0.10 ^ u_pcu.u_ctrl.busy_q$_SDFF_PN0_/D (DFF_X1)
                                  0.10   data arrival time

                  0.00    0.00    0.00   clock core_clock (rise edge)
                          0.00    0.00   clock network delay (ideal)
                          0.00    0.00   clock reconvergence pessimism
                                  0.00 ^ u_pcu.u_ctrl.busy_q$_SDFF_PN0_/CK (DFF_X1)
                          0.01    0.01   library hold time
                                  0.01   data required time
-----------------------------------------------------------------------------
                                  0.01   data required time
                                 -0.10   data arrival time
-----------------------------------------------------------------------------
                                  0.10   slack (MET)



==========================================================================
Post synthesis report_checks -path_delay max
--------------------------------------------------------------------------
Startpoint: u_pcu.g_hmul_reg.u_q[91]$_SDFFE_PN0P_
            (rising edge-triggered flip-flop clocked by core_clock)
Endpoint: cvt_blk_o[69] (output port clocked by core_clock)
Path Group: core_clock
Path Type: max

Fanout     Cap    Slew   Delay    Time   Description
-----------------------------------------------------------------------------
                  0.00    0.00    0.00   clock core_clock (rise edge)
                          0.00    0.00   clock network delay (ideal)
                  0.00    0.00    0.00 ^ u_pcu.g_hmul_reg.u_q[91]$_SDFFE_PN0P_/CK (DFF_X1)
     1    0.97    0.01    0.08    0.08 ^ u_pcu.g_hmul_reg.u_q[91]$_SDFFE_PN0P_/Q (DFF_X1)
                                         u_pcu.cvt_fp16[91] (net)
                  0.01    0.00    0.08 ^ _51112_/A (BUF_X1)
     5    8.39    0.02    0.04    0.12 ^ _51112_/Z (BUF_X1)
                                         _05420_ (net)
                  0.02    0.00    0.12 ^ _51113_/A (INV_X1)
     3    4.44    0.01    0.02    0.14 v _51113_/ZN (INV_X1)
                                         _05421_ (net)
                  0.01    0.00    0.14 v _51115_/A1 (NAND2_X1)
     1    1.67    0.01    0.01    0.15 ^ _51115_/ZN (NAND2_X1)
                                         _05423_ (net)
                  0.01    0.00    0.15 ^ _51117_/A (OAI21_X1)
     2    2.90    0.01    0.02    0.17 v _51117_/ZN (OAI21_X1)
                                         _05425_ (net)
                  0.01    0.00    0.17 v _51121_/A1 (NOR3_X1)
     1    1.67    0.03    0.03    0.21 ^ _51121_/ZN (NOR3_X1)
                                         _05429_ (net)
                  0.03    0.00    0.21 ^ _51134_/A (OAI21_X1)
     2    1.65    0.01    0.02    0.23 v _51134_/ZN (OAI21_X1)
                                         _05442_ (net)
                  0.01    0.00    0.23 v _51143_/A1 (OR3_X1)
     1    1.56    0.01    0.06    0.29 v _51143_/ZN (OR3_X1)
                                         _05451_ (net)
                  0.01    0.00    0.29 v _51144_/B2 (OAI21_X1)
     8   12.68    0.07    0.09    0.38 ^ _51144_/ZN (OAI21_X1)
                                         _05452_ (net)
                  0.07    0.00    0.38 ^ _51189_/A1 (NAND2_X1)
     1    1.52    0.02    0.02    0.40 v _51189_/ZN (NAND2_X1)
                                         _05497_ (net)
                  0.02    0.00    0.40 v _51190_/A (OAI21_X1)
     1    1.70    0.02    0.02    0.43 ^ _51190_/ZN (OAI21_X1)
                                         _05498_ (net)
                  0.02    0.00    0.43 ^ _51191_/A (INV_X1)
     3    6.35    0.01    0.02    0.44 v _51191_/ZN (INV_X1)
                                         _05499_ (net)
                  0.01    0.00    0.44 v _51194_/A (XNOR2_X1)
     2    2.97    0.02    0.04    0.48 v _51194_/ZN (XNOR2_X1)
                                         _05502_ (net)
                  0.02    0.00    0.48 v _51209_/A2 (OR3_X2)
     2    4.24    0.01    0.08    0.56 v _51209_/ZN (OR3_X2)
                                         _05517_ (net)
                  0.01    0.00    0.56 v _51213_/A (OAI221_X1)
     1    3.18    0.04    0.03    0.59 ^ _51213_/ZN (OAI221_X1)
                                         _05521_ (net)
                  0.04    0.00    0.59 ^ _51215_/A (OAI21_X2)
     8   14.10    0.02    0.04    0.63 v _51215_/ZN (OAI21_X2)
                                         _05523_ (net)
                  0.02    0.00    0.63 v _51217_/B2 (OAI21_X1)
     2    3.38    0.03    0.04    0.67 ^ _51217_/ZN (OAI21_X1)
                                         _05525_ (net)
                  0.03    0.00    0.67 ^ _51218_/A (INV_X1)
     3    4.53    0.01    0.02    0.69 v _51218_/ZN (INV_X1)
                                         _05526_ (net)
                  0.01    0.00    0.69 v _51227_/A2 (NAND2_X1)
     1    1.59    0.01    0.02    0.70 ^ _51227_/ZN (NAND2_X1)
                                         _05535_ (net)
                  0.01    0.00    0.70 ^ _51228_/A1 (NAND3_X1)
     1    1.54    0.01    0.02    0.72 v _51228_/ZN (NAND3_X1)
                                         _05536_ (net)
                  0.01    0.00    0.72 v _51229_/A (AOI21_X1)
     2    3.24    0.03    0.05    0.77 ^ _51229_/ZN (AOI21_X1)
                                         _05537_ (net)
                  0.03    0.00    0.77 ^ _51255_/A1 (NAND3_X1)
     2    4.20    0.02    0.03    0.80 v _51255_/ZN (NAND3_X1)
                                         _05563_ (net)
                  0.02    0.00    0.80 v _51256_/A2 (NAND2_X1)
     1    3.18    0.01    0.03    0.83 ^ _51256_/ZN (NAND2_X1)
                                         _05564_ (net)
                  0.01    0.00    0.83 ^ _51258_/A (OAI21_X2)
     8   12.35    0.02    0.03    0.86 v _51258_/ZN (OAI21_X2)
                                         _05566_ (net)
                  0.02    0.00    0.86 v _51259_/A1 (NAND2_X1)
     1    1.67    0.01    0.02    0.87 ^ _51259_/ZN (NAND2_X1)
                                         _05567_ (net)
                  0.01    0.00    0.87 ^ _51260_/A (OAI21_X1)
     3    4.42    0.02    0.02    0.90 v _51260_/ZN (OAI21_X1)
                                         _05568_ (net)
                  0.02    0.00    0.90 v _51539_/A (XNOR2_X1)
     1    1.41    0.01    0.04    0.94 v _51539_/ZN (XNOR2_X1)
                                         _05847_ (net)
                  0.01    0.00    0.94 v _51543_/A1 (NOR2_X1)
     2    3.20    0.02    0.03    0.97 ^ _51543_/ZN (NOR2_X1)
                                         _05851_ (net)
                  0.02    0.00    0.97 ^ _51557_/A1 (NAND4_X1)
     2    2.87    0.02    0.03    1.00 v _51557_/ZN (NAND4_X1)
                                         _05865_ (net)
                  0.02    0.00    1.00 v _51564_/A1 (NOR2_X1)
     1    1.67    0.02    0.03    1.03 ^ _51564_/ZN (NOR2_X1)
                                         _05872_ (net)
                  0.02    0.00    1.03 ^ _51565_/A (OAI21_X1)
     1    1.53    0.01    0.02    1.05 v _51565_/ZN (OAI21_X1)
                                         _05873_ (net)
                  0.01    0.00    1.05 v _51573_/A1 (NAND2_X1)
     2    3.30    0.01    0.02    1.07 ^ _51573_/ZN (NAND2_X1)
                                         _05881_ (net)
                  0.01    0.00    1.07 ^ _51574_/A (INV_X1)
     7   10.65    0.01    0.02    1.09 v _51574_/ZN (INV_X1)
                                         _05882_ (net)
                  0.01    0.00    1.09 v _87391_/A1 (OR2_X2)
     1    2.93    0.01    0.04    1.14 v _87391_/ZN (OR2_X2)
                                         _38812_ (net)
                  0.01    0.00    1.14 v _87393_/A1 (NAND2_X2)
    10   17.79    0.03    0.03    1.17 ^ _87393_/ZN (NAND2_X2)
                                         _38814_ (net)
                  0.03    0.00    1.17 ^ _87394_/A (BUF_X4)
    10   17.36    0.01    0.03    1.20 ^ _87394_/Z (BUF_X4)
                                         _38815_ (net)
                  0.01    0.00    1.20 ^ _90221_/A1 (NAND2_X1)
     3    5.36    0.01    0.02    1.22 v _90221_/ZN (NAND2_X1)
                                         _41485_ (net)
                  0.01    0.00    1.22 v _90223_/B1 (AOI21_X1)
     2    4.22    0.03    0.04    1.26 ^ _90223_/ZN (AOI21_X1)
                                         _41487_ (net)
                  0.03    0.00    1.26 ^ _90225_/B1 (AOI21_X1)
     1    1.55    0.01    0.02    1.28 v _90225_/ZN (AOI21_X1)
                                         _41489_ (net)
                  0.01    0.00    1.28 v _90226_/A (INV_X1)
     2    3.89    0.01    0.02    1.30 ^ _90226_/ZN (INV_X1)
                                         _41490_ (net)
                  0.01    0.00    1.30 ^ _90231_/A (XNOR2_X1)
     2    3.36    0.03    0.04    1.35 ^ _90231_/ZN (XNOR2_X1)
                                         _41495_ (net)
                  0.03    0.00    1.35 ^ _90232_/A (INV_X1)
     1    1.56    0.01    0.01    1.35 v _90232_/ZN (INV_X1)
                                         _41496_ (net)
                  0.01    0.00    1.35 v _90241_/A1 (NAND3_X1)
     1    0.92    0.01    0.01    1.37 ^ _90241_/ZN (NAND3_X1)
                                         _41505_ (net)
                  0.01    0.00    1.37 ^ _90244_/A1 (AND2_X1)
     3    4.90    0.02    0.04    1.41 ^ _90244_/ZN (AND2_X1)
                                         _41508_ (net)
                  0.02    0.00    1.41 ^ _90248_/A1 (NAND2_X1)
     7   10.05    0.02    0.03    1.44 v _90248_/ZN (NAND2_X1)
                                         _41512_ (net)
                  0.02    0.00    1.44 v _90265_/A (INV_X1)
     8   12.94    0.03    0.05    1.49 ^ _90265_/ZN (INV_X1)
                                         _41529_ (net)
                  0.03    0.00    1.49 ^ _90320_/A1 (NAND2_X1)
     2    2.94    0.01    0.02    1.51 v _90320_/ZN (NAND2_X1)
                                         _41584_ (net)
                  0.01    0.00    1.51 v _90347_/A1 (NOR2_X1)
     2    3.35    0.02    0.03    1.54 ^ _90347_/ZN (NOR2_X1)
                                         _41611_ (net)
                  0.02    0.00    1.54 ^ _90348_/A (INV_X1)
     2    2.81    0.01    0.01    1.55 v _90348_/ZN (INV_X1)
                                         _41612_ (net)
                  0.01    0.00    1.55 v _90349_/A1 (NOR2_X1)
     1    1.63    0.02    0.02    1.57 ^ _90349_/ZN (NOR2_X1)
                                         _41613_ (net)
                  0.02    0.00    1.57 ^ _90350_/A (AOI21_X1)
     2    2.94    0.01    0.02    1.59 v _90350_/ZN (AOI21_X1)
                                         _41614_ (net)
                  0.01    0.00    1.59 v _90351_/A1 (NAND2_X1)
     1    0.92    0.01    0.01    1.60 ^ _90351_/ZN (NAND2_X1)
                                         _41615_ (net)
                  0.01    0.00    1.60 ^ _90354_/A1 (AND2_X1)
     2    3.28    0.01    0.04    1.64 ^ _90354_/ZN (AND2_X1)
                                         _41618_ (net)
                  0.01    0.00    1.64 ^ _90356_/A1 (NAND2_X1)
     4    6.50    0.02    0.02    1.66 v _90356_/ZN (NAND2_X1)
                                         _41620_ (net)
                  0.02    0.00    1.66 v _90365_/A1 (NOR2_X1)
     5    8.54    0.05    0.06    1.72 ^ _90365_/ZN (NOR2_X1)
                                         _41627_ (net)
                  0.05    0.00    1.72 ^ _90379_/A1 (NAND2_X1)
     1    2.18    0.02    0.02    1.75 v _90379_/ZN (NAND2_X1)
                                         _41639_ (net)
                  0.02    0.00    1.75 v _90381_/A (XOR2_X1)
     1    1.55    0.01    0.05    1.80 v _90381_/Z (XOR2_X1)
                                         _41641_ (net)
                  0.01    0.00    1.80 v _90382_/A (INV_X1)
     1    0.00    0.00    0.01    1.81 ^ _90382_/ZN (INV_X1)
                                         cvt_blk_o[69] (net)
                  0.00    0.00    1.81 ^ cvt_blk_o[69] (out)
                                  1.81   data arrival time

                  0.00    2.00    2.00   clock core_clock (rise edge)
                          0.00    2.00   clock network delay (ideal)
                          0.00    2.00   clock reconvergence pessimism
                         -0.40    1.60   output external delay
                                  1.60   data required time
-----------------------------------------------------------------------------
                                  1.60   data required time
                                 -1.81   data arrival time
-----------------------------------------------------------------------------
                                 -0.21   slack (VIOLATED)



==========================================================================
Post synthesis report_checks -unconstrained
--------------------------------------------------------------------------
Startpoint: u_pcu.g_hmul_reg.u_q[91]$_SDFFE_PN0P_
            (rising edge-triggered flip-flop clocked by core_clock)
Endpoint: cvt_blk_o[69] (output port clocked by core_clock)
Path Group: core_clock
Path Type: max

Fanout     Cap    Slew   Delay    Time   Description
-----------------------------------------------------------------------------
                  0.00    0.00    0.00   clock core_clock (rise edge)
                          0.00    0.00   clock network delay (ideal)
                  0.00    0.00    0.00 ^ u_pcu.g_hmul_reg.u_q[91]$_SDFFE_PN0P_/CK (DFF_X1)
     1    0.97    0.01    0.08    0.08 ^ u_pcu.g_hmul_reg.u_q[91]$_SDFFE_PN0P_/Q (DFF_X1)
                                         u_pcu.cvt_fp16[91] (net)
                  0.01    0.00    0.08 ^ _51112_/A (BUF_X1)
     5    8.39    0.02    0.04    0.12 ^ _51112_/Z (BUF_X1)
                                         _05420_ (net)
                  0.02    0.00    0.12 ^ _51113_/A (INV_X1)
     3    4.44    0.01    0.02    0.14 v _51113_/ZN (INV_X1)
                                         _05421_ (net)
                  0.01    0.00    0.14 v _51115_/A1 (NAND2_X1)
     1    1.67    0.01    0.01    0.15 ^ _51115_/ZN (NAND2_X1)
                                         _05423_ (net)
                  0.01    0.00    0.15 ^ _51117_/A (OAI21_X1)
     2    2.90    0.01    0.02    0.17 v _51117_/ZN (OAI21_X1)
                                         _05425_ (net)
                  0.01    0.00    0.17 v _51121_/A1 (NOR3_X1)
     1    1.67    0.03    0.03    0.21 ^ _51121_/ZN (NOR3_X1)
                                         _05429_ (net)
                  0.03    0.00    0.21 ^ _51134_/A (OAI21_X1)
     2    1.65    0.01    0.02    0.23 v _51134_/ZN (OAI21_X1)
                                         _05442_ (net)
                  0.01    0.00    0.23 v _51143_/A1 (OR3_X1)
     1    1.56    0.01    0.06    0.29 v _51143_/ZN (OR3_X1)
                                         _05451_ (net)
                  0.01    0.00    0.29 v _51144_/B2 (OAI21_X1)
     8   12.68    0.07    0.09    0.38 ^ _51144_/ZN (OAI21_X1)
                                         _05452_ (net)
                  0.07    0.00    0.38 ^ _51189_/A1 (NAND2_X1)
     1    1.52    0.02    0.02    0.40 v _51189_/ZN (NAND2_X1)
                                         _05497_ (net)
                  0.02    0.00    0.40 v _51190_/A (OAI21_X1)
     1    1.70    0.02    0.02    0.43 ^ _51190_/ZN (OAI21_X1)
                                         _05498_ (net)
                  0.02    0.00    0.43 ^ _51191_/A (INV_X1)
     3    6.35    0.01    0.02    0.44 v _51191_/ZN (INV_X1)
                                         _05499_ (net)
                  0.01    0.00    0.44 v _51194_/A (XNOR2_X1)
     2    2.97    0.02    0.04    0.48 v _51194_/ZN (XNOR2_X1)
                                         _05502_ (net)
                  0.02    0.00    0.48 v _51209_/A2 (OR3_X2)
     2    4.24    0.01    0.08    0.56 v _51209_/ZN (OR3_X2)
                                         _05517_ (net)
                  0.01    0.00    0.56 v _51213_/A (OAI221_X1)
     1    3.18    0.04    0.03    0.59 ^ _51213_/ZN (OAI221_X1)
                                         _05521_ (net)
                  0.04    0.00    0.59 ^ _51215_/A (OAI21_X2)
     8   14.10    0.02    0.04    0.63 v _51215_/ZN (OAI21_X2)
                                         _05523_ (net)
                  0.02    0.00    0.63 v _51217_/B2 (OAI21_X1)
     2    3.38    0.03    0.04    0.67 ^ _51217_/ZN (OAI21_X1)
                                         _05525_ (net)
                  0.03    0.00    0.67 ^ _51218_/A (INV_X1)
     3    4.53    0.01    0.02    0.69 v _51218_/ZN (INV_X1)
                                         _05526_ (net)
                  0.01    0.00    0.69 v _51227_/A2 (NAND2_X1)
     1    1.59    0.01    0.02    0.70 ^ _51227_/ZN (NAND2_X1)
                                         _05535_ (net)
                  0.01    0.00    0.70 ^ _51228_/A1 (NAND3_X1)
     1    1.54    0.01    0.02    0.72 v _51228_/ZN (NAND3_X1)
                                         _05536_ (net)
                  0.01    0.00    0.72 v _51229_/A (AOI21_X1)
     2    3.24    0.03    0.05    0.77 ^ _51229_/ZN (AOI21_X1)
                                         _05537_ (net)
                  0.03    0.00    0.77 ^ _51255_/A1 (NAND3_X1)
     2    4.20    0.02    0.03    0.80 v _51255_/ZN (NAND3_X1)
                                         _05563_ (net)
                  0.02    0.00    0.80 v _51256_/A2 (NAND2_X1)
     1    3.18    0.01    0.03    0.83 ^ _51256_/ZN (NAND2_X1)
                                         _05564_ (net)
                  0.01    0.00    0.83 ^ _51258_/A (OAI21_X2)
     8   12.35    0.02    0.03    0.86 v _51258_/ZN (OAI21_X2)
                                         _05566_ (net)
                  0.02    0.00    0.86 v _51259_/A1 (NAND2_X1)
     1    1.67    0.01    0.02    0.87 ^ _51259_/ZN (NAND2_X1)
                                         _05567_ (net)
                  0.01    0.00    0.87 ^ _51260_/A (OAI21_X1)
     3    4.42    0.02    0.02    0.90 v _51260_/ZN (OAI21_X1)
                                         _05568_ (net)
                  0.02    0.00    0.90 v _51539_/A (XNOR2_X1)
     1    1.41    0.01    0.04    0.94 v _51539_/ZN (XNOR2_X1)
                                         _05847_ (net)
                  0.01    0.00    0.94 v _51543_/A1 (NOR2_X1)
     2    3.20    0.02    0.03    0.97 ^ _51543_/ZN (NOR2_X1)
                                         _05851_ (net)
                  0.02    0.00    0.97 ^ _51557_/A1 (NAND4_X1)
     2    2.87    0.02    0.03    1.00 v _51557_/ZN (NAND4_X1)
                                         _05865_ (net)
                  0.02    0.00    1.00 v _51564_/A1 (NOR2_X1)
     1    1.67    0.02    0.03    1.03 ^ _51564_/ZN (NOR2_X1)
                                         _05872_ (net)
                  0.02    0.00    1.03 ^ _51565_/A (OAI21_X1)
     1    1.53    0.01    0.02    1.05 v _51565_/ZN (OAI21_X1)
                                         _05873_ (net)
                  0.01    0.00    1.05 v _51573_/A1 (NAND2_X1)
     2    3.30    0.01    0.02    1.07 ^ _51573_/ZN (NAND2_X1)
                                         _05881_ (net)
                  0.01    0.00    1.07 ^ _51574_/A (INV_X1)
     7   10.65    0.01    0.02    1.09 v _51574_/ZN (INV_X1)
                                         _05882_ (net)
                  0.01    0.00    1.09 v _87391_/A1 (OR2_X2)
     1    2.93    0.01    0.04    1.14 v _87391_/ZN (OR2_X2)
                                         _38812_ (net)
                  0.01    0.00    1.14 v _87393_/A1 (NAND2_X2)
    10   17.79    0.03    0.03    1.17 ^ _87393_/ZN (NAND2_X2)
                                         _38814_ (net)
                  0.03    0.00    1.17 ^ _87394_/A (BUF_X4)
    10   17.36    0.01    0.03    1.20 ^ _87394_/Z (BUF_X4)
                                         _38815_ (net)
                  0.01    0.00    1.20 ^ _90221_/A1 (NAND2_X1)
     3    5.36    0.01    0.02    1.22 v _90221_/ZN (NAND2_X1)
                                         _41485_ (net)
                  0.01    0.00    1.22 v _90223_/B1 (AOI21_X1)
     2    4.22    0.03    0.04    1.26 ^ _90223_/ZN (AOI21_X1)
                                         _41487_ (net)
                  0.03    0.00    1.26 ^ _90225_/B1 (AOI21_X1)
     1    1.55    0.01    0.02    1.28 v _90225_/ZN (AOI21_X1)
                                         _41489_ (net)
                  0.01    0.00    1.28 v _90226_/A (INV_X1)
     2    3.89    0.01    0.02    1.30 ^ _90226_/ZN (INV_X1)
                                         _41490_ (net)
                  0.01    0.00    1.30 ^ _90231_/A (XNOR2_X1)
     2    3.36    0.03    0.04    1.35 ^ _90231_/ZN (XNOR2_X1)
                                         _41495_ (net)
                  0.03    0.00    1.35 ^ _90232_/A (INV_X1)
     1    1.56    0.01    0.01    1.35 v _90232_/ZN (INV_X1)
                                         _41496_ (net)
                  0.01    0.00    1.35 v _90241_/A1 (NAND3_X1)
     1    0.92    0.01    0.01    1.37 ^ _90241_/ZN (NAND3_X1)
                                         _41505_ (net)
                  0.01    0.00    1.37 ^ _90244_/A1 (AND2_X1)
     3    4.90    0.02    0.04    1.41 ^ _90244_/ZN (AND2_X1)
                                         _41508_ (net)
                  0.02    0.00    1.41 ^ _90248_/A1 (NAND2_X1)
     7   10.05    0.02    0.03    1.44 v _90248_/ZN (NAND2_X1)
                                         _41512_ (net)
                  0.02    0.00    1.44 v _90265_/A (INV_X1)
     8   12.94    0.03    0.05    1.49 ^ _90265_/ZN (INV_X1)
                                         _41529_ (net)
                  0.03    0.00    1.49 ^ _90320_/A1 (NAND2_X1)
     2    2.94    0.01    0.02    1.51 v _90320_/ZN (NAND2_X1)
                                         _41584_ (net)
                  0.01    0.00    1.51 v _90347_/A1 (NOR2_X1)
     2    3.35    0.02    0.03    1.54 ^ _90347_/ZN (NOR2_X1)
                                         _41611_ (net)
                  0.02    0.00    1.54 ^ _90348_/A (INV_X1)
     2    2.81    0.01    0.01    1.55 v _90348_/ZN (INV_X1)
                                         _41612_ (net)
                  0.01    0.00    1.55 v _90349_/A1 (NOR2_X1)
     1    1.63    0.02    0.02    1.57 ^ _90349_/ZN (NOR2_X1)
                                         _41613_ (net)
                  0.02    0.00    1.57 ^ _90350_/A (AOI21_X1)
     2    2.94    0.01    0.02    1.59 v _90350_/ZN (AOI21_X1)
                                         _41614_ (net)
                  0.01    0.00    1.59 v _90351_/A1 (NAND2_X1)
     1    0.92    0.01    0.01    1.60 ^ _90351_/ZN (NAND2_X1)
                                         _41615_ (net)
                  0.01    0.00    1.60 ^ _90354_/A1 (AND2_X1)
     2    3.28    0.01    0.04    1.64 ^ _90354_/ZN (AND2_X1)
                                         _41618_ (net)
                  0.01    0.00    1.64 ^ _90356_/A1 (NAND2_X1)
     4    6.50    0.02    0.02    1.66 v _90356_/ZN (NAND2_X1)
                                         _41620_ (net)
                  0.02    0.00    1.66 v _90365_/A1 (NOR2_X1)
     5    8.54    0.05    0.06    1.72 ^ _90365_/ZN (NOR2_X1)
                                         _41627_ (net)
                  0.05    0.00    1.72 ^ _90379_/A1 (NAND2_X1)
     1    2.18    0.02    0.02    1.75 v _90379_/ZN (NAND2_X1)
                                         _41639_ (net)
                  0.02    0.00    1.75 v _90381_/A (XOR2_X1)
     1    1.55    0.01    0.05    1.80 v _90381_/Z (XOR2_X1)
                                         _41641_ (net)
                  0.01    0.00    1.80 v _90382_/A (INV_X1)
     1    0.00    0.00    0.01    1.81 ^ _90382_/ZN (INV_X1)
                                         cvt_blk_o[69] (net)
                  0.00    0.00    1.81 ^ cvt_blk_o[69] (out)
                                  1.81   data arrival time

                  0.00    2.00    2.00   clock core_clock (rise edge)
                          0.00    2.00   clock network delay (ideal)
                          0.00    2.00   clock reconvergence pessimism
                         -0.40    1.60   output external delay
                                  1.60   data required time
-----------------------------------------------------------------------------
                                  1.60   data required time
                                 -1.81   data arrival time
-----------------------------------------------------------------------------
                                 -0.21   slack (VIOLATED)



==========================================================================
Post synthesis report_power
--------------------------------------------------------------------------
Group                  Internal  Switching    Leakage      Total
                          Power      Power      Power      Power (Watts)
----------------------------------------------------------------
Sequential             1.22e-02   4.64e-04   2.20e-04   1.29e-02   1.9%
Combinational          3.10e-01   3.38e-01   1.14e-03   6.48e-01  98.1%
Clock                  0.00e+00   0.00e+00   0.00e+00   0.00e+00   0.0%
Macro                  0.00e+00   0.00e+00   0.00e+00   0.00e+00   0.0%
Pad                    0.00e+00   0.00e+00   0.00e+00   0.00e+00   0.0%
----------------------------------------------------------------
Total                  3.22e-01   3.38e-01   1.36e-03   6.61e-01 100.0%
                          48.6%      51.1%       0.2%
